09-23 23:05:14.068 20383 20415 I TestRunner: started: horizontal_list_button_is_displayed(com.example.dogglers.ButtonTests)
09-23 23:05:14.080 20383 20415 W Settings: Setting always_finish_activities has moved from android.provider.Settings.System to android.provider.Settings.Global, returning read-only value.
09-23 23:05:14.082  4177  4954 I SemDvfsHyPerManager: acquire hyper - GovernorS5e8825_SYSFS/4177@20, type = -999
09-23 23:05:14.083   795   875 I HYPER-HAL: [RequestManager.cpp]acquire(): Acquired ID : 8809523  [4177 / 20]    HINT :      list : [EMSTUNE_REQMODE / 1]
09-23 23:05:14.084 19252 19252 I BSS_SysUiManager: handleMessage = 9, 2, 7704
09-23 23:05:14.084 19252 19252 I BSS_SysUiManager: handleMessage = 9, 2, 7704
09-23 23:05:14.084 19252 19252 I BSS_SysUiManager: handleMessage = 9, 1, 0
09-23 23:05:14.081  2080 19068 I RecentModel: onTaskStackChangedBackground
09-23 23:05:14.086  2080  4600 I ViewRootImpl@782dd03[LauncherActivity]: Received frameDrawingCallback syncResult=0 frameNum=1.
09-23 23:05:14.086  2080  4600 I ViewRootImpl@782dd03[LauncherActivity]: Setting up sync and frameCommitCallback
09-23 23:05:14.089 20572 20572 I d.mobileservice: Using CollectorTypeCC GC.
09-23 23:05:14.092  1186  1232 I ChimeraSystemEventListener: appLaunchIntent package name is: com.example.dogglers
09-23 23:05:14.092  2080  4291 I BLASTBufferQueue: [ViewRootImpl@782dd03[LauncherActivity]#365](f:0,a:0) onFrameAvailable the first frame is available
09-23 23:05:14.094  2080  4291 I ViewRootImpl@782dd03[LauncherActivity]: Received frameCommittedCallback lastAttemptedDrawFrameNum=1 didProduceBuffer=true
09-23 23:05:14.094   871  1064 I SurfaceFlinger: id=38748 createSurf flag=24004, Task=7705#38748
09-23 23:05:14.095  2080  2080 I ViewRootImpl@782dd03[LauncherActivity]: onSyncComplete
09-23 23:05:14.096   871  1064 I SurfaceFlinger: id=38749 createSurf flag=80004, ActivityRecord{dceab4f u0 com.example.dogglers/androidx.test.core.app.InstrumentationActivityInvoker$BootstrapActivity} t7705}#38749
09-23 23:05:14.096  2080  2080 I ViewRootImpl@782dd03[LauncherActivity]: setupSync seqId=0 mSyncId=182 fn=1 caller=android.view.ViewRootImpl$$ExternalSyntheticLambda11.accept:6 android.window.SurfaceSyncer.lambda$setupSync$1$android-window-SurfaceSyncer:128 android.window.SurfaceSyncer$$ExternalSyntheticLambda1.accept:8 android.window.SurfaceSyncer$SyncSet.checkIfSyncIsComplete:382 android.window.SurfaceSyncer$SyncSet.markSyncReady:359 android.window.SurfaceSyncer.markSyncReady:151 android.view.ViewRootImpl.performTraversals:4503
09-23 23:05:14.096  2080  2080 I ViewRootImpl@782dd03[LauncherActivity]: reportDrawFinished seqId=0 mSyncId=-1 fn=1 mSurfaceChangedTransaction=0xb400007d7e24b570
09-23 23:05:14.098 20572 20572 E d.mobileservice: Not starting debugger since process cannot load the jdwp agent.
09-23 23:05:14.099  1186  1199 I SemDvfsHyPerManager: acquire hyper - AMS_APP_LAUNCH/1186@17, type = -999
09-23 23:05:14.100  2633  2633 E pageboostd: Received HALT command code 2
09-23 23:05:14.100   795   875 I HYPER-HAL: [RequestManager.cpp]acquire(): Acquired ID : 724223  [1186 / 17]    HINT : AMS_APP_LAUNCH    list :
09-23 23:05:14.100 15539 15619 D KnoxHelper: getActivityList callingUserId: 0, target user: 150
09-23 23:05:14.100 15539 15619 V KnoxHelper: source and target users are different, and caller is knox container or target user is for secure folder, so request cannot be granted!
09-23 23:05:14.102  2080  2080 I BaseActivity: removeActivityFlags, flags : 6
09-23 23:05:14.102  2080  2080 I DragController: endDrag
09-23 23:05:14.102  2080  2080 W LauncherAppWidgetHost: setShouldListenFlag, mFlags:15 flag:resume on:false isFront:false
09-23 23:05:14.102  2080  2080 I SPayUpdater: updateSpayHandler launcher activity is paused false
09-23 23:05:14.104  4177  4177 I SemDvfsHyPerManager: acquire hyper - APP_START/4177@18, type = -999
09-23 23:05:14.104   795   875 I HYPER-HAL: [RequestManager.cpp]acquire(): Acquired ID : 8801128  [4177 / 18]    HINT : APP_START    list :
09-23 23:05:14.106  1602  1661 D NativeCustomFrequencyManager: [NativeCFMS] BpCustomFrequencyManager::BpCustomFrequencyManager()
09-23 23:05:14.107 19252 19252 I BSS_SysUiManager: handleMessage = 9, 3, 7705
09-23 23:05:14.109  1186  1745 D InputDispatcher: Focused application(0): ActivityRecord{dceab4f u0 com.example.dogglers/androidx.test.core.app.InstrumentationActivityInvoker$BootstrapActivity} t7705}
09-23 23:05:14.113  2080  2080 I TopTaskTracker: onTaskMovedToFront : taskId = 7609
09-23 23:05:14.113  2080  2080 I PopupDataProvider: onNotificationFullRefresh prev dotInfoSize : 2
09-23 23:05:14.113  2080  2080 I PopupDataProvider: refresh badge  package : com.google.android.gm count : 2
09-23 23:05:14.114  2080  2080 I PopupDataProvider: refresh badge  package : com.google.android.gms count : 1
09-23 23:05:14.114  2080  2080 I IconView: applyDotState itemInfo : Gmail display : 1 count : 2
09-23 23:05:14.115  1186  1199 D InputTransport: Input channel constructed: '8d57712', fd=940
09-23 23:05:14.115  1186  1199 D InputTransport: Input channel constructed: '8d57712', fd=945
09-23 23:05:14.115  1186  1199 D InputTransport: Input channel constructed: '8d57712', fd=959
09-23 23:05:14.115  2080  2080 I RecentsView: onTaskRemoved() taskId : 7704
09-23 23:05:14.115  2080  2080 I RecentsView: onTaskRemoved() taskId : 7704
09-23 23:05:14.115   871  1064 I SurfaceFlinger: id=38750 createSurf flag=80004, 8d57712 Splash Screen com.example.dogglers#38750
09-23 23:05:14.115  2080  2080 I TopTaskTracker: onTaskRemoved : taskId = 7704
09-23 23:05:14.115  2080  2080 I RecentsView: onTaskRemoved() taskId : 7704
09-23 23:05:14.115  2080  2080 I RecentsView: onTaskRemoved() taskId : 7704
09-23 23:05:14.115  2080  2080 I TopTaskTracker: onTaskRemoved : taskId = 7704
09-23 23:05:14.115  2080  2080 I TopTaskTracker: onTaskMovedToFront : taskId = 7705
09-23 23:05:14.115  2080  2080 I ViewRootImpl@782dd03[LauncherActivity]: stopped(true) old = false
09-23 23:05:14.115  2080  2080 I ViewRootImpl@782dd03[LauncherActivity]: WindowStopped on com.sec.android.app.launcher/com.sec.android.app.launcher.activities.LauncherActivity set to true
09-23 23:05:14.116  1186  1199 D InputTransport: Input channel destroyed: '8d57712', fd=959
09-23 23:05:14.117  2080  2331 I LauncherActivityInfo: Trying to load live icon for com.sec.android.app.clockpackage
09-23 23:05:14.117  1602  1659 D InsetsController: onStateChanged: InsetsState: {mDisplayFrame=Rect(0, 0 - 1080, 2400), mDisplayCutout=DisplayCutout{insets=Rect(0, 80 - 0, 0) waterfall=Insets{left=0, top=0, right=0, bottom=0} boundingRect={Bounds=[Rect(0, 0 - 0, 0), Rect(468, 0 - 612, 80), Rect(0, 0 - 0, 0), Rect(0, 0 - 0, 0)]} cutoutPathParserInfo={CutoutPathParserInfo{displayWidth=1080 displayHeight=2400 physicalDisplayWidth=1080 physicalDisplayHeight=2400 density={2.8125} cutoutSpec={M 0,0 H -25.6 V 28.44444444444444 H 25.6 V 0 H 0 Z @dp} rotation={0} scale={1.0} physicalPixelDisplaySizeRatio={1.0}}}}, mRoundedCorners=RoundedCorners{[RoundedCorner{position=TopLeft, radius=90, center=Point(90, 90)}, RoundedCorner{position=TopRight, radius=90, center=Point(990, 90)}, RoundedCorner{position=BottomRight, radius=90, center=Point(990, 2310)}, RoundedCorner{position=BottomLeft, radius=90, center=Point(90, 2310)}]}  mRoundedCornerFrame=Rect(0, 0 - 1080, 2400), mPrivacyIndicatorBounds=PrivacyIndicatorBounds {static bounds=Rect(956, 0 - 1080, 80) rotation=0}, mSources= { InsetsSource: {mType=ITYPE_STATUS_BAR, mFrame=[0,0][1080,80], mVisible=true, mInsetsRoundedCornerFrame=false}, InsetsSource: {mType=ITYPE_NAVIGATION_BAR, mFrame=[0,2400][1080,2400], mVisible=false, mInsetsRoundedCornerFrame=false}, InsetsSource: {mType=ITYPE_LEFT_GESTURES, mFrame=[0,0][67,2400], mVisible=true, mInsetsRoundedCornerFrame=false}, InsetsSource: {mType=ITYPE_RIGHT_GESTURES, mFrame=[1013,0][1080,2400], mVisible=true, mInsetsRoundedCornerFrame=false}, InsetsSource: {mType=ITYPE_TOP_MANDATORY_GESTURES, mFrame=[0,0][1080,114], mVisible=true, mInsetsRoundedCornerFrame=false}, InsetsSource: {mType=ITYPE_BOTTOM_MANDATORY_GESTURES, mFrame=[0,2344][1080,2400], mVisible=true, mInsetsRoundedCornerFrame=false}, InsetsSource: {mType=ITYPE_LEFT_DISPLAY_CUTOUT, mFrame=[0,0][-100000,2400], mVisible=true, mInsetsRoundedCornerFrame=false}, InsetsSource: {mType=ITYPE_TOP_DISPLAY_CUTOUT, mFrame=[0,0][1080,80], mVisible=true, mInsetsRoundedCornerFrame=false}, InsetsSource: {mType=ITYPE_RIGHT_DISPLAY_CUTOUT, mFrame=[100000,0][1080,2400], mVisible=true, mInsetsRoundedCornerFrame=false}, InsetsSource: {mType=ITYPE_BOTTOM_DISPLAY_CUTOUT, mFrame=[0,100000][1080,2400], mVisible=true, mInsetsRoundedCornerFrame=false}, InsetsSource: {mType=ITYPE_TOP_TAPPABLE_ELEMENT, mFrame=[0,0][1080,80], mVisible=true, mInsetsRoundedCornerFrame=false}, InsetsSource: {mType=ITYPE_BOTTOM_TAPPABLE_ELEMENT, mFrame=[0,0][0,0], mVisible=true, mInsetsRoundedCornerFrame=false}, InsetsSource: {mType=ITYPE_IME, mFrame=[0,0][0,0], mVisibleFrame=[0,1392][1080,2400], mVisible=false, mInsetsRoundedCornerFrame=false} } host=Splash Screen com.example.dogglers from=android.view.ViewRootImpl.setView:1732
09-23 23:05:14.119  1602  1659 I ViewRootImpl@2a42842[dogglers]: setView = android.widget.FrameLayout@d0868e TM=true
09-23 23:05:14.119 20383 20383 D LifecycleMonitor: Lifecycle status change: androidx.test.core.app.InstrumentationActivityInvoker$BootstrapActivity@5bd0ba0 in: PRE_ON_CREATE
09-23 23:05:14.119 20383 20383 V ActivityScenario: Activity lifecycle changed event received but ignored because the intent does not match. startActivityIntent=Intent { act=android.intent.action.MAIN cat=[android.intent.category.LAUNCHER] cmp=com.example.dogglers/.MainActivity }, activity.getIntent()=Intent { act=android.intent.action.MAIN cat=[android.intent.category.LAUNCHER] flg=0x10008000 cmp=com.example.dogglers/androidx.test.core.app.InstrumentationActivityInvoker$BootstrapActivity (has extras) }, activity=androidx.test.core.app.InstrumentationActivityInvoker$BootstrapActivity@5bd0ba0
09-23 23:05:14.120  1186  1232 D PersonaActivityHelper: Activity not in resumed state, do not run immediate lock
09-23 23:05:14.120 20572 20572 D ActivityThread: setConscryptValidator
09-23 23:05:14.120 20572 20572 D ActivityThread: setConscryptValidator - put
09-23 23:05:14.121  1602  1659 I ViewRootImpl@2a42842[dogglers]: performTraversals params={(0,0)(fillxfill) sim={adjust=pan} ty=APPLICATION_STARTING fmt=TRANSLUCENT wanim=0x1030001
09-23 23:05:14.121  1602  1659 I ViewRootImpl@2a42842[dogglers]:   fl=81030118
09-23 23:05:14.121  1602  1659 I ViewRootImpl@2a42842[dogglers]:   pfl=16000010
09-23 23:05:14.121  1602  1659 I ViewRootImpl@2a42842[dogglers]:   bhv=DEFAULT
09-23 23:05:14.121  1602  1659 I ViewRootImpl@2a42842[dogglers]:   fitSides= naviIconColor=0}
09-23 23:05:14.122  2080  2080 I Launcher: !@Boot_DEBUG: Launcher.onStop()
09-23 23:05:14.122  1602  1659 I ViewRootImpl@2a42842[dogglers]: performTraversals mFirst=true windowShouldResize=true viewVisibilityChanged=false mForceNextWindowRelayout=false params={(0,0)(fillxfill) sim={adjust=pan} ty=APPLICATION_STARTING fmt=TRANSLUCENT wanim=0x1030001
09-23 23:05:14.122  1602  1659 I ViewRootImpl@2a42842[dogglers]:   fl=81030118
09-23 23:05:14.122  1602  1659 I ViewRootImpl@2a42842[dogglers]:   pfl=16000010
09-23 23:05:14.122  1602  1659 I ViewRootImpl@2a42842[dogglers]:   bhv=DEFAULT
09-23 23:05:14.122  1602  1659 I ViewRootImpl@2a42842[dogglers]:   fitSides= naviIconColor=0}
09-23 23:05:14.122  2080  2080 I Launcher: !@Boot_EBS_D: Launcher.onStop()
09-23 23:05:14.122  2080  2080 I BaseActivity: removeActivityFlags, flags : 17
09-23 23:05:14.122  2080  2080 I StateManager: goToState isInState Normal
09-23 23:05:14.123  1186  1741 V WindowManager: Relayout Window{8d57712 u0 Splash Screen com.example.dogglers}: viewVisibility=0 req=1080x2400 d0
09-23 23:05:14.123  2080  2080 W LauncherAppWidgetHost: setShouldListenFlag, mFlags:7 flag:start on:false isFront:false
09-23 23:05:14.123  2080  2330 I IMM_LC  : hsifw() - flag : 0
09-23 23:05:14.123  2080  2330 I IMM_LC  : hsifw() ignore mServedView == null or mServedView.getWindowToken() != windowToken, mServedView :0
09-23 23:05:14.124  1186  1323 I AppWidgetServiceImpl: stopListening callbacks : null
09-23 23:05:14.125 20383 20383 I DecorView: [INFO] isPopOver=false config=true
09-23 23:05:14.125  2080  2080 W LauncherAppWidgetHost: stopListening, mFlags:2 isFront:false
09-23 23:05:14.125 20383 20383 I DecorView: updateCaptionType: isFloating=false isApplication=true hasWindowDecorCaption=false this=DecorView@756dfff[]
09-23 23:05:14.125   859   960 I EDEN    : [Exynos][EDEN][v1.6.21][SERVICE] processAliveMointorMain:253: Try to check pid=(818)...
09-23 23:05:14.125 20383 20383 D DecorView: setCaptionType = 0, this = DecorView@756dfff[]
09-23 23:05:14.125  2080  2080 W Launcher.NotificationListener: removeNotificationsChangedListener
09-23 23:05:14.125  2080  2080 I Launcher.NotificationListener: unregisterObserver, this is not notificationService!!
09-23 23:05:14.125  2080  2080 I BadgeCountUpdaterImpl: onNotificationsChangedDisConnected
09-23 23:05:14.125   871  1064 I SurfaceFlinger: id=38751 createSurf flag=40004, Splash Screen com.example.dogglers$_1602#38751
09-23 23:05:14.126  2080  2080 I DecorView: notifyKeepScreenOnChanged: keepScreenOn=false
09-23 23:05:14.125 19252 19252 I BSS_SysUiManager: handleMessage = 9, 4, 7609
09-23 23:05:14.127 19252 19252 I BSS_SysUiManager: handleMessage = 9, 4, 7705
09-23 23:05:14.127 20383 20383 I DecorView: getCurrentDensityDpi: from real metrics. densityDpi=450 msg=resources_loaded
09-23 23:05:14.127 20383 20383 I DecorView: setWindowBackground: isPopOver=false color=ff010101 d=android.graphics.drawable.StateListDrawable@67741cc
09-23 23:05:14.128 20383 20383 D LifecycleMonitor: Lifecycle status change: androidx.test.core.app.InstrumentationActivityInvoker$BootstrapActivity@5bd0ba0 in: CREATED
09-23 23:05:14.128  2080  2331 I LiveIconUtil: getLiveIcon was called in ClockPackage
09-23 23:05:14.128 20383 20383 V ActivityScenario: Activity lifecycle changed event received but ignored because the intent does not match. startActivityIntent=Intent { act=android.intent.action.MAIN cat=[android.intent.category.LAUNCHER] cmp=com.example.dogglers/.MainActivity }, activity.getIntent()=Intent { act=android.intent.action.MAIN cat=[android.intent.category.LAUNCHER] flg=0x10008000 cmp=com.example.dogglers/androidx.test.core.app.InstrumentationActivityInvoker$BootstrapActivity (has extras) }, activity=androidx.test.core.app.InstrumentationActivityInvoker$BootstrapActivity@5bd0ba0
09-23 23:05:14.129 20383 20383 D LifecycleMonitor: Lifecycle status change: androidx.test.core.app.InstrumentationActivityInvoker$BootstrapActivity@5bd0ba0 in: STARTED
09-23 23:05:14.129 20383 20383 V ActivityScenario: Activity lifecycle changed event received but ignored because the intent does not match. startActivityIntent=Intent { act=android.intent.action.MAIN cat=[android.intent.category.LAUNCHER] cmp=com.example.dogglers/.MainActivity }, activity.getIntent()=Intent { act=android.intent.action.MAIN cat=[android.intent.category.LAUNCHER] flg=0x10008000 cmp=com.example.dogglers/androidx.test.core.app.InstrumentationActivityInvoker$BootstrapActivity (has extras) }, activity=androidx.test.core.app.InstrumentationActivityInvoker$BootstrapActivity@5bd0ba0
09-23 23:05:14.129  2080  2334 I LiveIconUpdateEventHandler: cancelMinuteChangeAlarm
09-23 23:05:14.131  1186  1741 V WindowManager: Relayout hash=8d57712, pid=1602, syncId=-1: mAttrs={(0,0)(fillxfill) sim={adjust=pan} ty=APPLICATION_STARTING fmt=TRANSLUCENT wanim=0x1030001
09-23 23:05:14.131  1186  1741 V WindowManager:   fl=81030118
09-23 23:05:14.131  1186  1741 V WindowManager:   pfl=16000010
09-23 23:05:14.131  1186  1741 V WindowManager:   bhv=DEFAULT
09-23 23:05:14.131  1186  1741 V WindowManager:   fitSides= naviIconColor=0}
09-23 23:05:14.131  2080  2331 I LiveIconUtil: getLiveIcon res = com.sec.android.app.clockpackage
09-23 23:05:14.133   871  1064 I SurfaceFlinger: id=38752 createSurf flag=80004, ActivityRecord{971ef36 u0 com.example.dogglers/.MainActivity} t7705}#38752
09-23 23:05:14.133  2080  2331 I LiveIconUtil: stdIconSize : 135 , targetIconSize : 163
09-23 23:05:14.133  2080  2331 I LiveIconUtil: mIconDpi : 640 , mTargetIconDpi : 450
09-23 23:05:14.135  2080  2334 I LiveIconUpdateEventHandler: cancelDateChangeAlarm
09-23 23:05:14.137  2633  2633 E pageboostd: Received HALT command code 2
09-23 23:05:14.138 20383 20383 D LifecycleMonitor: Lifecycle status change: androidx.test.core.app.InstrumentationActivityInvoker$BootstrapActivity@5bd0ba0 in: RESUMED
09-23 23:05:14.138 20383 20383 V ActivityScenario: Activity lifecycle changed event received but ignored because the intent does not match. startActivityIntent=Intent { act=android.intent.action.MAIN cat=[android.intent.category.LAUNCHER] cmp=com.example.dogglers/.MainActivity }, activity.getIntent()=Intent { act=android.intent.action.MAIN cat=[android.intent.category.LAUNCHER] flg=0x10008000 cmp=com.example.dogglers/androidx.test.core.app.InstrumentationActivityInvoker$BootstrapActivity (has extras) }, activity=androidx.test.core.app.InstrumentationActivityInvoker$BootstrapActivity@5bd0ba0
09-23 23:05:14.140  1186  1232 D EnterpriseDeviceManagerService: isMdmAdminPresentInternal() : MDM Admin Found - com.samsung.knox.securefolder
09-23 23:05:14.140  1602  1659 I ViewRootImpl@2a42842[dogglers]: updateBlastSurfaceIfNeeded mBlastBufferQueue=null isSameSurfaceControl=false
09-23 23:05:14.140  1602  1659 I BLASTBufferQueue: new BLASTBufferQueue, mName= ViewRootImpl@2a42842[dogglers] mNativeObject= 0xb400007dbe2d6f90 sc.mNativeObject= 0xb400007d4e33e180 caller= android.view.ViewRootImpl.updateBlastSurfaceIfNeeded:2909 android.view.ViewRootImpl.relayoutWindow:9847 android.view.ViewRootImpl.performTraversals:3884 android.view.ViewRootImpl.doTraversal:3116 android.view.ViewRootImpl$TraversalRunnable.run:10885 android.view.Choreographer$CallbackRecord.run:1301 android.view.Choreographer$CallbackRecord.run:1309 android.view.Choreographer.doCallbacks:923 android.view.Choreographer.doFrame:852 android.view.Choreographer$FrameDisplayEventReceiver.run:1283
09-23 23:05:14.141  1602  1659 I BLASTBufferQueue: update, w= 1080 h= 2400 mName = ViewRootImpl@2a42842[dogglers] mNativeObject= 0xb400007dbe2d6f90 sc.mNativeObject= 0xb400007d4e33e180 format= -3 caller= android.graphics.BLASTBufferQueue.<init>:84 android.view.ViewRootImpl.updateBlastSurfaceIfNeeded:2909 android.view.ViewRootImpl.relayoutWindow:9847 android.view.ViewRootImpl.performTraversals:3884 android.view.ViewRootImpl.doTraversal:3116 android.view.ViewRootImpl$TraversalRunnable.run:10885
09-23 23:05:14.141 20383 20383 D LifecycleMonitor: Lifecycle status change: androidx.test.core.app.InstrumentationActivityInvoker$BootstrapActivity@5bd0ba0 in: PAUSED
09-23 23:05:14.141 20383 20383 V ActivityScenario: Activity lifecycle changed event received but ignored because the intent does not match. startActivityIntent=Intent { act=android.intent.action.MAIN cat=[android.intent.category.LAUNCHER] cmp=com.example.dogglers/.MainActivity }, activity.getIntent()=Intent { act=android.intent.action.MAIN cat=[android.intent.category.LAUNCHER] flg=0x10008000 cmp=com.example.dogglers/androidx.test.core.app.InstrumentationActivityInvoker$BootstrapActivity (has extras) }, activity=androidx.test.core.app.InstrumentationActivityInvoker$BootstrapActivity@5bd0ba0
09-23 23:05:14.141  1602  1659 I ViewRootImpl@2a42842[dogglers]: Relayout returned: old=(0,0,1080,2400) new=(0,0,1080,2400) req=(1080,2400)0 dur=18 res=0x3 s={true 0xb400007e4e5f36e0} ch=true seqId=0
09-23 23:05:14.142  1602  1659 I ViewRootImpl@2a42842[dogglers]: mThreadedRenderer.initialize() mSurface={isValid=true 0xb400007e4e5f36e0} hwInitialized=true
09-23 23:05:14.144  1186  1745 D InputDispatcher: Focused application(0): ActivityRecord{971ef36 u0 com.example.dogglers/.MainActivity} t7705}
09-23 23:05:14.146  1602  1661 D OpenGLRenderer: eglCreateWindowSurface
09-23 23:05:14.149  1602  1659 I ViewRootImpl@2a42842[dogglers]: reportNextDraw android.view.ViewRootImpl.performTraversals:4438 android.view.ViewRootImpl.doTraversal:3116 android.view.ViewRootImpl$TraversalRunnable.run:10885 android.view.Choreographer$CallbackRecord.run:1301 android.view.Choreographer$CallbackRecord.run:1309
09-23 23:05:14.149  1602  1659 I ViewRootImpl@2a42842[dogglers]: Setup new sync id=0
09-23 23:05:14.149  1602  1659 I ViewRootImpl@2a42842[dogglers]: Setting syncFrameCallback
09-23 23:05:14.149  1602  1659 I ViewRootImpl@2a42842[dogglers]: registerCallbacksForSync syncBuffer=false
09-23 23:05:14.150  2080  2080 I MSHandlerLifeCycle: removeMultiSplitHandler: no exist. decor=DecorView@71ff488[LauncherActivity]
09-23 23:05:14.152 20572 20572 D CompatibilityChangeReporter: Compat change id reported: 171979766; UID 15010101; state: ENABLED
09-23 23:05:14.156  1186  2620 I MediaSessionMonitor: Media session stopped : controllerList empty
09-23 23:05:14.157  1602  1686 I ViewRootImpl@2a42842[dogglers]: Received frameDrawingCallback syncResult=0 frameNum=1.
09-23 23:05:14.157  1602  1686 I ViewRootImpl@2a42842[dogglers]: Setting up sync and frameCommitCallback
09-23 23:05:14.158  2080  2080 I LauncherRootView: handleSystemWindowInsets Rect(0, 80 - 0, 0)
09-23 23:05:14.161  2080  2080 I ViewRootImpl@782dd03[LauncherActivity]: performTraversals params={(0,0)(fillxfill) sim={adjust=nothing} layoutInDisplayCutoutMode=shortEdges ty=BASE_APPLICATION fmt=TRANSPARENT wanim=0x10302f4
09-23 23:05:14.161  2080  2080 I ViewRootImpl@782dd03[LauncherActivity]:   fl=81910100
09-23 23:05:14.161  2080  2080 I ViewRootImpl@782dd03[LauncherActivity]:   pfl=1e020040
09-23 23:05:14.161  2080  2080 I ViewRootImpl@782dd03[LauncherActivity]:   vsysui=1700
09-23 23:05:14.161  2080  2080 I ViewRootImpl@782dd03[LauncherActivity]:   bhv=SHOW_TRANSIENT_BARS_BY_SWIPE
09-23 23:05:14.161  2080  2080 I ViewRootImpl@782dd03[LauncherActivity]:   fitSides= naviIconColor=0}
09-23 23:05:14.161 20383 20383 D LifecycleMonitor: Lifecycle status change: com.example.dogglers.MainActivity@5e9fe64 in: PRE_ON_CREATE
09-23 23:05:14.161 20383 20383 V ActivityScenario: Activity lifecycle changed event received but ignored because the reported transition was not ON_CREATE while the last known transition was PRE_ON_CREATE
09-23 23:05:14.162  2080  2080 I ViewRootImpl@782dd03[LauncherActivity]: performTraversals mFirst=false windowShouldResize=false viewVisibilityChanged=true mForceNextWindowRelayout=false params={(0,0)(fillxfill) sim={adjust=nothing} layoutInDisplayCutoutMode=shortEdges ty=BASE_APPLICATION fmt=TRANSPARENT wanim=0x10302f4
09-23 23:05:14.162  2080  2080 I ViewRootImpl@782dd03[LauncherActivity]:   fl=81910100
09-23 23:05:14.162  2080  2080 I ViewRootImpl@782dd03[LauncherActivity]:   pfl=1e020040
09-23 23:05:14.162  2080  2080 I ViewRootImpl@782dd03[LauncherActivity]:   vsysui=1700
09-23 23:05:14.162  2080  2080 I ViewRootImpl@782dd03[LauncherActivity]:   bhv=SHOW_TRANSIENT_BARS_BY_SWIPE
09-23 23:05:14.162  2080  2080 I ViewRootImpl@782dd03[LauncherActivity]:   fitSides= naviIconColor=0}
09-23 23:05:14.162  1186  4410 V WindowManager: Relayout Window{2961ae6 u0 com.sec.android.app.launcher/com.sec.android.app.launcher.activities.LauncherActivity}: viewVisibility=4 req=1080x2400 d0
09-23 23:05:14.165  1602  1661 I BLASTBufferQueue: [ViewRootImpl@2a42842[dogglers]#2261](f:0,a:0) onFrameAvailable the first frame is available
09-23 23:05:14.166  1186  4410 V WindowManager: Relayout hash=2961ae6, pid=2080, syncId=-1: mAttrs={(0,0)(fillxfill) sim={adjust=nothing} layoutInDisplayCutoutMode=shortEdges ty=BASE_APPLICATION fmt=TRANSPARENT wanim=0x10302f4
09-23 23:05:14.166  1186  4410 V WindowManager:   fl=81910100
09-23 23:05:14.166  1186  4410 V WindowManager:   pfl=1e020040
09-23 23:05:14.166  1186  4410 V WindowManager:   vsysui=1700
09-23 23:05:14.166  1186  4410 V WindowManager:   bhv=SHOW_TRANSIENT_BARS_BY_SWIPE
09-23 23:05:14.166  1186  4410 V WindowManager:   fitSides= naviIconColor=0}
09-23 23:05:14.167  1186  1232 D PersonaActivityHelper: Activity not in resumed state, do not run immediate lock
09-23 23:05:14.168  1602  1661 I ViewRootImpl@2a42842[dogglers]: Received frameCommittedCallback lastAttemptedDrawFrameNum=1 didProduceBuffer=true
09-23 23:05:14.169  2080  2080 I ViewRootImpl@782dd03[LauncherActivity]: Relayout returned: old=(0,0,1080,2400) new=(0,0,1080,2400) req=(1080,2400)4 dur=7 res=0x2 s={false 0x0} ch=false seqId=0
09-23 23:05:14.171  1602  1661 D OpenGLRenderer: CFMS:: SetUp Pid : 1602    Tid : 1661
09-23 23:05:14.173  1602  1661 W Parcel  : Expecting binder but got null!
09-23 23:05:14.174  2080  2080 I ViewRootImpl@782dd03[LauncherActivity]: handleAppVisibility mAppVisible = true visible = false
09-23 23:05:14.175  1602  1659 I ViewRootImpl@2a42842[dogglers]: onSyncComplete
09-23 23:05:14.175  1602  1659 I ViewRootImpl@2a42842[dogglers]: setupSync seqId=0 mSyncId=0 fn=1 caller=android.view.ViewRootImpl$$ExternalSyntheticLambda11.accept:6 android.window.SurfaceSyncer.lambda$setupSync$1$android-window-SurfaceSyncer:128 android.window.SurfaceSyncer$$ExternalSyntheticLambda1.accept:8 android.window.SurfaceSyncer$SyncSet.checkIfSyncIsComplete:382 android.window.SurfaceSyncer$SyncSet.markSyncReady:359 android.window.SurfaceSyncer.markSyncReady:151 android.view.ViewRootImpl.performTraversals:4503
09-23 23:05:14.175  1602  1659 I ViewRootImpl@2a42842[dogglers]: reportDrawFinished seqId=0 mSyncId=-1 fn=1 mSurfaceChangedTransaction=0xb400007d7e3fc650
09-23 23:05:14.179   871   871 I Layer   : id=38746 removeFromCurrentState com.sec.android.app.launcher/com.sec.android.app.launcher.activities.LauncherActivity$_2080#38746 (126)
09-23 23:05:14.182 20383 20383 I DecorView: [INFO] isPopOver=false config=true
09-23 23:05:14.182 20383 20383 I DecorView: updateCaptionType: isFloating=false isApplication=true hasWindowDecorCaption=false this=DecorView@d9bd378[]
09-23 23:05:14.182 20383 20383 D DecorView: setCaptionType = 0, this = DecorView@d9bd378[]
09-23 23:05:14.184 20383 20383 I DecorView: getCurrentDensityDpi: from real metrics. densityDpi=450 msg=resources_loaded
09-23 23:05:14.184 20383 20383 I DecorView: setWindowBackground: isPopOver=false color=ff121212 d=android.graphics.drawable.ColorDrawable@7ec02b6
09-23 23:05:14.184   871  1064 I SurfaceFlinger: id=38746 Removed com.sec.android.app.launcher/com.sec.android.app.launcher.activities.LauncherActivity$_2080#38746 (126)
09-23 23:05:14.188  1186  1232 D EnterpriseDeviceManagerService: isMdmAdminPresentInternal() : MDM Admin Found - com.samsung.knox.securefolder
09-23 23:05:14.190   871   871 I Layer   : id=38746 Destroyed com.sec.android.app.launcher/com.sec.android.app.launcher.activities.LauncherActivity$_2080#38746
09-23 23:05:14.194 20383 20383 D LifecycleMonitor: Lifecycle status change: com.example.dogglers.MainActivity@5e9fe64 in: CREATED
09-23 23:05:14.195 20383 20383 V ActivityScenario: Update currentActivityStage to CREATED, currentActivity=com.example.dogglers.MainActivity@5e9fe64
09-23 23:05:14.196  1186  2620 I MediaSessionMonitor: Media session stopped : controllerList empty
09-23 23:05:14.197 20383 20383 D LifecycleMonitor: Lifecycle status change: com.example.dogglers.MainActivity@5e9fe64 in: STARTED
09-23 23:05:14.198 20383 20383 V ActivityScenario: Update currentActivityStage to STARTED, currentActivity=com.example.dogglers.MainActivity@5e9fe64
09-23 23:05:14.199 20383 20383 D LifecycleMonitor: Lifecycle status change: com.example.dogglers.MainActivity@5e9fe64 in: RESUMED
09-23 23:05:14.199 20383 20383 V ActivityScenario: Update currentActivityStage to RESUMED, currentActivity=com.example.dogglers.MainActivity@5e9fe64
09-23 23:05:14.200 20383 20383 I MSHandlerLifeCycle: check: return. pkg=com.example.dogglers parent=null callers=com.android.internal.policy.DecorView.setVisibility:4416 android.app.ActivityThread.handleResumeActivity:5476 android.app.servertransaction.ResumeActivityItem.execute:54 android.app.servertransaction.ActivityTransactionItem.execute:45 android.app.servertransaction.TransactionExecutor.executeLifecycleState:176
09-23 23:05:14.200 20383 20383 I MSHandlerLifeCycle: removeMultiSplitHandler: no exist. decor=DecorView@d9bd378[]
09-23 23:05:14.203 20383 20417 D NativeCustomFrequencyManager: [NativeCFMS] BpCustomFrequencyManager::BpCustomFrequencyManager()
09-23 23:05:14.205  1186  4410 D InputTransport: Input channel constructed: '764ff6c', fd=976
09-23 23:05:14.205  1186  4410 D InputTransport: Input channel constructed: '764ff6c', fd=979
09-23 23:05:14.205  1186  4410 D InputTransport: Input channel constructed: '764ff6c', fd=980
09-23 23:05:14.205   871   917 I SurfaceFlinger: id=38753 createSurf flag=80004, 764ff6c com.example.dogglers/com.example.dogglers.MainActivity#38753
09-23 23:05:14.206  1186  4410 D InputTransport: Input channel destroyed: '764ff6c', fd=980
09-23 23:05:14.207 20383 20383 D InsetsController: onStateChanged: InsetsState: {mDisplayFrame=Rect(0, 0 - 1080, 2400), mDisplayCutout=DisplayCutout{insets=Rect(0, 80 - 0, 0) waterfall=Insets{left=0, top=0, right=0, bottom=0} boundingRect={Bounds=[Rect(0, 0 - 0, 0), Rect(468, 0 - 612, 80), Rect(0, 0 - 0, 0), Rect(0, 0 - 0, 0)]} cutoutPathParserInfo={CutoutPathParserInfo{displayWidth=1080 displayHeight=2400 physicalDisplayWidth=1080 physicalDisplayHeight=2400 density={2.8125} cutoutSpec={M 0,0 H -25.6 V 28.44444444444444 H 25.6 V 0 H 0 Z @dp} rotation={0} scale={1.0} physicalPixelDisplaySizeRatio={1.0}}}}, mRoundedCorners=RoundedCorners{[RoundedCorner{position=TopLeft, radius=90, center=Point(90, 90)}, RoundedCorner{position=TopRight, radius=90, center=Point(990, 90)}, RoundedCorner{position=BottomRight, radius=90, center=Point(990, 2310)}, RoundedCorner{position=BottomLeft, radius=90, center=Point(90, 2310)}]}  mRoundedCornerFrame=Rect(0, 0 - 1080, 2400), mPrivacyIndicatorBounds=PrivacyIndicatorBounds {static bounds=Rect(956, 0 - 1080, 80) rotation=0}, mSources= { InsetsSource: {mType=ITYPE_STATUS_BAR, mFrame=[0,0][1080,80], mVisible=true, mInsetsRoundedCornerFrame=false}, InsetsSource: {mType=ITYPE_NAVIGATION_BAR, mFrame=[0,2400][1080,2400], mVisible=false, mInsetsRoundedCornerFrame=false}, InsetsSource: {mType=ITYPE_LEFT_GESTURES, mFrame=[0,0][67,2400], mVisible=true, mInsetsRoundedCornerFrame=false}, InsetsSource: {mType=ITYPE_RIGHT_GESTURES, mFrame=[1013,0][1080,2400], mVisible=true, mInsetsRoundedCornerFrame=false}, InsetsSource: {mType=ITYPE_TOP_MANDATORY_GESTURES, mFrame=[0,0][1080,114], mVisible=true, mInsetsRoundedCornerFrame=false}, InsetsSource: {mType=ITYPE_BOTTOM_MANDATORY_GESTURES, mFrame=[0,2344][1080,2400], mVisible=true, mInsetsRoundedCornerFrame=false}, InsetsSource: {mType=ITYPE_LEFT_DISPLAY_CUTOUT, mFrame=[0,0][-100000,2400], mVisible=true, mInsetsRoundedCornerFrame=false}, InsetsSource: {mType=ITYPE_TOP_DISPLAY_CUTOUT, mFrame=[0,0][1080,80], mVisible=true, mInsetsRoundedCornerFrame=false}, InsetsSource: {mType=ITYPE_RIGHT_DISPLAY_CUTOUT, mFrame=[100000,0][1080,2400], mVisible=true, mInsetsRoundedCornerFrame=false}, InsetsSource: {mType=ITYPE_BOTTOM_DISPLAY_CUTOUT, mFrame=[0,100000][1080,2400], mVisible=true, mInsetsRoundedCornerFrame=false}, InsetsSource: {mType=ITYPE_TOP_TAPPABLE_ELEMENT, mFrame=[0,0][1080,80], mVisible=true, mInsetsRoundedCornerFrame=false}, InsetsSource: {mType=ITYPE_BOTTOM_TAPPABLE_ELEMENT, mFrame=[0,0][0,0], mVisible=true, mInsetsRoundedCornerFrame=false}, InsetsSource: {mType=ITYPE_IME, mFrame=[0,0][0,0], mVisibleFrame=[0,1392][1080,2400], mVisible=false, mInsetsRoundedCornerFrame=false} } host=com.example.dogglers/com.example.dogglers.MainActivity from=android.view.ViewRootImpl.setView:1732
09-23 23:05:14.208 20383 20383 I ViewRootImpl@5d88566[MainActivity]: setView = com.android.internal.policy.DecorView@d9bd378 TM=true
09-23 23:05:14.209 20383 20383 I MSHandlerLifeCycle: removeMultiSplitHandler: no exist. decor=DecorView@d9bd378[MainActivity]
09-23 23:05:14.210 20383 20383 D LifecycleMonitor: Lifecycle status change: com.example.dogglers.MainActivity@5e9fe64 in: PAUSED
09-23 23:05:14.210 20383 20383 V ActivityScenario: Update currentActivityStage to PAUSED, currentActivity=com.example.dogglers.MainActivity@5e9fe64
09-23 23:05:14.211 20383 20383 D LifecycleMonitor: Lifecycle status change: androidx.test.core.app.InstrumentationActivityInvoker$BootstrapActivity@5bd0ba0 in: STOPPED
09-23 23:05:14.212 20383 20383 V ActivityScenario: Activity lifecycle changed event received but ignored because the intent does not match. startActivityIntent=Intent { act=android.intent.action.MAIN cat=[android.intent.category.LAUNCHER] cmp=com.example.dogglers/.MainActivity }, activity.getIntent()=Intent { act=android.intent.action.MAIN cat=[android.intent.category.LAUNCHER] flg=0x10008000 cmp=com.example.dogglers/androidx.test.core.app.InstrumentationActivityInvoker$BootstrapActivity (has extras) }, activity=androidx.test.core.app.InstrumentationActivityInvoker$BootstrapActivity@5bd0ba0
09-23 23:05:14.219 20383 20383 I ViewRootImpl@5d88566[MainActivity]: performTraversals params={(0,0)(fillxfill) sim={adjust=pan forwardNavigation} ty=BASE_APPLICATION wanim=0x1030309
09-23 23:05:14.219 20383 20383 I ViewRootImpl@5d88566[MainActivity]:   fl=81810100
09-23 23:05:14.219 20383 20383 I ViewRootImpl@5d88566[MainActivity]:   pfl=12020040
09-23 23:05:14.219 20383 20383 I ViewRootImpl@5d88566[MainActivity]:   bhv=DEFAULT
09-23 23:05:14.219 20383 20383 I ViewRootImpl@5d88566[MainActivity]:   fitSides= naviIconColor=0}
09-23 23:05:14.220 20383 20383 I ViewRootImpl@5d88566[MainActivity]: performTraversals mFirst=true windowShouldResize=true viewVisibilityChanged=false mForceNextWindowRelayout=false params={(0,0)(fillxfill) sim={adjust=pan forwardNavigation} ty=BASE_APPLICATION wanim=0x1030309
09-23 23:05:14.220 20383 20383 I ViewRootImpl@5d88566[MainActivity]:   fl=81810100
09-23 23:05:14.220 20383 20383 I ViewRootImpl@5d88566[MainActivity]:   pfl=12020040
09-23 23:05:14.220 20383 20383 I ViewRootImpl@5d88566[MainActivity]:   bhv=DEFAULT
09-23 23:05:14.220 20383 20383 I ViewRootImpl@5d88566[MainActivity]:   fitSides= naviIconColor=0}
09-23 23:05:14.221  1186  4410 V WindowManager: Relayout Window{764ff6c u0 com.example.dogglers/com.example.dogglers.MainActivity}: viewVisibility=0 req=1080x2400 d0
09-23 23:05:14.221   871   917 I SurfaceFlinger: id=38754 createSurf flag=40004, com.example.dogglers/com.example.dogglers.MainActivity$_20383#38754
09-23 23:05:14.226  1186  4410 V WindowManager: Relayout hash=764ff6c, pid=20383, syncId=-1: mAttrs={(0,0)(fillxfill) sim={adjust=pan forwardNavigation} ty=BASE_APPLICATION wanim=0x1030309
09-23 23:05:14.226  1186  4410 V WindowManager:   fl=81810100
09-23 23:05:14.226  1186  4410 V WindowManager:   pfl=12020040
09-23 23:05:14.226  1186  4410 V WindowManager:   bhv=DEFAULT
09-23 23:05:14.226  1186  4410 V WindowManager:   fitSides= naviIconColor=0}
09-23 23:05:14.228 20383 20383 I ViewRootImpl@5d88566[MainActivity]: updateBlastSurfaceIfNeeded mBlastBufferQueue=null isSameSurfaceControl=false
09-23 23:05:14.229 20383 20383 I BLASTBufferQueue: new BLASTBufferQueue, mName= ViewRootImpl@5d88566[MainActivity] mNativeObject= 0xb400007dbe22d0d0 sc.mNativeObject= 0xb400007d4e2636d0 caller= android.view.ViewRootImpl.updateBlastSurfaceIfNeeded:2909 android.view.ViewRootImpl.relayoutWindow:9847 android.view.ViewRootImpl.performTraversals:3884 android.view.ViewRootImpl.doTraversal:3116 android.view.ViewRootImpl$TraversalRunnable.run:10885 android.view.Choreographer$CallbackRecord.run:1301 android.view.Choreographer$CallbackRecord.run:1309 android.view.Choreographer.doCallbacks:923 android.view.Choreographer.doFrame:852 android.view.Choreographer$FrameDisplayEventReceiver.run:1283
09-23 23:05:14.229 20383 20383 I BLASTBufferQueue: update, w= 1080 h= 2400 mName = ViewRootImpl@5d88566[MainActivity] mNativeObject= 0xb400007dbe22d0d0 sc.mNativeObject= 0xb400007d4e2636d0 format= -1 caller= android.graphics.BLASTBufferQueue.<init>:84 android.view.ViewRootImpl.updateBlastSurfaceIfNeeded:2909 android.view.ViewRootImpl.relayoutWindow:9847 android.view.ViewRootImpl.performTraversals:3884 android.view.ViewRootImpl.doTraversal:3116 android.view.ViewRootImpl$TraversalRunnable.run:10885
09-23 23:05:14.230 20383 20383 I ViewRootImpl@5d88566[MainActivity]: Relayout returned: old=(0,0,1080,2400) new=(0,0,1080,2400) req=(1080,2400)0 dur=8 res=0x3 s={true 0xb400007e4e2b5280} ch=true seqId=0
09-23 23:05:14.230 20383 20417 D OpenGLRenderer: eglCreateWindowSurface
09-23 23:05:14.230 20383 20383 I ViewRootImpl@5d88566[MainActivity]: mThreadedRenderer.initialize() mSurface={isValid=true 0xb400007e4e2b5280} hwInitialized=true
09-23 23:05:14.231  2080  2331 I AppIconSolution: load= live icon for com.sec.android.app.clockpackage, from overlay = false
09-23 23:05:14.232  2080  2331 I LauncherActivityInfo: packageName: com.sec.android.app.clockpackage, useThemeIcon: false, height: 288, width: 288, density: 640
09-23 23:05:14.233 20383 20383 I ViewRootImpl@5d88566[MainActivity]: reportNextDraw android.view.ViewRootImpl.performTraversals:4438 android.view.ViewRootImpl.doTraversal:3116 android.view.ViewRootImpl$TraversalRunnable.run:10885 android.view.Choreographer$CallbackRecord.run:1301 android.view.Choreographer$CallbackRecord.run:1309
09-23 23:05:14.233 20383 20383 I ViewRootImpl@5d88566[MainActivity]: Setup new sync id=0
09-23 23:05:14.233 20383 20383 I ViewRootImpl@5d88566[MainActivity]: Setting syncFrameCallback
09-23 23:05:14.233 20383 20383 I ViewRootImpl@5d88566[MainActivity]: registerCallbacksForSync syncBuffer=false
09-23 23:05:14.242 20383 20439 I ViewRootImpl@5d88566[MainActivity]: Received frameDrawingCallback syncResult=0 frameNum=1.
09-23 23:05:14.242 20383 20439 I ViewRootImpl@5d88566[MainActivity]: Setting up sync and frameCommitCallback
09-23 23:05:14.244  2080  2331 I LauncherActivityInfo: Trying to load live icon for com.samsung.android.calendar
09-23 23:05:14.245 20383 20417 I BLASTBufferQueue: [ViewRootImpl@5d88566[MainActivity]#12](f:0,a:0) onFrameAvailable the first frame is available
09-23 23:05:14.246 20383 20417 I ViewRootImpl@5d88566[MainActivity]: Received frameCommittedCallback lastAttemptedDrawFrameNum=1 didProduceBuffer=true
09-23 23:05:14.247 20383 20417 D OpenGLRenderer: CFMS:: SetUp Pid : 20383    Tid : 20417
09-23 23:05:14.247 20383 20417 W Parcel  : Expecting binder but got null!
09-23 23:05:14.247 20383 20383 I ViewRootImpl@5d88566[MainActivity]: onSyncComplete
09-23 23:05:14.247 20383 20383 I ViewRootImpl@5d88566[MainActivity]: setupSync seqId=0 mSyncId=0 fn=1 caller=android.view.ViewRootImpl$$ExternalSyntheticLambda11.accept:6 android.window.SurfaceSyncer.lambda$setupSync$1$android-window-SurfaceSyncer:128 android.window.SurfaceSyncer$$ExternalSyntheticLambda1.accept:8 android.window.SurfaceSyncer$SyncSet.checkIfSyncIsComplete:382 android.window.SurfaceSyncer$SyncSet.markSyncReady:359 android.window.SurfaceSyncer.markSyncReady:151 android.view.ViewRootImpl.performTraversals:4503
09-23 23:05:14.247  2080 15073 I RecentModel: onTaskStackChangedBackground
09-23 23:05:14.248 20383 20383 I ViewRootImpl@5d88566[MainActivity]: reportDrawFinished seqId=0 mSyncId=-1 fn=1 mSurfaceChangedTransaction=0xb400007d7e23cdb0
09-23 23:05:14.248 19252 19252 I BSS_SysUiManager: handleMessage = 9, 1, 0
09-23 23:05:14.249 20383 20383 I ViewRootImpl@5d88566[MainActivity]: stopped(true) old = false
09-23 23:05:14.249 20383 20383 I ViewRootImpl@5d88566[MainActivity]: WindowStopped on com.example.dogglers/com.example.dogglers.MainActivity set to true
09-23 23:05:14.249 20383 20383 D LifecycleMonitor: Lifecycle status change: com.example.dogglers.MainActivity@5e9fe64 in: STOPPED
09-23 23:05:14.250 20383 20383 V ActivityScenario: Update currentActivityStage to STOPPED, currentActivity=com.example.dogglers.MainActivity@5e9fe64
09-23 23:05:14.251  2080  2331 I LiveIconLoader: [Calendar] LiveIcon - stdIconSize : 135 , targetIconSize : 163
09-23 23:05:14.251  2080  2331 I LiveIconLoader: [Calendar] LiveIcon - sIconDpi : 640 , targetIconDpi : 450
09-23 23:05:14.251 20383 20383 I MSHandlerLifeCycle: removeMultiSplitHandler: no exist. decor=DecorView@d9bd378[MainActivity]
09-23 23:05:14.253  2080  2331 W LiveIconLoader: System font not found, reverting to Roboto.
09-23 23:05:14.260 20383 20417 D OpenGLRenderer: setSurface called with nullptr
09-23 23:05:14.261 20383 20417 D OpenGLRenderer: setSurface() destroyed EGLSurface
09-23 23:05:14.261 20383 20417 D OpenGLRenderer: destroyEglSurface
09-23 23:05:14.266 20383 20383 I ViewRootImpl@5d88566[MainActivity]: performTraversals mFirst=false windowShouldResize=false viewVisibilityChanged=true mForceNextWindowRelayout=false params=null
09-23 23:05:14.266  1186  1322 V WindowManager: Relayout Window{764ff6c u0 com.example.dogglers/com.example.dogglers.MainActivity}: viewVisibility=4 req=1080x2400 d0
09-23 23:05:14.268  1186  1322 V WindowManager: Relayout hash=764ff6c, pid=20383, syncId=-1: mAttrs={(0,0)(fillxfill) sim={adjust=pan forwardNavigation} ty=BASE_APPLICATION wanim=0x1030309
09-23 23:05:14.268  1186  1322 V WindowManager:   fl=81810100
09-23 23:05:14.268  1186  1322 V WindowManager:   pfl=12020040
09-23 23:05:14.268  1186  1322 V WindowManager:   bhv=DEFAULT
09-23 23:05:14.268  1186  1322 V WindowManager:   fitSides= naviIconColor=0}
09-23 23:05:14.268  1033  1530 I bauth_FPBAuthService: pcf : 0x1012, 0 ,1 ,0 ,0 ,0 ,0, 7.0.0.0
09-23 23:05:14.268  1033  1530 I bauth_FPBAuthService: thread id : 1, preenroll_flag : 0, nd cnt : 0, cso : 0, et : 0
09-23 23:05:14.268  1033  1530 I bauth_FPBAuthService: FPBAuthService, 11416
09-23 23:05:14.273 20383 20383 I ViewRootImpl@5d88566[MainActivity]: Relayout returned: old=(0,0,1080,2400) new=(0,0,1080,2400) req=(1080,2400)4 dur=6 res=0x2 s={false 0x0} ch=false seqId=0
09-23 23:05:14.277 20383 20383 W RootViewPicker: No activity currently resumed - waiting: 10ms for one to appear.
09-23 23:05:14.277  2080  2331 I LiveIconLoader: [Calendar] getLiveIcon - Date: 23
09-23 23:05:14.279 20383 20383 I ViewRootImpl@5d88566[MainActivity]: handleAppVisibility mAppVisible = true visible = false
09-23 23:05:14.279   871   871 I Layer   : id=38754 removeFromCurrentState com.example.dogglers/com.example.dogglers.MainActivity$_20383#38754 (127)
09-23 23:05:14.279   871   871 I SurfaceFlinger: id=38754 Removed com.example.dogglers/com.example.dogglers.MainActivity$_20383#38754 (127)
09-23 23:05:14.279  1602  1661 D OpenGLRenderer: setSurface called with nullptr
09-23 23:05:14.279  1602  1661 D OpenGLRenderer: setSurface() destroyed EGLSurface
09-23 23:05:14.279   871   871 I Layer   : id=38754 Destroyed com.example.dogglers/com.example.dogglers.MainActivity$_20383#38754
09-23 23:05:14.279  1602  1661 D OpenGLRenderer: destroyEglSurface
09-23 23:05:14.280  2080  2331 I AppIconSolution: load= live icon for com.samsung.android.calendar, from overlay = false
09-23 23:05:14.282  2080  2331 I LauncherActivityInfo: packageName: com.samsung.android.calendar, useThemeIcon: false, height: 385, width: 385, density: 640
09-23 23:05:14.285  1602  1659 I ViewRootImpl@2a42842[dogglers]: performTraversals params={(0,0)(fillxfill) sim={adjust=pan} ty=APPLICATION_STARTING fmt=TRANSLUCENT wanim=0x1030001 alpha=0.0
09-23 23:05:14.285  1602  1659 I ViewRootImpl@2a42842[dogglers]:   fl=81030118
09-23 23:05:14.285  1602  1659 I ViewRootImpl@2a42842[dogglers]:   pfl=16000010
09-23 23:05:14.285  1602  1659 I ViewRootImpl@2a42842[dogglers]:   bhv=DEFAULT
09-23 23:05:14.285  1602  1659 I ViewRootImpl@2a42842[dogglers]:   fitSides= naviIconColor=0}
09-23 23:05:14.286  1602  1659 I ViewRootImpl@2a42842[dogglers]: performTraversals mFirst=false windowShouldResize=false viewVisibilityChanged=true mForceNextWindowRelayout=false params={(0,0)(fillxfill) sim={adjust=pan} ty=APPLICATION_STARTING fmt=TRANSLUCENT wanim=0x1030001 alpha=0.0
09-23 23:05:14.286  1602  1659 I ViewRootImpl@2a42842[dogglers]:   fl=81030118
09-23 23:05:14.286  1602  1659 I ViewRootImpl@2a42842[dogglers]:   pfl=16000010
09-23 23:05:14.286  1602  1659 I ViewRootImpl@2a42842[dogglers]:   bhv=DEFAULT
09-23 23:05:14.286  1602  1659 I ViewRootImpl@2a42842[dogglers]:   fitSides= naviIconColor=0}
09-23 23:05:14.287  1186  1322 V WindowManager: Relayout Window{8d57712 u0 Splash Screen com.example.dogglers}: viewVisibility=8 req=1080x2400 d0
09-23 23:05:14.289  1186  1322 V WindowManager: Relayout hash=8d57712, pid=1602, syncId=-1: mAttrs={(0,0)(fillxfill) sim={adjust=pan} ty=APPLICATION_STARTING fmt=TRANSLUCENT wanim=0x1030001 alpha=0.0
09-23 23:05:14.289  1186  1322 V WindowManager:   fl=81030118
09-23 23:05:14.289  1186  1322 V WindowManager:   pfl=16000010
09-23 23:05:14.289  1186  1322 V WindowManager:   bhv=DEFAULT
09-23 23:05:14.289  1186  1322 V WindowManager:   fitSides= naviIconColor=0}
09-23 23:05:14.289 20383 20383 W RootViewPicker: No activity currently resumed - waiting: 50ms for one to appear.
09-23 23:05:14.290   871   871 I Layer   : id=38751 removeFromCurrentState Splash Screen com.example.dogglers$_1602#38751 (126)
09-23 23:05:14.292   871  1064 I SurfaceFlinger: id=38751 Removed Splash Screen com.example.dogglers$_1602#38751 (126)
09-23 23:05:14.292  1602  1659 I ViewRootImpl@2a42842[dogglers]: Relayout returned: old=(0,0,1080,2400) new=(0,0,1080,2400) req=(1080,2400)8 dur=4 res=0x2 s={false 0x0} ch=true seqId=0
09-23 23:05:14.293  1602  1659 I ViewRootImpl@2a42842[dogglers]: dispatchDetachedFromWindow
09-23 23:05:14.293  1186  1200 D InputTransport: Input channel destroyed: '8d57712', fd=940
09-23 23:05:14.293  1186  1200 W InputManager-JNI: Input channel object '8d57712 Splash Screen com.example.dogglers (client)' was disposed without first being removed with the input manager!
09-23 23:05:14.293  1186  1200 D InputTransport: Input channel destroyed: '8d57712', fd=945
09-23 23:05:14.296  2080  2331 I AppInfo : set ComponentInfo{com.example.dogglers/com.example.dogglers.MainActivity} app progress level to 100
09-23 23:05:14.297  1602  1659 D InputTransport: Input channel destroyed: '8d57712', fd=213
09-23 23:05:14.297  2080  2331 I AppInfo : set ComponentInfo{com.whatsapp/com.whatsapp.Main} app progress level to 100
09-23 23:05:14.299  2080  2331 I AppInfo : set ComponentInfo{com.snapchat.android/com.snapchat.android.LandingPageActivity} app progress level to 100
09-23 23:05:14.300  2080  2331 I AppInfo : set ComponentInfo{com.spotify.music/com.spotify.music.MainActivity} app progress level to 100
09-23 23:05:14.301  2080  2331 I AppInfo : set ComponentInfo{com.sec.android.gallery3d/com.samsung.android.gallery.app.activity.GalleryActivity} app progress level to 100
09-23 23:05:14.301   871   871 I Layer   : id=38750 removeFromCurrentState 8d57712 Splash Screen com.example.dogglers#38750 (126)
09-23 23:05:14.301   871   871 I SurfaceFlinger: id=38750 Removed 8d57712 Splash Screen com.example.dogglers#38750 (126)
09-23 23:05:14.302   871   871 I Layer   : id=38751 Destroyed Splash Screen com.example.dogglers$_1602#38751
09-23 23:05:14.302   871   871 I Layer   : id=38750 Destroyed 8d57712 Splash Screen com.example.dogglers#38750
09-23 23:05:14.303  2080  2331 I AppInfo : set ComponentInfo{com.activision.callofduty.shooter/com.tencent.tmgp.cod.CODMPrivatePermissionActivity} app progress level to 100
09-23 23:05:14.306  2080  2331 I AppInfo : set ComponentInfo{com.android.chrome/com.google.android.apps.chrome.Main} app progress level to 100
09-23 23:05:14.307  2080  2331 I AppInfo : set ComponentInfo{com.google.android.youtube/com.google.android.youtube.app.honeycomb.Shell$HomeActivity} app progress level to 100
09-23 23:05:14.308  2080  2331 I AppInfo : set ComponentInfo{com.ss.android.ugc.trill/com.ss.android.ugc.aweme.splash.SplashActivity} app progress level to 100
09-23 23:05:14.341 20383 20383 W RootViewPicker: No activity currently resumed - waiting: 100ms for one to appear.
09-23 23:05:14.441 20383 20383 W RootViewPicker: No activity currently resumed - waiting: 500ms for one to appear.
09-23 23:05:14.510 20572 20572 I FirebaseApp: Device unlocked: initializing all Firebase APIs for app [DEFAULT]
09-23 23:05:14.525 20572 20572 I FirebaseInitProvider: FirebaseApp initialization successful
09-23 23:05:14.527 22590 22590 I dnca    : onPause
09-23 23:05:14.527 22590 22590 I dnca    : onStop
09-23 23:05:14.533 20572 20572 E SEMS:DataAdapter_13.1.12: [SemsLog][main][GroupDBHelper] Instance null
09-23 23:05:14.566 20572 20572 I SEMS:Registration_13.1.12: [AuthLog][main][EsuAgentProvider] onCreate
09-23 23:05:14.566 20572 20572 I SEMS:Registration_13.1.12: [AuthLog][main][EsuAgentDBHelper] getInstance start null
09-23 23:05:14.566 20572 20572 I SEMS:Registration_13.1.12: [AuthLog][main][EsuAgentDBHelper] getInstance end
09-23 23:05:14.577 20572 20572 I MobileServiceApplication: onCreate
09-23 23:05:14.585 20572 20572 I DIAGMON_SDK[605055]: DiagMonAgent type: 2
09-23 23:05:14.586 20572 20572 I DIAGMON_SDK[605055][sebzp6l7wd] : generated SR object
09-23 23:05:14.590 20572 20610 W DIAGMON_SDK[605055][sebzp6l7wd] : Authority check got failed
09-23 23:05:14.592 20572 20572 I SEMS:Common_13.1.12: [CommonLog][main][MobileServiceCommon] init
09-23 23:05:14.592 20572 20572 I SEMS:Common_13.1.12: [CommonLog][main][SALogger] Init SamsungAnalytics Start
09-23 23:05:14.596 20572 20572 I SEMS:Common_13.1.12: [CommonLog][main][SALogger] Init SamsungAnalytics Completed
09-23 23:05:14.596 20572 20572 I SEMS:DataAdapter_13.1.12: [][main][MobileServiceDataAdapter] init
09-23 23:05:14.600 20572 20572 I SEMS:SupportedService_13.1.12: [][main][MobileServiceSupportedService] init
09-23 23:05:14.600 20572 20572 I SEMS:SupportedService_13.1.12: [][main][MobileServiceState] init
09-23 23:05:14.601 20572 20572 I SEMS:SupportedService_13.1.12: [][main][MobileServiceState] registerServiceState done
