09-23 23:04:07.500 20383 20415 I TestRunner: started: clicking_grid_list_button_displays_grid_list(com.example.dogglers.ButtonTests)
09-23 23:04:07.500  2080  2080 I ViewRootImpl@782dd03[LauncherActivity]: onSyncComplete
09-23 23:04:07.501  2080  2080 I ViewRootImpl@782dd03[LauncherActivity]: setupSync seqId=0 mSyncId=180 fn=1 caller=android.view.ViewRootImpl$$ExternalSyntheticLambda11.accept:6 android.window.SurfaceSyncer.lambda$setupSync$1$android-window-SurfaceSyncer:128 android.window.SurfaceSyncer$$ExternalSyntheticLambda1.accept:8 android.window.SurfaceSyncer$SyncSet.checkIfSyncIsComplete:382 android.window.SurfaceSyncer$SyncSet.markSyncReady:359 android.window.SurfaceSyncer.markSyncReady:151 android.view.ViewRootImpl.performTraversals:4503
09-23 23:04:07.501  2080  2080 I ViewRootImpl@782dd03[LauncherActivity]: reportDrawFinished seqId=0 mSyncId=-1 fn=1 mSurfaceChangedTransaction=0xb400007d7e24b570
09-23 23:04:07.503  2080  2080 I BaseActivity: removeActivityFlags, flags : 6
09-23 23:04:07.503  2080  2080 I DragController: endDrag
09-23 23:04:07.503  2080  2080 W LauncherAppWidgetHost: setShouldListenFlag, mFlags:15 flag:resume on:false isFront:false
09-23 23:04:07.503  2080  2080 I SPayUpdater: updateSpayHandler launcher activity is paused false
09-23 23:04:07.504  2080  2080 I TopTaskTracker: onTaskMovedToFront : taskId = 7609
09-23 23:04:07.506 15539 15619 D KnoxHelper: getActivityList callingUserId: 0, target user: 150
09-23 23:04:07.506 15539 15619 V KnoxHelper: source and target users are different, and caller is knox container or target user is for secure folder, so request cannot be granted!
09-23 23:04:07.506  2080  2080 I PopupDataProvider: onNotificationFullRefresh prev dotInfoSize : 2
09-23 23:04:07.506  2080  2080 I PopupDataProvider: refresh badge  package : com.google.android.gm count : 2
09-23 23:04:07.507  2080  2080 I PopupDataProvider: refresh badge  package : com.google.android.gms count : 1
09-23 23:04:07.507  2080  2080 I IconView: applyDotState itemInfo : Gmail display : 1 count : 2
09-23 23:04:07.509  2080  2080 I RecentsView: onTaskRemoved() taskId : 7702
09-23 23:04:07.509  2080  2080 I RecentsView: onTaskRemoved() taskId : 7702
09-23 23:04:07.509  2080  2080 I TopTaskTracker: onTaskRemoved : taskId = 7702
09-23 23:04:07.509  2080  2080 I RecentsView: onTaskRemoved() taskId : 7702
09-23 23:04:07.509  2080  2080 I RecentsView: onTaskRemoved() taskId : 7702
09-23 23:04:07.509  2080  2080 I TopTaskTracker: onTaskRemoved : taskId = 7702
09-23 23:04:07.512  2080  2080 I ViewRootImpl@782dd03[LauncherActivity]: stopped(true) old = false
09-23 23:04:07.512  2080  2080 I ViewRootImpl@782dd03[LauncherActivity]: WindowStopped on com.sec.android.app.launcher/com.sec.android.app.launcher.activities.LauncherActivity set to true
09-23 23:04:07.512 20383 20415 W Settings: Setting always_finish_activities has moved from android.provider.Settings.System to android.provider.Settings.Global, returning read-only value.
09-23 23:04:07.512  2080  2331 I LauncherActivityInfo: Trying to load live icon for com.sec.android.app.clockpackage
09-23 23:04:07.514  2080  2080 I Launcher: !@Boot_DEBUG: Launcher.onStop()
09-23 23:04:07.514  2080  2080 I Launcher: !@Boot_EBS_D: Launcher.onStop()
09-23 23:04:07.514  2080  2080 I BaseActivity: removeActivityFlags, flags : 17
09-23 23:04:07.514  2080  2080 I StateManager: goToState isInState Normal
09-23 23:04:07.514  2080  2080 W LauncherAppWidgetHost: setShouldListenFlag, mFlags:7 flag:start on:false isFront:false
09-23 23:04:07.515  1186  2162 I AppWidgetServiceImpl: stopListening callbacks : null
09-23 23:04:07.515  2080  2330 I IMM_LC  : hsifw() - flag : 0
09-23 23:04:07.515  2080  2330 I IMM_LC  : hsifw() ignore mServedView == null or mServedView.getWindowToken() != windowToken, mServedView :0
09-23 23:04:07.515  2080  2080 W LauncherAppWidgetHost: stopListening, mFlags:2 isFront:false
09-23 23:04:07.515  2080  2080 W Launcher.NotificationListener: removeNotificationsChangedListener
09-23 23:04:07.515  2080  2080 I Launcher.NotificationListener: unregisterObserver, this is not notificationService!!
09-23 23:04:07.515  2080  2080 I BadgeCountUpdaterImpl: onNotificationsChangedDisConnected
09-23 23:04:07.515  2080  2331 I LiveIconUtil: getLiveIcon was called in ClockPackage
09-23 23:04:07.516  2080  2080 I DecorView: notifyKeepScreenOnChanged: keepScreenOn=false
09-23 23:04:07.517  2080  2331 I LiveIconUtil: getLiveIcon res = com.sec.android.app.clockpackage
09-23 23:04:07.518  2080  2080 I MSHandlerLifeCycle: removeMultiSplitHandler: no exist. decor=DecorView@71ff488[LauncherActivity]
09-23 23:04:07.519  2080  2334 I LiveIconUpdateEventHandler: cancelMinuteChangeAlarm
09-23 23:04:07.520  2080  2331 I LiveIconUtil: stdIconSize : 135 , targetIconSize : 163
09-23 23:04:07.520  2080  2331 I LiveIconUtil: mIconDpi : 640 , mTargetIconDpi : 450
09-23 23:04:07.520  1186  1232 I ChimeraSystemEventListener: appLaunchIntent package name is: com.example.dogglers
09-23 23:04:07.521  2080  2334 I LiveIconUpdateEventHandler: cancelDateChangeAlarm
09-23 23:04:07.525   871  1063 I SurfaceFlinger: id=38718 createSurf flag=24004, Task=7703#38718
09-23 23:04:07.527   871  1063 I SurfaceFlinger: id=38719 createSurf flag=80004, ActivityRecord{26f8b35 u0 com.example.dogglers/androidx.test.core.app.InstrumentationActivityInvoker$BootstrapActivity} t7703}#38719
09-23 23:04:07.527  2080  2080 I LauncherRootView: handleSystemWindowInsets Rect(0, 80 - 0, 0)
09-23 23:04:07.528  2080  2080 I ViewRootImpl@782dd03[LauncherActivity]: performTraversals params={(0,0)(fillxfill) sim={adjust=nothing} layoutInDisplayCutoutMode=shortEdges ty=BASE_APPLICATION fmt=TRANSPARENT wanim=0x10302f4
09-23 23:04:07.528  2080  2080 I ViewRootImpl@782dd03[LauncherActivity]:   fl=81910100
09-23 23:04:07.528  2080  2080 I ViewRootImpl@782dd03[LauncherActivity]:   pfl=1e020040
09-23 23:04:07.528  2080  2080 I ViewRootImpl@782dd03[LauncherActivity]:   vsysui=1700
09-23 23:04:07.528  2080  2080 I ViewRootImpl@782dd03[LauncherActivity]:   bhv=SHOW_TRANSIENT_BARS_BY_SWIPE
09-23 23:04:07.528  2080  2080 I ViewRootImpl@782dd03[LauncherActivity]:   fitSides= naviIconColor=0}
09-23 23:04:07.529  2080  2080 I ViewRootImpl@782dd03[LauncherActivity]: performTraversals mFirst=false windowShouldResize=false viewVisibilityChanged=true mForceNextWindowRelayout=false params={(0,0)(fillxfill) sim={adjust=nothing} layoutInDisplayCutoutMode=shortEdges ty=BASE_APPLICATION fmt=TRANSPARENT wanim=0x10302f4
09-23 23:04:07.529  2080  2080 I ViewRootImpl@782dd03[LauncherActivity]:   fl=81910100
09-23 23:04:07.529  2080  2080 I ViewRootImpl@782dd03[LauncherActivity]:   pfl=1e020040
09-23 23:04:07.529  2080  2080 I ViewRootImpl@782dd03[LauncherActivity]:   vsysui=1700
09-23 23:04:07.529  2080  2080 I ViewRootImpl@782dd03[LauncherActivity]:   bhv=SHOW_TRANSIENT_BARS_BY_SWIPE
09-23 23:04:07.529  2080  2080 I ViewRootImpl@782dd03[LauncherActivity]:   fitSides= naviIconColor=0}
09-23 23:04:07.532  1186  1322 D InputDispatcher: Focused application(0): ActivityRecord{26f8b35 u0 com.example.dogglers/androidx.test.core.app.InstrumentationActivityInvoker$BootstrapActivity} t7703}
09-23 23:04:07.534  1602  1661 D NativeCustomFrequencyManager: [NativeCFMS] BpCustomFrequencyManager::BpCustomFrequencyManager()
09-23 23:04:07.534  1186  1322 I SemDvfsHyPerManager: acquire hyper - AMS_APP_LAUNCH/1186@17, type = -999
09-23 23:04:07.535  2633  2633 E pageboostd: Received HALT command code 2
09-23 23:04:07.535   795   875 I HYPER-HAL: [RequestManager.cpp]acquire(): Acquired ID : 724223  [1186 / 17]    HINT : AMS_APP_LAUNCH    list :
09-23 23:04:07.535  4177  4177 I SemDvfsHyPerManager: acquire hyper - APP_START/4177@18, type = -999
09-23 23:04:07.536  1186  1745 V WindowManager: Relayout Window{2961ae6 u0 com.sec.android.app.launcher/com.sec.android.app.launcher.activities.LauncherActivity}: viewVisibility=4 req=1080x2400 d0
09-23 23:04:07.536   795   875 I HYPER-HAL: [RequestManager.cpp]acquire(): Acquired ID : 8801128  [4177 / 18]    HINT : APP_START    list :
09-23 23:04:07.537  1186  1745 V WindowManager: Relayout hash=2961ae6, pid=2080, syncId=-1: mAttrs={(0,0)(fillxfill) sim={adjust=nothing} layoutInDisplayCutoutMode=shortEdges ty=BASE_APPLICATION fmt=TRANSPARENT wanim=0x10302f4
09-23 23:04:07.537  1186  1745 V WindowManager:   fl=81910100
09-23 23:04:07.537  1186  1745 V WindowManager:   pfl=1e020040
09-23 23:04:07.537  1186  1745 V WindowManager:   vsysui=1700
09-23 23:04:07.537  1186  1745 V WindowManager:   bhv=SHOW_TRANSIENT_BARS_BY_SWIPE
09-23 23:04:07.537  1186  1745 V WindowManager:   fitSides= naviIconColor=0}
09-23 23:04:07.538  1186  1232 D PersonaActivityHelper: Activity not in resumed state, do not run immediate lock
09-23 23:04:07.539  1186  1745 D InputTransport: Input channel constructed: '8756cb3', fd=940
09-23 23:04:07.539  1186  1745 D InputTransport: Input channel constructed: '8756cb3', fd=962
09-23 23:04:07.540  1186  1745 D InputTransport: Input channel constructed: '8756cb3', fd=966
09-23 23:04:07.540   871  1063 I SurfaceFlinger: id=38720 createSurf flag=80004, 8756cb3 Splash Screen com.example.dogglers#38720
09-23 23:04:07.542 19252 19252 I BSS_SysUiManager: handleMessage = 9, 3, 7703
09-23 23:04:07.542 19252 19252 I BSS_SysUiManager: handleMessage = 9, 4, 7609
09-23 23:04:07.543 19252 19252 I BSS_SysUiManager: handleMessage = 9, 4, 7703
09-23 23:04:07.544  1186  1745 D InputTransport: Input channel destroyed: '8756cb3', fd=966
09-23 23:04:07.545  1602  1659 D InsetsController: onStateChanged: InsetsState: {mDisplayFrame=Rect(0, 0 - 1080, 2400), mDisplayCutout=DisplayCutout{insets=Rect(0, 80 - 0, 0) waterfall=Insets{left=0, top=0, right=0, bottom=0} boundingRect={Bounds=[Rect(0, 0 - 0, 0), Rect(468, 0 - 612, 80), Rect(0, 0 - 0, 0), Rect(0, 0 - 0, 0)]} cutoutPathParserInfo={CutoutPathParserInfo{displayWidth=1080 displayHeight=2400 physicalDisplayWidth=1080 physicalDisplayHeight=2400 density={2.8125} cutoutSpec={M 0,0 H -25.6 V 28.44444444444444 H 25.6 V 0 H 0 Z @dp} rotation={0} scale={1.0} physicalPixelDisplaySizeRatio={1.0}}}}, mRoundedCorners=RoundedCorners{[RoundedCorner{position=TopLeft, radius=90, center=Point(90, 90)}, RoundedCorner{position=TopRight, radius=90, center=Point(990, 90)}, RoundedCorner{position=BottomRight, radius=90, center=Point(990, 2310)}, RoundedCorner{position=BottomLeft, radius=90, center=Point(90, 2310)}]}  mRoundedCornerFrame=Rect(0, 0 - 1080, 2400), mPrivacyIndicatorBounds=PrivacyIndicatorBounds {static bounds=Rect(956, 0 - 1080, 80) rotation=0}, mSources= { InsetsSource: {mType=ITYPE_STATUS_BAR, mFrame=[0,0][1080,80], mVisible=true, mInsetsRoundedCornerFrame=false}, InsetsSource: {mType=ITYPE_NAVIGATION_BAR, mFrame=[0,2400][1080,2400], mVisible=false, mInsetsRoundedCornerFrame=false}, InsetsSource: {mType=ITYPE_LEFT_GESTURES, mFrame=[0,0][67,2400], mVisible=true, mInsetsRoundedCornerFrame=false}, InsetsSource: {mType=ITYPE_RIGHT_GESTURES, mFrame=[1013,0][1080,2400], mVisible=true, mInsetsRoundedCornerFrame=false}, InsetsSource: {mType=ITYPE_TOP_MANDATORY_GESTURES, mFrame=[0,0][1080,114], mVisible=true, mInsetsRoundedCornerFrame=false}, InsetsSource: {mType=ITYPE_BOTTOM_MANDATORY_GESTURES, mFrame=[0,2344][1080,2400], mVisible=true, mInsetsRoundedCornerFrame=false}, InsetsSource: {mType=ITYPE_LEFT_DISPLAY_CUTOUT, mFrame=[0,0][-100000,2400], mVisible=true, mInsetsRoundedCornerFrame=false}, InsetsSource: {mType=ITYPE_TOP_DISPLAY_CUTOUT, mFrame=[0,0][1080,80], mVisible=true, mInsetsRoundedCornerFrame=false}, InsetsSource: {mType=ITYPE_RIGHT_DISPLAY_CUTOUT, mFrame=[100000,0][1080,2400], mVisible=true, mInsetsRoundedCornerFrame=false}, InsetsSource: {mType=ITYPE_BOTTOM_DISPLAY_CUTOUT, mFrame=[0,100000][1080,2400], mVisible=true, mInsetsRoundedCornerFrame=false}, InsetsSource: {mType=ITYPE_TOP_TAPPABLE_ELEMENT, mFrame=[0,0][1080,80], mVisible=true, mInsetsRoundedCornerFrame=false}, InsetsSource: {mType=ITYPE_BOTTOM_TAPPABLE_ELEMENT, mFrame=[0,0][0,0], mVisible=true, mInsetsRoundedCornerFrame=false}, InsetsSource: {mType=ITYPE_IME, mFrame=[0,0][0,0], mVisibleFrame=[0,1392][1080,2400], mVisible=false, mInsetsRoundedCornerFrame=false} } host=Splash Screen com.example.dogglers from=android.view.ViewRootImpl.setView:1732
09-23 23:04:07.546 20383 20383 D LifecycleMonitor: Lifecycle status change: androidx.test.core.app.InstrumentationActivityInvoker$BootstrapActivity@798ed10 in: PRE_ON_CREATE
09-23 23:04:07.546 20383 20383 V ActivityScenario: Activity lifecycle changed event received but ignored because the intent does not match. startActivityIntent=Intent { act=android.intent.action.MAIN cat=[android.intent.category.LAUNCHER] cmp=com.example.dogglers/.MainActivity }, activity.getIntent()=Intent { act=android.intent.action.MAIN cat=[android.intent.category.LAUNCHER] flg=0x10008000 cmp=com.example.dogglers/androidx.test.core.app.InstrumentationActivityInvoker$BootstrapActivity (has extras) }, activity=androidx.test.core.app.InstrumentationActivityInvoker$BootstrapActivity@798ed10
09-23 23:04:07.546  1602  1659 I ViewRootImpl@581f732[dogglers]: setView = android.widget.FrameLayout@4d4547e TM=true
09-23 23:04:07.548  1186  1232 D EnterpriseDeviceManagerService: isMdmAdminPresentInternal() : MDM Admin Found - com.samsung.knox.securefolder
09-23 23:04:07.548  2080  2080 I ViewRootImpl@782dd03[LauncherActivity]: Relayout returned: old=(0,0,1080,2400) new=(0,0,1080,2400) req=(1080,2400)4 dur=19 res=0x2 s={false 0x0} ch=false seqId=0
09-23 23:04:07.549  2080  2080 I TopTaskTracker: onTaskMovedToFront : taskId = 7703
09-23 23:04:07.551  1602  1659 I ViewRootImpl@581f732[dogglers]: performTraversals params={(0,0)(fillxfill) sim={adjust=pan} ty=APPLICATION_STARTING fmt=TRANSLUCENT wanim=0x1030001
09-23 23:04:07.551  1602  1659 I ViewRootImpl@581f732[dogglers]:   fl=81030118
09-23 23:04:07.551  1602  1659 I ViewRootImpl@581f732[dogglers]:   pfl=16000010
09-23 23:04:07.551  1602  1659 I ViewRootImpl@581f732[dogglers]:   bhv=DEFAULT
09-23 23:04:07.551  1602  1659 I ViewRootImpl@581f732[dogglers]:   fitSides= naviIconColor=0}
09-23 23:04:07.552 20383 20383 I DecorView: [INFO] isPopOver=false config=true
09-23 23:04:07.552 20383 20383 I DecorView: updateCaptionType: isFloating=false isApplication=true hasWindowDecorCaption=false this=DecorView@50b842f[]
09-23 23:04:07.552 20383 20383 D DecorView: setCaptionType = 0, this = DecorView@50b842f[]
09-23 23:04:07.552  2080  2080 I ViewRootImpl@782dd03[LauncherActivity]: handleAppVisibility mAppVisible = true visible = false
09-23 23:04:07.552  1602  1659 I ViewRootImpl@581f732[dogglers]: performTraversals mFirst=true windowShouldResize=true viewVisibilityChanged=false mForceNextWindowRelayout=false params={(0,0)(fillxfill) sim={adjust=pan} ty=APPLICATION_STARTING fmt=TRANSLUCENT wanim=0x1030001
09-23 23:04:07.552  1602  1659 I ViewRootImpl@581f732[dogglers]:   fl=81030118
09-23 23:04:07.552  1602  1659 I ViewRootImpl@581f732[dogglers]:   pfl=16000010
09-23 23:04:07.552  1602  1659 I ViewRootImpl@581f732[dogglers]:   bhv=DEFAULT
09-23 23:04:07.552  1602  1659 I ViewRootImpl@581f732[dogglers]:   fitSides= naviIconColor=0}
09-23 23:04:07.554 20383 20383 I DecorView: getCurrentDensityDpi: from real metrics. densityDpi=450 msg=resources_loaded
09-23 23:04:07.554 20383 20383 I DecorView: setWindowBackground: isPopOver=false color=ff010101 d=android.graphics.drawable.StateListDrawable@387ca3c
09-23 23:04:07.555 20383 20383 D LifecycleMonitor: Lifecycle status change: androidx.test.core.app.InstrumentationActivityInvoker$BootstrapActivity@798ed10 in: CREATED
09-23 23:04:07.555 20383 20383 V ActivityScenario: Activity lifecycle changed event received but ignored because the intent does not match. startActivityIntent=Intent { act=android.intent.action.MAIN cat=[android.intent.category.LAUNCHER] cmp=com.example.dogglers/.MainActivity }, activity.getIntent()=Intent { act=android.intent.action.MAIN cat=[android.intent.category.LAUNCHER] flg=0x10008000 cmp=com.example.dogglers/androidx.test.core.app.InstrumentationActivityInvoker$BootstrapActivity (has extras) }, activity=androidx.test.core.app.InstrumentationActivityInvoker$BootstrapActivity@798ed10
09-23 23:04:07.556 20383 20383 D LifecycleMonitor: Lifecycle status change: androidx.test.core.app.InstrumentationActivityInvoker$BootstrapActivity@798ed10 in: STARTED
09-23 23:04:07.556 20383 20383 V ActivityScenario: Activity lifecycle changed event received but ignored because the intent does not match. startActivityIntent=Intent { act=android.intent.action.MAIN cat=[android.intent.category.LAUNCHER] cmp=com.example.dogglers/.MainActivity }, activity.getIntent()=Intent { act=android.intent.action.MAIN cat=[android.intent.category.LAUNCHER] flg=0x10008000 cmp=com.example.dogglers/androidx.test.core.app.InstrumentationActivityInvoker$BootstrapActivity (has extras) }, activity=androidx.test.core.app.InstrumentationActivityInvoker$BootstrapActivity@798ed10
09-23 23:04:07.557  1186  1322 V WindowManager: Relayout Window{8756cb3 u0 Splash Screen com.example.dogglers}: viewVisibility=0 req=1080x2400 d0
09-23 23:04:07.557   871  1063 I SurfaceFlinger: id=38721 createSurf flag=40004, Splash Screen com.example.dogglers$_1602#38721
09-23 23:04:07.560  1186  1322 V WindowManager: Relayout hash=8756cb3, pid=1602, syncId=-1: mAttrs={(0,0)(fillxfill) sim={adjust=pan} ty=APPLICATION_STARTING fmt=TRANSLUCENT wanim=0x1030001
09-23 23:04:07.560  1186  1322 V WindowManager:   fl=81030118
09-23 23:04:07.560  1186  1322 V WindowManager:   pfl=16000010
09-23 23:04:07.560  1186  1322 V WindowManager:   bhv=DEFAULT
09-23 23:04:07.560  1186  1322 V WindowManager:   fitSides= naviIconColor=0}
09-23 23:04:07.562  1602  1659 I ViewRootImpl@581f732[dogglers]: updateBlastSurfaceIfNeeded mBlastBufferQueue=null isSameSurfaceControl=false
09-23 23:04:07.562   871   871 I Layer   : id=38716 removeFromCurrentState com.sec.android.app.launcher/com.sec.android.app.launcher.activities.LauncherActivity$_2080#38716 (123)
09-23 23:04:07.562   871   871 I SurfaceFlinger: id=38716 Removed com.sec.android.app.launcher/com.sec.android.app.launcher.activities.LauncherActivity$_2080#38716 (123)
09-23 23:04:07.562   871   871 I Layer   : id=38716 Destroyed com.sec.android.app.launcher/com.sec.android.app.launcher.activities.LauncherActivity$_2080#38716
09-23 23:04:07.564  1602  1659 I BLASTBufferQueue: new BLASTBufferQueue, mName= ViewRootImpl@581f732[dogglers] mNativeObject= 0xb400007dbe3225d0 sc.mNativeObject= 0xb400007d4e4f8cd0 caller= android.view.ViewRootImpl.updateBlastSurfaceIfNeeded:2909 android.view.ViewRootImpl.relayoutWindow:9847 android.view.ViewRootImpl.performTraversals:3884 android.view.ViewRootImpl.doTraversal:3116 android.view.ViewRootImpl$TraversalRunnable.run:10885 android.view.Choreographer$CallbackRecord.run:1301 android.view.Choreographer$CallbackRecord.run:1309 android.view.Choreographer.doCallbacks:923 android.view.Choreographer.doFrame:852 android.view.Choreographer$FrameDisplayEventReceiver.run:1283
09-23 23:04:07.564  1602  1659 I BLASTBufferQueue: update, w= 1080 h= 2400 mName = ViewRootImpl@581f732[dogglers] mNativeObject= 0xb400007dbe3225d0 sc.mNativeObject= 0xb400007d4e4f8cd0 format= -3 caller= android.graphics.BLASTBufferQueue.<init>:84 android.view.ViewRootImpl.updateBlastSurfaceIfNeeded:2909 android.view.ViewRootImpl.relayoutWindow:9847 android.view.ViewRootImpl.performTraversals:3884 android.view.ViewRootImpl.doTraversal:3116 android.view.ViewRootImpl$TraversalRunnable.run:10885
09-23 23:04:07.565  1602  1659 I ViewRootImpl@581f732[dogglers]: Relayout returned: old=(0,0,1080,2400) new=(0,0,1080,2400) req=(1080,2400)0 dur=10 res=0x3 s={true 0xb400007e4e5b5b10} ch=true seqId=0
09-23 23:04:07.566  1602  1659 I ViewRootImpl@581f732[dogglers]: mThreadedRenderer.initialize() mSurface={isValid=true 0xb400007e4e5b5b10} hwInitialized=true
09-23 23:04:07.566  1186  2620 I MediaSessionMonitor: Media session stopped : controllerList empty
09-23 23:04:07.566   871  1063 I SurfaceFlinger: id=38722 createSurf flag=80004, ActivityRecord{771571e u0 com.example.dogglers/.MainActivity} t7703}#38722
09-23 23:04:07.567  1602  1661 D OpenGLRenderer: eglCreateWindowSurface
09-23 23:04:07.569  2633  2633 E pageboostd: Received HALT command code 2
09-23 23:04:07.570 20383 20383 D LifecycleMonitor: Lifecycle status change: androidx.test.core.app.InstrumentationActivityInvoker$BootstrapActivity@798ed10 in: RESUMED
09-23 23:04:07.570 20383 20383 V ActivityScenario: Activity lifecycle changed event received but ignored because the intent does not match. startActivityIntent=Intent { act=android.intent.action.MAIN cat=[android.intent.category.LAUNCHER] cmp=com.example.dogglers/.MainActivity }, activity.getIntent()=Intent { act=android.intent.action.MAIN cat=[android.intent.category.LAUNCHER] flg=0x10008000 cmp=com.example.dogglers/androidx.test.core.app.InstrumentationActivityInvoker$BootstrapActivity (has extras) }, activity=androidx.test.core.app.InstrumentationActivityInvoker$BootstrapActivity@798ed10
09-23 23:04:07.571  1602  1659 I ViewRootImpl@581f732[dogglers]: reportNextDraw android.view.ViewRootImpl.performTraversals:4438 android.view.ViewRootImpl.doTraversal:3116 android.view.ViewRootImpl$TraversalRunnable.run:10885 android.view.Choreographer$CallbackRecord.run:1301 android.view.Choreographer$CallbackRecord.run:1309
09-23 23:04:07.571  1602  1659 I ViewRootImpl@581f732[dogglers]: Setup new sync id=0
09-23 23:04:07.571  1602  1659 I ViewRootImpl@581f732[dogglers]: Setting syncFrameCallback
09-23 23:04:07.571  1602  1659 I ViewRootImpl@581f732[dogglers]: registerCallbacksForSync syncBuffer=false
09-23 23:04:07.572 20383 20383 D LifecycleMonitor: Lifecycle status change: androidx.test.core.app.InstrumentationActivityInvoker$BootstrapActivity@798ed10 in: PAUSED
09-23 23:04:07.572 20383 20383 V ActivityScenario: Activity lifecycle changed event received but ignored because the intent does not match. startActivityIntent=Intent { act=android.intent.action.MAIN cat=[android.intent.category.LAUNCHER] cmp=com.example.dogglers/.MainActivity }, activity.getIntent()=Intent { act=android.intent.action.MAIN cat=[android.intent.category.LAUNCHER] flg=0x10008000 cmp=com.example.dogglers/androidx.test.core.app.InstrumentationActivityInvoker$BootstrapActivity (has extras) }, activity=androidx.test.core.app.InstrumentationActivityInvoker$BootstrapActivity@798ed10
09-23 23:04:07.576  1186  1745 D InputDispatcher: Focused application(0): ActivityRecord{771571e u0 com.example.dogglers/.MainActivity} t7703}
09-23 23:04:07.579  1602  1686 I ViewRootImpl@581f732[dogglers]: Received frameDrawingCallback syncResult=0 frameNum=1.
09-23 23:04:07.579  1602  1686 I ViewRootImpl@581f732[dogglers]: Setting up sync and frameCommitCallback
09-23 23:04:07.580  1186  1232 D PersonaActivityHelper: Activity not in resumed state, do not run immediate lock
09-23 23:04:07.583  1602  1661 I BLASTBufferQueue: [ViewRootImpl@581f732[dogglers]#2259](f:0,a:0) onFrameAvailable the first frame is available
09-23 23:04:07.584  1602  1661 I ViewRootImpl@581f732[dogglers]: Received frameCommittedCallback lastAttemptedDrawFrameNum=1 didProduceBuffer=true
09-23 23:04:07.587  1602  1661 D OpenGLRenderer: CFMS:: SetUp Pid : 1602    Tid : 1661
09-23 23:04:07.587  1602  1661 W Parcel  : Expecting binder but got null!
09-23 23:04:07.588  1602  1659 I ViewRootImpl@581f732[dogglers]: onSyncComplete
09-23 23:04:07.588  1186  1232 D EnterpriseDeviceManagerService: isMdmAdminPresentInternal() : MDM Admin Found - com.samsung.knox.securefolder
09-23 23:04:07.588  1602  1659 I ViewRootImpl@581f732[dogglers]: setupSync seqId=0 mSyncId=0 fn=1 caller=android.view.ViewRootImpl$$ExternalSyntheticLambda11.accept:6 android.window.SurfaceSyncer.lambda$setupSync$1$android-window-SurfaceSyncer:128 android.window.SurfaceSyncer$$ExternalSyntheticLambda1.accept:8 android.window.SurfaceSyncer$SyncSet.checkIfSyncIsComplete:382 android.window.SurfaceSyncer$SyncSet.markSyncReady:359 android.window.SurfaceSyncer.markSyncReady:151 android.view.ViewRootImpl.performTraversals:4503
09-23 23:04:07.589  1602  1659 I ViewRootImpl@581f732[dogglers]: reportDrawFinished seqId=0 mSyncId=-1 fn=1 mSurfaceChangedTransaction=0xb400007d7e3f5ed0
09-23 23:04:07.592  1186  2620 I MediaSessionMonitor: Media session stopped : controllerList empty
09-23 23:04:07.593 20383 20383 D LifecycleMonitor: Lifecycle status change: com.example.dogglers.MainActivity@49524d4 in: PRE_ON_CREATE
09-23 23:04:07.594 20383 20383 V ActivityScenario: Activity lifecycle changed event received but ignored because the reported transition was not ON_CREATE while the last known transition was PRE_ON_CREATE
09-23 23:04:07.615  2080  2331 I AppIconSolution: load= live icon for com.sec.android.app.clockpackage, from overlay = false
09-23 23:04:07.616  2080  2331 I LauncherActivityInfo: packageName: com.sec.android.app.clockpackage, useThemeIcon: false, height: 288, width: 288, density: 640
09-23 23:04:07.626  2080  2331 I LauncherActivityInfo: Trying to load live icon for com.samsung.android.calendar
09-23 23:04:07.631  2080  2331 I LiveIconLoader: [Calendar] LiveIcon - stdIconSize : 135 , targetIconSize : 163
09-23 23:04:07.631  2080  2331 I LiveIconLoader: [Calendar] LiveIcon - sIconDpi : 640 , targetIconDpi : 450
09-23 23:04:07.633  2080  2331 W LiveIconLoader: System font not found, reverting to Roboto.
09-23 23:04:07.636 20383 20383 I DecorView: [INFO] isPopOver=false config=true
09-23 23:04:07.636 20383 20383 I DecorView: updateCaptionType: isFloating=false isApplication=true hasWindowDecorCaption=false this=DecorView@8f777da[]
09-23 23:04:07.636 20383 20383 D DecorView: setCaptionType = 0, this = DecorView@8f777da[]
09-23 23:04:07.639 20383 20383 I DecorView: getCurrentDensityDpi: from real metrics. densityDpi=450 msg=resources_loaded
09-23 23:04:07.640 20383 20383 I DecorView: setWindowBackground: isPopOver=false color=ff121212 d=android.graphics.drawable.ColorDrawable@b6962e8
09-23 23:04:07.642 28768 28768 I ResourceOverlayService_0: waitAndQuit called
09-23 23:04:07.643 28768 28768 I ResourceOverlayService_0: activity user id 0 process id 0
09-23 23:04:07.654  2080  2331 I LiveIconLoader: [Calendar] getLiveIcon - Date: 23
09-23 23:04:07.656  2080  2331 I AppIconSolution: load= live icon for com.samsung.android.calendar, from overlay = false
09-23 23:04:07.656  2080  2331 I LauncherActivityInfo: packageName: com.samsung.android.calendar, useThemeIcon: false, height: 385, width: 385, density: 640
09-23 23:04:07.661 20383 20383 D LifecycleMonitor: Lifecycle status change: com.example.dogglers.MainActivity@49524d4 in: CREATED
09-23 23:04:07.662 20383 20383 V ActivityScenario: Update currentActivityStage to CREATED, currentActivity=com.example.dogglers.MainActivity@49524d4
09-23 23:04:07.666 20383 20383 D LifecycleMonitor: Lifecycle status change: com.example.dogglers.MainActivity@49524d4 in: STARTED
09-23 23:04:07.667 20383 20383 V ActivityScenario: Update currentActivityStage to STARTED, currentActivity=com.example.dogglers.MainActivity@49524d4
09-23 23:04:07.667  1186  1534 D NetdEventListenerService: DNS Requested by : 136, 1000
09-23 23:04:07.668  2080  2331 I AppInfo : set ComponentInfo{com.whatsapp/com.whatsapp.Main} app progress level to 100
09-23 23:04:07.669  1186  1509 D TrafficStats: tagSocket(976) with statsTag=0xffffffff, statsUid=-1
09-23 23:04:07.669  2080  2331 I AppInfo : set ComponentInfo{com.example.dogglers/com.example.dogglers.MainActivity} app progress level to 100
09-23 23:04:07.669 20383 20383 D LifecycleMonitor: Lifecycle status change: com.example.dogglers.MainActivity@49524d4 in: RESUMED
09-23 23:04:07.670 20383 20383 V ActivityScenario: Update currentActivityStage to RESUMED, currentActivity=com.example.dogglers.MainActivity@49524d4
09-23 23:04:07.671  2080  2331 I AppInfo : set ComponentInfo{com.snapchat.android/com.snapchat.android.LandingPageActivity} app progress level to 100
09-23 23:04:07.672 20383 20383 I MSHandlerLifeCycle: check: return. pkg=com.example.dogglers parent=null callers=com.android.internal.policy.DecorView.setVisibility:4416 android.app.ActivityThread.handleResumeActivity:5476 android.app.servertransaction.ResumeActivityItem.execute:54 android.app.servertransaction.ActivityTransactionItem.execute:45 android.app.servertransaction.TransactionExecutor.executeLifecycleState:176
09-23 23:04:07.672 20383 20383 I MSHandlerLifeCycle: removeMultiSplitHandler: no exist. decor=DecorView@8f777da[]
09-23 23:04:07.673  2080  2331 I AppInfo : set ComponentInfo{com.spotify.music/com.spotify.music.MainActivity} app progress level to 100
09-23 23:04:07.674  2080  2331 I AppInfo : set ComponentInfo{com.sec.android.gallery3d/com.samsung.android.gallery.app.activity.GalleryActivity} app progress level to 100
09-23 23:04:07.676  2080  2331 I AppInfo : set ComponentInfo{com.android.chrome/com.google.android.apps.chrome.Main} app progress level to 100
09-23 23:04:07.677  2080  2331 I AppInfo : set ComponentInfo{com.activision.callofduty.shooter/com.tencent.tmgp.cod.CODMPrivatePermissionActivity} app progress level to 100
09-23 23:04:07.677 20383 20417 D NativeCustomFrequencyManager: [NativeCFMS] BpCustomFrequencyManager::BpCustomFrequencyManager()
09-23 23:04:07.678  2080  2331 I AppInfo : set ComponentInfo{com.google.android.youtube/com.google.android.youtube.app.honeycomb.Shell$HomeActivity} app progress level to 100
09-23 23:04:07.680  2080 32290 I RecentModel: onTaskStackChangedBackground
09-23 23:04:07.680  2080  2331 I AppInfo : set ComponentInfo{com.ss.android.ugc.trill/com.ss.android.ugc.aweme.splash.SplashActivity} app progress level to 100
09-23 23:04:07.680  1186  2162 D InputTransport: Input channel constructed: 'caae085', fd=989
09-23 23:04:07.680  1186  2162 D InputTransport: Input channel constructed: 'caae085', fd=991
09-23 23:04:07.680  1186  2162 D InputTransport: Input channel constructed: 'caae085', fd=993
09-23 23:04:07.680 19252 19252 I BSS_SysUiManager: handleMessage = 9, 1, 0
09-23 23:04:07.681   871  1063 I SurfaceFlinger: id=38723 createSurf flag=80004, caae085 com.example.dogglers/com.example.dogglers.MainActivity#38723
09-23 23:04:07.682  1186  2162 D InputTransport: Input channel destroyed: 'caae085', fd=993
09-23 23:04:07.684 20383 20383 D InsetsController: onStateChanged: InsetsState: {mDisplayFrame=Rect(0, 0 - 1080, 2400), mDisplayCutout=DisplayCutout{insets=Rect(0, 80 - 0, 0) waterfall=Insets{left=0, top=0, right=0, bottom=0} boundingRect={Bounds=[Rect(0, 0 - 0, 0), Rect(468, 0 - 612, 80), Rect(0, 0 - 0, 0), Rect(0, 0 - 0, 0)]} cutoutPathParserInfo={CutoutPathParserInfo{displayWidth=1080 displayHeight=2400 physicalDisplayWidth=1080 physicalDisplayHeight=2400 density={2.8125} cutoutSpec={M 0,0 H -25.6 V 28.44444444444444 H 25.6 V 0 H 0 Z @dp} rotation={0} scale={1.0} physicalPixelDisplaySizeRatio={1.0}}}}, mRoundedCorners=RoundedCorners{[RoundedCorner{position=TopLeft, radius=90, center=Point(90, 90)}, RoundedCorner{position=TopRight, radius=90, center=Point(990, 90)}, RoundedCorner{position=BottomRight, radius=90, center=Point(990, 2310)}, RoundedCorner{position=BottomLeft, radius=90, center=Point(90, 2310)}]}  mRoundedCornerFrame=Rect(0, 0 - 1080, 2400), mPrivacyIndicatorBounds=PrivacyIndicatorBounds {static bounds=Rect(956, 0 - 1080, 80) rotation=0}, mSources= { InsetsSource: {mType=ITYPE_STATUS_BAR, mFrame=[0,0][1080,80], mVisible=true, mInsetsRoundedCornerFrame=false}, InsetsSource: {mType=ITYPE_NAVIGATION_BAR, mFrame=[0,2400][1080,2400], mVisible=false, mInsetsRoundedCornerFrame=false}, InsetsSource: {mType=ITYPE_LEFT_GESTURES, mFrame=[0,0][67,2400], mVisible=true, mInsetsRoundedCornerFrame=false}, InsetsSource: {mType=ITYPE_RIGHT_GESTURES, mFrame=[1013,0][1080,2400], mVisible=true, mInsetsRoundedCornerFrame=false}, InsetsSource: {mType=ITYPE_TOP_MANDATORY_GESTURES, mFrame=[0,0][1080,114], mVisible=true, mInsetsRoundedCornerFrame=false}, InsetsSource: {mType=ITYPE_BOTTOM_MANDATORY_GESTURES, mFrame=[0,2344][1080,2400], mVisible=true, mInsetsRoundedCornerFrame=false}, InsetsSource: {mType=ITYPE_LEFT_DISPLAY_CUTOUT, mFrame=[0,0][-100000,2400], mVisible=true, mInsetsRoundedCornerFrame=false}, InsetsSource: {mType=ITYPE_TOP_DISPLAY_CUTOUT, mFrame=[0,0][1080,80], mVisible=true, mInsetsRoundedCornerFrame=false}, InsetsSource: {mType=ITYPE_RIGHT_DISPLAY_CUTOUT, mFrame=[100000,0][1080,2400], mVisible=true, mInsetsRoundedCornerFrame=false}, InsetsSource: {mType=ITYPE_BOTTOM_DISPLAY_CUTOUT, mFrame=[0,100000][1080,2400], mVisible=true, mInsetsRoundedCornerFrame=false}, InsetsSource: {mType=ITYPE_TOP_TAPPABLE_ELEMENT, mFrame=[0,0][1080,80], mVisible=true, mInsetsRoundedCornerFrame=false}, InsetsSource: {mType=ITYPE_BOTTOM_TAPPABLE_ELEMENT, mFrame=[0,0][0,0], mVisible=true, mInsetsRoundedCornerFrame=false}, InsetsSource: {mType=ITYPE_IME, mFrame=[0,0][0,0], mVisibleFrame=[0,1392][1080,2400], mVisible=false, mInsetsRoundedCornerFrame=false} } host=com.example.dogglers/com.example.dogglers.MainActivity from=android.view.ViewRootImpl.setView:1732
09-23 23:04:07.687 20383 20383 I ViewRootImpl@284a5fb[MainActivity]: setView = com.android.internal.policy.DecorView@8f777da TM=true
09-23 23:04:07.688 20383 20383 I MSHandlerLifeCycle: removeMultiSplitHandler: no exist. decor=DecorView@8f777da[MainActivity]
09-23 23:04:07.692 20383 20383 D LifecycleMonitor: Lifecycle status change: com.example.dogglers.MainActivity@49524d4 in: PAUSED
09-23 23:04:07.692 20383 20383 V ActivityScenario: Update currentActivityStage to PAUSED, currentActivity=com.example.dogglers.MainActivity@49524d4
09-23 23:04:07.693 20383 20396 I xample.dogglers: Compiler allocated 4177KB to compile void android.widget.TextView.<init>(android.content.Context, android.util.AttributeSet, int, int)
09-23 23:04:07.694 20383 20383 D LifecycleMonitor: Lifecycle status change: androidx.test.core.app.InstrumentationActivityInvoker$BootstrapActivity@798ed10 in: STOPPED
09-23 23:04:07.695 20383 20383 V ActivityScenario: Activity lifecycle changed event received but ignored because the intent does not match. startActivityIntent=Intent { act=android.intent.action.MAIN cat=[android.intent.category.LAUNCHER] cmp=com.example.dogglers/.MainActivity }, activity.getIntent()=Intent { act=android.intent.action.MAIN cat=[android.intent.category.LAUNCHER] flg=0x10008000 cmp=com.example.dogglers/androidx.test.core.app.InstrumentationActivityInvoker$BootstrapActivity (has extras) }, activity=androidx.test.core.app.InstrumentationActivityInvoker$BootstrapActivity@798ed10
09-23 23:04:07.712 20383 20383 I ViewRootImpl@284a5fb[MainActivity]: performTraversals params={(0,0)(fillxfill) sim={adjust=pan forwardNavigation} ty=BASE_APPLICATION wanim=0x1030309
09-23 23:04:07.712 20383 20383 I ViewRootImpl@284a5fb[MainActivity]:   fl=81810100
09-23 23:04:07.712 20383 20383 I ViewRootImpl@284a5fb[MainActivity]:   pfl=12020040
09-23 23:04:07.712 20383 20383 I ViewRootImpl@284a5fb[MainActivity]:   bhv=DEFAULT
09-23 23:04:07.712 20383 20383 I ViewRootImpl@284a5fb[MainActivity]:   fitSides= naviIconColor=0}
09-23 23:04:07.715 20383 20383 I ViewRootImpl@284a5fb[MainActivity]: performTraversals mFirst=true windowShouldResize=true viewVisibilityChanged=false mForceNextWindowRelayout=false params={(0,0)(fillxfill) sim={adjust=pan forwardNavigation} ty=BASE_APPLICATION wanim=0x1030309
09-23 23:04:07.715 20383 20383 I ViewRootImpl@284a5fb[MainActivity]:   fl=81810100
09-23 23:04:07.715 20383 20383 I ViewRootImpl@284a5fb[MainActivity]:   pfl=12020040
09-23 23:04:07.715 20383 20383 I ViewRootImpl@284a5fb[MainActivity]:   bhv=DEFAULT
09-23 23:04:07.715 20383 20383 I ViewRootImpl@284a5fb[MainActivity]:   fitSides= naviIconColor=0}
09-23 23:04:07.716  1186  2162 V WindowManager: Relayout Window{caae085 u0 com.example.dogglers/com.example.dogglers.MainActivity}: viewVisibility=0 req=1080x2400 d0
09-23 23:04:07.716   871  1063 I SurfaceFlinger: id=38724 createSurf flag=40004, com.example.dogglers/com.example.dogglers.MainActivity$_20383#38724
09-23 23:04:07.720  1186  2162 V WindowManager: Relayout hash=caae085, pid=20383, syncId=-1: mAttrs={(0,0)(fillxfill) sim={adjust=pan forwardNavigation} ty=BASE_APPLICATION wanim=0x1030309
09-23 23:04:07.720  1186  2162 V WindowManager:   fl=81810100
09-23 23:04:07.720  1186  2162 V WindowManager:   pfl=12020040
09-23 23:04:07.720  1186  2162 V WindowManager:   bhv=DEFAULT
09-23 23:04:07.720  1186  2162 V WindowManager:   fitSides= naviIconColor=0}
09-23 23:04:07.724 20383 20383 I ViewRootImpl@284a5fb[MainActivity]: updateBlastSurfaceIfNeeded mBlastBufferQueue=null isSameSurfaceControl=false
09-23 23:04:07.726 20383 20383 I BLASTBufferQueue: new BLASTBufferQueue, mName= ViewRootImpl@284a5fb[MainActivity] mNativeObject= 0xb400007dbe227950 sc.mNativeObject= 0xb400007d4e25b640 caller= android.view.ViewRootImpl.updateBlastSurfaceIfNeeded:2909 android.view.ViewRootImpl.relayoutWindow:9847 android.view.ViewRootImpl.performTraversals:3884 android.view.ViewRootImpl.doTraversal:3116 android.view.ViewRootImpl$TraversalRunnable.run:10885 android.view.Choreographer$CallbackRecord.run:1301 android.view.Choreographer$CallbackRecord.run:1309 android.view.Choreographer.doCallbacks:923 android.view.Choreographer.doFrame:852 android.view.Choreographer$FrameDisplayEventReceiver.run:1283
09-23 23:04:07.726 20383 20383 I BLASTBufferQueue: update, w= 1080 h= 2400 mName = ViewRootImpl@284a5fb[MainActivity] mNativeObject= 0xb400007dbe227950 sc.mNativeObject= 0xb400007d4e25b640 format= -1 caller= android.graphics.BLASTBufferQueue.<init>:84 android.view.ViewRootImpl.updateBlastSurfaceIfNeeded:2909 android.view.ViewRootImpl.relayoutWindow:9847 android.view.ViewRootImpl.performTraversals:3884 android.view.ViewRootImpl.doTraversal:3116 android.view.ViewRootImpl$TraversalRunnable.run:10885
09-23 23:04:07.728 20383 20383 I ViewRootImpl@284a5fb[MainActivity]: Relayout returned: old=(0,0,1080,2400) new=(0,0,1080,2400) req=(1080,2400)0 dur=9 res=0x3 s={true 0xb400007e4e2334b0} ch=true seqId=0
09-23 23:04:07.729 20383 20417 D OpenGLRenderer: eglCreateWindowSurface
09-23 23:04:07.730 20383 20383 I ViewRootImpl@284a5fb[MainActivity]: mThreadedRenderer.initialize() mSurface={isValid=true 0xb400007e4e2334b0} hwInitialized=true
09-23 23:04:07.734 20383 20383 I ViewRootImpl@284a5fb[MainActivity]: reportNextDraw android.view.ViewRootImpl.performTraversals:4438 android.view.ViewRootImpl.doTraversal:3116 android.view.ViewRootImpl$TraversalRunnable.run:10885 android.view.Choreographer$CallbackRecord.run:1301 android.view.Choreographer$CallbackRecord.run:1309
09-23 23:04:07.735 20383 20383 I ViewRootImpl@284a5fb[MainActivity]: Setup new sync id=0
09-23 23:04:07.735 20383 20383 I ViewRootImpl@284a5fb[MainActivity]: Setting syncFrameCallback
09-23 23:04:07.735 20383 20383 I ViewRootImpl@284a5fb[MainActivity]: registerCallbacksForSync syncBuffer=false
09-23 23:04:07.756 20383 20439 I ViewRootImpl@284a5fb[MainActivity]: Received frameDrawingCallback syncResult=0 frameNum=1.
09-23 23:04:07.756 20383 20439 I ViewRootImpl@284a5fb[MainActivity]: Setting up sync and frameCommitCallback
09-23 23:04:07.760 20383 20417 I BLASTBufferQueue: [ViewRootImpl@284a5fb[MainActivity]#6](f:0,a:0) onFrameAvailable the first frame is available
09-23 23:04:07.761 20383 20417 I ViewRootImpl@284a5fb[MainActivity]: Received frameCommittedCallback lastAttemptedDrawFrameNum=1 didProduceBuffer=true
09-23 23:04:07.761 20383 20417 D OpenGLRenderer: CFMS:: SetUp Pid : 20383    Tid : 20417
09-23 23:04:07.762 20383 20417 W Parcel  : Expecting binder but got null!
09-23 23:04:07.762 20383 20383 I ViewRootImpl@284a5fb[MainActivity]: onSyncComplete
09-23 23:04:07.763 20383 20383 I ViewRootImpl@284a5fb[MainActivity]: setupSync seqId=0 mSyncId=0 fn=1 caller=android.view.ViewRootImpl$$ExternalSyntheticLambda11.accept:6 android.window.SurfaceSyncer.lambda$setupSync$1$android-window-SurfaceSyncer:128 android.window.SurfaceSyncer$$ExternalSyntheticLambda1.accept:8 android.window.SurfaceSyncer$SyncSet.checkIfSyncIsComplete:382 android.window.SurfaceSyncer$SyncSet.markSyncReady:359 android.window.SurfaceSyncer.markSyncReady:151 android.view.ViewRootImpl.performTraversals:4503
09-23 23:04:07.764 20383 20383 I ViewRootImpl@284a5fb[MainActivity]: reportDrawFinished seqId=0 mSyncId=-1 fn=1 mSurfaceChangedTransaction=0xb400007d7e232bb0
09-23 23:04:07.766 20383 20383 I ViewRootImpl@284a5fb[MainActivity]: stopped(true) old = false
09-23 23:04:07.766 20383 20383 I ViewRootImpl@284a5fb[MainActivity]: WindowStopped on com.example.dogglers/com.example.dogglers.MainActivity set to true
09-23 23:04:07.768 20383 20383 D LifecycleMonitor: Lifecycle status change: com.example.dogglers.MainActivity@49524d4 in: STOPPED
09-23 23:04:07.768 20383 20383 V ActivityScenario: Update currentActivityStage to STOPPED, currentActivity=com.example.dogglers.MainActivity@49524d4
09-23 23:04:07.771 20383 20383 I MSHandlerLifeCycle: removeMultiSplitHandler: no exist. decor=DecorView@8f777da[MainActivity]
09-23 23:04:07.778 20383 20417 D OpenGLRenderer: setSurface called with nullptr
09-23 23:04:07.778 20383 20417 D OpenGLRenderer: setSurface() destroyed EGLSurface
09-23 23:04:07.778 20383 20417 D OpenGLRenderer: destroyEglSurface
09-23 23:04:07.783 20383 20383 I ViewRootImpl@284a5fb[MainActivity]: performTraversals mFirst=false windowShouldResize=false viewVisibilityChanged=true mForceNextWindowRelayout=false params=null
09-23 23:04:07.783  1186  1745 V WindowManager: Relayout Window{caae085 u0 com.example.dogglers/com.example.dogglers.MainActivity}: viewVisibility=4 req=1080x2400 d0
09-23 23:04:07.784  1186  1745 V WindowManager: Relayout hash=caae085, pid=20383, syncId=-1: mAttrs={(0,0)(fillxfill) sim={adjust=pan forwardNavigation} ty=BASE_APPLICATION wanim=0x1030309
09-23 23:04:07.784  1186  1745 V WindowManager:   fl=81810100
09-23 23:04:07.784  1186  1745 V WindowManager:   pfl=12020040
09-23 23:04:07.784  1186  1745 V WindowManager:   bhv=DEFAULT
09-23 23:04:07.784  1186  1745 V WindowManager:   fitSides= naviIconColor=0}
09-23 23:04:07.789 20383 20383 I ViewRootImpl@284a5fb[MainActivity]: Relayout returned: old=(0,0,1080,2400) new=(0,0,1080,2400) req=(1080,2400)4 dur=6 res=0x2 s={false 0x0} ch=false seqId=0
09-23 23:04:07.793 20383 20383 I ViewRootImpl@284a5fb[MainActivity]: handleAppVisibility mAppVisible = true visible = false
09-23 23:04:07.794 20383 20383 W RootViewPicker: No activity currently resumed - waiting: 10ms for one to appear.
09-23 23:04:07.794  1602  1661 D OpenGLRenderer: setSurface called with nullptr
09-23 23:04:07.794  1602  1661 D OpenGLRenderer: setSurface() destroyed EGLSurface
09-23 23:04:07.794  1602  1661 D OpenGLRenderer: destroyEglSurface
09-23 23:04:07.796   871   871 I Layer   : id=38724 removeFromCurrentState com.example.dogglers/com.example.dogglers.MainActivity$_20383#38724 (125)
09-23 23:04:07.796   871   871 I SurfaceFlinger: id=38724 Removed com.example.dogglers/com.example.dogglers.MainActivity$_20383#38724 (125)
09-23 23:04:07.797   871   871 I Layer   : id=38724 Destroyed com.example.dogglers/com.example.dogglers.MainActivity$_20383#38724
09-23 23:04:07.800  1602  1659 I ViewRootImpl@581f732[dogglers]: performTraversals params={(0,0)(fillxfill) sim={adjust=pan} ty=APPLICATION_STARTING fmt=TRANSLUCENT wanim=0x1030001 alpha=0.0
09-23 23:04:07.800  1602  1659 I ViewRootImpl@581f732[dogglers]:   fl=81030118
09-23 23:04:07.800  1602  1659 I ViewRootImpl@581f732[dogglers]:   pfl=16000010
09-23 23:04:07.800  1602  1659 I ViewRootImpl@581f732[dogglers]:   bhv=DEFAULT
09-23 23:04:07.800  1602  1659 I ViewRootImpl@581f732[dogglers]:   fitSides= naviIconColor=0}
09-23 23:04:07.801  1602  1659 I ViewRootImpl@581f732[dogglers]: performTraversals mFirst=false windowShouldResize=false viewVisibilityChanged=true mForceNextWindowRelayout=false params={(0,0)(fillxfill) sim={adjust=pan} ty=APPLICATION_STARTING fmt=TRANSLUCENT wanim=0x1030001 alpha=0.0
09-23 23:04:07.801  1602  1659 I ViewRootImpl@581f732[dogglers]:   fl=81030118
09-23 23:04:07.801  1602  1659 I ViewRootImpl@581f732[dogglers]:   pfl=16000010
09-23 23:04:07.801  1602  1659 I ViewRootImpl@581f732[dogglers]:   bhv=DEFAULT
09-23 23:04:07.801  1602  1659 I ViewRootImpl@581f732[dogglers]:   fitSides= naviIconColor=0}
09-23 23:04:07.802  1186  1745 V WindowManager: Relayout Window{8756cb3 u0 Splash Screen com.example.dogglers}: viewVisibility=8 req=1080x2400 d0
09-23 23:04:07.803  1186  1745 V WindowManager: Relayout hash=8756cb3, pid=1602, syncId=-1: mAttrs={(0,0)(fillxfill) sim={adjust=pan} ty=APPLICATION_STARTING fmt=TRANSLUCENT wanim=0x1030001 alpha=0.0
09-23 23:04:07.803  1186  1745 V WindowManager:   fl=81030118
09-23 23:04:07.803  1186  1745 V WindowManager:   pfl=16000010
09-23 23:04:07.803  1186  1745 V WindowManager:   bhv=DEFAULT
09-23 23:04:07.803  1186  1745 V WindowManager:   fitSides= naviIconColor=0}
09-23 23:04:07.805 20383 20383 W RootViewPicker: No activity currently resumed - waiting: 50ms for one to appear.
09-23 23:04:07.806  1602  1659 I ViewRootImpl@581f732[dogglers]: Relayout returned: old=(0,0,1080,2400) new=(0,0,1080,2400) req=(1080,2400)8 dur=3 res=0x2 s={false 0x0} ch=true seqId=0
09-23 23:04:07.806  1602  1659 I ViewRootImpl@581f732[dogglers]: dispatchDetachedFromWindow
09-23 23:04:07.806  1186  1745 D InputTransport: Input channel destroyed: '8756cb3', fd=940
09-23 23:04:07.806  1186  1745 W InputManager-JNI: Input channel object '8756cb3 Splash Screen com.example.dogglers (client)' was disposed without first being removed with the input manager!
09-23 23:04:07.806  1186  1745 D InputTransport: Input channel destroyed: '8756cb3', fd=962
09-23 23:04:07.807   871   871 I Layer   : id=38721 removeFromCurrentState Splash Screen com.example.dogglers$_1602#38721 (124)
09-23 23:04:07.808   871   871 I SurfaceFlinger: id=38721 Removed Splash Screen com.example.dogglers$_1602#38721 (124)
09-23 23:04:07.808   871   871 I Layer   : id=38721 Destroyed Splash Screen com.example.dogglers$_1602#38721
09-23 23:04:07.810  1602  1659 D InputTransport: Input channel destroyed: '8756cb3', fd=213
09-23 23:04:07.818   871   871 I Layer   : id=38720 removeFromCurrentState 8756cb3 Splash Screen com.example.dogglers#38720 (123)
09-23 23:04:07.819   871   871 I SurfaceFlinger: id=38720 Removed 8756cb3 Splash Screen com.example.dogglers#38720 (123)
09-23 23:04:07.819   871   871 I Layer   : id=38720 Destroyed 8756cb3 Splash Screen com.example.dogglers#38720
09-23 23:04:07.856 20383 20383 W RootViewPicker: No activity currently resumed - waiting: 100ms for one to appear.
09-23 23:04:07.917 22590 22590 I dnca    : onPause
09-23 23:04:07.917 22590 22590 I dnca    : onStop
09-23 23:04:07.958 20383 20383 W RootViewPicker: No activity currently resumed - waiting: 500ms for one to appear.
09-23 23:04:08.155  1602  1602 D SecPowerUI.Notification: showChargingNotice oldChargingType : 11 / currentChargingType : 11, oldChargingTime : 3883000 / mChargingTime : 3883000
09-23 23:04:08.155  1602  1602 D SecPowerUI.Notification: There is no change about charging status, so return!
09-23 23:04:08.185  1186  1509 W SemWifiTransportLayerUtils: getApplicationCategory - IOException com.example.dogglers
09-23 23:04:08.185  1186  1509 W System.err: java.io.FileNotFoundException: https://play.google.com/store/apps/details?id=com.example.dogglers&hl=en
09-23 23:04:08.185  1186  1509 W System.err: 	at com.android.okhttp.internal.huc.HttpURLConnectionImpl.getInputStream(HttpURLConnectionImpl.java:255)
09-23 23:04:08.186  1186  1509 W System.err: 	at com.android.okhttp.internal.huc.DelegatingHttpsURLConnection.getInputStream(DelegatingHttpsURLConnection.java:211)
09-23 23:04:08.186  1186  1509 W System.err: 	at com.android.okhttp.internal.huc.HttpsURLConnectionImpl.getInputStream(HttpsURLConnectionImpl.java:30)
09-23 23:04:08.186  1186  1509 W System.err: 	at com.samsung.android.server.wifi.tcp.SemWifiTransportLayerUtils.getApplicationCategory(SemWifiTransportLayerUtils.java:104)
09-23 23:04:08.186  1186  1509 W System.err: 	at com.samsung.android.server.wifi.tcp.SemWifiTransportLayerMonitor$TcpMonitorHandler.handleMessage(SemWifiTransportLayerMonitor.java:244)
09-23 23:04:08.186  1186  1509 W System.err: 	at android.os.Handler.dispatchMessage(Handler.java:106)
09-23 23:04:08.186  1186  1509 W System.err: 	at android.os.Looper.loopOnce(Looper.java:226)
09-23 23:04:08.186  1186  1509 W System.err: 	at android.os.Looper.loop(Looper.java:313)
09-23 23:04:08.186  1186  1509 W System.err: 	at android.os.HandlerThread.run(HandlerThread.java:67)
09-23 23:04:08.186  1186  1509 D SemWifiPackageInfo: isSkipCategory - skip:FAILED
09-23 23:04:08.187  1186  1509 D SemWifiTransportLayerMonitor.TcpMonitorHandler: MSG_SAVE_PACKAGE_INFO
09-23 23:04:08.187  1186  1509 D SemWifiTransportLayerFileManager: saveWifiPackageInfoToFile
09-23 23:04:08.187  1186  1509 D SemWifiTransportLayerFileManager: writeWifiPackageInfoList
09-23 23:04:08.213  1033  1530 I bauth_FPBAuthService: pcf : 0x1012, 0 ,1 ,0 ,0 ,0 ,0, 7.0.0.0
09-23 23:04:08.213  1033  1530 I bauth_FPBAuthService: thread id : 1, preenroll_flag : 0, nd cnt : 0, cso : 0, et : 0
09-23 23:04:08.213  1033  1530 I bauth_FPBAuthService: FPBAuthService, 11416
09-23 23:04:08.327   871  2487 D NativeSemDvfsManager: acquire:: timeout = 2000 mIsAcquired = 1  mTagName : SurfaceFlinger
09-23 23:04:08.327   871  2487 E NativeCustomFrequencyManager: [NativeCFMS] BpCustomFrequencyManager::acquire()
09-23 23:04:08.328   795   875 I HYPER-HAL: [RequestManager.cpp]acquire(): Acquired ID : 1752256  [871 / 1000]    HINT : SF_GPU_MINLOCK    list : [TIMEOUT / 2000]
09-23 23:04:08.458 20383 20383 W RootViewPicker: No activity currently resumed - waiting: 2000ms for one to appear.
09-23 23:04:08.469  2080  2334 I QuickstepModelDelegate: Widget predictions updated
09-23 23:04:08.644 28768 28768 I ResourceOverlayService_0: waitAndQuit called
09-23 23:04:08.645 28768 28768 I ResourceOverlayService_0: activity user id 0 process id 0
