09-23 23:04:40.576   795   875 I HYPER-HAL: [RequestManager.cpp]acquire(): Acquired ID : 724223  [1186 / 17]    HINT : AMS_APP_LAUNCH    list :
09-23 23:04:40.579  4177  4177 I SemDvfsHyPerManager: acquire hyper - APP_START/4177@18, type = -999
09-23 23:04:40.583   795   875 I HYPER-HAL: [RequestManager.cpp]acquire(): Acquired ID : 8801128  [4177 / 18]    HINT : APP_START    list :
09-23 23:04:40.587 20383 20383 D LifecycleMonitor: Lifecycle status change: androidx.test.core.app.InstrumentationActivityInvoker$EmptyActivity@b39aade in: PRE_ON_CREATE
09-23 23:04:40.588 20383 20383 V ActivityScenario: Activity lifecycle changed event received but ignored because the intent does not match. startActivityIntent=Intent { act=android.intent.action.MAIN cat=[android.intent.category.LAUNCHER] cmp=com.example.dogglers/.MainActivity }, activity.getIntent()=Intent { act=android.intent.action.MAIN cat=[android.intent.category.LAUNCHER] flg=0x10000000 cmp=com.example.dogglers/androidx.test.core.app.InstrumentationActivityInvoker$EmptyActivity }, activity=androidx.test.core.app.InstrumentationActivityInvoker$EmptyActivity@b39aade
09-23 23:04:40.591  1186  1232 D EnterpriseDeviceManagerService: isMdmAdminPresentInternal() : MDM Admin Found - com.samsung.knox.securefolder
09-23 23:04:40.594  1186  2620 I MediaSessionMonitor: Media session stopped : controllerList empty
09-23 23:04:40.597 20383 20383 I DecorView: [INFO] isPopOver=false config=true
09-23 23:04:40.597 20383 20383 I DecorView: updateCaptionType: isFloating=false isApplication=true hasWindowDecorCaption=false this=DecorView@eaafed5[]
09-23 23:04:40.597 20383 20383 D DecorView: setCaptionType = 0, this = DecorView@eaafed5[]
09-23 23:04:40.600 20383 20383 I DecorView: getCurrentDensityDpi: from real metrics. densityDpi=450 msg=resources_loaded
09-23 23:04:40.600 20383 20383 I DecorView: setWindowBackground: isPopOver=false color=ff010101 d=android.graphics.drawable.StateListDrawable@63196ea
09-23 23:04:40.600 20383 20383 D LifecycleMonitor: Lifecycle status change: androidx.test.core.app.InstrumentationActivityInvoker$EmptyActivity@b39aade in: CREATED
09-23 23:04:40.601 20383 20383 V ActivityScenario: Activity lifecycle changed event received but ignored because the intent does not match. startActivityIntent=Intent { act=android.intent.action.MAIN cat=[android.intent.category.LAUNCHER] cmp=com.example.dogglers/.MainActivity }, activity.getIntent()=Intent { act=android.intent.action.MAIN cat=[android.intent.category.LAUNCHER] flg=0x10000000 cmp=com.example.dogglers/androidx.test.core.app.InstrumentationActivityInvoker$EmptyActivity }, activity=androidx.test.core.app.InstrumentationActivityInvoker$EmptyActivity@b39aade
09-23 23:04:40.602 20383 20383 D LifecycleMonitor: Lifecycle status change: androidx.test.core.app.InstrumentationActivityInvoker$EmptyActivity@b39aade in: STARTED
09-23 23:04:40.602 20383 20383 V ActivityScenario: Activity lifecycle changed event received but ignored because the intent does not match. startActivityIntent=Intent { act=android.intent.action.MAIN cat=[android.intent.category.LAUNCHER] cmp=com.example.dogglers/.MainActivity }, activity.getIntent()=Intent { act=android.intent.action.MAIN cat=[android.intent.category.LAUNCHER] flg=0x10000000 cmp=com.example.dogglers/androidx.test.core.app.InstrumentationActivityInvoker$EmptyActivity }, activity=androidx.test.core.app.InstrumentationActivityInvoker$EmptyActivity@b39aade
09-23 23:04:40.603 20383 20383 D LifecycleMonitor: Lifecycle status change: androidx.test.core.app.InstrumentationActivityInvoker$EmptyActivity@b39aade in: RESUMED
09-23 23:04:40.604 20383 20383 V ActivityScenario: Activity lifecycle changed event received but ignored because the intent does not match. startActivityIntent=Intent { act=android.intent.action.MAIN cat=[android.intent.category.LAUNCHER] cmp=com.example.dogglers/.MainActivity }, activity.getIntent()=Intent { act=android.intent.action.MAIN cat=[android.intent.category.LAUNCHER] flg=0x10000000 cmp=com.example.dogglers/androidx.test.core.app.InstrumentationActivityInvoker$EmptyActivity }, activity=androidx.test.core.app.InstrumentationActivityInvoker$EmptyActivity@b39aade
09-23 23:04:40.604 20383 20383 I MSHandlerLifeCycle: check: return. pkg=com.example.dogglers parent=null callers=com.android.internal.policy.DecorView.setVisibility:4416 android.app.ActivityThread.handleResumeActivity:5476 android.app.servertransaction.ResumeActivityItem.execute:54 android.app.servertransaction.ActivityTransactionItem.execute:45 android.app.servertransaction.TransactionExecutor.executeLifecycleState:176
09-23 23:04:40.604 20383 20383 I MSHandlerLifeCycle: removeMultiSplitHandler: no exist. decor=DecorView@eaafed5[]
09-23 23:04:40.607 20383 20417 D NativeCustomFrequencyManager: [NativeCFMS] BpCustomFrequencyManager::BpCustomFrequencyManager()
09-23 23:04:40.608  1186  1745 D InputTransport: Input channel constructed: '97415c1', fd=999
09-23 23:04:40.608  1186  1745 D InputTransport: Input channel constructed: '97415c1', fd=1007
09-23 23:04:40.608  1186  1745 D InputTransport: Input channel constructed: '97415c1', fd=1010
09-23 23:04:40.609   871   917 I SurfaceFlinger: id=38726 createSurf flag=80004, 97415c1 com.example.dogglers/androidx.test.core.app.InstrumentationActivityInvoker$EmptyActivity#38726
09-23 23:04:40.610  1186  1745 D InputTransport: Input channel destroyed: '97415c1', fd=1010
09-23 23:04:40.611 20383 20383 D InsetsController: onStateChanged: InsetsState: {mDisplayFrame=Rect(0, 0 - 1080, 2400), mDisplayCutout=DisplayCutout{insets=Rect(0, 80 - 0, 0) waterfall=Insets{left=0, top=0, right=0, bottom=0} boundingRect={Bounds=[Rect(0, 0 - 0, 0), Rect(468, 0 - 612, 80), Rect(0, 0 - 0, 0), Rect(0, 0 - 0, 0)]} cutoutPathParserInfo={CutoutPathParserInfo{displayWidth=1080 displayHeight=2400 physicalDisplayWidth=1080 physicalDisplayHeight=2400 density={2.8125} cutoutSpec={M 0,0 H -25.6 V 28.44444444444444 H 25.6 V 0 H 0 Z @dp} rotation={0} scale={1.0} physicalPixelDisplaySizeRatio={1.0}}}}, mRoundedCorners=RoundedCorners{[RoundedCorner{position=TopLeft, radius=90, center=Point(90, 90)}, RoundedCorner{position=TopRight, radius=90, center=Point(990, 90)}, RoundedCorner{position=BottomRight, radius=90, center=Point(990, 2310)}, RoundedCorner{position=BottomLeft, radius=90, center=Point(90, 2310)}]}  mRoundedCornerFrame=Rect(0, 0 - 1080, 2400), mPrivacyIndicatorBounds=PrivacyIndicatorBounds {static bounds=Rect(956, 0 - 1080, 80) rotation=0}, mSources= { InsetsSource: {mType=ITYPE_STATUS_BAR, mFrame=[0,0][1080,80], mVisible=true, mInsetsRoundedCornerFrame=false}, InsetsSource: {mType=ITYPE_NAVIGATION_BAR, mFrame=[0,2400][1080,2400], mVisible=false, mInsetsRoundedCornerFrame=false}, InsetsSource: {mType=ITYPE_LEFT_GESTURES, mFrame=[0,0][67,2400], mVisible=true, mInsetsRoundedCornerFrame=false}, InsetsSource: {mType=ITYPE_RIGHT_GESTURES, mFrame=[1013,0][1080,2400], mVisible=true, mInsetsRoundedCornerFrame=false}, InsetsSource: {mType=ITYPE_TOP_MANDATORY_GESTURES, mFrame=[0,0][1080,114], mVisible=true, mInsetsRoundedCornerFrame=false}, InsetsSource: {mType=ITYPE_BOTTOM_MANDATORY_GESTURES, mFrame=[0,2344][1080,2400], mVisible=true, mInsetsRoundedCornerFrame=false}, InsetsSource: {mType=ITYPE_LEFT_DISPLAY_CUTOUT, mFrame=[0,0][-100000,2400], mVisible=true, mInsetsRoundedCornerFrame=false}, InsetsSource: {mType=ITYPE_TOP_DISPLAY_CUTOUT, mFrame=[0,0][1080,80], mVisible=true, mInsetsRoundedCornerFrame=false}, InsetsSource: {mType=ITYPE_RIGHT_DISPLAY_CUTOUT, mFrame=[100000,0][1080,2400], mVisible=true, mInsetsRoundedCornerFrame=false}, InsetsSource: {mType=ITYPE_BOTTOM_DISPLAY_CUTOUT, mFrame=[0,100000][1080,2400], mVisible=true, mInsetsRoundedCornerFrame=false}, InsetsSource: {mType=ITYPE_TOP_TAPPABLE_ELEMENT, mFrame=[0,0][1080,80], mVisible=true, mInsetsRoundedCornerFrame=false}, InsetsSource: {mType=ITYPE_BOTTOM_TAPPABLE_ELEMENT, mFrame=[0,0][0,0], mVisible=true, mInsetsRoundedCornerFrame=false}, InsetsSource: {mType=ITYPE_IME, mFrame=[0,0][0,0], mVisibleFrame=[0,1392][1080,2400], mVisible=false, mInsetsRoundedCornerFrame=false} } host=com.example.dogglers/androidx.test.core.app.InstrumentationActivityInvoker$EmptyActivity from=android.view.ViewRootImpl.setView:1732
09-23 23:04:40.612 20383 20383 I ViewRootImpl@214bddb[InstrumentationActivityInvoker$EmptyActivity]: setView = com.android.internal.policy.DecorView@eaafed5 TM=true
09-23 23:04:40.613 20383 20383 I MSHandlerLifeCycle: removeMultiSplitHandler: no exist. decor=DecorView@eaafed5[InstrumentationActivityInvoker$EmptyActivity]
09-23 23:04:40.614 20383 20383 D LifecycleMonitor: Lifecycle status change: androidx.test.core.app.InstrumentationActivityInvoker$EmptyActivity@b39aade in: PAUSED
09-23 23:04:40.615 20383 20383 V ActivityScenario: Activity lifecycle changed event received but ignored because the intent does not match. startActivityIntent=Intent { act=android.intent.action.MAIN cat=[android.intent.category.LAUNCHER] cmp=com.example.dogglers/.MainActivity }, activity.getIntent()=Intent { act=android.intent.action.MAIN cat=[android.intent.category.LAUNCHER] flg=0x10000000 cmp=com.example.dogglers/androidx.test.core.app.InstrumentationActivityInvoker$EmptyActivity }, activity=androidx.test.core.app.InstrumentationActivityInvoker$EmptyActivity@b39aade
09-23 23:04:40.619 20383 20383 I ViewRootImpl@214bddb[InstrumentationActivityInvoker$EmptyActivity]: performTraversals params={(0,0)(fillxfill) sim={adjust=pan forwardNavigation} ty=BASE_APPLICATION wanim=0x1030001
09-23 23:04:40.619 20383 20383 I ViewRootImpl@214bddb[InstrumentationActivityInvoker$EmptyActivity]:   fl=1810100
09-23 23:04:40.619 20383 20383 I ViewRootImpl@214bddb[InstrumentationActivityInvoker$EmptyActivity]:   pfl=12020040
09-23 23:04:40.619 20383 20383 I ViewRootImpl@214bddb[InstrumentationActivityInvoker$EmptyActivity]:   bhv=DEFAULT
09-23 23:04:40.619 20383 20383 I ViewRootImpl@214bddb[InstrumentationActivityInvoker$EmptyActivity]:   fitSides= naviIconColor=0}
09-23 23:04:40.620 20383 20383 I ViewRootImpl@214bddb[InstrumentationActivityInvoker$EmptyActivity]: performTraversals mFirst=true windowShouldResize=true viewVisibilityChanged=false mForceNextWindowRelayout=false params={(0,0)(fillxfill) sim={adjust=pan forwardNavigation} ty=BASE_APPLICATION wanim=0x1030001
09-23 23:04:40.620 20383 20383 I ViewRootImpl@214bddb[InstrumentationActivityInvoker$EmptyActivity]:   fl=1810100
09-23 23:04:40.620 20383 20383 I ViewRootImpl@214bddb[InstrumentationActivityInvoker$EmptyActivity]:   pfl=12020040
09-23 23:04:40.620 20383 20383 I ViewRootImpl@214bddb[InstrumentationActivityInvoker$EmptyActivity]:   bhv=DEFAULT
09-23 23:04:40.620 20383 20383 I ViewRootImpl@214bddb[InstrumentationActivityInvoker$EmptyActivity]:   fitSides= naviIconColor=0}
09-23 23:04:40.621  1186  1745 V WindowManager: Relayout Window{97415c1 u0 com.example.dogglers/androidx.test.core.app.InstrumentationActivityInvoker$EmptyActivity}: viewVisibility=0 req=1080x2400 d0
09-23 23:04:40.621   871   917 I SurfaceFlinger: id=38727 createSurf flag=40004, com.example.dogglers/androidx.test.core.app.InstrumentationActivityInvoker$EmptyActivity$_20383#38727
09-23 23:04:40.624  1186  1745 V WindowManager: Relayout hash=97415c1, pid=20383, syncId=-1: mAttrs={(0,0)(fillxfill) sim={adjust=pan forwardNavigation} ty=BASE_APPLICATION wanim=0x1030001
09-23 23:04:40.624  1186  1745 V WindowManager:   fl=1810100
09-23 23:04:40.624  1186  1745 V WindowManager:   pfl=12020040
09-23 23:04:40.624  1186  1745 V WindowManager:   bhv=DEFAULT
09-23 23:04:40.624  1186  1745 V WindowManager:   fitSides= naviIconColor=0}
09-23 23:04:40.627 20383 20383 I ViewRootImpl@214bddb[InstrumentationActivityInvoker$EmptyActivity]: updateBlastSurfaceIfNeeded mBlastBufferQueue=null isSameSurfaceControl=false
09-23 23:04:40.628 20383 20383 I BLASTBufferQueue: new BLASTBufferQueue, mName= ViewRootImpl@214bddb[InstrumentationActivityInvoker$EmptyActivity] mNativeObject= 0xb400007dbe224750 sc.mNativeObject= 0xb400007d4e23b350 caller= android.view.ViewRootImpl.updateBlastSurfaceIfNeeded:2909 android.view.ViewRootImpl.relayoutWindow:9847 android.view.ViewRootImpl.performTraversals:3884 android.view.ViewRootImpl.doTraversal:3116 android.view.ViewRootImpl$TraversalRunnable.run:10885 android.view.Choreographer$CallbackRecord.run:1301 android.view.Choreographer$CallbackRecord.run:1309 android.view.Choreographer.doCallbacks:923 android.view.Choreographer.doFrame:852 android.view.Choreographer$FrameDisplayEventReceiver.run:1283
09-23 23:04:40.628 20383 20383 I BLASTBufferQueue: update, w= 1080 h= 2400 mName = ViewRootImpl@214bddb[InstrumentationActivityInvoker$EmptyActivity] mNativeObject= 0xb400007dbe224750 sc.mNativeObject= 0xb400007d4e23b350 format= -1 caller= android.graphics.BLASTBufferQueue.<init>:84 android.view.ViewRootImpl.updateBlastSurfaceIfNeeded:2909 android.view.ViewRootImpl.relayoutWindow:9847 android.view.ViewRootImpl.performTraversals:3884 android.view.ViewRootImpl.doTraversal:3116 android.view.ViewRootImpl$TraversalRunnable.run:10885
09-23 23:04:40.628 20383 20383 I ViewRootImpl@214bddb[InstrumentationActivityInvoker$EmptyActivity]: Relayout returned: old=(0,0,1080,2400) new=(0,0,1080,2400) req=(1080,2400)0 dur=7 res=0x3 s={true 0xb400007e4e271080} ch=true seqId=0
09-23 23:04:40.629 20383 20417 D OpenGLRenderer: eglCreateWindowSurface
09-23 23:04:40.629 20383 20383 I ViewRootImpl@214bddb[InstrumentationActivityInvoker$EmptyActivity]: mThreadedRenderer.initialize() mSurface={isValid=true 0xb400007e4e271080} hwInitialized=true
09-23 23:04:40.630 20383 20383 I ViewRootImpl@214bddb[InstrumentationActivityInvoker$EmptyActivity]: reportNextDraw android.view.ViewRootImpl.performTraversals:4438 android.view.ViewRootImpl.doTraversal:3116 android.view.ViewRootImpl$TraversalRunnable.run:10885 android.view.Choreographer$CallbackRecord.run:1301 android.view.Choreographer$CallbackRecord.run:1309
09-23 23:04:40.631 20383 20383 I ViewRootImpl@214bddb[InstrumentationActivityInvoker$EmptyActivity]: Setup new sync id=0
09-23 23:04:40.631 20383 20383 I ViewRootImpl@214bddb[InstrumentationActivityInvoker$EmptyActivity]: Setting syncFrameCallback
09-23 23:04:40.631 20383 20383 I ViewRootImpl@214bddb[InstrumentationActivityInvoker$EmptyActivity]: registerCallbacksForSync syncBuffer=false
09-23 23:04:40.632 20383 20438 I ViewRootImpl@214bddb[InstrumentationActivityInvoker$EmptyActivity]: Received frameDrawingCallback syncResult=0 frameNum=1.
09-23 23:04:40.632 20383 20438 I ViewRootImpl@214bddb[InstrumentationActivityInvoker$EmptyActivity]: Setting up sync and frameCommitCallback
09-23 23:04:40.635 20383 20417 I BLASTBufferQueue: [ViewRootImpl@214bddb[InstrumentationActivityInvoker$EmptyActivity]#7](f:0,a:0) onFrameAvailable the first frame is available
09-23 23:04:40.636 20383 20417 I ViewRootImpl@214bddb[InstrumentationActivityInvoker$EmptyActivity]: Received frameCommittedCallback lastAttemptedDrawFrameNum=1 didProduceBuffer=true
09-23 23:04:40.637 20383 20417 D OpenGLRenderer: CFMS:: SetUp Pid : 20383    Tid : 20417
09-23 23:04:40.637 20383 20417 W Parcel  : Expecting binder but got null!
09-23 23:04:40.638 20383 20383 I ViewRootImpl@214bddb[InstrumentationActivityInvoker$EmptyActivity]: onSyncComplete
09-23 23:04:40.638 20383 20383 I ViewRootImpl@214bddb[InstrumentationActivityInvoker$EmptyActivity]: setupSync seqId=0 mSyncId=0 fn=1 caller=android.view.ViewRootImpl$$ExternalSyntheticLambda11.accept:6 android.window.SurfaceSyncer.lambda$setupSync$1$android-window-SurfaceSyncer:128 android.window.SurfaceSyncer$$ExternalSyntheticLambda1.accept:8 android.window.SurfaceSyncer$SyncSet.checkIfSyncIsComplete:382 android.window.SurfaceSyncer$SyncSet.markSyncReady:359 android.window.SurfaceSyncer.markSyncReady:151 android.view.ViewRootImpl.performTraversals:4503
09-23 23:04:40.638 20383 20383 I ViewRootImpl@214bddb[InstrumentationActivityInvoker$EmptyActivity]: reportDrawFinished seqId=0 mSyncId=-1 fn=1 mSurfaceChangedTransaction=0xb400007d7e229970
09-23 23:04:40.639 20383 20383 I ViewRootImpl@214bddb[InstrumentationActivityInvoker$EmptyActivity]: stopped(true) old = false
09-23 23:04:40.639 20383 20383 I ViewRootImpl@214bddb[InstrumentationActivityInvoker$EmptyActivity]: WindowStopped on com.example.dogglers/androidx.test.core.app.InstrumentationActivityInvoker$EmptyActivity set to true
09-23 23:04:40.639 20383 20383 D LifecycleMonitor: Lifecycle status change: androidx.test.core.app.InstrumentationActivityInvoker$EmptyActivity@b39aade in: STOPPED
09-23 23:04:40.640 20383 20383 V ActivityScenario: Activity lifecycle changed event received but ignored because the intent does not match. startActivityIntent=Intent { act=android.intent.action.MAIN cat=[android.intent.category.LAUNCHER] cmp=com.example.dogglers/.MainActivity }, activity.getIntent()=Intent { act=android.intent.action.MAIN cat=[android.intent.category.LAUNCHER] flg=0x10000000 cmp=com.example.dogglers/androidx.test.core.app.InstrumentationActivityInvoker$EmptyActivity }, activity=androidx.test.core.app.InstrumentationActivityInvoker$EmptyActivity@b39aade
09-23 23:04:40.641 20383 20383 I MSHandlerLifeCycle: removeMultiSplitHandler: no exist. decor=DecorView@eaafed5[InstrumentationActivityInvoker$EmptyActivity]
09-23 23:04:40.647   871  1063 I SurfaceFlinger: id=38728 createSurf flag=80004, ActivityRecord{aa4bbf9 u0 com.example.dogglers/androidx.test.core.app.InstrumentationActivityInvoker$EmptyActivity} t7703}#38728
09-23 23:04:40.649 20383 20417 D OpenGLRenderer: setSurface called with nullptr
09-23 23:04:40.649 20383 20417 D OpenGLRenderer: setSurface() destroyed EGLSurface
09-23 23:04:40.649 20383 20417 D OpenGLRenderer: destroyEglSurface
09-23 23:04:40.654 20383 20383 I ViewRootImpl@214bddb[InstrumentationActivityInvoker$EmptyActivity]: performTraversals mFirst=false windowShouldResize=false viewVisibilityChanged=true mForceNextWindowRelayout=false params=null
09-23 23:04:40.655  1186  1745 D InputDispatcher: Focused application(0): ActivityRecord{aa4bbf9 u0 com.example.dogglers/androidx.test.core.app.InstrumentationActivityInvoker$EmptyActivity} t7703}
09-23 23:04:40.656  1186  1232 I SemPersonaManager: SecureFolder personaId = 150
09-23 23:04:40.658  2633  2633 E pageboostd: Received HALT command code 2
09-23 23:04:40.658  1186  1322 V WindowManager: Relayout Window{97415c1 u0 com.example.dogglers/androidx.test.core.app.InstrumentationActivityInvoker$EmptyActivity}: viewVisibility=4 req=1080x2400 d0
09-23 23:04:40.661  1186  1322 V WindowManager: Relayout hash=97415c1, pid=20383, syncId=-1: mAttrs={(0,0)(fillxfill) sim={adjust=pan forwardNavigation} ty=BASE_APPLICATION wanim=0x1030001
09-23 23:04:40.661  1186  1322 V WindowManager:   fl=1810100
09-23 23:04:40.661  1186  1322 V WindowManager:   pfl=12020040
09-23 23:04:40.661  1186  1322 V WindowManager:   bhv=DEFAULT
09-23 23:04:40.661  1186  1322 V WindowManager:   fitSides= naviIconColor=0}
09-23 23:04:40.663 20383 20383 I ViewRootImpl@214bddb[InstrumentationActivityInvoker$EmptyActivity]: Relayout returned: old=(0,0,1080,2400) new=(0,0,1080,2400) req=(1080,2400)4 dur=8 res=0x2 s={false 0x0} ch=false seqId=0
09-23 23:04:40.663  1186  1232 D EnterpriseDeviceManagerService: isMdmAdminPresentInternal() : MDM Admin Found - com.samsung.knox.securefolder
09-23 23:04:40.664 20383 20383 D LifecycleMonitor: Lifecycle status change: com.example.dogglers.MainActivity@49524d4 in: DESTROYED
09-23 23:04:40.664 20383 20383 V ActivityScenario: Update currentActivityStage to DESTROYED, currentActivity=null
09-23 23:04:40.666 20383 20383 I MSHandlerLifeCycle: removeMultiSplitHandler: no exist. decor=DecorView@8f777da[MainActivity]
09-23 23:04:40.666 20383 20417 D OpenGLRenderer: setSurface called with nullptr
09-23 23:04:40.666 20383 20383 I ViewRootImpl@284a5fb[MainActivity]: dispatchDetachedFromWindow
09-23 23:04:40.667  1186  2162 D InputTransport: Input channel destroyed: 'caae085', fd=989
09-23 23:04:40.667  1186  2162 W InputManager-JNI: Input channel object 'caae085 com.example.dogglers/com.example.dogglers.MainActivity (client)' was disposed without first being removed with the input manager!
09-23 23:04:40.667  1186  2162 D InputTransport: Input channel destroyed: 'caae085', fd=991
09-23 23:04:40.668 20383 20383 D InputTransport: Input channel destroyed: 'caae085', fd=88
09-23 23:04:40.669  1186  2620 I MediaSessionMonitor: Media session stopped : controllerList empty
09-23 23:04:40.670   871   871 I Layer   : id=38727 removeFromCurrentState com.example.dogglers/androidx.test.core.app.InstrumentationActivityInvoker$EmptyActivity$_20383#38727 (126)
09-23 23:04:40.670   871   871 I Layer   : id=38723 removeFromCurrentState caae085 com.example.dogglers/com.example.dogglers.MainActivity#38723 (126)
09-23 23:04:40.670   871   871 I SurfaceFlinger: id=38723 Removed caae085 com.example.dogglers/com.example.dogglers.MainActivity#38723 (126)
09-23 23:04:40.670   871   871 I SurfaceFlinger: id=38727 Removed com.example.dogglers/androidx.test.core.app.InstrumentationActivityInvoker$EmptyActivity$_20383#38727 (126)
09-23 23:04:40.670   871   871 I Layer   : id=38723 Destroyed caae085 com.example.dogglers/com.example.dogglers.MainActivity#38723
09-23 23:04:40.670   871   871 I Layer   : id=38727 Destroyed com.example.dogglers/androidx.test.core.app.InstrumentationActivityInvoker$EmptyActivity$_20383#38727
09-23 23:04:40.677 20383 20383 D LifecycleMonitor: Lifecycle status change: androidx.test.core.app.InstrumentationActivityInvoker$EmptyActivity@614878e in: PRE_ON_CREATE
09-23 23:04:40.677 20383 20383 V ActivityScenario: Activity lifecycle changed event received but ignored because the intent does not match. startActivityIntent=Intent { act=android.intent.action.MAIN cat=[android.intent.category.LAUNCHER] cmp=com.example.dogglers/.MainActivity }, activity.getIntent()=Intent { act=android.intent.action.MAIN cat=[android.intent.category.LAUNCHER] flg=0x10000000 cmp=com.example.dogglers/androidx.test.core.app.InstrumentationActivityInvoker$EmptyActivity }, activity=androidx.test.core.app.InstrumentationActivityInvoker$EmptyActivity@614878e
09-23 23:04:40.681   871   871 I Layer   : id=38722 removeFromCurrentState ActivityRecord{771571e u0 com.example.dogglers/.MainActivity} t7703}#38722 (124)
09-23 23:04:40.681   871   871 I SurfaceFlinger: id=38722 Removed ActivityRecord{771571e u0 com.example.dogglers/.MainActivity} t7703}#38722 (124)
09-23 23:04:40.681   871   871 I Layer   : id=38722 Destroyed ActivityRecord{771571e u0 com.example.dogglers/.MainActivity} t7703}#38722
09-23 23:04:40.682 20383 20383 I DecorView: [INFO] isPopOver=false config=true
09-23 23:04:40.682 20383 20383 I DecorView: updateCaptionType: isFloating=false isApplication=true hasWindowDecorCaption=false this=DecorView@76a4745[]
09-23 23:04:40.682 20383 20383 D DecorView: setCaptionType = 0, this = DecorView@76a4745[]
09-23 23:04:40.684 20383 20383 I DecorView: getCurrentDensityDpi: from real metrics. densityDpi=450 msg=resources_loaded
09-23 23:04:40.684 20383 20383 I DecorView: setWindowBackground: isPopOver=false color=ff010101 d=android.graphics.drawable.StateListDrawable@e558e9a
09-23 23:04:40.685 20383 20383 D LifecycleMonitor: Lifecycle status change: androidx.test.core.app.InstrumentationActivityInvoker$EmptyActivity@614878e in: CREATED
09-23 23:04:40.685 20383 20383 V ActivityScenario: Activity lifecycle changed event received but ignored because the intent does not match. startActivityIntent=Intent { act=android.intent.action.MAIN cat=[android.intent.category.LAUNCHER] cmp=com.example.dogglers/.MainActivity }, activity.getIntent()=Intent { act=android.intent.action.MAIN cat=[android.intent.category.LAUNCHER] flg=0x10000000 cmp=com.example.dogglers/androidx.test.core.app.InstrumentationActivityInvoker$EmptyActivity }, activity=androidx.test.core.app.InstrumentationActivityInvoker$EmptyActivity@614878e
09-23 23:04:40.686 20383 20383 D LifecycleMonitor: Lifecycle status change: androidx.test.core.app.InstrumentationActivityInvoker$EmptyActivity@614878e in: STARTED
09-23 23:04:40.686 20383 20383 V ActivityScenario: Activity lifecycle changed event received but ignored because the intent does not match. startActivityIntent=Intent { act=android.intent.action.MAIN cat=[android.intent.category.LAUNCHER] cmp=com.example.dogglers/.MainActivity }, activity.getIntent()=Intent { act=android.intent.action.MAIN cat=[android.intent.category.LAUNCHER] flg=0x10000000 cmp=com.example.dogglers/androidx.test.core.app.InstrumentationActivityInvoker$EmptyActivity }, activity=androidx.test.core.app.InstrumentationActivityInvoker$EmptyActivity@614878e
09-23 23:04:40.687 20383 20383 D LifecycleMonitor: Lifecycle status change: androidx.test.core.app.InstrumentationActivityInvoker$EmptyActivity@614878e in: RESUMED
09-23 23:04:40.687 20383 20383 V ActivityScenario: Activity lifecycle changed event received but ignored because the intent does not match. startActivityIntent=Intent { act=android.intent.action.MAIN cat=[android.intent.category.LAUNCHER] cmp=com.example.dogglers/.MainActivity }, activity.getIntent()=Intent { act=android.intent.action.MAIN cat=[android.intent.category.LAUNCHER] flg=0x10000000 cmp=com.example.dogglers/androidx.test.core.app.InstrumentationActivityInvoker$EmptyActivity }, activity=androidx.test.core.app.InstrumentationActivityInvoker$EmptyActivity@614878e
09-23 23:04:40.688 20383 20383 I MSHandlerLifeCycle: check: return. pkg=com.example.dogglers parent=null callers=com.android.internal.policy.DecorView.setVisibility:4416 android.app.ActivityThread.handleResumeActivity:5476 android.app.servertransaction.ResumeActivityItem.execute:54 android.app.servertransaction.ActivityTransactionItem.execute:45 android.app.servertransaction.TransactionExecutor.executeLifecycleState:176
09-23 23:04:40.688 20383 20383 I MSHandlerLifeCycle: removeMultiSplitHandler: no exist. decor=DecorView@76a4745[]
09-23 23:04:40.690 20383 20417 D NativeCustomFrequencyManager: [NativeCFMS] BpCustomFrequencyManager::BpCustomFrequencyManager()
09-23 23:04:40.691  1186  2162 D InputTransport: Input channel constructed: '90fb8fa', fd=989
09-23 23:04:40.691  1186  2162 D InputTransport: Input channel constructed: '90fb8fa', fd=991
09-23 23:04:40.691  1186  2162 D InputTransport: Input channel constructed: '90fb8fa', fd=1011
09-23 23:04:40.692   871   917 I SurfaceFlinger: id=38729 createSurf flag=80004, 90fb8fa com.example.dogglers/androidx.test.core.app.InstrumentationActivityInvoker$EmptyActivity#38729
09-23 23:04:40.693  1186  2162 D InputTransport: Input channel destroyed: '90fb8fa', fd=1011
09-23 23:04:40.694 20383 20383 D InsetsController: onStateChanged: InsetsState: {mDisplayFrame=Rect(0, 0 - 1080, 2400), mDisplayCutout=DisplayCutout{insets=Rect(0, 80 - 0, 0) waterfall=Insets{left=0, top=0, right=0, bottom=0} boundingRect={Bounds=[Rect(0, 0 - 0, 0), Rect(468, 0 - 612, 80), Rect(0, 0 - 0, 0), Rect(0, 0 - 0, 0)]} cutoutPathParserInfo={CutoutPathParserInfo{displayWidth=1080 displayHeight=2400 physicalDisplayWidth=1080 physicalDisplayHeight=2400 density={2.8125} cutoutSpec={M 0,0 H -25.6 V 28.44444444444444 H 25.6 V 0 H 0 Z @dp} rotation={0} scale={1.0} physicalPixelDisplaySizeRatio={1.0}}}}, mRoundedCorners=RoundedCorners{[RoundedCorner{position=TopLeft, radius=90, center=Point(90, 90)}, RoundedCorner{position=TopRight, radius=90, center=Point(990, 90)}, RoundedCorner{position=BottomRight, radius=90, center=Point(990, 2310)}, RoundedCorner{position=BottomLeft, radius=90, center=Point(90, 2310)}]}  mRoundedCornerFrame=Rect(0, 0 - 1080, 2400), mPrivacyIndicatorBounds=PrivacyIndicatorBounds {static bounds=Rect(956, 0 - 1080, 80) rotation=0}, mSources= { InsetsSource: {mType=ITYPE_STATUS_BAR, mFrame=[0,0][1080,80], mVisible=true, mInsetsRoundedCornerFrame=false}, InsetsSource: {mType=ITYPE_NAVIGATION_BAR, mFrame=[0,2400][1080,2400], mVisible=false, mInsetsRoundedCornerFrame=false}, InsetsSource: {mType=ITYPE_LEFT_GESTURES, mFrame=[0,0][67,2400], mVisible=true, mInsetsRoundedCornerFrame=false}, InsetsSource: {mType=ITYPE_RIGHT_GESTURES, mFrame=[1013,0][1080,2400], mVisible=true, mInsetsRoundedCornerFrame=false}, InsetsSource: {mType=ITYPE_TOP_MANDATORY_GESTURES, mFrame=[0,0][1080,114], mVisible=true, mInsetsRoundedCornerFrame=false}, InsetsSource: {mType=ITYPE_BOTTOM_MANDATORY_GESTURES, mFrame=[0,2344][1080,2400], mVisible=true, mInsetsRoundedCornerFrame=false}, InsetsSource: {mType=ITYPE_LEFT_DISPLAY_CUTOUT, mFrame=[0,0][-100000,2400], mVisible=true, mInsetsRoundedCornerFrame=false}, InsetsSource: {mType=ITYPE_TOP_DISPLAY_CUTOUT, mFrame=[0,0][1080,80], mVisible=true, mInsetsRoundedCornerFrame=false}, InsetsSource: {mType=ITYPE_RIGHT_DISPLAY_CUTOUT, mFrame=[100000,0][1080,2400], mVisible=true, mInsetsRoundedCornerFrame=false}, InsetsSource: {mType=ITYPE_BOTTOM_DISPLAY_CUTOUT, mFrame=[0,100000][1080,2400], mVisible=true, mInsetsRoundedCornerFrame=false}, InsetsSource: {mType=ITYPE_TOP_TAPPABLE_ELEMENT, mFrame=[0,0][1080,80], mVisible=true, mInsetsRoundedCornerFrame=false}, InsetsSource: {mType=ITYPE_BOTTOM_TAPPABLE_ELEMENT, mFrame=[0,0][0,0], mVisible=true, mInsetsRoundedCornerFrame=false}, InsetsSource: {mType=ITYPE_IME, mFrame=[0,0][0,0], mVisibleFrame=[0,1392][1080,2400], mVisible=false, mInsetsRoundedCornerFrame=false} } host=com.example.dogglers/androidx.test.core.app.InstrumentationActivityInvoker$EmptyActivity from=android.view.ViewRootImpl.setView:1732
09-23 23:04:40.695 20383 20383 I ViewRootImpl@fcd3cb[InstrumentationActivityInvoker$EmptyActivity]: setView = com.android.internal.policy.DecorView@76a4745 TM=true
09-23 23:04:40.696 20383 20383 I MSHandlerLifeCycle: removeMultiSplitHandler: no exist. decor=DecorView@76a4745[InstrumentationActivityInvoker$EmptyActivity]
09-23 23:04:40.697 20383 20383 D LifecycleMonitor: Lifecycle status change: androidx.test.core.app.InstrumentationActivityInvoker$EmptyActivity@614878e in: PAUSED
09-23 23:04:40.697 20383 20383 V ActivityScenario: Activity lifecycle changed event received but ignored because the intent does not match. startActivityIntent=Intent { act=android.intent.action.MAIN cat=[android.intent.category.LAUNCHER] cmp=com.example.dogglers/.MainActivity }, activity.getIntent()=Intent { act=android.intent.action.MAIN cat=[android.intent.category.LAUNCHER] flg=0x10000000 cmp=com.example.dogglers/androidx.test.core.app.InstrumentationActivityInvoker$EmptyActivity }, activity=androidx.test.core.app.InstrumentationActivityInvoker$EmptyActivity@614878e
09-23 23:04:40.698 20383 20383 I ViewRootImpl@214bddb[InstrumentationActivityInvoker$EmptyActivity]: handleAppVisibility mAppVisible = true visible = false
09-23 23:04:40.701 20383 20383 I ViewRootImpl@fcd3cb[InstrumentationActivityInvoker$EmptyActivity]: performTraversals params={(0,0)(fillxfill) sim={adjust=pan forwardNavigation} ty=BASE_APPLICATION wanim=0x1030001
09-23 23:04:40.701 20383 20383 I ViewRootImpl@fcd3cb[InstrumentationActivityInvoker$EmptyActivity]:   fl=1810100
09-23 23:04:40.701 20383 20383 I ViewRootImpl@fcd3cb[InstrumentationActivityInvoker$EmptyActivity]:   pfl=12020040
09-23 23:04:40.701 20383 20383 I ViewRootImpl@fcd3cb[InstrumentationActivityInvoker$EmptyActivity]:   bhv=DEFAULT
09-23 23:04:40.701 20383 20383 I ViewRootImpl@fcd3cb[InstrumentationActivityInvoker$EmptyActivity]:   fitSides= naviIconColor=0}
09-23 23:04:40.702 20383 20383 I ViewRootImpl@fcd3cb[InstrumentationActivityInvoker$EmptyActivity]: performTraversals mFirst=true windowShouldResize=true viewVisibilityChanged=false mForceNextWindowRelayout=false params={(0,0)(fillxfill) sim={adjust=pan forwardNavigation} ty=BASE_APPLICATION wanim=0x1030001
09-23 23:04:40.702 20383 20383 I ViewRootImpl@fcd3cb[InstrumentationActivityInvoker$EmptyActivity]:   fl=1810100
09-23 23:04:40.702 20383 20383 I ViewRootImpl@fcd3cb[InstrumentationActivityInvoker$EmptyActivity]:   pfl=12020040
09-23 23:04:40.702 20383 20383 I ViewRootImpl@fcd3cb[InstrumentationActivityInvoker$EmptyActivity]:   bhv=DEFAULT
09-23 23:04:40.702 20383 20383 I ViewRootImpl@fcd3cb[InstrumentationActivityInvoker$EmptyActivity]:   fitSides= naviIconColor=0}
09-23 23:04:40.702  1186  1199 V WindowManager: Relayout Window{90fb8fa u0 com.example.dogglers/androidx.test.core.app.InstrumentationActivityInvoker$EmptyActivity}: viewVisibility=0 req=1080x2400 d0
09-23 23:04:40.702   871   917 I SurfaceFlinger: id=38730 createSurf flag=40004, com.example.dogglers/androidx.test.core.app.InstrumentationActivityInvoker$EmptyActivity$_20383#38730
09-23 23:04:40.707  1186  1199 V WindowManager: Relayout hash=90fb8fa, pid=20383, syncId=-1: mAttrs={(0,0)(fillxfill) sim={adjust=pan forwardNavigation} ty=BASE_APPLICATION wanim=0x1030001
09-23 23:04:40.707  1186  1199 V WindowManager:   fl=1810100
09-23 23:04:40.707  1186  1199 V WindowManager:   pfl=12020040
09-23 23:04:40.707  1186  1199 V WindowManager:   bhv=DEFAULT
09-23 23:04:40.707  1186  1199 V WindowManager:   fitSides= naviIconColor=0}
09-23 23:04:40.708 20383 20383 I ViewRootImpl@fcd3cb[InstrumentationActivityInvoker$EmptyActivity]: updateBlastSurfaceIfNeeded mBlastBufferQueue=null isSameSurfaceControl=false
09-23 23:04:40.709 20383 20383 I BLASTBufferQueue: new BLASTBufferQueue, mName= ViewRootImpl@fcd3cb[InstrumentationActivityInvoker$EmptyActivity] mNativeObject= 0xb400007dbe22c130 sc.mNativeObject= 0xb400007d4e261520 caller= android.view.ViewRootImpl.updateBlastSurfaceIfNeeded:2909 android.view.ViewRootImpl.relayoutWindow:9847 android.view.ViewRootImpl.performTraversals:3884 android.view.ViewRootImpl.doTraversal:3116 android.view.ViewRootImpl$TraversalRunnable.run:10885 android.view.Choreographer$CallbackRecord.run:1301 android.view.Choreographer$CallbackRecord.run:1309 android.view.Choreographer.doCallbacks:923 android.view.Choreographer.doFrame:852 android.view.Choreographer$FrameDisplayEventReceiver.run:1283
09-23 23:04:40.709 20383 20383 I BLASTBufferQueue: update, w= 1080 h= 2400 mName = ViewRootImpl@fcd3cb[InstrumentationActivityInvoker$EmptyActivity] mNativeObject= 0xb400007dbe22c130 sc.mNativeObject= 0xb400007d4e261520 format= -1 caller= android.graphics.BLASTBufferQueue.<init>:84 android.view.ViewRootImpl.updateBlastSurfaceIfNeeded:2909 android.view.ViewRootImpl.relayoutWindow:9847 android.view.ViewRootImpl.performTraversals:3884 android.view.ViewRootImpl.doTraversal:3116 android.view.ViewRootImpl$TraversalRunnable.run:10885
09-23 23:04:40.709 20383 20383 I ViewRootImpl@fcd3cb[InstrumentationActivityInvoker$EmptyActivity]: Relayout returned: old=(0,0,1080,2400) new=(0,0,1080,2400) req=(1080,2400)0 dur=6 res=0x3 s={true 0xb400007e4e2a6410} ch=true seqId=0
09-23 23:04:40.710 20383 20417 D OpenGLRenderer: eglCreateWindowSurface
09-23 23:04:40.710 20383 20383 I ViewRootImpl@fcd3cb[InstrumentationActivityInvoker$EmptyActivity]: mThreadedRenderer.initialize() mSurface={isValid=true 0xb400007e4e2a6410} hwInitialized=true
09-23 23:04:40.711 20383 20383 I ViewRootImpl@fcd3cb[InstrumentationActivityInvoker$EmptyActivity]: reportNextDraw android.view.ViewRootImpl.performTraversals:4438 android.view.ViewRootImpl.doTraversal:3116 android.view.ViewRootImpl$TraversalRunnable.run:10885 android.view.Choreographer$CallbackRecord.run:1301 android.view.Choreographer$CallbackRecord.run:1309
09-23 23:04:40.711 20383 20383 I ViewRootImpl@fcd3cb[InstrumentationActivityInvoker$EmptyActivity]: Setup new sync id=0
09-23 23:04:40.712 20383 20383 I ViewRootImpl@fcd3cb[InstrumentationActivityInvoker$EmptyActivity]: Setting syncFrameCallback
09-23 23:04:40.712 20383 20383 I ViewRootImpl@fcd3cb[InstrumentationActivityInvoker$EmptyActivity]: registerCallbacksForSync syncBuffer=false
09-23 23:04:40.713 20383 20439 I ViewRootImpl@fcd3cb[InstrumentationActivityInvoker$EmptyActivity]: Received frameDrawingCallback syncResult=0 frameNum=1.
09-23 23:04:40.713 20383 20439 I ViewRootImpl@fcd3cb[InstrumentationActivityInvoker$EmptyActivity]: Setting up sync and frameCommitCallback
09-23 23:04:40.717 20383 20417 I BLASTBufferQueue: [ViewRootImpl@fcd3cb[InstrumentationActivityInvoker$EmptyActivity]#8](f:0,a:0) onFrameAvailable the first frame is available
09-23 23:04:40.717 20383 20417 I ViewRootImpl@fcd3cb[InstrumentationActivityInvoker$EmptyActivity]: Received frameCommittedCallback lastAttemptedDrawFrameNum=1 didProduceBuffer=true
09-23 23:04:40.718 20383 20417 D OpenGLRenderer: CFMS:: SetUp Pid : 20383    Tid : 20417
09-23 23:04:40.718 20383 20417 W Parcel  : Expecting binder but got null!
09-23 23:04:40.718 20383 20383 I ViewRootImpl@fcd3cb[InstrumentationActivityInvoker$EmptyActivity]: onSyncComplete
09-23 23:04:40.719 20383 20383 I ViewRootImpl@fcd3cb[InstrumentationActivityInvoker$EmptyActivity]: setupSync seqId=0 mSyncId=0 fn=1 caller=android.view.ViewRootImpl$$ExternalSyntheticLambda11.accept:6 android.window.SurfaceSyncer.lambda$setupSync$1$android-window-SurfaceSyncer:128 android.window.SurfaceSyncer$$ExternalSyntheticLambda1.accept:8 android.window.SurfaceSyncer$SyncSet.checkIfSyncIsComplete:382 android.window.SurfaceSyncer$SyncSet.markSyncReady:359 android.window.SurfaceSyncer.markSyncReady:151 android.view.ViewRootImpl.performTraversals:4503
09-23 23:04:40.719 20383 20383 I ViewRootImpl@fcd3cb[InstrumentationActivityInvoker$EmptyActivity]: reportDrawFinished seqId=0 mSyncId=-1 fn=1 mSurfaceChangedTransaction=0xb400007d7e2351f0
09-23 23:04:40.720 20383 20383 D LifecycleMonitor: Lifecycle status change: androidx.test.core.app.InstrumentationActivityInvoker$BootstrapActivity@798ed10 in: DESTROYED
09-23 23:04:40.720 20383 20383 V ActivityScenario: Activity lifecycle changed event received but ignored because the intent does not match. startActivityIntent=Intent { act=android.intent.action.MAIN cat=[android.intent.category.LAUNCHER] cmp=com.example.dogglers/.MainActivity }, activity.getIntent()=Intent { act=android.intent.action.MAIN cat=[android.intent.category.LAUNCHER] flg=0x10008000 cmp=com.example.dogglers/androidx.test.core.app.InstrumentationActivityInvoker$BootstrapActivity (has extras) }, activity=androidx.test.core.app.InstrumentationActivityInvoker$BootstrapActivity@798ed10
09-23 23:04:40.721 20383 20383 I ViewRootImpl@fcd3cb[InstrumentationActivityInvoker$EmptyActivity]: stopped(true) old = false
09-23 23:04:40.721 20383 20383 I ViewRootImpl@fcd3cb[InstrumentationActivityInvoker$EmptyActivity]: WindowStopped on com.example.dogglers/androidx.test.core.app.InstrumentationActivityInvoker$EmptyActivity set to true
09-23 23:04:40.722 20383 20383 D LifecycleMonitor: Lifecycle status change: androidx.test.core.app.InstrumentationActivityInvoker$EmptyActivity@614878e in: STOPPED
09-23 23:04:40.722 20383 20383 V ActivityScenario: Activity lifecycle changed event received but ignored because the intent does not match. startActivityIntent=Intent { act=android.intent.action.MAIN cat=[android.intent.category.LAUNCHER] cmp=com.example.dogglers/.MainActivity }, activity.getIntent()=Intent { act=android.intent.action.MAIN cat=[android.intent.category.LAUNCHER] flg=0x10000000 cmp=com.example.dogglers/androidx.test.core.app.InstrumentationActivityInvoker$EmptyActivity }, activity=androidx.test.core.app.InstrumentationActivityInvoker$EmptyActivity@614878e
09-23 23:04:40.723 20383 20383 I MSHandlerLifeCycle: removeMultiSplitHandler: no exist. decor=DecorView@76a4745[InstrumentationActivityInvoker$EmptyActivity]
09-23 23:04:40.727 20383 20417 D OpenGLRenderer: setSurface called with nullptr
09-23 23:04:40.728 20383 20417 D OpenGLRenderer: setSurface() destroyed EGLSurface
09-23 23:04:40.728 20383 20417 D OpenGLRenderer: destroyEglSurface
09-23 23:04:40.732 20383 20383 I ViewRootImpl@fcd3cb[InstrumentationActivityInvoker$EmptyActivity]: performTraversals mFirst=false windowShouldResize=false viewVisibilityChanged=true mForceNextWindowRelayout=false params=null
09-23 23:04:40.732  1186  1322 V WindowManager: Relayout Window{90fb8fa u0 com.example.dogglers/androidx.test.core.app.InstrumentationActivityInvoker$EmptyActivity}: viewVisibility=4 req=1080x2400 d0
09-23 23:04:40.734  1186  1322 V WindowManager: Relayout hash=90fb8fa, pid=20383, syncId=-1: mAttrs={(0,0)(fillxfill) sim={adjust=pan forwardNavigation} ty=BASE_APPLICATION wanim=0x1030001
09-23 23:04:40.734  1186  1322 V WindowManager:   fl=1810100
09-23 23:04:40.734  1186  1322 V WindowManager:   pfl=12020040
09-23 23:04:40.734  1186  1322 V WindowManager:   bhv=DEFAULT
09-23 23:04:40.734  1186  1322 V WindowManager:   fitSides= naviIconColor=0}
09-23 23:04:40.735 20383 20383 I ViewRootImpl@fcd3cb[InstrumentationActivityInvoker$EmptyActivity]: Relayout returned: old=(0,0,1080,2400) new=(0,0,1080,2400) req=(1080,2400)4 dur=3 res=0x2 s={false 0x0} ch=false seqId=0
09-23 23:04:40.737   871   871 I Layer   : id=38719 removeFromCurrentState ActivityRecord{26f8b35 u0 com.example.dogglers/androidx.test.core.app.InstrumentationActivityInvoker$BootstrapActivity} t7703}#38719 (125)
09-23 23:04:40.737   871   871 I SurfaceFlinger: id=38719 Removed ActivityRecord{26f8b35 u0 com.example.dogglers/androidx.test.core.app.InstrumentationActivityInvoker$BootstrapActivity} t7703}#38719 (125)
09-23 23:04:40.737   871   871 I Layer   : id=38719 Destroyed ActivityRecord{26f8b35 u0 com.example.dogglers/androidx.test.core.app.InstrumentationActivityInvoker$BootstrapActivity} t7703}#38719
09-23 23:04:40.741  1186  1745 D InputDispatcher: Focused application(0): ActivityRecord{4853918 u0 com.sec.android.app.launcher/.activities.LauncherActivity} t7609}
09-23 23:04:40.743  2080  2080 I ViewRootImpl@782dd03[LauncherActivity]: handleAppVisibility mAppVisible = false visible = true
09-23 23:04:40.745  2080  2080 I ViewRootImpl@782dd03[LauncherActivity]: stopped(false) old = true
09-23 23:04:40.745  2080  2080 I ViewRootImpl@782dd03[LauncherActivity]: WindowStopped on com.sec.android.app.launcher/com.sec.android.app.launcher.activities.LauncherActivity set to false
09-23 23:04:40.746  2080  2080 I Launcher: !@Boot_DEBUG: Launcher.onStart()
09-23 23:04:40.746  2080  2080 I Launcher: !@Boot_EBS_D: Launcher.onStart()
09-23 23:04:40.747  2080  2080 I BaseActivity: addActivityFlags, flags : 1
09-23 23:04:40.747  2080  2080 W LauncherAppWidgetHost: setShouldListenFlag, mFlags:2 flag:start on:true isFront:false
09-23 23:04:40.747  2080  2080 W Launcher: onStart isListening : false isLoading false
09-23 23:04:40.748   871   871 I Layer   : id=38730 removeFromCurrentState com.example.dogglers/androidx.test.core.app.InstrumentationActivityInvoker$EmptyActivity$_20383#38730 (124)
09-23 23:04:40.748   871   871 I SurfaceFlinger: id=38730 Removed com.example.dogglers/androidx.test.core.app.InstrumentationActivityInvoker$EmptyActivity$_20383#38730 (124)
09-23 23:04:40.748   871   871 I Layer   : id=38730 Destroyed com.example.dogglers/androidx.test.core.app.InstrumentationActivityInvoker$EmptyActivity$_20383#38730
09-23 23:04:40.750  2080  2080 I MSHandlerLifeCycle: removeMultiSplitHandler: no exist. decor=DecorView@71ff488[LauncherActivity]
09-23 23:04:40.750  2080  2080 I ViewRootImpl@782dd03[LauncherActivity]: stopped(false) old = false
09-23 23:04:40.750  2080  2080 I Launcher: !@Boot_DEBUG: Launcher.onResume()
09-23 23:04:40.750  2080  2080 I Launcher: !@Boot_EBS_D: Launcher.onResume()
09-23 23:04:40.750  2080  2080 I BaseActivity: addActivityFlags, flags : 18
09-23 23:04:40.750  2080  2080 I BaseActivity: removeActivityFlags, flags : 32
09-23 23:04:40.750 20383 20383 I ViewRootImpl@fcd3cb[InstrumentationActivityInvoker$EmptyActivity]: handleAppVisibility mAppVisible = true visible = false
09-23 23:04:40.750  2080  2080 I AppsSearchBar: restoreCurrentCellLayoutAlpha: null
09-23 23:04:40.750  2080  2080 W SearchLauncherServiceMover: isMoving : false
09-23 23:04:40.751  2080  2080 I DecorView: notifyKeepScreenOnChanged: keepScreenOn=false
09-23 23:04:40.751  1186  1232 D PersonaActivityHelper: Activity not in resumed state, do not run immediate lock
09-23 23:04:40.752  2080  2080 I Launcher: setWallpaperOffsets
09-23 23:04:40.753  2080  2080 I DecorView: notifyKeepScreenOnChanged: keepScreenOn=false
09-23 23:04:40.753  2080  2080 I MSHandlerLifeCycle: removeMultiSplitHandler: no exist. decor=DecorView@71ff488[LauncherActivity]
09-23 23:04:40.754  2080 13271 I Launcher: DisplayMetrics from Resources : DisplayMetrics{density=2.8125, width=1080, height=2320, scaledDensity=3.09375, xdpi=409.432, ydpi=411.891}
09-23 23:04:40.754  2080 13271 I Launcher: realMetrics from Wm : DisplayMetrics{density=2.8125, width=1080, height=2400, scaledDensity=2.8125, xdpi=409.432, ydpi=411.891}
09-23 23:04:40.754  2080 13271 I Launcher: Launcher DeviceProfile onResume availSize: 1080x2320 windowSize: 1080x2400 isLandscape: false
09-23 23:04:40.756 20383 20383 D LifecycleMonitor: Lifecycle status change: androidx.test.core.app.InstrumentationActivityInvoker$EmptyActivity@b39aade in: DESTROYED
09-23 23:04:40.757 20383 20383 V ActivityScenario: Activity lifecycle changed event received but ignored because the intent does not match. startActivityIntent=Intent { act=android.intent.action.MAIN cat=[android.intent.category.LAUNCHER] cmp=com.example.dogglers/.MainActivity }, activity.getIntent()=Intent { act=android.intent.action.MAIN cat=[android.intent.category.LAUNCHER] flg=0x10000000 cmp=com.example.dogglers/androidx.test.core.app.InstrumentationActivityInvoker$EmptyActivity }, activity=androidx.test.core.app.InstrumentationActivityInvoker$EmptyActivity@b39aade
09-23 23:04:40.757  2080  2080 W NavigableAppWidgetHostView: setResizeScaleResult() 1002/ 355 scaleToResize = 1.0(widget id = 26) 1cad05f 0,0-1002,355
09-23 23:04:40.758  2080  2080 W NavigableAppWidgetHostView: setResizeScaleResult() 498/ 716 scaleToResize = 1.0(widget id = 33) 6a2d344 504,361-1002,1077
09-23 23:04:40.759 20383 20383 I MSHandlerLifeCycle: removeMultiSplitHandler: no exist. decor=DecorView@eaafed5[InstrumentationActivityInvoker$EmptyActivity]
09-23 23:04:40.759  2080  2330 I IMM_LC  : hsifw() - flag : 0
09-23 23:04:40.759  2080  2330 I IMM_LC  : hsifw() ignore mServedView == null or mServedView.getWindowToken() != windowToken, mServedView :0
09-23 23:04:40.759 22590 22590 I dnca    : onStart
09-23 23:04:40.759  2080  2080 I ViewRootImpl@782dd03[LauncherActivity]: performTraversals params={(0,0)(fillxfill) sim={adjust=nothing forwardNavigation} layoutInDisplayCutoutMode=shortEdges ty=BASE_APPLICATION fmt=TRANSPARENT wanim=0x10302f4
09-23 23:04:40.759  2080  2080 I ViewRootImpl@782dd03[LauncherActivity]:   fl=81910100
09-23 23:04:40.759  2080  2080 I ViewRootImpl@782dd03[LauncherActivity]:   pfl=1e020040
09-23 23:04:40.759  2080  2080 I ViewRootImpl@782dd03[LauncherActivity]:   vsysui=1700
09-23 23:04:40.759  2080  2080 I ViewRootImpl@782dd03[LauncherActivity]:   bhv=SHOW_TRANSIENT_BARS_BY_SWIPE
09-23 23:04:40.759  2080  2080 I ViewRootImpl@782dd03[LauncherActivity]:   fitSides= screenDimDuration=200000 naviIconColor=0}
09-23 23:04:40.760  2080  2334 I LiveIconUpdateEventHandler: cancelMinuteChangeAlarm
09-23 23:04:40.760  1186  1232 D EnterpriseDeviceManagerService: isMdmAdminPresentInternal() : MDM Admin Found - com.samsung.knox.securefolder
09-23 23:04:40.760  2080  2080 I ViewRootImpl@782dd03[LauncherActivity]: performTraversals mFirst=false windowShouldResize=false viewVisibilityChanged=true mForceNextWindowRelayout=false params={(0,0)(fillxfill) sim={adjust=nothing forwardNavigation} layoutInDisplayCutoutMode=shortEdges ty=BASE_APPLICATION fmt=TRANSPARENT wanim=0x10302f4
09-23 23:04:40.760  2080  2080 I ViewRootImpl@782dd03[LauncherActivity]:   fl=81910100
09-23 23:04:40.760  2080  2080 I ViewRootImpl@782dd03[LauncherActivity]:   pfl=1e020040
09-23 23:04:40.760  2080  2080 I ViewRootImpl@782dd03[LauncherActivity]:   vsysui=1700
09-23 23:04:40.760  2080  2080 I ViewRootImpl@782dd03[LauncherActivity]:   bhv=SHOW_TRANSIENT_BARS_BY_SWIPE
09-23 23:04:40.760  2080  2080 I ViewRootImpl@782dd03[LauncherActivity]:   fitSides= screenDimDuration=200000 naviIconColor=0}
09-23 23:04:40.760 19252 19252 I BSS_SysUiManager: handleMessage = 9, 3, 7609
09-23 23:04:40.761 19252 19252 I BSS_SysUiManager: handleMessage = 9, 4, 7703
09-23 23:04:40.761 19252 19252 I BSS_SysUiManager: handleMessage = 9, 4, 7609
09-23 23:04:40.760 20383 20417 D OpenGLRenderer: setSurface called with nullptr
09-23 23:04:40.761  1186  1322 V WindowManager: Relayout Window{2961ae6 u0 com.sec.android.app.launcher/com.sec.android.app.launcher.activities.LauncherActivity}: viewVisibility=0 req=1080x2400 d0
09-23 23:04:40.761 20383 20383 I ViewRootImpl@214bddb[InstrumentationActivityInvoker$EmptyActivity]: dispatchDetachedFromWindow
09-23 23:04:40.761   871   917 I SurfaceFlinger: id=38731 createSurf flag=40004, com.sec.android.app.launcher/com.sec.android.app.launcher.activities.LauncherActivity$_2080#38731
09-23 23:04:40.763  2080  2334 I LiveIconUpdateEventHandler: setMinuteChangeAlarm Sat Sep 23 23:05:00 GMT+04:00 2023
09-23 23:04:40.764  2633  2633 E pageboostd: Received HALT command code 2
09-23 23:04:40.764  1186  2162 D InputTransport: Input channel destroyed: '97415c1', fd=999
09-23 23:04:40.764  1186  2162 W InputManager-JNI: Input channel object '97415c1 com.example.dogglers/androidx.test.core.app.InstrumentationActivityInvoker$EmptyActivity (client)' was disposed without first being removed with the input manager!
09-23 23:04:40.764  1186  2162 D InputTransport: Input channel destroyed: '97415c1', fd=1007
09-23 23:04:40.765  2080  2334 I LiveIconViewUpdater: onUpdateLiveIcon - id : 73, itemType : 0
09-23 23:04:40.765  1186  1322 V WindowManager: Relayout hash=2961ae6, pid=2080, syncId=-1: mAttrs={(0,0)(fillxfill) sim={adjust=nothing forwardNavigation} layoutInDisplayCutoutMode=shortEdges ty=BASE_APPLICATION fmt=TRANSPARENT wanim=0x10302f4
09-23 23:04:40.765  1186  1322 V WindowManager:   fl=81910100
09-23 23:04:40.765  1186  1322 V WindowManager:   pfl=1e020040
09-23 23:04:40.765  1186  1322 V WindowManager:   vsysui=1700
09-23 23:04:40.765  1186  1322 V WindowManager:   bhv=SHOW_TRANSIENT_BARS_BY_SWIPE
