09-23 23:04:08.836   795 20523 I HYPER-HAL: [RequestManager.cpp]releaseLocked(): Released ID : 724223
09-23 23:04:09.102   859   960 I EDEN    : [Exynos][EDEN][v1.6.21][SERVICE] processAliveMointorMain:253: Try to check pid=(818)...
09-23 23:04:09.214  1033  1530 I bauth_FPBAuthService: pcf : 0x1012, 0 ,1 ,0 ,0 ,0 ,0, 7.0.0.0
09-23 23:04:09.214  1033  1530 I bauth_FPBAuthService: thread id : 1, preenroll_flag : 0, nd cnt : 0, cso : 0, et : 0
09-23 23:04:09.214  1033  1530 I bauth_FPBAuthService: FPBAuthService, 11416
09-23 23:04:09.647 28768 28768 I ResourceOverlayService_0: waitAndQuit called
09-23 23:04:09.648 28768 28768 I ResourceOverlayService_0: activity user id 0 process id 0
09-23 23:04:10.214  1033  1530 I bauth_FPBAuthService: pcf : 0x1012, 0 ,1 ,0 ,0 ,0 ,0, 7.0.0.0
09-23 23:04:10.215  1033  1530 I bauth_FPBAuthService: thread id : 1, preenroll_flag : 0, nd cnt : 0, cso : 0, et : 0
09-23 23:04:10.215  1033  1530 I bauth_FPBAuthService: FPBAuthService, 11416
09-23 23:04:10.330   795 20537 I HYPER-HAL: [RequestManager.cpp]releaseLocked(): Released ID : 1752256
09-23 23:04:10.463 20383 20383 W RootViewPicker: No activity currently resumed - waiting: 30000ms for one to appear.
09-23 23:04:10.651 28768 28768 I ResourceOverlayService_0: waitAndQuit called
09-23 23:04:10.654 28768 28768 I ResourceOverlayService_0: activity user id 0 process id 0
09-23 23:04:11.215  1033  1530 I bauth_FPBAuthService: pcf : 0x1012, 0 ,1 ,0 ,0 ,0 ,0, 7.0.0.0
09-23 23:04:11.216  1033  1530 I bauth_FPBAuthService: thread id : 1, preenroll_flag : 0, nd cnt : 0, cso : 0, et : 0
09-23 23:04:11.216  1033  1530 I bauth_FPBAuthService: FPBAuthService, 11416
09-23 23:04:11.538   795 20524 I HYPER-HAL: [RequestManager.cpp]releaseLocked(): Released ID : 8801128
09-23 23:04:11.657 28768 28768 I ResourceOverlayService_0: waitAndQuit called
09-23 23:04:11.658 28768 28768 I ResourceOverlayService_0: activity user id 0 process id 0
09-23 23:04:12.216  1033  1530 I bauth_FPBAuthService: pcf : 0x1012, 0 ,1 ,0 ,0 ,0 ,0, 7.0.0.0
09-23 23:04:12.217  1033  1530 I bauth_FPBAuthService: thread id : 1, preenroll_flag : 0, nd cnt : 0, cso : 0, et : 0
09-23 23:04:12.217  1033  1530 I bauth_FPBAuthService: FPBAuthService, 11416
09-23 23:04:12.661 28768 28768 I ResourceOverlayService_0: waitAndQuit called
09-23 23:04:12.663 28768 28768 I ResourceOverlayService_0: activity user id 0 process id 0
09-23 23:04:13.217  1033  1530 I bauth_FPBAuthService: pcf : 0x1012, 0 ,1 ,0 ,0 ,0 ,0, 7.0.0.0
09-23 23:04:13.217  1033  1530 I bauth_FPBAuthService: thread id : 1, preenroll_flag : 0, nd cnt : 0, cso : 0, et : 0
09-23 23:04:13.217  1033  1530 I bauth_FPBAuthService: FPBAuthService, 11416
09-23 23:04:13.238   785   785 I android.hardware.health@2.1-service-samsung: updateLrpSysfs: write: 331
09-23 23:04:13.246  1186  1377 D MotionRecognitionService: [SAR]  onReceive : ACTION_BATTERY_CHANGED, Plugged: 2
09-23 23:04:13.247  1186  1186 D PhoneWindowManagerExt: ACTION_BATTERY_CHANGED - Level=72, status=2
09-23 23:04:13.250  1186  1186 D SemWifiApBroadcastReceiver: Received : android.intent.action.BATTERY_CHANGED
09-23 23:04:13.252  1575  1575 D SemBigDataInfoController: Intent: android.intent.action.BATTERY_CHANGED
09-23 23:04:13.255  1602  1602 D SamsungBatteryMeterDrawable: onBatteryLevelChanged isSomethingChanged: false
09-23 23:04:13.256  1575  1575 D SemBigDataInfoController: Intent: android.intent.action.BATTERY_CHANGED
09-23 23:04:13.260  1602  1602 D SamsungBatteryMeterDrawable: onBatteryLevelChanged isSomethingChanged: false
09-23 23:04:13.261  1602  1602 D SamsungBatteryMeterDrawable: onBatteryLevelChanged isSomethingChanged: false
09-23 23:04:13.262  1602  1602 D SamsungBatteryMeterDrawable: onBatteryLevelChanged isSomethingChanged: false
09-23 23:04:13.263  1602  1602 I PowerUI : mBootCompleted = true |  mFullyConnected = true
09-23 23:04:13.264  1602  1602 W PowerUI : Plug reason
09-23 23:04:13.264  1602  1602 W PowerUI : Skip charging animation - by plug status
09-23 23:04:13.264  1602 24400 D SecPowerUI.Notification: dismissing low battery warning: level=72
09-23 23:04:13.264  1602  1602 D PowerUI : priorPlugType = 2 mPlugType = 2 priorBatteryStatus = 2 mBatteryStatus = 2
09-23 23:04:13.264  1602  1602 W PowerUI : Plug reason
09-23 23:04:13.264  1602  1602 W PowerUI : Skip charging sound - by plug status
09-23 23:04:13.264  1602  1602 I PowerUI : oldMisalign : false, curMisalign : false
09-23 23:04:13.264  1602 24400 D SecPowerUI.Notification: updateNotification mWarning=false mPlaySound=false
09-23 23:04:13.265  1602 24400 D SecPowerUI.Notification: SecBatteryStatsSnapshot{batteryLevel=72, currentBatteryMode=0, chargingTime=3883000, chargingType=11, batteryHealth=2, automaticTestMode=false, isHiccupState=false}
09-23 23:04:13.268  1602 24400 D SecPowerUI.Notification: 1. restoreScreenTimeOut - saved_value : :
09-23 23:04:13.268  1602 24400 E SecPowerUI.Notification: no saved value, so we do nothing !!
09-23 23:04:13.269  1602  1602 D SecPowerUI.Notification: showChargingNotice oldChargingType : 11 / currentChargingType : 11, oldChargingTime : 3883000 / mChargingTime : 3822000
09-23 23:04:13.269  1602  1602 D SecPowerUI.Notification: showChargingNotification()
09-23 23:04:13.269  1602  1602 D SecPowerUI.Notification: SecBatteryStatsSnapshot{batteryLevel=72, currentBatteryMode=0, chargingTime=3822000, chargingType=11, batteryHealth=2, automaticTestMode=false, isHiccupState=false}
09-23 23:04:13.275  1186  1745 D ApplicationPolicy: isStatusBarNotificationAllowedAsUser: packageName = com.android.systemui,userId = 0
09-23 23:04:13.276  1186  1745 D ApplicationPolicy: isStatusBarNotificationAllowedAsUser: packageName = com.android.systemui,userId = -1
09-23 23:04:13.276  1186  1745 D ApplicationPolicy: isStatusBarNotificationAllowedAsUser: converting userId from USER_ALLto 0
09-23 23:04:13.279  1602  1602 D PowerUI : Battery swelling mode - priorBatterySwellingMode = 0 mBatterySwellingMode = 0 mBatteryStatus = 2
09-23 23:04:13.279  1602  1602 I PowerUI : mBatteryMiscEvent = 65536
09-23 23:04:13.282  1602  1602 I PowerUI : checkShouldTurnOffProtectBattery : -1, Scheduling start ? : false
09-23 23:04:13.283  1602  1602 I PowerUI : Clear time
09-23 23:04:13.285  1186  1745 D SecContentProvider: query(), uri = 17 selection = isSettingsChangesAllowed
09-23 23:04:13.289  1602  1602 D KeyguardUpdateMonitor: received broadcast android.intent.action.BATTERY_CHANGED
09-23 23:04:13.290  1602  1602 I AODBatteryManager: updateBatteryData: ACTION_BATTERY_CHANGED
09-23 23:04:13.293  1602  1602 I AODBatteryManager: saveBatteryData : AOD BatteryData [mBatteryLevel=72, mBatteryStatus=CHARGING, mBatteryPlugType=USB, mBatteryPlugged=true, mRemainingChargeTime=3822000, mBatteryChargingType=1, mBatteryChargerType=NORMAL, mBatteryOnline=USB, mBatterySwellingMode=NONE, mBatteryProtectMode=false]
09-23 23:04:13.294  1602  1602 I ChargingInfoManager: updateChargingInfo: newState = AOD ChargingInfo [mState=BATTERY_AND_REMAIN_TIME, mIsCharging=true, mIsFullyCharged=false, mIsBatteryProtectMode=false], oldState = AOD ChargingInfo [mState=BATTERY_AND_REMAIN_TIME, mIsCharging=true, mIsFullyCharged=false, mIsBatteryProtectMode=false]
09-23 23:04:13.300  1602  1602 D KeyguardUpdateMonitor: handleBatteryUpdate
09-23 23:04:13.303  1186  1529 D SemInputDeviceManagerService: currentDisplayState[1]:DOZE_SUSPEND(4)
09-23 23:04:13.303  1186  1529 D SemInputDeviceManagerService: EARLY: Logical: DOZE(3) Physical: DOZE(3) [Using: DOZE(3)] displayType: 1
09-23 23:04:13.304   839   839 I sysinput:Touch: activate:96, 3,0 OK
09-23 23:04:13.305   871   871 D SurfaceFlinger: Setting power mode 2 on display 4633128672291735932
09-23 23:04:13.305  1186  1402 D SysinputHAL_V1_3(V1_2): setTspEnable(1),3,true(0)
09-23 23:04:13.306  1186  1529 D SemInputDeviceManagerService: currentDisplayState[1]:DOZE(3)
09-23 23:04:13.306  1186  1529 D SemInputDeviceManagerService: LATE: Logical: DOZE(3) Physical: DOZE(3) [Using: DOZE(3)] displayType: 1
09-23 23:04:13.307   839   839 I sysinput:Touch: activate:96, 3,1 OK
09-23 23:04:13.308  1186  1402 D SysinputHAL_V1_3(V1_2): setTspEnable(1),3,false(0)
09-23 23:04:13.308   871   943 I VSyncReactor: Current= 90, Period= 90, hwcPeriod= 90
09-23 23:04:13.309  1602  1602 D KeyguardSecIndicationPolicy:  add T Event pos = DEFAULT, type =              BATTERY, id =  5139, text =   72%
09-23 23:04:13.309  1602  1602 D KeyguardSecIndicationPolicy: 1 h 3 m until full, duration = 3000
09-23 23:04:13.311  1602  1602 D KeyguardSecIndicationPolicy:   update top pos = DEFAULT, item = [id=5138|ty=OWNER_INFO|pr=30|txt=Call 0913380001|ti=duration=PERSISTENT|an=false] -> [id=5139|ty=BATTERY|pr=40|txt=  72%
09-23 23:04:13.311  1602  1602 D KeyguardSecIndicationPolicy: 1 h 3 m until full|ti=duration=3000|an=false]
09-23 23:04:13.311  1602  1602 D KeyguardSecIndicationController: onIndicationChanged() return - keyguard is not visible, pos = DEFAULT, item = [id=5139|ty=BATTERY|pr=40|txt=  72%
09-23 23:04:13.311  1602  1602 D KeyguardSecIndicationController: 1 h 3 m until full|ti=duration=3000|an=false]
09-23 23:04:13.312  1602  1602 D KeyguardSecIndicationPolicy: update Event pos = DEFAULT, type =      BATTERY_RESTING, id =  5140, text =   72%
09-23 23:04:13.312  1602  1602 D KeyguardSecIndicationPolicy: 1 h 3 m until full
09-23 23:04:13.313  1602  1602 D KeyguardSecIndicationPolicy: update Event pos = DEFAULT, type =           OWNER_INFO, id =  5141, text = Call 0913380001
09-23 23:04:13.313  1602  1602 D KeyguardSecIndicationController: addBatteryAndOwnerInfoIndication() battery status = BatteryStatus{status=2,level=72,plugged=2,health=2,maxChargingWattage=-1,remaining=3822000ultraFastCharger=0}
09-23 23:04:13.313  1602  1602 I ChargingInfoView: handleMessage: MSG_SHOW_CHARGING_INFO
09-23 23:04:13.313  1602  1602 I BottomChargingInfoView: updateContents: BATTERY_AND_REMAIN_TIME
09-23 23:04:13.313  1602  1602 I AOD_WAKELOCK@WakeLockManager: acquireIfExists: tag - charging_info, timeout - 1000, reason - Charging Info is showing, delay by 500, wakeLock = WakeLock{45c8104 held=false, refCount=0}
09-23 23:04:13.315 19252 19252 I BSS_SysUiClient: handleDisplayChanged: 3
09-23 23:04:13.317 24562 24562 I NearbyDiscovery: (REDACTED) FastPairDisplayObserver: %s -> %s
09-23 23:04:13.318 24562 24562 I NearbyDirect: (REDACTED) FastPairDisplayObserver: %s -> %s
09-23 23:04:13.319  1602  1602 I ChargingInfoManager: getDeviceRemainingTime: 1 h 3 m until full
09-23 23:04:13.320  1602  1602 I AbsChargingInfoComponent: setVisibilityWithAnim: skipped true
09-23 23:04:13.320  1602  1602 I MODManager: onShow ChargingInfoOnlyContainer
09-23 23:04:13.328  1602  1602 I FaceWidgetPositionAlgorithm: getClockContainerHeight() supplier = 290, bottom margin = 68, real height = 358
09-23 23:04:13.328  1602  1602 I FaceWidgetPositionAlgorithm: getMediaContainerHeight() height = 241 container Visibility = 8, isValid = false, mIsDozing = false, fraction = 1.0, source = 0, target = 0
09-23 23:04:13.328  1602  1602 I FaceWidgetPositionAlgorithm: getMediaContainerHeight() supplier = 0
09-23 23:04:13.328  1602  1602 I FaceWidgetPositionAlgorithm: getClockContainerHeight() supplier = 290, bottom margin = 0, real height = 358
09-23 23:04:13.331  1602  1602 I FaceWidgetPositionAlgorithm: getClockContainerHeight() supplier = 290, bottom margin = 68, real height = 358
09-23 23:04:13.331  1602  1602 I FaceWidgetPositionAlgorithm: getMediaContainerHeight() height = 241 container Visibility = 8, isValid = false, mIsDozing = false, fraction = 1.0, source = 0, target = 0
09-23 23:04:13.331  1602  1602 I FaceWidgetPositionAlgorithm: getMediaContainerHeight() supplier = 0
09-23 23:04:13.331  1602  1602 I FaceWidgetPositionAlgorithm: getClockContainerHeight() supplier = 290, bottom margin = 0, real height = 358
09-23 23:04:13.336  1602  1602 I ResourceType: [SWT] Success lookup value directly, data = 0x010607cc
09-23 23:04:13.336  1602  1602 I ResourceType: [SWT] Success lookup value directly, data = 0x010607cc
09-23 23:04:13.336  1602  1602 I ResourceType: [SWT] Success lookup value directly, data = 0x010607cc
09-23 23:04:13.337  1602  1602 I ResourceType: [SWT] Success lookup value directly, data = 0x010607cc
09-23 23:04:13.342  1602  1602 D DisplayLifecycle: updateDisplay id = 0
09-23 23:04:13.361   871   871 D SurfaceFlinger: GPIS:: requestGPIS
09-23 23:04:13.496  1602  1602 D InterruptionStateProvider: Group alert behavior is suppressed but we want to alert bubble
09-23 23:04:13.496  1602  1602 D InterruptionStateProvider: Group alert behavior is suppressed but we want to alert bubble
09-23 23:04:13.496  1602  1602 D InterruptionStateProvider: Group alert behavior is suppressed but we want to alert bubble
09-23 23:04:13.497  2080  2080 I Launcher.NotificationListener: onNotificationPosted : com.android.systemui number : 0
09-23 23:04:13.538  1602  1602 I FaceWidgetPositionAlgorithm: getClockContainerHeight() supplier = 290, bottom margin = 68, real height = 358
09-23 23:04:13.539  1602  1602 I FaceWidgetPositionAlgorithm: getMediaContainerHeight() height = 241 container Visibility = 8, isValid = false, mIsDozing = false, fraction = 1.0, source = 0, target = 0
09-23 23:04:13.539  1602  1602 I FaceWidgetPositionAlgorithm: getMediaContainerHeight() supplier = 0
09-23 23:04:13.539  1602  1602 I FaceWidgetPositionAlgorithm: getClockContainerHeight() supplier = 290, bottom margin = 0, real height = 358
09-23 23:04:13.543  1602  1602 I FaceWidgetPositionAlgorithm: getClockContainerHeight() supplier = 290, bottom margin = 68, real height = 358
09-23 23:04:13.543  1602  1602 I FaceWidgetPositionAlgorithm: getMediaContainerHeight() height = 241 container Visibility = 8, isValid = false, mIsDozing = false, fraction = 1.0, source = 0, target = 0
09-23 23:04:13.543  1602  1602 I FaceWidgetPositionAlgorithm: getMediaContainerHeight() supplier = 0
09-23 23:04:13.544  1602  1602 I FaceWidgetPositionAlgorithm: getClockContainerHeight() supplier = 290, bottom margin = 0, real height = 358
09-23 23:04:13.550  1602  1602 I ResourceType: [SWT] Success lookup value directly, data = 0x010607cc
09-23 23:04:13.550  1602  1602 I ResourceType: [SWT] Success lookup value directly, data = 0x010607cc
09-23 23:04:13.551  1602  1602 I ResourceType: [SWT] Success lookup value directly, data = 0x010607cc
09-23 23:04:13.551  1602  1602 I ResourceType: [SWT] Success lookup value directly, data = 0x010607cc
09-23 23:04:13.666 28768 28768 I ResourceOverlayService_0: waitAndQuit called
09-23 23:04:13.667 28768 28768 I ResourceOverlayService_0: activity user id 0 process id 0
09-23 23:04:13.697  1602  1602 D BubblesManager: onEntryUpdated : shouldBubbleUp=true ,key=-1|com.android.systemui|2131428973|charging_state|10051
09-23 23:04:13.697  1602  1651 W Bubbles : Unable to create bubble -- no intent: -1|com.android.systemui|2131428973|charging_state|10051
09-23 23:04:13.699  1602  1602 D InterruptionStateProvider:  no Heads up : edgelighting enabled app. -1|com.android.systemui|2131428973|charging_state|10051
09-23 23:04:13.751  1602  1602 I FaceWidgetPositionAlgorithm: getClockContainerHeight() supplier = 290, bottom margin = 68, real height = 358
09-23 23:04:13.751  1602  1602 I FaceWidgetPositionAlgorithm: getMediaContainerHeight() height = 241 container Visibility = 8, isValid = false, mIsDozing = false, fraction = 1.0, source = 0, target = 0
09-23 23:04:13.751  1602  1602 I FaceWidgetPositionAlgorithm: getMediaContainerHeight() supplier = 0
09-23 23:04:13.751  1602  1602 I FaceWidgetPositionAlgorithm: getClockContainerHeight() supplier = 290, bottom margin = 0, real height = 358
09-23 23:04:13.755  1602  1602 I FaceWidgetPositionAlgorithm: getClockContainerHeight() supplier = 290, bottom margin = 68, real height = 358
09-23 23:04:13.755  1602  1602 I FaceWidgetPositionAlgorithm: getMediaContainerHeight() height = 241 container Visibility = 8, isValid = false, mIsDozing = false, fraction = 1.0, source = 0, target = 0
09-23 23:04:13.755  1602  1602 I FaceWidgetPositionAlgorithm: getMediaContainerHeight() supplier = 0
09-23 23:04:13.755  1602  1602 I FaceWidgetPositionAlgorithm: getClockContainerHeight() supplier = 290, bottom margin = 0, real height = 358
09-23 23:04:13.762  1602  1602 I ResourceType: [SWT] Success lookup value directly, data = 0x010607cc
09-23 23:04:13.763  1602  1602 I ResourceType: [SWT] Success lookup value directly, data = 0x010607cc
09-23 23:04:13.763  1602  1602 I ResourceType: [SWT] Success lookup value directly, data = 0x010607cc
09-23 23:04:13.763  1602  1602 I ResourceType: [SWT] Success lookup value directly, data = 0x010607cc
09-23 23:04:13.847  1602  1602 I FaceWidgetPositionAlgorithm: getClockContainerHeight() supplier = 290, bottom margin = 68, real height = 358
09-23 23:04:13.848  1602  1602 I FaceWidgetPositionAlgorithm: getMediaContainerHeight() height = 241 container Visibility = 8, isValid = false, mIsDozing = false, fraction = 1.0, source = 0, target = 0
09-23 23:04:13.848  1602  1602 I FaceWidgetPositionAlgorithm: getMediaContainerHeight() supplier = 0
09-23 23:04:13.848  1602  1602 I FaceWidgetPositionAlgorithm: getClockContainerHeight() supplier = 290, bottom margin = 0, real height = 358
09-23 23:04:13.851  1602  1602 I FaceWidgetPositionAlgorithm: getClockContainerHeight() supplier = 290, bottom margin = 68, real height = 358
09-23 23:04:13.851  1602  1602 I FaceWidgetPositionAlgorithm: getMediaContainerHeight() height = 241 container Visibility = 8, isValid = false, mIsDozing = false, fraction = 1.0, source = 0, target = 0
09-23 23:04:13.851  1602  1602 I FaceWidgetPositionAlgorithm: getMediaContainerHeight() supplier = 0
09-23 23:04:13.851  1602  1602 I FaceWidgetPositionAlgorithm: getClockContainerHeight() supplier = 290, bottom margin = 0, real height = 358
09-23 23:04:13.857  1602  1602 I ResourceType: [SWT] Success lookup value directly, data = 0x010607cc
09-23 23:04:13.858  1602  1602 I ResourceType: [SWT] Success lookup value directly, data = 0x010607cc
09-23 23:04:13.858  1602  1602 I ResourceType: [SWT] Success lookup value directly, data = 0x010607cc
09-23 23:04:13.858  1602  1602 I ResourceType: [SWT] Success lookup value directly, data = 0x010607cc
09-23 23:04:14.103   859   960 I EDEN    : [Exynos][EDEN][v1.6.21][SERVICE] processAliveMointorMain:253: Try to check pid=(818)...
09-23 23:04:14.218  1033  1530 I bauth_FPBAuthService: pcf : 0x1012, 0 ,1 ,0 ,0 ,0 ,0, 7.0.0.0
09-23 23:04:14.218  1033  1530 I bauth_FPBAuthService: thread id : 1, preenroll_flag : 0, nd cnt : 0, cso : 0, et : 0
09-23 23:04:14.218  1033  1530 I bauth_FPBAuthService: FPBAuthService, 11416
09-23 23:04:14.325  1186  1529 D SemInputDeviceManagerService: currentDisplayState[1]:DOZE(3)
09-23 23:04:14.325  1186  1529 D SemInputDeviceManagerService: EARLY: Logical: DOZE_SUSPEND(4) Physical: DOZE_SUSPEND(4) [Using: DOZE_SUSPEND(4)] displayType: 1
09-23 23:04:14.328   839   839 I sysinput:Touch: activate:96, 4,0 OK
09-23 23:04:14.328   871   871 D SurfaceFlinger: Setting power mode 2 on display 4633128672291735932
09-23 23:04:14.329  1186  1529 D SemInputDeviceManagerService: currentDisplayState[1]:DOZE_SUSPEND(4)
09-23 23:04:14.329  1186  1529 D SemInputDeviceManagerService: LATE: Logical: DOZE_SUSPEND(4) Physical: DOZE_SUSPEND(4) [Using: DOZE_SUSPEND(4)] displayType: 1
09-23 23:04:14.330  1186  1402 D SysinputHAL_V1_3(V1_2): setTspEnable(1),4,true(0)
09-23 23:04:14.331   839   839 I sysinput:Touch: activate:96, 4,1 OK
09-23 23:04:14.333  1186  1402 D SysinputHAL_V1_3(V1_2): setTspEnable(1),4,false(0)
09-23 23:04:14.337 19252 19252 I BSS_SysUiClient: handleDisplayChanged: 4
09-23 23:04:14.342 24562 24562 I NearbyDiscovery: (REDACTED) FastPairDisplayObserver: %s -> %s
09-23 23:04:14.343  1602  1602 D DisplayLifecycle: updateDisplay id = 0
09-23 23:04:14.345 24562 24562 I NearbyDirect: (REDACTED) FastPairDisplayObserver: %s -> %s
09-23 23:04:14.403   871  2487 D NativeSemDvfsManager: acquire:: timeout = 2000 mIsAcquired = 1  mTagName : SurfaceFlinger
09-23 23:04:14.405   871  2487 E NativeCustomFrequencyManager: [NativeCFMS] BpCustomFrequencyManager::acquire()
09-23 23:04:14.405   795   875 I HYPER-HAL: [RequestManager.cpp]acquire(): Acquired ID : 1752256  [871 / 1000]    HINT : SF_GPU_MINLOCK    list : [TIMEOUT / 2000]
09-23 23:04:14.670 28768 28768 I ResourceOverlayService_0: waitAndQuit called
09-23 23:04:14.672 28768 28768 I ResourceOverlayService_0: activity user id 0 process id 0
09-23 23:04:15.219  1033  1530 I bauth_FPBAuthService: pcf : 0x1012, 0 ,1 ,0 ,0 ,0 ,0, 7.0.0.0
09-23 23:04:15.219  1033  1530 I bauth_FPBAuthService: thread id : 1, preenroll_flag : 0, nd cnt : 0, cso : 0, et : 0
09-23 23:04:15.219  1033  1530 I bauth_FPBAuthService: FPBAuthService, 11416
09-23 23:04:15.675 28768 28768 I ResourceOverlayService_0: waitAndQuit called
09-23 23:04:15.677 28768 28768 I ResourceOverlayService_0: activity user id 0 process id 0
09-23 23:04:16.220  1033  1530 I bauth_FPBAuthService: pcf : 0x1012, 0 ,1 ,0 ,0 ,0 ,0, 7.0.0.0
09-23 23:04:16.220  1033  1530 I bauth_FPBAuthService: thread id : 1, preenroll_flag : 0, nd cnt : 0, cso : 0, et : 0
09-23 23:04:16.220  1033  1530 I bauth_FPBAuthService: FPBAuthService, 11416
09-23 23:04:16.315  1602  1602 D KeyguardSecIndicationPolicy:  remove Item pos = DEFAULT                             , id =  5139,
09-23 23:04:16.316  1602  1602 D KeyguardSecIndicationPolicy:   update top pos = DEFAULT, item = [id=5139|ty=BATTERY|pr=40|txt=  72%
09-23 23:04:16.316  1602  1602 D KeyguardSecIndicationPolicy: 1 h 3 m until full|ti=duration=3000|an=false] -> [id=5141|ty=OWNER_INFO|pr=30|txt=Call 0913380001|ti=duration=PERSISTENT|an=false]
09-23 23:04:16.316  1602  1602 D KeyguardSecIndicationController: onIndicationChanged() return - keyguard is not visible, pos = DEFAULT, item = [id=5141|ty=OWNER_INFO|pr=30|txt=Call 0913380001|ti=duration=PERSISTENT|an=false]
09-23 23:04:16.408   795 20539 I HYPER-HAL: [RequestManager.cpp]releaseLocked(): Released ID : 1752256
09-23 23:04:16.588  1186  1255 I NSLocationMonitor: getGPSUsingApps() called
09-23 23:04:16.616  2527 30060 I NSLocationManager_FLP: getGPSUsingApps, NO_FREEZE={5013} / FREEZE={10218, 15010218}
09-23 23:04:16.680 28768 28768 I ResourceOverlayService_0: waitAndQuit called
09-23 23:04:16.682 28768 28768 I ResourceOverlayService_0: activity user id 0 process id 0
09-23 23:04:16.984  1602  1695 D MobileStatusTracker(0/11): onSignalStrengthsChanged level=4, vendorLevel=4
09-23 23:04:16.988  1602  1695 D MobileSignalController(0/11): notifyListener: enabled=true, connected=true, dataConnected=false, networkType=LTE (4G), emergencyOnly=false, roaming=false, isDefault=false, dataActivity=, level=4, ca=false, mmWave=false, disabledDataIcon=false, simCard=ETC
09-23 23:04:16.993  1602  1695 D NetworkController: SignalStrength from intent slotId=0
09-23 23:04:17.220  1033  1530 I bauth_FPBAuthService: pcf : 0x1012, 0 ,1 ,0 ,0 ,0 ,0, 7.0.0.0
09-23 23:04:17.221  1033  1530 I bauth_FPBAuthService: thread id : 1, preenroll_flag : 0, nd cnt : 0, cso : 0, et : 0
09-23 23:04:17.221  1033  1530 I bauth_FPBAuthService: FPBAuthService, 11416
09-23 23:04:17.566   871   943 I VSyncReactor: Current= 90, Period= 90, hwcPeriod= 90
09-23 23:04:17.685 28768 28768 I ResourceOverlayService_0: waitAndQuit called
09-23 23:04:17.686 28768 28768 I ResourceOverlayService_0: activity user id 0 process id 0
09-23 23:04:18.221  1033  1530 I bauth_FPBAuthService: pcf : 0x1012, 0 ,1 ,0 ,0 ,0 ,0, 7.0.0.0
09-23 23:04:18.222  1033  1530 I bauth_FPBAuthService: thread id : 1, preenroll_flag : 0, nd cnt : 0, cso : 0, et : 0
09-23 23:04:18.222  1033  1530 I bauth_FPBAuthService: FPBAuthService, 11416
09-23 23:04:18.283  1602  1602 D SecPowerUI.Notification: showChargingNotice oldChargingType : 11 / currentChargingType : 11, oldChargingTime : 3822000 / mChargingTime : 3822000
09-23 23:04:18.283  1602  1602 D SecPowerUI.Notification: There is no change about charging status, so return!
09-23 23:04:18.688 28768 28768 I ResourceOverlayService_0: waitAndQuit called
09-23 23:04:18.690 28768 28768 I ResourceOverlayService_0: activity user id 0 process id 0
09-23 23:04:19.105   859   960 I EDEN    : [Exynos][EDEN][v1.6.21][SERVICE] processAliveMointorMain:253: Try to check pid=(818)...
09-23 23:04:19.222  1033  1530 I bauth_FPBAuthService: pcf : 0x1012, 0 ,1 ,0 ,0 ,0 ,0, 7.0.0.0
09-23 23:04:19.222  1033  1530 I bauth_FPBAuthService: thread id : 1, preenroll_flag : 0, nd cnt : 0, cso : 0, et : 0
09-23 23:04:19.222  1033  1530 I bauth_FPBAuthService: FPBAuthService, 11416
09-23 23:04:19.692 28768 28768 I ResourceOverlayService_0: waitAndQuit called
09-23 23:04:19.694 28768 28768 I ResourceOverlayService_0: activity user id 0 process id 0
09-23 23:04:20.223  1033  1530 I bauth_FPBAuthService: pcf : 0x1012, 0 ,1 ,0 ,0 ,0 ,0, 7.0.0.0
09-23 23:04:20.223  1033  1530 I bauth_FPBAuthService: thread id : 1, preenroll_flag : 0, nd cnt : 0, cso : 0, et : 0
09-23 23:04:20.223  1033  1530 I bauth_FPBAuthService: FPBAuthService, 11416
09-23 23:04:20.696 28768 28768 I ResourceOverlayService_0: waitAndQuit called
09-23 23:04:20.698 28768 28768 I ResourceOverlayService_0: activity user id 0 process id 0
09-23 23:04:20.823  1602  1695 D MobileStatusTracker(0/11): onSignalStrengthsChanged level=4, vendorLevel=4
09-23 23:04:20.826  1602  1695 D MobileSignalController(0/11): notifyListener: enabled=true, connected=true, dataConnected=false, networkType=LTE (4G), emergencyOnly=false, roaming=false, isDefault=false, dataActivity=, level=4, ca=false, mmWave=false, disabledDataIcon=false, simCard=ETC
09-23 23:04:20.831  1602  1695 D NetworkController: SignalStrength from intent slotId=0
09-23 23:04:21.224  1033  1530 I bauth_FPBAuthService: pcf : 0x1012, 0 ,1 ,0 ,0 ,0 ,0, 7.0.0.0
09-23 23:04:21.224  1033  1530 I bauth_FPBAuthService: thread id : 1, preenroll_flag : 0, nd cnt : 0, cso : 0, et : 0
09-23 23:04:21.224  1033  1530 I bauth_FPBAuthService: FPBAuthService, 11416
09-23 23:04:21.314 29158 29299 I PolicyManager: [#CMH#] Is foreground game app: false
09-23 23:04:21.314 29190 29295 I PolicyManager: [#CMH#] Is foreground game app: false
09-23 23:04:21.701 28768 28768 I ResourceOverlayService_0: waitAndQuit called
09-23 23:04:21.703 28768 28768 I ResourceOverlayService_0: activity user id 0 process id 0
09-23 23:04:22.225  1033  1530 I bauth_FPBAuthService: pcf : 0x1012, 0 ,1 ,0 ,0 ,0 ,0, 7.0.0.0
09-23 23:04:22.225  1033  1530 I bauth_FPBAuthService: thread id : 1, preenroll_flag : 0, nd cnt : 0, cso : 0, et : 0
09-23 23:04:22.225  1033  1530 I bauth_FPBAuthService: FPBAuthService, 11416
09-23 23:04:22.706 28768 28768 I ResourceOverlayService_0: waitAndQuit called
09-23 23:04:22.707 28768 28768 I ResourceOverlayService_0: activity user id 0 process id 0
09-23 23:04:23.226  1033  1530 I bauth_FPBAuthService: pcf : 0x1012, 0 ,1 ,0 ,0 ,0 ,0, 7.0.0.0
09-23 23:04:23.226  1033  1530 I bauth_FPBAuthService: thread id : 1, preenroll_flag : 0, nd cnt : 0, cso : 0, et : 0
09-23 23:04:23.227  1033  1530 I bauth_FPBAuthService: FPBAuthService, 11416
09-23 23:04:23.330   785   785 I android.hardware.health@2.1-service-samsung: updateLrpSysfs: write: 331
09-23 23:04:23.338  1186  1377 D MotionRecognitionService: [SAR]  onReceive : ACTION_BATTERY_CHANGED, Plugged: 2
09-23 23:04:23.339  1186  1186 D PhoneWindowManagerExt: ACTION_BATTERY_CHANGED - Level=72, status=2
09-23 23:04:23.342  1186  1186 D SemWifiApBroadcastReceiver: Received : android.intent.action.BATTERY_CHANGED
09-23 23:04:23.345  1602  1602 D SamsungBatteryMeterDrawable: onBatteryLevelChanged isSomethingChanged: false
09-23 23:04:23.345  1575  1575 D SemBigDataInfoController: Intent: android.intent.action.BATTERY_CHANGED
09-23 23:04:23.346  1602  1602 D SamsungBatteryMeterDrawable: onBatteryLevelChanged isSomethingChanged: false
09-23 23:04:23.347  1602  1602 D SamsungBatteryMeterDrawable: onBatteryLevelChanged isSomethingChanged: false
09-23 23:04:23.347  1575  1575 D SemBigDataInfoController: Intent: android.intent.action.BATTERY_CHANGED
09-23 23:04:23.347  1602  1602 D SamsungBatteryMeterDrawable: onBatteryLevelChanged isSomethingChanged: false
09-23 23:04:23.349  1602  1602 I PowerUI : mBootCompleted = true |  mFullyConnected = true
09-23 23:04:23.349  1602 24249 D SecPowerUI.Notification: dismissing low battery warning: level=72
09-23 23:04:23.350  1602 24249 D SecPowerUI.Notification: updateNotification mWarning=false mPlaySound=false
09-23 23:04:23.350  1602  1602 W PowerUI : Plug reason
09-23 23:04:23.350  1602  1602 W PowerUI : Skip charging animation - by plug status
09-23 23:04:23.350  1602 24249 D SecPowerUI.Notification: SecBatteryStatsSnapshot{batteryLevel=72, currentBatteryMode=0, chargingTime=3822000, chargingType=11, batteryHealth=2, automaticTestMode=false, isHiccupState=false}
09-23 23:04:23.351  1602  1602 D PowerUI : priorPlugType = 2 mPlugType = 2 priorBatteryStatus = 2 mBatteryStatus = 2
09-23 23:04:23.351  1602  1602 W PowerUI : Plug reason
09-23 23:04:23.351  1602  1602 W PowerUI : Skip charging sound - by plug status
09-23 23:04:23.351  1602  1602 I PowerUI : oldMisalign : false, curMisalign : false
09-23 23:04:23.353  1602 24249 D SecPowerUI.Notification: 1. restoreScreenTimeOut - saved_value : :
09-23 23:04:23.353  1602 24249 E SecPowerUI.Notification: no saved value, so we do nothing !!
09-23 23:04:23.354  1602  1602 D SecPowerUI.Notification: showChargingNotice oldChargingType : 11 / currentChargingType : 11, oldChargingTime : 3822000 / mChargingTime : 3822000
09-23 23:04:23.354  1602  1602 D SecPowerUI.Notification: There is no change about charging status, so return!
09-23 23:04:23.354  1602  1602 D PowerUI : Battery swelling mode - priorBatterySwellingMode = 0 mBatterySwellingMode = 0 mBatteryStatus = 2
09-23 23:04:23.355  1602  1602 I PowerUI : mBatteryMiscEvent = 65536
09-23 23:04:23.357  1602  1602 I PowerUI : checkShouldTurnOffProtectBattery : -1, Scheduling start ? : false
09-23 23:04:23.357  1602  1602 I PowerUI : Clear time
09-23 23:04:23.359  1186  1322 D SecContentProvider: query(), uri = 17 selection = isSettingsChangesAllowed
09-23 23:04:23.362  1602  1602 D KeyguardUpdateMonitor: received broadcast android.intent.action.BATTERY_CHANGED
09-23 23:04:23.362  1602  1602 I AODBatteryManager: updateBatteryData: ACTION_BATTERY_CHANGED
09-23 23:04:23.366  1602  1602 I AODBatteryManager: saveBatteryData : AOD BatteryData [mBatteryLevel=72, mBatteryStatus=CHARGING, mBatteryPlugType=USB, mBatteryPlugged=true, mRemainingChargeTime=3822000, mBatteryChargingType=1, mBatteryChargerType=NORMAL, mBatteryOnline=USB, mBatterySwellingMode=NONE, mBatteryProtectMode=false]
09-23 23:04:23.366  1602  1602 D KeyguardUpdateMonitor: handleBatteryUpdate
09-23 23:04:23.709 28768 28768 I ResourceOverlayService_0: waitAndQuit called
09-23 23:04:23.711 28768 28768 I ResourceOverlayService_0: activity user id 0 process id 0
09-23 23:04:24.107   859   960 I EDEN    : [Exynos][EDEN][v1.6.21][SERVICE] processAliveMointorMain:253: Try to check pid=(818)...
09-23 23:04:24.227  1033  1530 I bauth_FPBAuthService: pcf : 0x1012, 0 ,1 ,0 ,0 ,0 ,0, 7.0.0.0
09-23 23:04:24.227  1033  1530 I bauth_FPBAuthService: thread id : 1, preenroll_flag : 0, nd cnt : 0, cso : 0, et : 0
09-23 23:04:24.227  1033  1530 I bauth_FPBAuthService: FPBAuthService, 11416
09-23 23:04:24.228 29480 29510 I ContactsProvider_EventLog: cp_s: [CONTACT con(648) dat(7773) acc({google(6)=176, sec(8)=156, google(23)=4, google(3)=456, im.thebot.messenger(57)=133, org.telegram.messenger(60)=297, com.whatsapp(7)=393}) trash_acc([.google:1])  trash(1) calls([logtype:100 cnt:1634, logtype:1000 cnt:366]) Iso(AE) uId(0) ]
09-23 23:04:24.228 29480 29510 I ContactsProvider_EventLog: cp_s: [ agr({[6 ,3]=50, [6 ,3 ,7 ,57 ,60 ,7]=1, [3 ,57]=4, [60]=11, [8 ,60]=3, [6 ,3 ,3 ,3 ,7 ,60 ,60]=1, [3 ,3 ,7 ,57 ,60]=1, [8 ,7 ,7 ,60 ,60]=1, [3 ,7 ,57 ,60]=15, [6 ,3 ,7]=23, [8 ,7 ,57 ,7]=1, [3 ,7 ,60 ,57]=3, [6 ,3 ,3 ,3 ,60]=1, [8 ,7 ,57]=7, [6 ,3 ,7 ,57 ,60]=19, [6 ,3 ,3 ,7 ,60]=2, [8 ,7]=63, [3]=75, [3 ,7 ,7]=3, [6 ,3 ,7 ,7 ,60 ,60 ,60]=1, [60 ,60 ,60]=1, [3 ,60]=33, [6 ,3 ,7 ,7 ,57 ,60]=1, [6 ,3 ,7 ,7 ,57 ,57 ,60 ,60 ,60]=1, [6 ,3 ,7 ,57 ,7]=1, [7 ,8]=1, [6 ,3 ,7 ,7 ,60]=3, [8 ,7 ,57 ,60]=8, [8 ,7 ,60]=28, [3 ,7 ,7 ,60]=1, [3 ,7 ,57 ,60 ,60]=1, [3 ,57 ,60]=2, [6 ,3 ,3 ,7 ,57 ,60]=2, [8 ,57 ,60 ,7]=1, [8]=35, [6 ,3 ,57]=4, [6 ,3 ,3 ,3 ,7 ,57 ,60 ,60]=1, [6 ,3 ,7 ,60 ,7]=1, [6 ,3 ,7 ,57 ,60 ,60]=1, [3 ,23]=4, [3 ,7 ,57 ,7 ,60]=1, [6 ,3 ,7 ,60]=44, [8 ,57 ,60 ,60]=1, [8 ,57 ,7 ,57]=1, [8 ,8 ,7 ,60]=1, [57 ,60]=13, [6 ,3 ,7 ,7 ,57 ,60 ,60]=1, [3 ,7 ,60]=60, [3 ,3]=1, [8 ,7 ,7]=3, [3 ,3 ,3 ,7 ,7 ,60 ,60]=1, [57]=25, [6 ,3 ,60]=11, [3 ,7]=53, [57 ,60 ,60]=1, [8 ,57]=1, [6 ,3 ,60 ,60]=1, [3 ,7 ,7 ,60 ,60]=1, [3 ,7 ,57]=7, [6 ,3 ,7 ,57]=6}) ]
09-23 23:04:24.228 29480 29510 I ContactsProvider_EventLog: cp_s: [ cnt({acore(29480)=1}) ]
09-23 23:04:24.228 29480 29510 I ContactsProvider_EventLog: cp_s: [PROFILE ] [SAPROFILE ]
09-23 23:04:24.228 29480 29510 I ContactsProvider_EventLog: cp_s: [STATE R(F) ]
09-23 23:04:24.714 28768 28768 I ResourceOverlayService_0: waitAndQuit called
09-23 23:04:24.716 28768 28768 I ResourceOverlayService_0: activity user id 0 process id 0
09-23 23:04:25.228  1033  1530 I bauth_FPBAuthService: pcf : 0x1012, 0 ,1 ,0 ,0 ,0 ,0, 7.0.0.0
09-23 23:04:25.228  1033  1530 I bauth_FPBAuthService: thread id : 1, preenroll_flag : 0, nd cnt : 0, cso : 0, et : 0
09-23 23:04:25.228  1033  1530 I bauth_FPBAuthService: FPBAuthService, 11416
09-23 23:04:25.719 28768 28768 I ResourceOverlayService_0: waitAndQuit called
09-23 23:04:25.720 28768 28768 I ResourceOverlayService_0: activity user id 0 process id 0
09-23 23:04:26.229  1033  1530 I bauth_FPBAuthService: pcf : 0x1012, 0 ,1 ,0 ,0 ,0 ,0, 7.0.0.0
09-23 23:04:26.229  1033  1530 I bauth_FPBAuthService: thread id : 1, preenroll_flag : 0, nd cnt : 0, cso : 0, et : 0
09-23 23:04:26.229  1033  1530 I bauth_FPBAuthService: FPBAuthService, 11416
09-23 23:04:26.724 28768 28768 I ResourceOverlayService_0: waitAndQuit called
09-23 23:04:26.725 28768 28768 I ResourceOverlayService_0: activity user id 0 process id 0
09-23 23:04:27.074  1186  1322 D PackageManager: setEnabledSetting : userId = 0 packageName = com.whatsapp cmp = androidx.work.impl.background.systemalarm.RescheduleReceiver newState = 1 callingPackage = 10310/com.whatsapp
09-23 23:04:27.075  1186  1322 D ApplicationPolicy: getApplicationStateEnabled : pkg = com.whatsapp userId : 0
09-23 23:04:27.078  1186  1322 D ApplicationPolicy: getApplicationComponentState : pkg = com.whatsapp userId : 0
09-23 23:04:27.081 19300 19366 D WM-PackageManagerHelper: androidx.work.impl.background.systemalarm.RescheduleReceiver enabled
09-23 23:04:27.099 19300 19366 D WM-SystemJobScheduler: Scheduling work ID 06cb7bba-9b6f-443f-a2eb-3286f7598a34Job ID 25091
09-23 23:04:27.118 19300 19300 D WM-SystemJobService: onStartJob for WorkGenerationalId(workSpecId=06cb7bba-9b6f-443f-a2eb-3286f7598a34, generation=0)
09-23 23:04:27.123 19300 19366 D WM-GreedyScheduler: Starting tracking for 06cb7bba-9b6f-443f-a2eb-3286f7598a34
09-23 23:04:27.124 19300 19366 D WM-WorkConstraintsTrack: Constraints met for {WorkSpec: f6131a9d-9f49-4f48-95b5-d47be027db40}
09-23 23:04:27.124 19300 19366 D WM-WorkConstraintsTrack: Constraints met for {WorkSpec: 06cb7bba-9b6f-443f-a2eb-3286f7598a34}
09-23 23:04:27.124 19300 19366 D WM-GreedyScheduler: Constraints met: Scheduling work ID WorkGenerationalId(workSpecId=06cb7bba-9b6f-443f-a2eb-3286f7598a34, generation=0)
09-23 23:04:27.124 19300 19366 D WM-WorkerWrapper: com.whatsapp.messaging.xmpp.XmppLifecycleWorker returned a Success {mOutputData=Data {}}.
09-23 23:04:27.129 19300 19366 I WM-WorkerWrapper: Worker result SUCCESS for Work [ id=f6131a9d-9f49-4f48-95b5-d47be027db40, tags={ com.whatsapp.messaging.xmpp.XmppLifecycleWorker } ]
09-23 23:04:27.137 19300 19300 D WM-Processor: 0f0 f6131a9d-9f49-4f48-95b5-d47be027db40 executed; reschedule = false
09-23 23:04:27.138 19300 19300 D WM-GreedyScheduler: Stopping tracking for WorkGenerationalId(workSpecId=f6131a9d-9f49-4f48-95b5-d47be027db40, generation=0)
09-23 23:04:27.138 19300 19300 D WM-WorkConstraintsTrack: Constraints met for {WorkSpec: 06cb7bba-9b6f-443f-a2eb-3286f7598a34}
09-23 23:04:27.138 19300 19300 D WM-SystemJobService: f6131a9d-9f49-4f48-95b5-d47be027db40 executed on JobScheduler
09-23 23:04:27.150 19300 19366 D WM-GreedyScheduler: Cancelling work ID f6131a9d-9f49-4f48-95b5-d47be027db40
09-23 23:04:27.162 19300 19366 D WM-Processor: 0f0: processing WorkGenerationalId(workSpecId=06cb7bba-9b6f-443f-a2eb-3286f7598a34, generation=0)
09-23 23:04:27.166 19300 19366 D WM-Processor: Work WorkGenerationalId(workSpecId=06cb7bba-9b6f-443f-a2eb-3286f7598a34, generation=0) is already enqueued for processing
09-23 23:04:27.178 19300 19300 D WM-WorkerWrapper: Starting work for com.whatsapp.messaging.xmpp.XmppLogoutWorker
09-23 23:04:27.230  1033  1530 I bauth_FPBAuthService: pcf : 0x1012, 0 ,1 ,0 ,0 ,0 ,0, 7.0.0.0
09-23 23:04:27.230  1033  1530 I bauth_FPBAuthService: thread id : 1, preenroll_flag : 0, nd cnt : 0, cso : 0, et : 0
09-23 23:04:27.230  1033  1530 I bauth_FPBAuthService: FPBAuthService, 11416
09-23 23:04:27.728 28768 28768 I ResourceOverlayService_0: waitAndQuit called
09-23 23:04:27.730 28768 28768 I ResourceOverlayService_0: activity user id 0 process id 0
09-23 23:04:28.231  1033  1530 I bauth_FPBAuthService: pcf : 0x1012, 0 ,1 ,0 ,0 ,0 ,0, 7.0.0.0
09-23 23:04:28.231  1033  1530 I bauth_FPBAuthService: thread id : 1, preenroll_flag : 0, nd cnt : 0, cso : 0, et : 0
09-23 23:04:28.231  1033  1530 I bauth_FPBAuthService: FPBAuthService, 11416
09-23 23:04:28.362  1602  1602 D SecPowerUI.Notification: showChargingNotice oldChargingType : 11 / currentChargingType : 11, oldChargingTime : 3822000 / mChargingTime : 3822000
09-23 23:04:28.363  1602  1602 D SecPowerUI.Notification: There is no change about charging status, so return!
09-23 23:04:28.733 28768 28768 I ResourceOverlayService_0: waitAndQuit called
09-23 23:04:28.735 28768 28768 I ResourceOverlayService_0: activity user id 0 process id 0
09-23 23:04:29.109   859   960 I EDEN    : [Exynos][EDEN][v1.6.21][SERVICE] processAliveMointorMain:253: Try to check pid=(818)...
09-23 23:04:29.231  1033  1530 I bauth_FPBAuthService: pcf : 0x1012, 0 ,1 ,0 ,0 ,0 ,0, 7.0.0.0
09-23 23:04:29.231  1033  1530 I bauth_FPBAuthService: thread id : 1, preenroll_flag : 0, nd cnt : 0, cso : 0, et : 0
09-23 23:04:29.232  1033  1530 I bauth_FPBAuthService: FPBAuthService, 11416
09-23 23:04:29.737 28768 28768 I ResourceOverlayService_0: waitAndQuit called
09-23 23:04:29.739 28768 28768 I ResourceOverlayService_0: activity user id 0 process id 0
09-23 23:04:30.232  1033  1530 I bauth_FPBAuthService: pcf : 0x1012, 0 ,1 ,0 ,0 ,0 ,0, 7.0.0.0
09-23 23:04:30.233  1033  1530 I bauth_FPBAuthService: thread id : 1, preenroll_flag : 0, nd cnt : 0, cso : 0, et : 0
09-23 23:04:30.233  1033  1530 I bauth_FPBAuthService: FPBAuthService, 11416
09-23 23:04:30.742 28768 28768 I ResourceOverlayService_0: waitAndQuit called
09-23 23:04:30.743 28768 28768 I ResourceOverlayService_0: activity user id 0 process id 0
09-23 23:04:31.233  1033  1530 I bauth_FPBAuthService: pcf : 0x1012, 0 ,1 ,0 ,0 ,0 ,0, 7.0.0.0
09-23 23:04:31.233  1033  1530 I bauth_FPBAuthService: thread id : 1, preenroll_flag : 0, nd cnt : 0, cso : 0, et : 0
09-23 23:04:31.233  1033  1530 I bauth_FPBAuthService: FPBAuthService, 11416
09-23 23:04:31.650  1186  1255 I NSLocationMonitor: getGPSUsingApps() called
09-23 23:04:31.675  2527 30060 I NSLocationManager_FLP: getGPSUsingApps, NO_FREEZE={5013} / FREEZE={10218, 15010218}
09-23 23:04:31.746 28768 28768 I ResourceOverlayService_0: waitAndQuit called
09-23 23:04:31.748 28768 28768 I ResourceOverlayService_0: activity user id 0 process id 0
09-23 23:04:32.234  1033  1530 I bauth_FPBAuthService: pcf : 0x1012, 0 ,1 ,0 ,0 ,0 ,0, 7.0.0.0
09-23 23:04:32.234  1033  1530 I bauth_FPBAuthService: thread id : 1, preenroll_flag : 0, nd cnt : 0, cso : 0, et : 0
09-23 23:04:32.234  1033  1530 I bauth_FPBAuthService: FPBAuthService, 11416
09-23 23:04:32.344  1602  1695 D MobileStatusTracker(0/11): onSignalStrengthsChanged level=4, vendorLevel=4
09-23 23:04:32.349  1602  1695 D MobileSignalController(0/11): notifyListener: enabled=true, connected=true, dataConnected=false, networkType=LTE (4G), emergencyOnly=false, roaming=false, isDefault=false, dataActivity=, level=4, ca=false, mmWave=false, disabledDataIcon=false, simCard=ETC
09-23 23:04:32.354  1602  1695 D NetworkController: SignalStrength from intent slotId=0
09-23 23:04:32.751 28768 28768 I ResourceOverlayService_0: waitAndQuit called
09-23 23:04:32.752 28768 28768 I ResourceOverlayService_0: activity user id 0 process id 0
09-23 23:04:33.235  1033  1530 I bauth_FPBAuthService: pcf : 0x1012, 0 ,1 ,0 ,0 ,0 ,0, 7.0.0.0
09-23 23:04:33.235  1033  1530 I bauth_FPBAuthService: thread id : 1, preenroll_flag : 0, nd cnt : 0, cso : 0, et : 0
09-23 23:04:33.235  1033  1530 I bauth_FPBAuthService: FPBAuthService, 11416
09-23 23:04:33.416   785   785 I android.hardware.health@2.1-service-samsung: updateLrpSysfs: write: 330
09-23 23:04:33.423  1186  1377 D MotionRecognitionService: [SAR]  onReceive : ACTION_BATTERY_CHANGED, Plugged: 2
09-23 23:04:33.424  1186  1186 D PhoneWindowManagerExt: ACTION_BATTERY_CHANGED - Level=72, status=2
09-23 23:04:33.426  1186  1186 D SemWifiApBroadcastReceiver: Received : android.intent.action.BATTERY_CHANGED
09-23 23:04:33.427  1575  1575 D SemBigDataInfoController: Intent: android.intent.action.BATTERY_CHANGED
09-23 23:04:33.430  1602  1602 D SamsungBatteryMeterDrawable: onBatteryLevelChanged isSomethingChanged: false
09-23 23:04:33.430  1575  1575 D SemBigDataInfoController: Intent: android.intent.action.BATTERY_CHANGED
09-23 23:04:33.431  1602  1602 D SamsungBatteryMeterDrawable: onBatteryLevelChanged isSomethingChanged: false
09-23 23:04:33.431  1602  1602 D SamsungBatteryMeterDrawable: onBatteryLevelChanged isSomethingChanged: false
09-23 23:04:33.432  1602  1602 D SamsungBatteryMeterDrawable: onBatteryLevelChanged isSomethingChanged: false
09-23 23:04:33.433  1602  1602 I PowerUI : mBootCompleted = true |  mFullyConnected = true
09-23 23:04:33.434  1602  1602 W PowerUI : Plug reason
09-23 23:04:33.434  1602  1602 W PowerUI : Skip charging animation - by plug status
09-23 23:04:33.434  1602  1602 D PowerUI : priorPlugType = 2 mPlugType = 2 priorBatteryStatus = 2 mBatteryStatus = 2
09-23 23:04:33.434  1602  1602 W PowerUI : Plug reason
09-23 23:04:33.434  1602  1602 W PowerUI : Skip charging sound - by plug status
09-23 23:04:33.434  1602  1602 I PowerUI : oldMisalign : false, curMisalign : false
09-23 23:04:33.434  1602  8207 D SecPowerUI.Notification: dismissing low battery warning: level=72
09-23 23:04:33.434  1602  8207 D SecPowerUI.Notification: updateNotification mWarning=false mPlaySound=false
09-23 23:04:33.434  1602  8207 D SecPowerUI.Notification: SecBatteryStatsSnapshot{batteryLevel=72, currentBatteryMode=0, chargingTime=3822000, chargingType=11, batteryHealth=2, automaticTestMode=false, isHiccupState=false}
09-23 23:04:33.438  1602  8207 D SecPowerUI.Notification: 1. restoreScreenTimeOut - saved_value : :
09-23 23:04:33.438  1602  8207 E SecPowerUI.Notification: no saved value, so we do nothing !!
09-23 23:04:33.438  1602  1602 D SecPowerUI.Notification: showChargingNotice oldChargingType : 11 / currentChargingType : 11, oldChargingTime : 3822000 / mChargingTime : 3822000
09-23 23:04:33.438  1602  1602 D SecPowerUI.Notification: There is no change about charging status, so return!
09-23 23:04:33.439  1602  1602 D PowerUI : Battery swelling mode - priorBatterySwellingMode = 0 mBatterySwellingMode = 0 mBatteryStatus = 2
09-23 23:04:33.439  1602  1602 I PowerUI : mBatteryMiscEvent = 65536
09-23 23:04:33.442  1602  1602 I PowerUI : checkShouldTurnOffProtectBattery : -1, Scheduling start ? : false
09-23 23:04:33.442  1602  1602 I PowerUI : Clear time
09-23 23:04:33.444  1186  1745 D SecContentProvider: query(), uri = 17 selection = isSettingsChangesAllowed
09-23 23:04:33.448  1602  1602 D KeyguardUpdateMonitor: received broadcast android.intent.action.BATTERY_CHANGED
09-23 23:04:33.449  1602  1602 I AODBatteryManager: updateBatteryData: ACTION_BATTERY_CHANGED
09-23 23:04:33.452  1602  1602 I AODBatteryManager: saveBatteryData : AOD BatteryData [mBatteryLevel=72, mBatteryStatus=CHARGING, mBatteryPlugType=USB, mBatteryPlugged=true, mRemainingChargeTime=3822000, mBatteryChargingType=1, mBatteryChargerType=NORMAL, mBatteryOnline=USB, mBatterySwellingMode=NONE, mBatteryProtectMode=false]
09-23 23:04:33.452  1602  1602 D KeyguardUpdateMonitor: handleBatteryUpdate
09-23 23:04:33.755 28768 28768 I ResourceOverlayService_0: waitAndQuit called
09-23 23:04:33.757 28768 28768 I ResourceOverlayService_0: activity user id 0 process id 0
09-23 23:04:34.110   859   960 I EDEN    : [Exynos][EDEN][v1.6.21][SERVICE] processAliveMointorMain:253: Try to check pid=(818)...
09-23 23:04:34.235  1033  1530 I bauth_FPBAuthService: pcf : 0x1012, 0 ,1 ,0 ,0 ,0 ,0, 7.0.0.0
09-23 23:04:34.236  1033  1530 I bauth_FPBAuthService: thread id : 1, preenroll_flag : 0, nd cnt : 0, cso : 0, et : 0
09-23 23:04:34.236  1033  1530 I bauth_FPBAuthService: FPBAuthService, 11416
09-23 23:04:34.761 28768 28768 I ResourceOverlayService_0: waitAndQuit called
09-23 23:04:34.762 28768 28768 I ResourceOverlayService_0: activity user id 0 process id 0
09-23 23:04:35.236  1033  1530 I bauth_FPBAuthService: pcf : 0x1012, 0 ,1 ,0 ,0 ,0 ,0, 7.0.0.0
09-23 23:04:35.236  1033  1530 I bauth_FPBAuthService: thread id : 1, preenroll_flag : 0, nd cnt : 0, cso : 0, et : 0
09-23 23:04:35.236  1033  1530 I bauth_FPBAuthService: FPBAuthService, 11416
09-23 23:04:35.765 28768 28768 I ResourceOverlayService_0: waitAndQuit called
09-23 23:04:35.767 28768 28768 I ResourceOverlayService_0: activity user id 0 process id 0
09-23 23:04:36.237  1033  1530 I bauth_FPBAuthService: pcf : 0x1012, 0 ,1 ,0 ,0 ,0 ,0, 7.0.0.0
09-23 23:04:36.237  1033  1530 I bauth_FPBAuthService: thread id : 1, preenroll_flag : 0, nd cnt : 0, cso : 0, et : 0
09-23 23:04:36.237  1033  1530 I bauth_FPBAuthService: FPBAuthService, 11416
09-23 23:04:36.770 28768 28768 I ResourceOverlayService_0: waitAndQuit called
09-23 23:04:36.771 28768 28768 I ResourceOverlayService_0: activity user id 0 process id 0
09-23 23:04:37.238  1033  1530 I bauth_FPBAuthService: pcf : 0x1012, 0 ,1 ,0 ,0 ,0 ,0, 7.0.0.0
09-23 23:04:37.238  1033  1530 I bauth_FPBAuthService: thread id : 1, preenroll_flag : 0, nd cnt : 0, cso : 0, et : 0
09-23 23:04:37.238  1033  1530 I bauth_FPBAuthService: FPBAuthService, 11416
09-23 23:04:37.774 28768 28768 I ResourceOverlayService_0: waitAndQuit called
09-23 23:04:37.775 28768 28768 I ResourceOverlayService_0: activity user id 0 process id 0
09-23 23:04:38.239  1033  1530 I bauth_FPBAuthService: pcf : 0x1012, 0 ,1 ,0 ,0 ,0 ,0, 7.0.0.0
09-23 23:04:38.239  1033  1530 I bauth_FPBAuthService: thread id : 1, preenroll_flag : 0, nd cnt : 0, cso : 0, et : 0
09-23 23:04:38.239  1033  1530 I bauth_FPBAuthService: FPBAuthService, 11416
09-23 23:04:38.446  1602  1602 D SecPowerUI.Notification: showChargingNotice oldChargingType : 11 / currentChargingType : 11, oldChargingTime : 3822000 / mChargingTime : 3822000
09-23 23:04:38.447  1602  1602 D SecPowerUI.Notification: There is no change about charging status, so return!
09-23 23:04:38.778 28768 28768 I ResourceOverlayService_0: waitAndQuit called
09-23 23:04:38.780 28768 28768 I ResourceOverlayService_0: activity user id 0 process id 0
09-23 23:04:39.112   859   960 I EDEN    : [Exynos][EDEN][v1.6.21][SERVICE] processAliveMointorMain:253: Try to check pid=(818)...
09-23 23:04:39.240  1033  1530 I bauth_FPBAuthService: pcf : 0x1012, 0 ,1 ,0 ,0 ,0 ,0, 7.0.0.0
09-23 23:04:39.240  1033  1530 I bauth_FPBAuthService: thread id : 1, preenroll_flag : 0, nd cnt : 0, cso : 0, et : 0
09-23 23:04:39.240  1033  1530 I bauth_FPBAuthService: FPBAuthService, 11416
09-23 23:04:39.783 28768 28768 I ResourceOverlayService_0: waitAndQuit called
09-23 23:04:39.785 28768 28768 I ResourceOverlayService_0: activity user id 0 process id 0
09-23 23:04:40.023  1602  1695 D MobileStatusTracker(0/11): onSignalStrengthsChanged level=4, vendorLevel=4
09-23 23:04:40.028  1602  1695 D MobileSignalController(0/11): notifyListener: enabled=true, connected=true, dataConnected=false, networkType=LTE (4G), emergencyOnly=false, roaming=false, isDefault=false, dataActivity=, level=4, ca=false, mmWave=false, disabledDataIcon=false, simCard=ETC
09-23 23:04:40.031  1602  1695 D NetworkController: SignalStrength from intent slotId=0
09-23 23:04:40.241  1033  1530 I bauth_FPBAuthService: pcf : 0x1012, 0 ,1 ,0 ,0 ,0 ,0, 7.0.0.0
09-23 23:04:40.241  1033  1530 I bauth_FPBAuthService: thread id : 1, preenroll_flag : 0, nd cnt : 0, cso : 0, et : 0
09-23 23:04:40.241  1033  1530 I bauth_FPBAuthService: FPBAuthService, 11416
09-23 23:04:40.510  1186  1232 I ChimeraSystemEventListener: appLaunchIntent package name is: com.example.dogglers
09-23 23:04:40.524   871  1063 I SurfaceFlinger: id=38725 createSurf flag=80004, ActivityRecord{4eb368c u0 com.example.dogglers/androidx.test.core.app.InstrumentationActivityInvoker$EmptyActivity} t7703}#38725
09-23 23:04:40.526   871   943 I VSyncReactor: Current= 90, Period= 90, hwcPeriod= 90
09-23 23:04:40.532   871   871 I SurfaceFlinger: SFWD update time=109836423108322
09-23 23:04:40.533   871   871 D SurfaceFlinger: GPIS:: requestGPIS
09-23 23:04:40.559  1186  1322 D InputDispatcher: Focused application(0): ActivityRecord{4eb368c u0 com.example.dogglers/androidx.test.core.app.InstrumentationActivityInvoker$EmptyActivity} t7703}
09-23 23:04:40.561  1186  1232 I SemPersonaManager: SecureFolder personaId = 150
09-23 23:04:40.575  1186  1322 I SemDvfsHyPerManager: acquire hyper - AMS_APP_LAUNCH/1186@17, type = -999
09-23 23:04:40.576  2633  2633 E pageboostd: Received HALT command code 2
