09-23 23:05:14.602 20572 20572 I SEMS:Common_13.1.12: [CommonLog][main][SaServiceUtil] preference has value less than 8
09-23 23:05:14.603 20572 20572 I SEMS:Common_13.1.12: [CommonLog][main][DeviceUtils] isSamsungAccountSignedIn : false
09-23 23:05:14.603 20572 20572 I SEMS:Common_13.1.12: [CommonLog][main][CommonPref] remove - key : sa_info_cache
09-23 23:05:14.604 20572 20572 E SEMS:Common_13.1.12: [CommonLog][main][SaServiceUtil] getRegionMCC : invalid sa info
09-23 23:05:14.604 20572 20572 I SEMS:Common_13.1.12: [CommonLog][main][SaServiceUtil] Current region mcc cached value is invalid. Returns mcc value as SimUtil
09-23 23:05:14.635 20572 20572 I SEMS:Common_13.1.12: [CommonLog][main][SimUtil] MultiSimManagerCompat.getInstance().getDefaultSubId(2) = 11, slotId = 0
09-23 23:05:14.642 20572 20572 I SEMS:Common_13.1.12: [CommonLog][main][SimUtil] sim operator(0) available
09-23 23:05:14.642 20572 20572 I SEMS:Common_13.1.12: [CommonLog][main][SimUtil] getSimOperator(). simOperator:42403
09-23 23:05:14.644 20572 20572 I SEMS:Common_13.1.12: [CommonLog][main][NumberUtils] getIso3CCFromMCC : mcc = 424 / countryCode = ARE
09-23 23:05:14.644 20572 20572 I SEMS:Common_13.1.12: [CommonLog][main][DeviceUtils] isShipBinary :true
09-23 23:05:14.646 20572 20572 I SEMS:SupportedService_13.1.12: [][main][MobileServiceSocialPolicy] MobileServiceSocialPolicy created
09-23 23:05:14.646 20572 20572 I SEMS:Common_13.1.12: [CommonLog][main][DeviceUtils] isSamsungAccountSignedIn : false
09-23 23:05:14.659 20572 20572 I SEMS:SupportedService_13.1.12: [][main][ServerDomainPolicy] updateServerDomain
09-23 23:05:14.660 20572 20572 I SEMS:SupportedService_13.1.12: [][main][SettingPolicy] loadSetting
09-23 23:05:14.661 20572 20572 I SEMS:Registration_13.1.12: [AgreementLog][main][MobileServiceAgreement] init.
09-23 23:05:14.662 20572 20618 I SEMS:SupportedService_13.1.12: [][RxCachedThreadScheduler-2][ServerDomainPolicy] updateServerInterface: SocialServerDomainAddress  empty server domain
09-23 23:05:14.663 20572 20572 I SEMS:Common_13.1.12: [CommonLog][main][DeviceUtils] isSamsungAccountSignedIn : false
09-23 23:05:14.663 20572 20618 I SEMS:Common_13.1.12: [CommonLog][RxCachedThreadScheduler-2][DeviceUtils] isShipBinary :true
09-23 23:05:14.663 20572 20618 I SEMS:DataAdapter_13.1.12: [][RxCachedThreadScheduler-2][NetworkManager] removeAllSsfClient
09-23 23:05:14.663 20572 20618 I SEMS:SupportedService_13.1.12: [][RxCachedThreadScheduler-2][ServerDomainPolicy] updateServerInterface: ConsentServerDomainAddress  empty server domain
09-23 23:05:14.663 20572 20618 I SEMS:Common_13.1.12: [CommonLog][RxCachedThreadScheduler-2][DeviceUtils] isShipBinary :true
09-23 23:05:14.663 20572 20572 I SEMS:Registration_13.1.12: [AuthLog][main][MobileServiceDeviceAuth] init
09-23 23:05:14.665 20572 20572 I SEMS:Registration_13.1.12: [AuthLog][main][CoreAppsFeature] CoreAppsFeature init start init flag : false, invalidate : false
09-23 23:05:14.666 20572 20620 I SEMS:SupportedService_13.1.12: [][RxCachedThreadScheduler-3][SettingPolicy] updateSettingValues: {GlobalGroupSharingEos=null, CalendarCleanDuplicateInterval=null}
09-23 23:05:14.666 20572 20572 I SEMS:Registration_13.1.12: [AuthLog][main][CoreAppsFeature] device check : true, false
09-23 23:05:14.666 20572 20620 I SEMS:SupportedService_13.1.12: [][RxCachedThreadScheduler-3][SettingPolicy] updateSettingValues: Setting {GlobalGroupSharingEos=null, CalendarCleanDuplicateInterval=null}
09-23 23:05:14.666 20572 20620 I SEMS:SupportedService_13.1.12: [][RxCachedThreadScheduler-3][MobileServiceSupportedService] load success
09-23 23:05:14.666 20572 20572 I SEMS:Registration_13.1.12: [AuthLog][main][CoreAppsFeature] supportServiceMap : {4=true, 3=false, 2=true, 1=false, 0=true}
09-23 23:05:14.666 20572 20572 I SEMS:Common_13.1.12: [CommonLog][main][CommonPref] getBoolean - key : push_migration_done , value : true
09-23 23:05:14.667 20572 20572 I SEMS:Registration_13.1.12: [PushLog][main][SmpManager] Instance created
09-23 23:05:14.667 20572 20572 I SEMS:Registration_13.1.12: [PushLog][main][SmpManager] registerMessageCallback - 0
09-23 23:05:14.667 20572 20572 I SEMS:Registration_13.1.12: [PushLog][main][SmpManager] registerTokenCallback
09-23 23:05:14.668 20572 20572 I SEMS:Registration_13.1.12: [AuthLog][main][MobileServiceDeviceAuth] VERSION : 13.1.12.3
09-23 23:05:14.668 20572 20572 I SEMS:Registration_13.1.12: [AgreementLog][main][MobileServiceAgreement] lateInit
09-23 23:05:14.668 20572 20572 I SEMS:Registration_13.1.12: [AgreementLog][main][AgreementPao] getPreference : key = force_reagree_for_korea_model / defaultValue = true / ret = true
09-23 23:05:14.669 20572 20572 I SEMS:Registration_13.1.12: [AgreementLog][main][MobileServiceAgreement] AgreementPref.PREF_FORCE_REAGREE_FOR_KOREA_MODEL is true.
09-23 23:05:14.669 20572 20572 I SEMS:Registration_13.1.12: [ActivateLog][main][MobileServiceActivate] lateInit
09-23 23:05:14.672 20572 20572 I SEMS:Common_13.1.12: [CommonLog][main][LocalBroadcastUtil] register
09-23 23:05:14.674 20572 20617 I Policy_13.1.12: [RxCachedThreadScheduler-1][MobileServicePolicy] scheduleJob success : 86400000
09-23 23:05:14.676 20572 20617 I Policy_13.1.12: [RxCachedThreadScheduler-1][GetPolicyJobService] polling job service was already scheduled (from:86400000 to:86400000)
09-23 23:05:14.676 20572 20572 I SEMS:Registration_13.1.12: [ActivateLog][main][ActivatePref] getCheckReActivationTime : 1695488164139
09-23 23:05:14.676 20572 20617 I SEMS:SupportedService_13.1.12: [][RxCachedThreadScheduler-1][MobileServiceSupportedService] MobileServiceSocialPolicy init completed
09-23 23:05:14.680 20572 20572 I Policy_13.1.12: [main][GetServicePolicyUseCase] getServicePolicy
09-23 23:05:14.682 20572 20623 E SEMS:Social_13.1.12: [BLog][RxComputationThreadPool-1][ConditionRepositoryImpl] checkUserOwner error
09-23 23:05:14.685 20572 20623 I SEMS:Social_13.1.12: [BLog][RxComputationThreadPool-1][ContactObserver] schedule success
09-23 23:05:14.685 20572 20623 I SEMS:Registration_13.1.12: [PushLog][RxComputationThreadPool-1][SmpManager] registerMessageCallback - 9
09-23 23:05:14.688 20572 20572 I SEMS:Social_13.1.12: [SLog][main][DateTakenMigrationTask] start checkAndRequestMigration : true
09-23 23:05:14.689 20572 20572 I SEMS:Social_13.1.12: [SLog][main][LastModifierMigrationTask] start checkAndRequestMigration : true
09-23 23:05:14.689 20572 20572 I SEMS:Social_13.1.12: [ContactLog][main][MobileServiceContactHash] MobileServiceLocalContact init
09-23 23:05:14.690 20572 20572 I SEMS:Social_13.1.12: [ContactLog][main][ContactHashObserverService] scheduleJob
09-23 23:05:14.690 20572 20572 I SEMS:Common_13.1.12: [CommonLog][main][DeviceUtils] isSamsungAccountSignedIn : false
09-23 23:05:14.691 20572 20572 I SEMS:Social_13.1.12: [ContactLog][main][ContactHashObserverService] samsung account not signed in
09-23 23:05:14.693 20572 20572 I SEMS:Social_13.1.12: [ContactLog][main][PreferenceSourceImpl] getContactLastUpdatedTime: -1
09-23 23:05:14.698  1186  1199 D PackageManager: setEnabledSetting : userId = 150 packageName = com.samsung.android.mobileservice cmp = androidx.work.impl.background.systemjob.SystemJobService newState = 1 callingPackage = 15010101/com.samsung.android.mobileservice
09-23 23:05:14.698  1186  1199 D ApplicationPolicy: getApplicationStateEnabled : pkg = com.samsung.android.mobileservice userId : 150
09-23 23:05:14.699  1186  1199 D EnterpriseUtils: getCallingOrCurrentUserId(): move: cxtInfo.mContainerId = 150
09-23 23:05:14.699  1186  1199 D ApplicationPolicy: getApplicationComponentState : pkg = com.samsung.android.mobileservice userId : 150
09-23 23:05:14.705 20572 20572 I SEMS:Social_13.1.12: [ContactLog][main][MobileServiceContactHash] MobileServiceContactHash init complete
09-23 23:05:14.706 20572 20572 I SEMS:Common_13.1.12: [CommonLog][main][PeriodicJobUtil] scheduleJob
09-23 23:05:14.706 20572 20618 I SEMS:Social_13.1.12: [BLog][RxCachedThreadScheduler-2][AccountBuddy] AccountBuddy init success
09-23 23:05:14.706 20572 20572 I SEMS:Common_13.1.12: [CommonLog][main][PeriodicJobUtil] job service was already scheduled : 21600000
09-23 23:05:14.708 20572 20572 I Policy_13.1.12: [main][GetServicePolicyUseCase] getServicePolicy
09-23 23:05:14.709 20572 20572 I SEMS:Common_13.1.12: [CommonLog][main][CscUtil] getCountryCodeFromCSC : MY
09-23 23:05:14.709 20572 20572 I SEMS:Common_13.1.12: [CommonLog][main][CscUtil] isChinaCountryCode : false
09-23 23:05:14.710 20572 20572 I SEMS:Registration_13.1.12: [PushLog][main][SmpManager] setFirebaseAutoInitEnabled : setAutoInitEnabled = true
09-23 23:05:14.711 20572 20572 I SEMS:Common_13.1.12: [CommonLog][main][DeviceUtils] isSamsungAccountSignedIn : false
09-23 23:05:14.711 20572 20572 I SEMS:Registration_13.1.12: [PushLog][main][SmpManager] init: not agreed
09-23 23:05:14.711 20572 20617 I Policy_13.1.12: [RxCachedThreadScheduler-1][MobileServicePolicy] getServicePolicy success
09-23 23:05:14.715 20572 20572 I SEMS:Registration_13.1.12: [AgreementLog][main][AgreementReceiver] onReceive.
09-23 23:05:14.715 20572 20572 I SEMS:Registration_13.1.12: [AgreementLog][main][AgreementReceiver] user id is not owner, so do nothing!
09-23 23:05:14.736  1186  1241 I libprocessgroup: Successfully killed process cgroup uid 10100 pid 7760 in 5ms
09-23 23:05:14.737 20572 20617 I SEMS:SupportedService_13.1.12: [][RxCachedThreadScheduler-1][DclDataManager] loadDclProfile finished
09-23 23:05:14.747  1186  1322 D ConnectivityService: requestNetwork for uid/pid:15010101/20572 activeRequest: null callbackRequest: 11478 [NetworkRequest [ REQUEST id=11479, [ Capabilities: INTERNET&NOT_RESTRICTED&TRUSTED&NOT_VCN_MANAGED Uid: 15010101 RequestorUid: 15010101 RequestorPkg: com.samsung.android.mobileservice UnderlyingNetworks: Null] ]] callback flags: 0 order: 2147483647
09-23 23:05:14.747  1186  1445 D ConnectivityService:    accepting network in place of null
09-23 23:05:14.749  1186  1424 D WifiNetworkFactory: got request NetworkRequest [ REQUEST id=11479, [ Capabilities: INTERNET&NOT_RESTRICTED&TRUSTED&NOT_VCN_MANAGED Uid: 15010101 RequestorUid: 15010101 RequestorPkg: com.samsung.android.mobileservice UnderlyingNetworks: Null] ]
09-23 23:05:14.749  1186  1424 D UntrustedWifiNetworkFactory: got request NetworkRequest [ REQUEST id=11479, [ Capabilities: INTERNET&NOT_RESTRICTED&TRUSTED&NOT_VCN_MANAGED Uid: 15010101 RequestorUid: 15010101 RequestorPkg: com.samsung.android.mobileservice UnderlyingNetworks: Null] ]
09-23 23:05:14.749  1186  1424 D OemPaidWifiNetworkFactory: got request NetworkRequest [ REQUEST id=11479, [ Capabilities: INTERNET&NOT_RESTRICTED&TRUSTED&NOT_VCN_MANAGED Uid: 15010101 RequestorUid: 15010101 RequestorPkg: com.samsung.android.mobileservice UnderlyingNetworks: Null] ]
09-23 23:05:14.749  1186  1424 D MultiInternetWifiNetworkFactory: got request NetworkRequest [ REQUEST id=11479, [ Capabilities: INTERNET&NOT_RESTRICTED&TRUSTED&NOT_VCN_MANAGED Uid: 15010101 RequestorUid: 15010101 RequestorPkg: com.samsung.android.mobileservice UnderlyingNetworks: Null] ]
09-23 23:05:14.750  1186  1445 D ConnectivityService: Rematched networks [computed 0ms] [applied 1ms] [issued 1]
09-23 23:05:14.750  1186  1445 D ConnectivityService: NetworkReassignment :
09-23 23:05:14.750  1186  1445 D ConnectivityService:   11479 : null  136
09-23 23:05:14.758  1186  1322 D PackageManager: setEnabledSetting : userId = 150 packageName = com.samsung.android.mobileservice cmp = androidx.work.impl.background.systemalarm.RescheduleReceiver newState = 1 callingPackage = 15010101/com.samsung.android.mobileservice
09-23 23:05:14.758  1186  1322 D ApplicationPolicy: getApplicationStateEnabled : pkg = com.samsung.android.mobileservice userId : 150
09-23 23:05:14.758  1186  1322 D EnterpriseUtils: getCallingOrCurrentUserId(): move: cxtInfo.mContainerId = 150
09-23 23:05:14.758  1186  1322 D ApplicationPolicy: getApplicationComponentState : pkg = com.samsung.android.mobileservice userId : 150
09-23 23:05:14.772   769   769 I Zygote  : Process 7760 exited due to signal 9 (Killed)
09-23 23:05:14.782 20572 20634 I SEMS:Common_13.1.12: [CommonLog][androidx.work-1][SaServiceUtil] preference has value less than 8
09-23 23:05:14.783 20572 20634 I SEMS:Common_13.1.12: [CommonLog][androidx.work-1][DeviceUtils] isSamsungAccountSignedIn : false
09-23 23:05:14.783 20572 20634 I SEMS:Common_13.1.12: [CommonLog][androidx.work-1][CommonPref] remove - key : sa_info_cache
09-23 23:05:14.783 20572 20634 E SEMS:Common_13.1.12: [CommonLog][androidx.work-1][SaServiceUtil] getRegionMCC : invalid sa info
09-23 23:05:14.783 20572 20634 I SEMS:Common_13.1.12: [CommonLog][androidx.work-1][SaServiceUtil] Current region mcc cached value is invalid. Returns mcc value as SimUtil
09-23 23:05:14.789 20572 20634 I SEMS:Common_13.1.12: [CommonLog][androidx.work-1][SimUtil] MultiSimManagerCompat.getInstance().getDefaultSubId(2) = 11, slotId = 0
09-23 23:05:14.790 20572 20635 I SEMS:Common_13.1.12: [CommonUILog][androidx.work-2][PermissionManager] requestPermissionSocial return true
09-23 23:05:14.792 20572 20635 I SEMS:Common_13.1.12: [CommonLog][androidx.work-2][DeviceUtils] isSamsungAccountSignedIn : false
09-23 23:05:14.792 20572 20635 E SEMS:Social_13.1.12: [ContactLog][androidx.work-2][ConditionRepositoryImpl] checkSamsungAccountSignedIn not signedIn
09-23 23:05:14.795 20572 20635 E SEMS:Social_13.1.12: [ContactLog][androidx.work-2][UpdateContactHashWorker] Error(errorCode=1007, errorMessage=samsung account not signedIn)
09-23 23:05:14.795 20572 20635 E SEMS:Social_13.1.12: 	at gj.c.g(ConditionRepositoryImpl.kt:3)
09-23 23:05:14.795 20572 20635 E SEMS:Social_13.1.12: 	at gj.c.d(Unknown Source:0)
09-23 23:05:14.795 20572 20635 E SEMS:Social_13.1.12: 	at gj.b.run(Unknown Source:2)
09-23 23:05:14.795 20572 20635 E SEMS:Social_13.1.12: 	at qr.j.P(CompletableFromAction.java:3)
09-23 23:05:14.795 20572 20635 E SEMS:Social_13.1.12: 	at fr.b.f(Completable.java:4)
09-23 23:05:14.795 20572 20635 E SEMS:Social_13.1.12: 	at qr.d.P(CompletableDefer.java:2)
09-23 23:05:14.795 20572 20635 E SEMS:Social_13.1.12: 	at fr.b.f(Completable.java:4)
09-23 23:05:14.795 20572 20635 E SEMS:Social_13.1.12: 	at qr.a$b.b(Unknown Source:9)
09-23 23:05:14.795 20572 20635 E SEMS:Social_13.1.12: 	at qr.j.P(CompletableFromAction.java:5)
09-23 23:05:14.795 20572 20635 E SEMS:Social_13.1.12: 	at fr.b.f(Completable.java:4)
09-23 23:05:14.795 20572 20635 E SEMS:Social_13.1.12: 	at qr.a.P(Unknown Source:9)
09-23 23:05:14.795 20572 20635 E SEMS:Social_13.1.12: 	at fr.b.f(Completable.java:4)
09-23 23:05:14.795 20572 20635 E SEMS:Social_13.1.12: 	at qr.a.P(Unknown Source:9)
09-23 23:05:14.795 20572 20635 E SEMS:Social_13.1.12: 	at fr.b.f(Completable.java:4)
09-23 23:05:14.795 20572 20635 E SEMS:Social_13.1.12: 	at qr.x.M(Unknown Source:7)
09-23 23:05:14.795 20572 20635 E SEMS:Social_13.1.12: 	at fr.y.a(Single.java:4)
09-23 23:05:14.795 20572 20635 E SEMS:Social_13.1.12: 	at wr.g.M(Unknown Source:7)
09-23 23:05:14.795 20572 20635 E SEMS:Social_13.1.12: 	at fr.y.a(Single.java:4)
09-23 23:05:14.795 20572 20635 E SEMS:Social_13.1.12: 	at wr.w.M(Unknown Source:7)
09-23 23:05:14.795 20572 20635 E SEMS:Social_13.1.12: 	at fr.y.a(Single.java:4)
09-23 23:05:14.795 20572 20635 E SEMS:Social_13.1.12: 	at wr.y$a.run(Unknown Source:2)
09-23 23:05:14.795 20572 20635 E SEMS:Social_13.1.12: 	at yr.l.b(ScheduledDirectTask.java:2)
09-23 23:05:14.795 20572 20635 E SEMS:Social_13.1.12: 	at yr.l.call(Unknown Source:0)
09-23 23:05:14.795 20572 20635 E SEMS:Social_13.1.12: 	at java.util.concurrent.FutureTask.run(FutureTask.java:264)
09-23 23:05:14.795 20572 20635 E SEMS:Social_13.1.12: 	at java.util.concurrent.ThreadPoolExecutor.runWorker(ThreadPoolExecutor.java:1137)
09-23 23:05:14.795 20572 20635 E SEMS:Social_13.1.12: 	at java.util.concurrent.ThreadPoolExecutor$Worker.run(ThreadPoolExecutor.java:637)
09-23 23:05:14.795 20572 20635 E SEMS:Social_13.1.12: 	at java.lang.Thread.run(Thread.java:1012)
09-23 23:05:14.797 20572 20631 I WM-WorkerWrapper: Worker result FAILURE for Work [ id=b611deb2-4f4a-457b-99e6-b364e7bed6bf, tags={ LEGACY_BUDDY_WORK, com.samsung.android.mobileservice.social.localcontact.presentation.worker.UpdateContactHashWorker } ]
09-23 23:05:14.803 20572 20634 I SEMS:Common_13.1.12: [CommonLog][androidx.work-1][SimUtil] sim operator(0) available
09-23 23:05:14.803 20572 20634 I SEMS:Common_13.1.12: [CommonLog][androidx.work-1][SimUtil] getSimOperator(). simOperator:42403
09-23 23:05:14.803 20572 20634 I SEMS:Registration_13.1.12: [][androidx.work-1][CscChecker] MCC based : mcc = 424 / type = 0
09-23 23:05:14.803 20572 20634 I SEMS:Common_13.1.12: [CommonLog][androidx.work-1][SaServiceUtil] preference has value less than 8
09-23 23:05:14.804 20572 20634 I SEMS:Common_13.1.12: [CommonLog][androidx.work-1][DeviceUtils] isSamsungAccountSignedIn : false
09-23 23:05:14.804 20572 20634 I SEMS:Common_13.1.12: [CommonLog][androidx.work-1][CommonPref] remove - key : sa_info_cache
09-23 23:05:14.805 20572 20634 E SEMS:Common_13.1.12: [CommonLog][androidx.work-1][SaServiceUtil] getRegionMCC : invalid sa info
09-23 23:05:14.805 20572 20634 I SEMS:Common_13.1.12: [CommonLog][androidx.work-1][SaServiceUtil] Current region mcc cached value is invalid. Returns mcc value as SimUtil
09-23 23:05:14.807   871  2487 D NativeSemDvfsManager: acquire:: timeout = 2000 mIsAcquired = 1  mTagName : SurfaceFlinger
09-23 23:05:14.807   871  2487 E NativeCustomFrequencyManager: [NativeCFMS] BpCustomFrequencyManager::acquire()
09-23 23:05:14.807   795   875 I HYPER-HAL: [RequestManager.cpp]acquire(): Acquired ID : 1752256  [871 / 1000]    HINT : SF_GPU_MINLOCK    list : [TIMEOUT / 2000]
09-23 23:05:14.812 20572 20634 I SEMS:Common_13.1.12: [CommonLog][androidx.work-1][SimUtil] MultiSimManagerCompat.getInstance().getDefaultSubId(2) = 11, slotId = 0
09-23 23:05:14.819 20572 20634 I SEMS:Common_13.1.12: [CommonLog][androidx.work-1][SimUtil] sim operator(0) available
09-23 23:05:14.819 20572 20634 I SEMS:Common_13.1.12: [CommonLog][androidx.work-1][SimUtil] getSimOperator(). simOperator:42403
09-23 23:05:14.819 20572 20634 I SEMS:Registration_13.1.12: [][androidx.work-1][CscChecker] MCC based : mcc = 424 / type = 0
09-23 23:05:14.819 20572 20634 I SEMS:Common_13.1.12: [CommonLog][androidx.work-1][SaServiceUtil] preference has value less than 8
09-23 23:05:14.820 20572 20634 I SEMS:Common_13.1.12: [CommonLog][androidx.work-1][DeviceUtils] isSamsungAccountSignedIn : false
09-23 23:05:14.820 20572 20634 I SEMS:Common_13.1.12: [CommonLog][androidx.work-1][CommonPref] remove - key : sa_info_cache
09-23 23:05:14.820 20572 20634 E SEMS:Common_13.1.12: [CommonLog][androidx.work-1][SaServiceUtil] getRegionMCC : invalid sa info
09-23 23:05:14.820 20572 20634 I SEMS:Common_13.1.12: [CommonLog][androidx.work-1][SaServiceUtil] Current region mcc cached value is invalid. Returns mcc value as SimUtil
09-23 23:05:14.826 20572 20634 I SEMS:Common_13.1.12: [CommonLog][androidx.work-1][SimUtil] MultiSimManagerCompat.getInstance().getDefaultSubId(2) = 11, slotId = 0
09-23 23:05:14.832 20572 20634 I SEMS:Common_13.1.12: [CommonLog][androidx.work-1][SimUtil] sim operator(0) available
09-23 23:05:14.833 20572 20634 I SEMS:Common_13.1.12: [CommonLog][androidx.work-1][SimUtil] getSimOperator(). simOperator:42403
09-23 23:05:14.833 20572 20634 I SEMS:Registration_13.1.12: [][androidx.work-1][CscChecker] MCC based : mcc = 424 / type = 0
09-23 23:05:14.834 20572 20634 E SEMS:Social_13.1.12: [BLog][androidx.work-1][ConditionRepositoryImpl] checkUserOwner error
09-23 23:05:14.835 20572 20634 E SEMS:Social_13.1.12: [BLog][androidx.work-1][BuddySyncWorker] contact source : 0, error worker checkUserOwner error
09-23 23:05:14.836 20572 20633 I WM-WorkerWrapper: Worker result FAILURE for Work [ id=517a187e-e3ab-4c34-abac-aefc671bd275, tags={ com.samsung.android.mobileservice.social.buddy.account.presentation.worker.BuddySyncWorker } ]
09-23 23:05:14.838  1186  1445 D ConnectivityService:  Removing from current network [136 WIFI], leaving 128 requests.
09-23 23:05:14.930 28768 28768 I ResourceOverlayService_0: waitAndQuit called
09-23 23:05:14.931 28768 28768 I ResourceOverlayService_0: activity user id 0 process id 0
09-23 23:05:14.942 20383 20383 W RootViewPicker: No activity currently resumed - waiting: 2000ms for one to appear.
09-23 23:05:15.071  2080  2334 I QuickstepModelDelegate: Widget predictions updated
09-23 23:05:15.268  1033  1530 I bauth_FPBAuthService: pcf : 0x1012, 0 ,1 ,0 ,0 ,0 ,0, 7.0.0.0
09-23 23:05:15.269  1033  1530 I bauth_FPBAuthService: thread id : 1, preenroll_flag : 0, nd cnt : 0, cso : 0, et : 0
09-23 23:05:15.269  1033  1530 I bauth_FPBAuthService: FPBAuthService, 11416
09-23 23:05:15.401   795 20561 I HYPER-HAL: [RequestManager.cpp]releaseLocked(): Released ID : 724223
09-23 23:05:15.933 28768 28768 I ResourceOverlayService_0: waitAndQuit called
09-23 23:05:15.935 28768 28768 I ResourceOverlayService_0: activity user id 0 process id 0
09-23 23:05:16.269  1033  1530 I bauth_FPBAuthService: pcf : 0x1012, 0 ,1 ,0 ,0 ,0 ,0, 7.0.0.0
09-23 23:05:16.269  1033  1530 I bauth_FPBAuthService: thread id : 1, preenroll_flag : 0, nd cnt : 0, cso : 0, et : 0
09-23 23:05:16.270  1033  1530 I bauth_FPBAuthService: FPBAuthService, 11416
09-23 23:05:16.810   795 20636 I HYPER-HAL: [RequestManager.cpp]releaseLocked(): Released ID : 1752256
09-23 23:05:16.836  1186  1255 I NSLocationMonitor: getGPSUsingApps() called
09-23 23:05:16.863  2527  2558 I NSLocationManager_FLP: getGPSUsingApps, NO_FREEZE={5013} / FREEZE={10218, 15010218}
09-23 23:05:16.903  1186  2547 W LocationManagerService: onFreezeStateChanged, uid[10310]=true
09-23 23:05:16.923  1186  2547 W LocationManagerService: onFreezeStateChanged, uid[10435]=true
09-23 23:05:16.937 28768 28768 I ResourceOverlayService_0: waitAndQuit called
09-23 23:05:16.939 28768 28768 I ResourceOverlayService_0: activity user id 0 process id 0
09-23 23:05:16.947 20383 20383 W RootViewPicker: No activity currently resumed - waiting: 30000ms for one to appear.
09-23 23:05:17.143  1602  1695 D MobileStatusTracker(0/11): onSignalStrengthsChanged level=4, vendorLevel=4
09-23 23:05:17.147  1602  1695 D MobileSignalController(0/11): notifyListener: enabled=true, connected=true, dataConnected=false, networkType=LTE (4G), emergencyOnly=false, roaming=false, isDefault=false, dataActivity=, level=4, ca=false, mmWave=false, disabledDataIcon=false, simCard=ETC
09-23 23:05:17.147  1602  1695 D NetworkController: SignalStrength from intent slotId=0
09-23 23:05:17.270  1033  1530 I bauth_FPBAuthService: pcf : 0x1012, 0 ,1 ,0 ,0 ,0 ,0, 7.0.0.0
09-23 23:05:17.270  1033  1530 I bauth_FPBAuthService: thread id : 1, preenroll_flag : 0, nd cnt : 0, cso : 0, et : 0
09-23 23:05:17.270  1033  1530 I bauth_FPBAuthService: FPBAuthService, 11416
09-23 23:05:17.942 28768 28768 I ResourceOverlayService_0: waitAndQuit called
09-23 23:05:17.944 28768 28768 I ResourceOverlayService_0: activity user id 0 process id 0
09-23 23:05:18.107   795 20562 I HYPER-HAL: [RequestManager.cpp]releaseLocked(): Released ID : 8801128
09-23 23:05:18.271  1033  1530 I bauth_FPBAuthService: pcf : 0x1012, 0 ,1 ,0 ,0 ,0 ,0, 7.0.0.0
09-23 23:05:18.271  1033  1530 I bauth_FPBAuthService: thread id : 1, preenroll_flag : 0, nd cnt : 0, cso : 0, et : 0
09-23 23:05:18.271  1033  1530 I bauth_FPBAuthService: FPBAuthService, 11416
09-23 23:05:18.787  1602  1602 D SecPowerUI.Notification: showChargingNotice oldChargingType : 11 / currentChargingType : 11, oldChargingTime : 3793000 / mChargingTime : 3793000
09-23 23:05:18.787  1602  1602 D SecPowerUI.Notification: There is no change about charging status, so return!
09-23 23:05:18.947 28768 28768 I ResourceOverlayService_0: waitAndQuit called
09-23 23:05:18.948 28768 28768 I ResourceOverlayService_0: activity user id 0 process id 0
09-23 23:05:19.127   859   960 I EDEN    : [Exynos][EDEN][v1.6.21][SERVICE] processAliveMointorMain:253: Try to check pid=(818)...
09-23 23:05:19.272  1033  1530 I bauth_FPBAuthService: pcf : 0x1012, 0 ,1 ,0 ,0 ,0 ,0, 7.0.0.0
09-23 23:05:19.272  1033  1530 I bauth_FPBAuthService: thread id : 1, preenroll_flag : 0, nd cnt : 0, cso : 0, et : 0
09-23 23:05:19.272  1033  1530 I bauth_FPBAuthService: FPBAuthService, 11416
09-23 23:05:19.950 28768 28768 I ResourceOverlayService_0: waitAndQuit called
09-23 23:05:19.952 28768 28768 I ResourceOverlayService_0: activity user id 0 process id 0
09-23 23:05:20.272  1033  1530 I bauth_FPBAuthService: pcf : 0x1012, 0 ,1 ,0 ,0 ,0 ,0, 7.0.0.0
09-23 23:05:20.272  1033  1530 I bauth_FPBAuthService: thread id : 1, preenroll_flag : 0, nd cnt : 0, cso : 0, et : 0
09-23 23:05:20.273  1033  1530 I bauth_FPBAuthService: FPBAuthService, 11416
09-23 23:05:20.954 28768 28768 I ResourceOverlayService_0: waitAndQuit called
09-23 23:05:20.955 28768 28768 I ResourceOverlayService_0: activity user id 0 process id 0
09-23 23:05:21.273  1033  1530 I bauth_FPBAuthService: pcf : 0x1012, 0 ,1 ,0 ,0 ,0 ,0, 7.0.0.0
09-23 23:05:21.273  1033  1530 I bauth_FPBAuthService: thread id : 1, preenroll_flag : 0, nd cnt : 0, cso : 0, et : 0
09-23 23:05:21.273  1033  1530 I bauth_FPBAuthService: FPBAuthService, 11416
09-23 23:05:21.958 28768 28768 I ResourceOverlayService_0: waitAndQuit called
09-23 23:05:21.959 28768 28768 I ResourceOverlayService_0: activity user id 0 process id 0
09-23 23:05:22.274  1033  1530 I bauth_FPBAuthService: pcf : 0x1012, 0 ,1 ,0 ,0 ,0 ,0, 7.0.0.0
09-23 23:05:22.274  1033  1530 I bauth_FPBAuthService: thread id : 1, preenroll_flag : 0, nd cnt : 0, cso : 0, et : 0
09-23 23:05:22.274  1033  1530 I bauth_FPBAuthService: FPBAuthService, 11416
09-23 23:05:22.962 28768 28768 I ResourceOverlayService_0: waitAndQuit called
09-23 23:05:22.963 28768 28768 I ResourceOverlayService_0: activity user id 0 process id 0
09-23 23:05:23.275  1033  1530 I bauth_FPBAuthService: pcf : 0x1012, 0 ,1 ,0 ,0 ,0 ,0, 7.0.0.0
09-23 23:05:23.275  1033  1530 I bauth_FPBAuthService: thread id : 1, preenroll_flag : 0, nd cnt : 0, cso : 0, et : 0
09-23 23:05:23.275  1033  1530 I bauth_FPBAuthService: FPBAuthService, 11416
09-23 23:05:23.843   785   785 I android.hardware.health@2.1-service-samsung: updateLrpSysfs: write: 328
09-23 23:05:23.849  1186  1377 D MotionRecognitionService: [SAR]  onReceive : ACTION_BATTERY_CHANGED, Plugged: 2
09-23 23:05:23.850  1186  1186 D PhoneWindowManagerExt: ACTION_BATTERY_CHANGED - Level=72, status=2
09-23 23:05:23.853  1186  1186 D SemWifiApBroadcastReceiver: Received : android.intent.action.BATTERY_CHANGED
09-23 23:05:23.855  1575  1575 D SemBigDataInfoController: Intent: android.intent.action.BATTERY_CHANGED
09-23 23:05:23.856  1602  1602 D SamsungBatteryMeterDrawable: onBatteryLevelChanged isSomethingChanged: false
09-23 23:05:23.858  1602  1602 D SamsungBatteryMeterDrawable: onBatteryLevelChanged isSomethingChanged: false
09-23 23:05:23.858  1575  1575 D SemBigDataInfoController: Intent: android.intent.action.BATTERY_CHANGED
09-23 23:05:23.858  1602  1602 D SamsungBatteryMeterDrawable: onBatteryLevelChanged isSomethingChanged: false
09-23 23:05:23.860  1602  1602 D SamsungBatteryMeterDrawable: onBatteryLevelChanged isSomethingChanged: false
09-23 23:05:23.862  1602  1602 I PowerUI : mBootCompleted = true |  mFullyConnected = true
09-23 23:05:23.863  1602  1602 W PowerUI : Plug reason
09-23 23:05:23.863  1602  1602 W PowerUI : Skip charging animation - by plug status
09-23 23:05:23.863  1602  3769 D SecPowerUI.Notification: dismissing low battery warning: level=72
09-23 23:05:23.863  1602  3769 D SecPowerUI.Notification: updateNotification mWarning=false mPlaySound=false
09-23 23:05:23.863  1602  1602 D PowerUI : priorPlugType = 2 mPlugType = 2 priorBatteryStatus = 2 mBatteryStatus = 2
09-23 23:05:23.864  1602  3769 D SecPowerUI.Notification: SecBatteryStatsSnapshot{batteryLevel=72, currentBatteryMode=0, chargingTime=3793000, chargingType=11, batteryHealth=2, automaticTestMode=false, isHiccupState=false}
09-23 23:05:23.864  1602  1602 W PowerUI : Plug reason
09-23 23:05:23.864  1602  1602 W PowerUI : Skip charging sound - by plug status
09-23 23:05:23.864  1602  1602 I PowerUI : oldMisalign : false, curMisalign : false
09-23 23:05:23.866  1602  3769 D SecPowerUI.Notification: 1. restoreScreenTimeOut - saved_value : :
09-23 23:05:23.866  1602  3769 E SecPowerUI.Notification: no saved value, so we do nothing !!
09-23 23:05:23.868  1602  1602 D SecPowerUI.Notification: showChargingNotice oldChargingType : 11 / currentChargingType : 11, oldChargingTime : 3793000 / mChargingTime : 3793000
09-23 23:05:23.869  1602  1602 D SecPowerUI.Notification: There is no change about charging status, so return!
09-23 23:05:23.869  1602  1602 D PowerUI : Battery swelling mode - priorBatterySwellingMode = 0 mBatterySwellingMode = 0 mBatteryStatus = 2
09-23 23:05:23.869  1602  1602 I PowerUI : mBatteryMiscEvent = 65536
09-23 23:05:23.872  1602  1602 I PowerUI : checkShouldTurnOffProtectBattery : -1, Scheduling start ? : false
09-23 23:05:23.873  1602  1602 I PowerUI : Clear time
09-23 23:05:23.875  1186  4410 D SecContentProvider: query(), uri = 17 selection = isSettingsChangesAllowed
09-23 23:05:23.880  1602  1602 D KeyguardUpdateMonitor: received broadcast android.intent.action.BATTERY_CHANGED
09-23 23:05:23.880  1602  1602 I AODBatteryManager: updateBatteryData: ACTION_BATTERY_CHANGED
09-23 23:05:23.884  1602  1602 I AODBatteryManager: saveBatteryData : AOD BatteryData [mBatteryLevel=72, mBatteryStatus=CHARGING, mBatteryPlugType=USB, mBatteryPlugged=true, mRemainingChargeTime=3793000, mBatteryChargingType=1, mBatteryChargerType=NORMAL, mBatteryOnline=USB, mBatterySwellingMode=NONE, mBatteryProtectMode=false]
09-23 23:05:23.884  1602  1602 D KeyguardUpdateMonitor: handleBatteryUpdate
09-23 23:05:23.966 28768 28768 I ResourceOverlayService_0: waitAndQuit called
09-23 23:05:23.967 28768 28768 I ResourceOverlayService_0: activity user id 0 process id 0
09-23 23:05:24.129   859   960 I EDEN    : [Exynos][EDEN][v1.6.21][SERVICE] processAliveMointorMain:253: Try to check pid=(818)...
09-23 23:05:24.182   871   943 I VSyncReactor: Current= 90, Period= 90, hwcPeriod= 90
09-23 23:05:24.275  1033  1530 I bauth_FPBAuthService: pcf : 0x1012, 0 ,1 ,0 ,0 ,0 ,0, 7.0.0.0
09-23 23:05:24.275  1033  1530 I bauth_FPBAuthService: thread id : 1, preenroll_flag : 0, nd cnt : 0, cso : 0, et : 0
09-23 23:05:24.276  1033  1530 I bauth_FPBAuthService: FPBAuthService, 11416
09-23 23:05:24.347 29480 29510 I ContactsProvider_EventLog: cp_s: [CONTACT con(648) dat(7773) acc({google(6)=176, sec(8)=156, google(23)=4, google(3)=456, im.thebot.messenger(57)=133, org.telegram.messenger(60)=297, com.whatsapp(7)=393}) trash_acc([.google:1])  trash(1) calls([logtype:100 cnt:1634, logtype:1000 cnt:366]) Iso(AE) uId(0) ]
09-23 23:05:24.347 29480 29510 I ContactsProvider_EventLog: cp_s: [ agr({[6 ,3]=50, [6 ,3 ,7 ,57 ,60 ,7]=1, [3 ,57]=4, [60]=11, [8 ,60]=3, [6 ,3 ,3 ,3 ,7 ,60 ,60]=1, [3 ,3 ,7 ,57 ,60]=1, [8 ,7 ,7 ,60 ,60]=1, [3 ,7 ,57 ,60]=15, [6 ,3 ,7]=23, [8 ,7 ,57 ,7]=1, [3 ,7 ,60 ,57]=3, [6 ,3 ,3 ,3 ,60]=1, [8 ,7 ,57]=7, [6 ,3 ,7 ,57 ,60]=19, [6 ,3 ,3 ,7 ,60]=2, [8 ,7]=63, [3]=75, [3 ,7 ,7]=3, [6 ,3 ,7 ,7 ,60 ,60 ,60]=1, [60 ,60 ,60]=1, [3 ,60]=33, [6 ,3 ,7 ,7 ,57 ,60]=1, [6 ,3 ,7 ,7 ,57 ,57 ,60 ,60 ,60]=1, [6 ,3 ,7 ,57 ,7]=1, [7 ,8]=1, [6 ,3 ,7 ,7 ,60]=3, [8 ,7 ,57 ,60]=8, [8 ,7 ,60]=28, [3 ,7 ,7 ,60]=1, [3 ,7 ,57 ,60 ,60]=1, [3 ,57 ,60]=2, [6 ,3 ,3 ,7 ,57 ,60]=2, [8 ,57 ,60 ,7]=1, [8]=35, [6 ,3 ,57]=4, [6 ,3 ,3 ,3 ,7 ,57 ,60 ,60]=1, [6 ,3 ,7 ,60 ,7]=1, [6 ,3 ,7 ,57 ,60 ,60]=1, [3 ,23]=4, [3 ,7 ,57 ,7 ,60]=1, [6 ,3 ,7 ,60]=44, [8 ,57 ,60 ,60]=1, [8 ,57 ,7 ,57]=1, [8 ,8 ,7 ,60]=1, [57 ,60]=13, [6 ,3 ,7 ,7 ,57 ,60 ,60]=1, [3 ,7 ,60]=60, [3 ,3]=1, [8 ,7 ,7]=3, [3 ,3 ,3 ,7 ,7 ,60 ,60]=1, [57]=25, [6 ,3 ,60]=11, [3 ,7]=53, [57 ,60 ,60]=1, [8 ,57]=1, [6 ,3 ,60 ,60]=1, [3 ,7 ,7 ,60 ,60]=1, [3 ,7 ,57]=7, [6 ,3 ,7 ,57]=6}) ]
09-23 23:05:24.347 29480 29510 I ContactsProvider_EventLog: cp_s: [ cnt({acore(29480)=1}) ]
09-23 23:05:24.347 29480 29510 I ContactsProvider_EventLog: cp_s: [PROFILE ] [SAPROFILE ]
09-23 23:05:24.347 29480 29510 I ContactsProvider_EventLog: cp_s: [STATE R(F) ]
09-23 23:05:24.365 18532 18587 I Finsky  : [4416] jfu.run(619): AIM: AppInfoManager-Perf > Destroying AppInfoManager ...
09-23 23:05:24.823  1602  1695 D MobileStatusTracker(0/11): onSignalStrengthsChanged level=4, vendorLevel=4
09-23 23:05:24.825  1602  1695 D MobileSignalController(0/11): notifyListener: enabled=true, connected=true, dataConnected=false, networkType=LTE (4G), emergencyOnly=false, roaming=false, isDefault=false, dataActivity=, level=4, ca=false, mmWave=false, disabledDataIcon=false, simCard=ETC
09-23 23:05:24.828  1602  1695 D NetworkController: SignalStrength from intent slotId=0
09-23 23:05:24.970 28768 28768 I ResourceOverlayService_0: waitAndQuit called
09-23 23:05:24.971 28768 28768 I ResourceOverlayService_0: activity user id 0 process id 0
09-23 23:05:25.276  1033  1530 I bauth_FPBAuthService: pcf : 0x1012, 0 ,1 ,0 ,0 ,0 ,0, 7.0.0.0
09-23 23:05:25.276  1033  1530 I bauth_FPBAuthService: thread id : 1, preenroll_flag : 0, nd cnt : 0, cso : 0, et : 0
09-23 23:05:25.276  1033  1530 I bauth_FPBAuthService: FPBAuthService, 11416
09-23 23:05:25.449 24562 20484 I .gms.persistent: Explicit concurrent copying GC freed 57359(3175KB) AllocSpace objects, 2(104KB) LOS objects, 49% free, 15MB/30MB, paused 262us,68us total 205.025ms
09-23 23:05:25.974 28768 28768 I ResourceOverlayService_0: waitAndQuit called
09-23 23:05:25.975 28768 28768 I ResourceOverlayService_0: activity user id 0 process id 0
09-23 23:05:26.277  1033  1530 I bauth_FPBAuthService: pcf : 0x1012, 0 ,1 ,0 ,0 ,0 ,0, 7.0.0.0
09-23 23:05:26.278  1033  1530 I bauth_FPBAuthService: thread id : 1, preenroll_flag : 0, nd cnt : 0, cso : 0, et : 0
09-23 23:05:26.278  1033  1530 I bauth_FPBAuthService: FPBAuthService, 11416
09-23 23:05:26.600 24562 20480 I PhenotypeProcessReaper: Memory state is: 125
09-23 23:05:26.978 28768 28768 I ResourceOverlayService_0: waitAndQuit called
09-23 23:05:26.979 28768 28768 I ResourceOverlayService_0: activity user id 0 process id 0
09-23 23:05:27.278  1033  1530 I bauth_FPBAuthService: pcf : 0x1012, 0 ,1 ,0 ,0 ,0 ,0, 7.0.0.0
09-23 23:05:27.279  1033  1530 I bauth_FPBAuthService: thread id : 1, preenroll_flag : 0, nd cnt : 0, cso : 0, et : 0
09-23 23:05:27.279  1033  1530 I bauth_FPBAuthService: FPBAuthService, 11416
09-23 23:05:27.888 29190 29295 I PolicyManager: [#CMH#] Is foreground game app: false
09-23 23:05:27.888 29158 29299 I PolicyManager: [#CMH#] Is foreground game app: false
09-23 23:05:27.982 28768 28768 I ResourceOverlayService_0: waitAndQuit called
09-23 23:05:27.983 28768 28768 I ResourceOverlayService_0: activity user id 0 process id 0
09-23 23:05:28.279  1033  1530 I bauth_FPBAuthService: pcf : 0x1012, 0 ,1 ,0 ,0 ,0 ,0, 7.0.0.0
09-23 23:05:28.279  1033  1530 I bauth_FPBAuthService: thread id : 1, preenroll_flag : 0, nd cnt : 0, cso : 0, et : 0
09-23 23:05:28.280  1033  1530 I bauth_FPBAuthService: FPBAuthService, 11416
09-23 23:05:28.877  1602  1602 D SecPowerUI.Notification: showChargingNotice oldChargingType : 11 / currentChargingType : 11, oldChargingTime : 3793000 / mChargingTime : 3793000
09-23 23:05:28.877  1602  1602 D SecPowerUI.Notification: There is no change about charging status, so return!
09-23 23:05:28.986 28768 28768 I ResourceOverlayService_0: waitAndQuit called
09-23 23:05:28.987 28768 28768 I ResourceOverlayService_0: activity user id 0 process id 0
09-23 23:05:29.131   859   960 I EDEN    : [Exynos][EDEN][v1.6.21][SERVICE] processAliveMointorMain:253: Try to check pid=(818)...
09-23 23:05:29.280  1033  1530 I bauth_FPBAuthService: pcf : 0x1012, 0 ,1 ,0 ,0 ,0 ,0, 7.0.0.0
09-23 23:05:29.280  1033  1530 I bauth_FPBAuthService: thread id : 1, preenroll_flag : 0, nd cnt : 0, cso : 0, et : 0
09-23 23:05:29.280  1033  1530 I bauth_FPBAuthService: FPBAuthService, 11416
09-23 23:05:29.989 28768 28768 I ResourceOverlayService_0: waitAndQuit called
09-23 23:05:29.991 28768 28768 I ResourceOverlayService_0: activity user id 0 process id 0
09-23 23:05:30.281  1033  1530 I bauth_FPBAuthService: pcf : 0x1012, 0 ,1 ,0 ,0 ,0 ,0, 7.0.0.0
09-23 23:05:30.281  1033  1530 I bauth_FPBAuthService: thread id : 1, preenroll_flag : 0, nd cnt : 0, cso : 0, et : 0
09-23 23:05:30.281  1033  1530 I bauth_FPBAuthService: FPBAuthService, 11416
09-23 23:05:30.995 28768 28768 I ResourceOverlayService_0: waitAndQuit called
09-23 23:05:30.997 28768 28768 I ResourceOverlayService_0: activity user id 0 process id 0
09-23 23:05:31.282  1033  1530 I bauth_FPBAuthService: pcf : 0x1012, 0 ,1 ,0 ,0 ,0 ,0, 7.0.0.0
09-23 23:05:31.282  1033  1530 I bauth_FPBAuthService: thread id : 1, preenroll_flag : 0, nd cnt : 0, cso : 0, et : 0
09-23 23:05:31.282  1033  1530 I bauth_FPBAuthService: FPBAuthService, 11416
09-23 23:05:31.929  1186  1255 I NSLocationMonitor: getGPSUsingApps() called
09-23 23:05:31.954  2527  2558 I NSLocationManager_FLP: getGPSUsingApps, NO_FREEZE={5013} / FREEZE={10218, 15010218}
09-23 23:05:31.999 28768 28768 I ResourceOverlayService_0: waitAndQuit called
09-23 23:05:32.001 28768 28768 I ResourceOverlayService_0: activity user id 0 process id 0
09-23 23:05:32.283  1033  1530 I bauth_FPBAuthService: pcf : 0x1012, 0 ,1 ,0 ,0 ,0 ,0, 7.0.0.0
09-23 23:05:32.283  1033  1530 I bauth_FPBAuthService: thread id : 1, preenroll_flag : 0, nd cnt : 0, cso : 0, et : 0
09-23 23:05:32.283  1033  1530 I bauth_FPBAuthService: FPBAuthService, 11416
09-23 23:05:33.004 28768 28768 I ResourceOverlayService_0: waitAndQuit called
09-23 23:05:33.006 28768 28768 I ResourceOverlayService_0: activity user id 0 process id 0
09-23 23:05:33.284  1033  1530 I bauth_FPBAuthService: pcf : 0x1012, 0 ,1 ,0 ,0 ,0 ,0, 7.0.0.0
09-23 23:05:33.284  1033  1530 I bauth_FPBAuthService: thread id : 1, preenroll_flag : 0, nd cnt : 0, cso : 0, et : 0
09-23 23:05:33.284  1033  1530 I bauth_FPBAuthService: FPBAuthService, 11416
09-23 23:05:33.929   785   785 I android.hardware.health@2.1-service-samsung: updateLrpSysfs: write: 328
09-23 23:05:33.935  1186  1377 D MotionRecognitionService: [SAR]  onReceive : ACTION_BATTERY_CHANGED, Plugged: 2
09-23 23:05:33.936  1186  1186 D PhoneWindowManagerExt: ACTION_BATTERY_CHANGED - Level=72, status=2
09-23 23:05:33.941  1186  1186 D SemWifiApBroadcastReceiver: Received : android.intent.action.BATTERY_CHANGED
09-23 23:05:33.942  1575  1575 D SemBigDataInfoController: Intent: android.intent.action.BATTERY_CHANGED
09-23 23:05:33.943  1602  1602 D SamsungBatteryMeterDrawable: onBatteryLevelChanged isSomethingChanged: false
09-23 23:05:33.944  1575  1575 D SemBigDataInfoController: Intent: android.intent.action.BATTERY_CHANGED
09-23 23:05:33.944  1602  1602 D SamsungBatteryMeterDrawable: onBatteryLevelChanged isSomethingChanged: false
09-23 23:05:33.944  1602  1602 D SamsungBatteryMeterDrawable: onBatteryLevelChanged isSomethingChanged: false
09-23 23:05:33.945  1602  1602 D SamsungBatteryMeterDrawable: onBatteryLevelChanged isSomethingChanged: false
09-23 23:05:33.946  1602  1602 I PowerUI : mBootCompleted = true |  mFullyConnected = true
09-23 23:05:33.946  1602  1602 W PowerUI : Plug reason
09-23 23:05:33.947  1602  1602 W PowerUI : Skip charging animation - by plug status
09-23 23:05:33.947  1602 24400 D SecPowerUI.Notification: dismissing low battery warning: level=72
09-23 23:05:33.947  1602  1602 D PowerUI : priorPlugType = 2 mPlugType = 2 priorBatteryStatus = 2 mBatteryStatus = 2
09-23 23:05:33.947  1602  1602 W PowerUI : Plug reason
09-23 23:05:33.947  1602  1602 W PowerUI : Skip charging sound - by plug status
09-23 23:05:33.947  1602 24400 D SecPowerUI.Notification: updateNotification mWarning=false mPlaySound=false
09-23 23:05:33.948  1602  1602 I PowerUI : oldMisalign : false, curMisalign : false
09-23 23:05:33.948  1602 24400 D SecPowerUI.Notification: SecBatteryStatsSnapshot{batteryLevel=72, currentBatteryMode=0, chargingTime=3793000, chargingType=11, batteryHealth=2, automaticTestMode=false, isHiccupState=false}
09-23 23:05:33.950  1602 24400 D SecPowerUI.Notification: 1. restoreScreenTimeOut - saved_value : :
09-23 23:05:33.950  1602 24400 E SecPowerUI.Notification: no saved value, so we do nothing !!
09-23 23:05:33.952  1602  1602 D SecPowerUI.Notification: showChargingNotice oldChargingType : 11 / currentChargingType : 11, oldChargingTime : 3793000 / mChargingTime : 3793000
09-23 23:05:33.952  1602  1602 D SecPowerUI.Notification: There is no change about charging status, so return!
09-23 23:05:33.952  1602  1602 D PowerUI : Battery swelling mode - priorBatterySwellingMode = 0 mBatterySwellingMode = 0 mBatteryStatus = 2
09-23 23:05:33.952  1602  1602 I PowerUI : mBatteryMiscEvent = 65536
09-23 23:05:33.955  1602  1602 I PowerUI : checkShouldTurnOffProtectBattery : -1, Scheduling start ? : false
09-23 23:05:33.955  1602  1602 I PowerUI : Clear time
09-23 23:05:33.958  1186  1199 D SecContentProvider: query(), uri = 17 selection = isSettingsChangesAllowed
09-23 23:05:33.962  1602  1602 D KeyguardUpdateMonitor: received broadcast android.intent.action.BATTERY_CHANGED
09-23 23:05:33.963  1602  1602 I AODBatteryManager: updateBatteryData: ACTION_BATTERY_CHANGED
09-23 23:05:33.966  1602  1602 I AODBatteryManager: saveBatteryData : AOD BatteryData [mBatteryLevel=72, mBatteryStatus=CHARGING, mBatteryPlugType=USB, mBatteryPlugged=true, mRemainingChargeTime=3793000, mBatteryChargingType=1, mBatteryChargerType=NORMAL, mBatteryOnline=USB, mBatterySwellingMode=NONE, mBatteryProtectMode=false]
09-23 23:05:33.966  1602  1602 D KeyguardUpdateMonitor: handleBatteryUpdate
09-23 23:05:34.007 28768 28768 I ResourceOverlayService_0: waitAndQuit called
09-23 23:05:34.008 28768 28768 I ResourceOverlayService_0: activity user id 0 process id 0
09-23 23:05:34.133   859   960 I EDEN    : [Exynos][EDEN][v1.6.21][SERVICE] processAliveMointorMain:253: Try to check pid=(818)...
09-23 23:05:34.284  1033  1530 I bauth_FPBAuthService: pcf : 0x1012, 0 ,1 ,0 ,0 ,0 ,0, 7.0.0.0
09-23 23:05:34.285  1033  1530 I bauth_FPBAuthService: thread id : 1, preenroll_flag : 0, nd cnt : 0, cso : 0, et : 0
09-23 23:05:34.285  1033  1530 I bauth_FPBAuthService: FPBAuthService, 11416
09-23 23:05:35.011 28768 28768 I ResourceOverlayService_0: waitAndQuit called
09-23 23:05:35.013 28768 28768 I ResourceOverlayService_0: activity user id 0 process id 0
09-23 23:05:35.285  1033  1530 I bauth_FPBAuthService: pcf : 0x1012, 0 ,1 ,0 ,0 ,0 ,0, 7.0.0.0
09-23 23:05:35.285  1033  1530 I bauth_FPBAuthService: thread id : 1, preenroll_flag : 0, nd cnt : 0, cso : 0, et : 0
09-23 23:05:35.285  1033  1530 I bauth_FPBAuthService: FPBAuthService, 11416
09-23 23:05:36.016 28768 28768 I ResourceOverlayService_0: waitAndQuit called
09-23 23:05:36.018 28768 28768 I ResourceOverlayService_0: activity user id 0 process id 0
09-23 23:05:36.286  1033  1530 I bauth_FPBAuthService: pcf : 0x1012, 0 ,1 ,0 ,0 ,0 ,0, 7.0.0.0
09-23 23:05:36.286  1033  1530 I bauth_FPBAuthService: thread id : 1, preenroll_flag : 0, nd cnt : 0, cso : 0, et : 0
09-23 23:05:36.286  1033  1530 I bauth_FPBAuthService: FPBAuthService, 11416
09-23 23:05:37.019 28768 28768 I ResourceOverlayService_0: waitAndQuit called
09-23 23:05:37.022 28768 28768 I ResourceOverlayService_0: activity user id 0 process id 0
09-23 23:05:37.286  1033  1530 I bauth_FPBAuthService: pcf : 0x1012, 0 ,1 ,0 ,0 ,0 ,0, 7.0.0.0
09-23 23:05:37.287  1033  1530 I bauth_FPBAuthService: thread id : 1, preenroll_flag : 0, nd cnt : 0, cso : 0, et : 0
09-23 23:05:37.287  1033  1530 I bauth_FPBAuthService: FPBAuthService, 11416
09-23 23:05:37.623  1602  1695 D MobileStatusTracker(0/11): onSignalStrengthsChanged level=4, vendorLevel=4
09-23 23:05:37.625  1602  1695 D MobileSignalController(0/11): notifyListener: enabled=true, connected=true, dataConnected=false, networkType=LTE (4G), emergencyOnly=false, roaming=false, isDefault=false, dataActivity=, level=4, ca=false, mmWave=false, disabledDataIcon=false, simCard=ETC
09-23 23:05:37.626  1602  1695 D NetworkController: SignalStrength from intent slotId=0
09-23 23:05:38.024 28768 28768 I ResourceOverlayService_0: waitAndQuit called
09-23 23:05:38.026 28768 28768 I ResourceOverlayService_0: activity user id 0 process id 0
09-23 23:05:38.287  1033  1530 I bauth_FPBAuthService: pcf : 0x1012, 0 ,1 ,0 ,0 ,0 ,0, 7.0.0.0
09-23 23:05:38.287  1033  1530 I bauth_FPBAuthService: thread id : 1, preenroll_flag : 0, nd cnt : 0, cso : 0, et : 0
09-23 23:05:38.288  1033  1530 I bauth_FPBAuthService: FPBAuthService, 11416
09-23 23:05:38.956  1602  1602 D SecPowerUI.Notification: showChargingNotice oldChargingType : 11 / currentChargingType : 11, oldChargingTime : 3793000 / mChargingTime : 3793000
09-23 23:05:38.956  1602  1602 D SecPowerUI.Notification: There is no change about charging status, so return!
09-23 23:05:39.028 28768 28768 I ResourceOverlayService_0: waitAndQuit called
09-23 23:05:39.030 28768 28768 I ResourceOverlayService_0: activity user id 0 process id 0
09-23 23:05:39.134   859   960 I EDEN    : [Exynos][EDEN][v1.6.21][SERVICE] processAliveMointorMain:253: Try to check pid=(818)...
09-23 23:05:39.288  1033  1530 I bauth_FPBAuthService: pcf : 0x1012, 0 ,1 ,0 ,0 ,0 ,0, 7.0.0.0
09-23 23:05:39.288  1033  1530 I bauth_FPBAuthService: thread id : 1, preenroll_flag : 0, nd cnt : 0, cso : 0, et : 0
09-23 23:05:39.288  1033  1530 I bauth_FPBAuthService: FPBAuthService, 11416
09-23 23:05:40.033 28768 28768 I ResourceOverlayService_0: waitAndQuit called
09-23 23:05:40.034 28768 28768 I ResourceOverlayService_0: activity user id 0 process id 0
09-23 23:05:40.289  1033  1530 I bauth_FPBAuthService: pcf : 0x1012, 0 ,1 ,0 ,0 ,0 ,0, 7.0.0.0
09-23 23:05:40.289  1033  1530 I bauth_FPBAuthService: thread id : 1, preenroll_flag : 0, nd cnt : 0, cso : 0, et : 0
09-23 23:05:40.289  1033  1530 I bauth_FPBAuthService: FPBAuthService, 11416
09-23 23:05:41.037 28768 28768 I ResourceOverlayService_0: waitAndQuit called
09-23 23:05:41.038 28768 28768 I ResourceOverlayService_0: activity user id 0 process id 0
09-23 23:05:41.290  1033  1530 I bauth_FPBAuthService: pcf : 0x1012, 0 ,1 ,0 ,0 ,0 ,0, 7.0.0.0
09-23 23:05:41.290  1033  1530 I bauth_FPBAuthService: thread id : 1, preenroll_flag : 0, nd cnt : 0, cso : 0, et : 0
09-23 23:05:41.290  1033  1530 I bauth_FPBAuthService: FPBAuthService, 11416
09-23 23:05:41.809  1186  1534 D NetdEventListenerService: DNS Requested by : 136, 10136
09-23 23:05:41.813  5530  6640 D TrafficStats: tagSocket(97) with statsTag=0xffffffff, statsUid=-1
09-23 23:05:42.041 28768 28768 I ResourceOverlayService_0: waitAndQuit called
09-23 23:05:42.043 28768 28768 I ResourceOverlayService_0: activity user id 0 process id 0
09-23 23:05:42.291  1033  1530 I bauth_FPBAuthService: pcf : 0x1012, 0 ,1 ,0 ,0 ,0 ,0, 7.0.0.0
09-23 23:05:42.291  1033  1530 I bauth_FPBAuthService: thread id : 1, preenroll_flag : 0, nd cnt : 0, cso : 0, et : 0
09-23 23:05:42.291  1033  1530 I bauth_FPBAuthService: FPBAuthService, 11416
09-23 23:05:42.487  1186  1390 D InputReader: Input event(9): value=1 when=109898.377206
09-23 23:05:42.487  1186  1390 D InputReader: Input event(9): value=0 when=109898.377453
09-23 23:05:42.491  1186  1390 D InputDispatcher: Info: 15 bCancel: 1
09-23 23:05:42.494 19252 19252 I BSS_InDisplaySensorWindow: com.samsung.android.fingerprint.action.FINGER_ON_DISPLAY, 15
09-23 23:05:42.495 19252 19252 I BSS_InDisplaySensorWindow: showSensorIcon: 2, 10000
09-23 23:05:42.499  1602  1602 I MODManager: onStarted Finger Started mMODReason = 33
09-23 23:05:42.500 19252 19252 I BSS_InDisplaySensorHelper: HBM=0
09-23 23:05:42.501 19252 19252 I BSS_HbmController::DisplayOffState: handleHbmOn called
09-23 23:05:42.502 19252 19252 I BSS_HbmController: setCurrentState : DisplayOffState -> DisplayUnknownState
09-23 23:05:42.502 19252 19252 I BSS_AlphaMaskWindow: handleLightSource true
09-23 23:05:42.502 19252 19252 I SurfaceView@508258d: Locking canvas... stopped=true, surfaceControl=null
09-23 23:05:42.502 19252 19252 I SurfaceView@508258d: Returned canvas: null
09-23 23:05:42.504 19252 19252 I BSS_InDisplaySensorHelper: HBM=0
09-23 23:05:42.504  1186  2162 D SemInputDeviceManagerService: currentDisplayState[1]:DOZE_SUSPEND(4)
09-23 23:05:42.504  1186  2162 D SemInputDeviceManagerService: EARLY: Logical: DOZE_SUSPEND(4) Physical: ON(2) [Using: DOZE_SUSPEND(4)] displayType: 1
09-23 23:05:42.504  1186  2162 E SemInputDeviceManagerService: setDisplayStateToDevice: The same state was called. Skip this event(true)
09-23 23:05:42.506  1186  1745 I SemDvfsHyPerManager: acquire hyper - FINGERPRINT_SERVICE/1186@526, type = -999
09-23 23:05:42.507   871   871 D SurfaceFlinger: Setting power mode 2 on display 4633128672291735932
09-23 23:05:42.507   795   875 I HYPER-HAL: [RequestManager.cpp]acquire(): Acquired ID : 1466854  [1186 / 526]    HINT : BIOMETRICS_FINGER    list :
09-23 23:05:42.510  1186  2162 D SemInputDeviceManagerService: currentDisplayState[1]:DOZE_SUSPEND(4)
09-23 23:05:42.510  1186  2162 D SemInputDeviceManagerService: LATE: Logical: DOZE_SUSPEND(4) Physical: ON(2) [Using: DOZE_SUSPEND(4)] displayType: 1
09-23 23:05:42.510  1186  2162 E SemInputDeviceManagerService: setDisplayStateToDevice: The same state was called. Skip this event(false)
09-23 23:05:42.511 19252 19252 I BSS_HbmController: setCurrentState : DisplayUnknownState -> DisplayOnState
09-23 23:05:42.511 19252 19252 I BSS_HbmController::DisplayOnState: handleHbmOn called
09-23 23:05:42.512 19252 19252 I BSS_AlphaMaskWindow: setVisibility: [0]
09-23 23:05:42.514 19252 19252 I BSS_AlphaMaskWindow: getBackgroundColor: 92000000, 97.0, 0.576226, 800.0, 60.0
09-23 23:05:42.515 19252 19252 I BSS_HbmController: setCurrentState : DisplayOnState -> HbmUnknownState
09-23 23:05:42.515 19252 19252 I SurfaceView@508258d: onWindowVisibilityChanged(0) true com.samsung.android.biometrics.app.setting.fingerprint.LightSourceView{508258d V.E...... ......ID 0,0-1080,2400 #7f090149 app:id/sem_fingerprint_lightsource_surfaceview} of ViewRootImpl@e6c55cb[FP Maskview]
