09-23 23:03:34.212 20383 20415 I TestRunner: started: clicking_horizontal_list_button_displays_horizontal_list(com.example.dogglers.ButtonTests)
09-23 23:03:34.216  2080  2334 I SPayUpdater: updateSpayHandler, show = true, defaultPage = true
09-23 23:03:34.219  2080  2080 I LauncherRootView: handleSystemWindowInsets Rect(0, 80 - 0, 0)
09-23 23:03:34.221  2080  2080 I ViewRootImpl@782dd03[LauncherActivity]: performTraversals params={(0,0)(fillxfill) sim={adjust=nothing} layoutInDisplayCutoutMode=shortEdges ty=BASE_APPLICATION fmt=TRANSPARENT wanim=0x10302f4
09-23 23:03:34.221  2080  2080 I ViewRootImpl@782dd03[LauncherActivity]:   fl=81910100
09-23 23:03:34.221  2080  2080 I ViewRootImpl@782dd03[LauncherActivity]:   pfl=1e020040
09-23 23:03:34.221  2080  2080 I ViewRootImpl@782dd03[LauncherActivity]:   vsysui=1700
09-23 23:03:34.221  2080  2080 I ViewRootImpl@782dd03[LauncherActivity]:   bhv=SHOW_TRANSIENT_BARS_BY_SWIPE
09-23 23:03:34.221  2080  2080 I ViewRootImpl@782dd03[LauncherActivity]:   fitSides= naviIconColor=0}
09-23 23:03:34.222  2080  2080 I ViewRootImpl@782dd03[LauncherActivity]: performTraversals mFirst=false windowShouldResize=false viewVisibilityChanged=true mForceNextWindowRelayout=false params={(0,0)(fillxfill) sim={adjust=nothing} layoutInDisplayCutoutMode=shortEdges ty=BASE_APPLICATION fmt=TRANSPARENT wanim=0x10302f4
09-23 23:03:34.222  2080  2080 I ViewRootImpl@782dd03[LauncherActivity]:   fl=81910100
09-23 23:03:34.222  2080  2080 I ViewRootImpl@782dd03[LauncherActivity]:   pfl=1e020040
09-23 23:03:34.222  2080  2080 I ViewRootImpl@782dd03[LauncherActivity]:   vsysui=1700
09-23 23:03:34.222  2080  2080 I ViewRootImpl@782dd03[LauncherActivity]:   bhv=SHOW_TRANSIENT_BARS_BY_SWIPE
09-23 23:03:34.222  2080  2080 I ViewRootImpl@782dd03[LauncherActivity]:   fitSides= naviIconColor=0}
09-23 23:03:34.223  1186  1200 V WindowManager: Relayout Window{2961ae6 u0 com.sec.android.app.launcher/com.sec.android.app.launcher.activities.LauncherActivity}: viewVisibility=4 req=1080x2400 d0
09-23 23:03:34.224  2080  2334 I LiveIconUpdateEventHandler: cancelMinuteChangeAlarm
09-23 23:03:34.224  1186  1200 V WindowManager: Relayout hash=2961ae6, pid=2080, syncId=-1: mAttrs={(0,0)(fillxfill) sim={adjust=nothing} layoutInDisplayCutoutMode=shortEdges ty=BASE_APPLICATION fmt=TRANSPARENT wanim=0x10302f4
09-23 23:03:34.224  1186  1200 V WindowManager:   fl=81910100
09-23 23:03:34.224  1186  1200 V WindowManager:   pfl=1e020040
09-23 23:03:34.224  1186  1200 V WindowManager:   vsysui=1700
09-23 23:03:34.224  1186  1200 V WindowManager:   bhv=SHOW_TRANSIENT_BARS_BY_SWIPE
09-23 23:03:34.224  1186  1200 V WindowManager:   fitSides= naviIconColor=0}
09-23 23:03:34.226  2080  2334 I LiveIconUpdateEventHandler: cancelDateChangeAlarm
09-23 23:03:34.227  2080  2080 I ViewRootImpl@782dd03[LauncherActivity]: Relayout returned: old=(0,0,1080,2400) new=(0,0,1080,2400) req=(1080,2400)4 dur=4 res=0x2 s={false 0x0} ch=false seqId=0
09-23 23:03:34.227 20383 20415 W Settings: Setting always_finish_activities has moved from android.provider.Settings.System to android.provider.Settings.Global, returning read-only value.
09-23 23:03:34.231  2080  2080 I ViewRootImpl@782dd03[LauncherActivity]: handleAppVisibility mAppVisible = true visible = false
09-23 23:03:34.231   871   871 I Layer   : id=38701 removeFromCurrentState com.sec.android.app.launcher/com.sec.android.app.launcher.activities.LauncherActivity$_2080#38701 (118)
09-23 23:03:34.231   871   871 I SurfaceFlinger: id=38701 Removed com.sec.android.app.launcher/com.sec.android.app.launcher.activities.LauncherActivity$_2080#38701 (118)
09-23 23:03:34.232   871   871 I Layer   : id=38701 Destroyed com.sec.android.app.launcher/com.sec.android.app.launcher.activities.LauncherActivity$_2080#38701
09-23 23:03:34.235  2080  2331 I LiveIconUtil: getLiveIcon was called in ClockPackage
09-23 23:03:34.237  2080  2331 I LiveIconUtil: getLiveIcon res = com.sec.android.app.clockpackage
09-23 23:03:34.238  1186  1195 I system_server: Background young concurrent copying GC freed 462884(21MB) AllocSpace objects, 53(3348KB) LOS objects, 16% free, 113MB/136MB, paused 624us,745us total 238.936ms
09-23 23:03:34.240  1186  1232 I ChimeraSystemEventListener: appLaunchIntent package name is: com.example.dogglers
09-23 23:03:34.241  2080  2331 I LiveIconUtil: stdIconSize : 135 , targetIconSize : 163
09-23 23:03:34.242  2080  2331 I LiveIconUtil: mIconDpi : 640 , mTargetIconDpi : 450
09-23 23:03:34.242   871  1063 I SurfaceFlinger: id=38703 createSurf flag=24004, Task=7702#38703
09-23 23:03:34.244   871  1063 I SurfaceFlinger: id=38704 createSurf flag=80004, ActivityRecord{2676674 u0 com.example.dogglers/androidx.test.core.app.InstrumentationActivityInvoker$BootstrapActivity} t7702}#38704
09-23 23:03:34.249  1186  1200 D InputDispatcher: Focused application(0): ActivityRecord{2676674 u0 com.example.dogglers/androidx.test.core.app.InstrumentationActivityInvoker$BootstrapActivity} t7702}
09-23 23:03:34.250  1186  1197 W System  : A resource failed to call end.
09-23 23:03:34.252  1186  1200 I SemDvfsHyPerManager: acquire hyper - AMS_APP_LAUNCH/1186@17, type = -999
09-23 23:03:34.252  2633  2633 E pageboostd: Received HALT command code 2
09-23 23:03:34.252   795   875 I HYPER-HAL: [RequestManager.cpp]acquire(): Acquired ID : 724223  [1186 / 17]    HINT : AMS_APP_LAUNCH    list :
09-23 23:03:34.253  1602  1661 D NativeCustomFrequencyManager: [NativeCFMS] BpCustomFrequencyManager::BpCustomFrequencyManager()
09-23 23:03:34.256  1186  1232 D PersonaActivityHelper: Activity not in resumed state, do not run immediate lock
09-23 23:03:34.257  4177  4177 I SemDvfsHyPerManager: acquire hyper - APP_START/4177@18, type = -999
09-23 23:03:34.258   795   875 I HYPER-HAL: [RequestManager.cpp]acquire(): Acquired ID : 8801128  [4177 / 18]    HINT : APP_START    list :
09-23 23:03:34.263 20383 20383 D LifecycleMonitor: Lifecycle status change: androidx.test.core.app.InstrumentationActivityInvoker$BootstrapActivity@5f844c7 in: PRE_ON_CREATE
09-23 23:03:34.263 20383 20383 V ActivityScenario: Activity lifecycle changed event received but ignored because the intent does not match. startActivityIntent=Intent { act=android.intent.action.MAIN cat=[android.intent.category.LAUNCHER] cmp=com.example.dogglers/.MainActivity }, activity.getIntent()=Intent { act=android.intent.action.MAIN cat=[android.intent.category.LAUNCHER] flg=0x10008000 cmp=com.example.dogglers/androidx.test.core.app.InstrumentationActivityInvoker$BootstrapActivity (has extras) }, activity=androidx.test.core.app.InstrumentationActivityInvoker$BootstrapActivity@5f844c7
09-23 23:03:34.265  1186  1322 D InputTransport: Input channel constructed: 'd696c51', fd=1200
09-23 23:03:34.265  1186  1232 D EnterpriseDeviceManagerService: isMdmAdminPresentInternal() : MDM Admin Found - com.samsung.knox.securefolder
09-23 23:03:34.265  1186  1322 D InputTransport: Input channel constructed: 'd696c51', fd=1208
09-23 23:03:34.265  1186  1322 D InputTransport: Input channel constructed: 'd696c51', fd=1203
09-23 23:03:34.266   871   916 I SurfaceFlinger: id=38705 createSurf flag=80004, d696c51 Splash Screen com.example.dogglers#38705
09-23 23:03:34.266  1186  1197 W System  : A resource failed to call release.
09-23 23:03:34.266  1186  1322 D InputTransport: Input channel destroyed: 'd696c51', fd=1203
09-23 23:03:34.268  1602  1659 D InsetsController: onStateChanged: InsetsState: {mDisplayFrame=Rect(0, 0 - 1080, 2400), mDisplayCutout=DisplayCutout{insets=Rect(0, 80 - 0, 0) waterfall=Insets{left=0, top=0, right=0, bottom=0} boundingRect={Bounds=[Rect(0, 0 - 0, 0), Rect(468, 0 - 612, 80), Rect(0, 0 - 0, 0), Rect(0, 0 - 0, 0)]} cutoutPathParserInfo={CutoutPathParserInfo{displayWidth=1080 displayHeight=2400 physicalDisplayWidth=1080 physicalDisplayHeight=2400 density={2.8125} cutoutSpec={M 0,0 H -25.6 V 28.44444444444444 H 25.6 V 0 H 0 Z @dp} rotation={0} scale={1.0} physicalPixelDisplaySizeRatio={1.0}}}}, mRoundedCorners=RoundedCorners{[RoundedCorner{position=TopLeft, radius=90, center=Point(90, 90)}, RoundedCorner{position=TopRight, radius=90, center=Point(990, 90)}, RoundedCorner{position=BottomRight, radius=90, center=Point(990, 2310)}, RoundedCorner{position=BottomLeft, radius=90, center=Point(90, 2310)}]}  mRoundedCornerFrame=Rect(0, 0 - 1080, 2400), mPrivacyIndicatorBounds=PrivacyIndicatorBounds {static bounds=Rect(956, 0 - 1080, 80) rotation=0}, mSources= { InsetsSource: {mType=ITYPE_STATUS_BAR, mFrame=[0,0][1080,80], mVisible=true, mInsetsRoundedCornerFrame=false}, InsetsSource: {mType=ITYPE_NAVIGATION_BAR, mFrame=[0,2400][1080,2400], mVisible=false, mInsetsRoundedCornerFrame=false}, InsetsSource: {mType=ITYPE_LEFT_GESTURES, mFrame=[0,0][67,2400], mVisible=true, mInsetsRoundedCornerFrame=false}, InsetsSource: {mType=ITYPE_RIGHT_GESTURES, mFrame=[1013,0][1080,2400], mVisible=true, mInsetsRoundedCornerFrame=false}, InsetsSource: {mType=ITYPE_TOP_MANDATORY_GESTURES, mFrame=[0,0][1080,114], mVisible=true, mInsetsRoundedCornerFrame=false}, InsetsSource: {mType=ITYPE_BOTTOM_MANDATORY_GESTURES, mFrame=[0,2344][1080,2400], mVisible=true, mInsetsRoundedCornerFrame=false}, InsetsSource: {mType=ITYPE_LEFT_DISPLAY_CUTOUT, mFrame=[0,0][-100000,2400], mVisible=true, mInsetsRoundedCornerFrame=false}, InsetsSource: {mType=ITYPE_TOP_DISPLAY_CUTOUT, mFrame=[0,0][1080,80], mVisible=true, mInsetsRoundedCornerFrame=false}, InsetsSource: {mType=ITYPE_RIGHT_DISPLAY_CUTOUT, mFrame=[100000,0][1080,2400], mVisible=true, mInsetsRoundedCornerFrame=false}, InsetsSource: {mType=ITYPE_BOTTOM_DISPLAY_CUTOUT, mFrame=[0,100000][1080,2400], mVisible=true, mInsetsRoundedCornerFrame=false}, InsetsSource: {mType=ITYPE_TOP_TAPPABLE_ELEMENT, mFrame=[0,0][1080,80], mVisible=true, mInsetsRoundedCornerFrame=false}, InsetsSource: {mType=ITYPE_BOTTOM_TAPPABLE_ELEMENT, mFrame=[0,0][0,0], mVisible=true, mInsetsRoundedCornerFrame=false}, InsetsSource: {mType=ITYPE_IME, mFrame=[0,0][0,0], mVisibleFrame=[0,1392][1080,2400], mVisible=false, mInsetsRoundedCornerFrame=false} } host=Splash Screen com.example.dogglers from=android.view.ViewRootImpl.setView:1732
09-23 23:03:34.269  1602  1659 I ViewRootImpl@6eb0aef[dogglers]: setView = android.widget.FrameLayout@a07670b TM=true
09-23 23:03:34.270  2080  2080 I TopTaskTracker: onTaskMovedToFront : taskId = 7702
09-23 23:03:34.271 20383 20383 I DecorView: [INFO] isPopOver=false config=true
09-23 23:03:34.271 20383 20383 I DecorView: updateCaptionType: isFloating=false isApplication=true hasWindowDecorCaption=false this=DecorView@739ec92[]
09-23 23:03:34.271 20383 20383 D DecorView: setCaptionType = 0, this = DecorView@739ec92[]
09-23 23:03:34.272  1602  1659 I ViewRootImpl@6eb0aef[dogglers]: performTraversals params={(0,0)(fillxfill) sim={adjust=pan} ty=APPLICATION_STARTING fmt=TRANSLUCENT wanim=0x1030001
09-23 23:03:34.272  1602  1659 I ViewRootImpl@6eb0aef[dogglers]:   fl=81030118
09-23 23:03:34.272  1602  1659 I ViewRootImpl@6eb0aef[dogglers]:   pfl=16000010
09-23 23:03:34.272  1602  1659 I ViewRootImpl@6eb0aef[dogglers]:   bhv=DEFAULT
09-23 23:03:34.272  1602  1659 I ViewRootImpl@6eb0aef[dogglers]:   fitSides= naviIconColor=0}
09-23 23:03:34.273  1602  1659 I ViewRootImpl@6eb0aef[dogglers]: performTraversals mFirst=true windowShouldResize=true viewVisibilityChanged=false mForceNextWindowRelayout=false params={(0,0)(fillxfill) sim={adjust=pan} ty=APPLICATION_STARTING fmt=TRANSLUCENT wanim=0x1030001
09-23 23:03:34.273  1602  1659 I ViewRootImpl@6eb0aef[dogglers]:   fl=81030118
09-23 23:03:34.273  1602  1659 I ViewRootImpl@6eb0aef[dogglers]:   pfl=16000010
09-23 23:03:34.273  1602  1659 I ViewRootImpl@6eb0aef[dogglers]:   bhv=DEFAULT
09-23 23:03:34.273  1602  1659 I ViewRootImpl@6eb0aef[dogglers]:   fitSides= naviIconColor=0}
09-23 23:03:34.274 20383 20383 I DecorView: getCurrentDensityDpi: from real metrics. densityDpi=450 msg=resources_loaded
09-23 23:03:34.274 20383 20383 I DecorView: setWindowBackground: isPopOver=false color=ff010101 d=android.graphics.drawable.StateListDrawable@4aa6663
09-23 23:03:34.274  1186  3888 V WindowManager: Relayout Window{d696c51 u0 Splash Screen com.example.dogglers}: viewVisibility=0 req=1080x2400 d0
09-23 23:03:34.274 20383 20383 D LifecycleMonitor: Lifecycle status change: androidx.test.core.app.InstrumentationActivityInvoker$BootstrapActivity@5f844c7 in: CREATED
09-23 23:03:34.274 20383 20383 V ActivityScenario: Activity lifecycle changed event received but ignored because the intent does not match. startActivityIntent=Intent { act=android.intent.action.MAIN cat=[android.intent.category.LAUNCHER] cmp=com.example.dogglers/.MainActivity }, activity.getIntent()=Intent { act=android.intent.action.MAIN cat=[android.intent.category.LAUNCHER] flg=0x10008000 cmp=com.example.dogglers/androidx.test.core.app.InstrumentationActivityInvoker$BootstrapActivity (has extras) }, activity=androidx.test.core.app.InstrumentationActivityInvoker$BootstrapActivity@5f844c7
09-23 23:03:34.275   871   916 I SurfaceFlinger: id=38706 createSurf flag=40004, Splash Screen com.example.dogglers$_1602#38706
09-23 23:03:34.275 20383 20383 D LifecycleMonitor: Lifecycle status change: androidx.test.core.app.InstrumentationActivityInvoker$BootstrapActivity@5f844c7 in: STARTED
09-23 23:03:34.276 20383 20383 V ActivityScenario: Activity lifecycle changed event received but ignored because the intent does not match. startActivityIntent=Intent { act=android.intent.action.MAIN cat=[android.intent.category.LAUNCHER] cmp=com.example.dogglers/.MainActivity }, activity.getIntent()=Intent { act=android.intent.action.MAIN cat=[android.intent.category.LAUNCHER] flg=0x10008000 cmp=com.example.dogglers/androidx.test.core.app.InstrumentationActivityInvoker$BootstrapActivity (has extras) }, activity=androidx.test.core.app.InstrumentationActivityInvoker$BootstrapActivity@5f844c7
09-23 23:03:34.276 19252 19252 I BSS_SysUiManager: handleMessage = 9, 3, 7702
09-23 23:03:34.276 19252 19252 I BSS_SysUiManager: handleMessage = 9, 4, 7609
09-23 23:03:34.276 19252 19252 I BSS_SysUiManager: handleMessage = 9, 4, 7702
09-23 23:03:34.281  1186  3888 V WindowManager: Relayout hash=d696c51, pid=1602, syncId=-1: mAttrs={(0,0)(fillxfill) sim={adjust=pan} ty=APPLICATION_STARTING fmt=TRANSLUCENT wanim=0x1030001
09-23 23:03:34.281  1186  3888 V WindowManager:   fl=81030118
09-23 23:03:34.281  1186  3888 V WindowManager:   pfl=16000010
09-23 23:03:34.281  1186  3888 V WindowManager:   bhv=DEFAULT
09-23 23:03:34.281  1186  3888 V WindowManager:   fitSides= naviIconColor=0}
09-23 23:03:34.283  1602  1659 I ViewRootImpl@6eb0aef[dogglers]: updateBlastSurfaceIfNeeded mBlastBufferQueue=null isSameSurfaceControl=false
09-23 23:03:34.284  1602  1659 I BLASTBufferQueue: new BLASTBufferQueue, mName= ViewRootImpl@6eb0aef[dogglers] mNativeObject= 0xb400007dbe3af930 sc.mNativeObject= 0xb400007d4e3d6080 caller= android.view.ViewRootImpl.updateBlastSurfaceIfNeeded:2909 android.view.ViewRootImpl.relayoutWindow:9847 android.view.ViewRootImpl.performTraversals:3884 android.view.ViewRootImpl.doTraversal:3116 android.view.ViewRootImpl$TraversalRunnable.run:10885 android.view.Choreographer$CallbackRecord.run:1301 android.view.Choreographer$CallbackRecord.run:1309 android.view.Choreographer.doCallbacks:923 android.view.Choreographer.doFrame:852 android.view.Choreographer$FrameDisplayEventReceiver.run:1283
09-23 23:03:34.284  1602  1659 I BLASTBufferQueue: update, w= 1080 h= 2400 mName = ViewRootImpl@6eb0aef[dogglers] mNativeObject= 0xb400007dbe3af930 sc.mNativeObject= 0xb400007d4e3d6080 format= -3 caller= android.graphics.BLASTBufferQueue.<init>:84 android.view.ViewRootImpl.updateBlastSurfaceIfNeeded:2909 android.view.ViewRootImpl.relayoutWindow:9847 android.view.ViewRootImpl.performTraversals:3884 android.view.ViewRootImpl.doTraversal:3116 android.view.ViewRootImpl$TraversalRunnable.run:10885
09-23 23:03:34.285   871   916 I SurfaceFlinger: id=38707 createSurf flag=80004, ActivityRecord{2664f76 u0 com.example.dogglers/.MainActivity} t7702}#38707
09-23 23:03:34.285  1602  1659 I ViewRootImpl@6eb0aef[dogglers]: Relayout returned: old=(0,0,1080,2400) new=(0,0,1080,2400) req=(1080,2400)0 dur=9 res=0x3 s={true 0xb400007e4e5b5b10} ch=true seqId=0
09-23 23:03:34.286  1602  1659 I ViewRootImpl@6eb0aef[dogglers]: mThreadedRenderer.initialize() mSurface={isValid=true 0xb400007e4e5b5b10} hwInitialized=true
09-23 23:03:34.286  1602  1661 D OpenGLRenderer: eglCreateWindowSurface
09-23 23:03:34.286  1186  2620 I MediaSessionMonitor: Media session stopped : controllerList empty
09-23 23:03:34.288 20383 20383 D LifecycleMonitor: Lifecycle status change: androidx.test.core.app.InstrumentationActivityInvoker$BootstrapActivity@5f844c7 in: RESUMED
09-23 23:03:34.289 20383 20383 V ActivityScenario: Activity lifecycle changed event received but ignored because the intent does not match. startActivityIntent=Intent { act=android.intent.action.MAIN cat=[android.intent.category.LAUNCHER] cmp=com.example.dogglers/.MainActivity }, activity.getIntent()=Intent { act=android.intent.action.MAIN cat=[android.intent.category.LAUNCHER] flg=0x10008000 cmp=com.example.dogglers/androidx.test.core.app.InstrumentationActivityInvoker$BootstrapActivity (has extras) }, activity=androidx.test.core.app.InstrumentationActivityInvoker$BootstrapActivity@5f844c7
09-23 23:03:34.289  2633  2633 E pageboostd: Received HALT command code 2
09-23 23:03:34.291  1602  1659 I ViewRootImpl@6eb0aef[dogglers]: reportNextDraw android.view.ViewRootImpl.performTraversals:4438 android.view.ViewRootImpl.doTraversal:3116 android.view.ViewRootImpl$TraversalRunnable.run:10885 android.view.Choreographer$CallbackRecord.run:1301 android.view.Choreographer$CallbackRecord.run:1309
09-23 23:03:34.291  1602  1659 I ViewRootImpl@6eb0aef[dogglers]: Setup new sync id=0
09-23 23:03:34.291  1602  1659 I ViewRootImpl@6eb0aef[dogglers]: Setting syncFrameCallback
09-23 23:03:34.291  1602  1659 I ViewRootImpl@6eb0aef[dogglers]: registerCallbacksForSync syncBuffer=false
09-23 23:03:34.291 20383 20383 D LifecycleMonitor: Lifecycle status change: androidx.test.core.app.InstrumentationActivityInvoker$BootstrapActivity@5f844c7 in: PAUSED
09-23 23:03:34.292 20383 20383 V ActivityScenario: Activity lifecycle changed event received but ignored because the intent does not match. startActivityIntent=Intent { act=android.intent.action.MAIN cat=[android.intent.category.LAUNCHER] cmp=com.example.dogglers/.MainActivity }, activity.getIntent()=Intent { act=android.intent.action.MAIN cat=[android.intent.category.LAUNCHER] flg=0x10008000 cmp=com.example.dogglers/androidx.test.core.app.InstrumentationActivityInvoker$BootstrapActivity (has extras) }, activity=androidx.test.core.app.InstrumentationActivityInvoker$BootstrapActivity@5f844c7
09-23 23:03:34.295  1186  1741 D InputDispatcher: Focused application(0): ActivityRecord{2664f76 u0 com.example.dogglers/.MainActivity} t7702}
09-23 23:03:34.298  1186  1232 D PersonaActivityHelper: Activity not in resumed state, do not run immediate lock
09-23 23:03:34.304  1186  1534 D NetdEventListenerService: DNS Requested by : 136, 1000
09-23 23:03:34.305 19252 19252 I BSS_SysUiManager: handleMessage = 9, 1, 0
09-23 23:03:34.306  1186  1232 D EnterpriseDeviceManagerService: isMdmAdminPresentInternal() : MDM Admin Found - com.samsung.knox.securefolder
09-23 23:03:34.307  1186  1509 D TrafficStats: tagSocket(685) with statsTag=0xffffffff, statsUid=-1
09-23 23:03:34.308  1186  2620 I MediaSessionMonitor: Media session stopped : controllerList empty
09-23 23:03:34.311  1602  1685 I ViewRootImpl@6eb0aef[dogglers]: Received frameDrawingCallback syncResult=0 frameNum=1.
09-23 23:03:34.311  1602  1685 I ViewRootImpl@6eb0aef[dogglers]: Setting up sync and frameCommitCallback
09-23 23:03:34.316  1602  1661 I BLASTBufferQueue: [ViewRootImpl@6eb0aef[dogglers]#2258](f:0,a:0) onFrameAvailable the first frame is available
09-23 23:03:34.317  1602  1661 I ViewRootImpl@6eb0aef[dogglers]: Received frameCommittedCallback lastAttemptedDrawFrameNum=1 didProduceBuffer=true
09-23 23:03:34.316  2080 26690 I RecentModel: onTaskStackChangedBackground
09-23 23:03:34.320  1602  1661 D OpenGLRenderer: CFMS:: SetUp Pid : 1602    Tid : 1661
09-23 23:03:34.321 20383 20383 D LifecycleMonitor: Lifecycle status change: com.example.dogglers.MainActivity@6bc3edb in: PRE_ON_CREATE
09-23 23:03:34.321 20383 20383 V ActivityScenario: Activity lifecycle changed event received but ignored because the reported transition was not ON_CREATE while the last known transition was PRE_ON_CREATE
09-23 23:03:34.324  1602  1661 W Parcel  : Expecting binder but got null!
09-23 23:03:34.324  1602  1659 I ViewRootImpl@6eb0aef[dogglers]: onSyncComplete
09-23 23:03:34.324  1602  1659 I ViewRootImpl@6eb0aef[dogglers]: setupSync seqId=0 mSyncId=0 fn=1 caller=android.view.ViewRootImpl$$ExternalSyntheticLambda11.accept:6 android.window.SurfaceSyncer.lambda$setupSync$1$android-window-SurfaceSyncer:128 android.window.SurfaceSyncer$$ExternalSyntheticLambda1.accept:8 android.window.SurfaceSyncer$SyncSet.checkIfSyncIsComplete:382 android.window.SurfaceSyncer$SyncSet.markSyncReady:359 android.window.SurfaceSyncer.markSyncReady:151 android.view.ViewRootImpl.performTraversals:4503
09-23 23:03:34.324  1602  1659 I ViewRootImpl@6eb0aef[dogglers]: reportDrawFinished seqId=0 mSyncId=-1 fn=1 mSurfaceChangedTransaction=0xb400007d7e36cf50
09-23 23:03:34.359  2080  2331 I AppIconSolution: load= live icon for com.sec.android.app.clockpackage, from overlay = false
09-23 23:03:34.365  2080  2331 I LauncherActivityInfo: packageName: com.sec.android.app.clockpackage, useThemeIcon: false, height: 288, width: 288, density: 640
09-23 23:03:34.367 20383 20383 I DecorView: [INFO] isPopOver=false config=true
09-23 23:03:34.368 20383 20383 I DecorView: updateCaptionType: isFloating=false isApplication=true hasWindowDecorCaption=false this=DecorView@26dfa9e[]
09-23 23:03:34.368 20383 20383 D DecorView: setCaptionType = 0, this = DecorView@26dfa9e[]
09-23 23:03:34.371 20383 20383 I DecorView: getCurrentDensityDpi: from real metrics. densityDpi=450 msg=resources_loaded
09-23 23:03:34.371 20383 20383 I DecorView: setWindowBackground: isPopOver=false color=ff121212 d=android.graphics.drawable.ColorDrawable@fb6ed4c
09-23 23:03:34.376  2080  2331 I LauncherActivityInfo: Trying to load live icon for com.samsung.android.calendar
09-23 23:03:34.392 20383 20383 D LifecycleMonitor: Lifecycle status change: com.example.dogglers.MainActivity@6bc3edb in: CREATED
09-23 23:03:34.393 20383 20383 V ActivityScenario: Update currentActivityStage to CREATED, currentActivity=com.example.dogglers.MainActivity@6bc3edb
09-23 23:03:34.396  2080 26690 I RecentModel: onTaskStackChangedBackground
09-23 23:03:34.397 20383 20383 D LifecycleMonitor: Lifecycle status change: com.example.dogglers.MainActivity@6bc3edb in: STARTED
09-23 23:03:34.397  4177  4954 I SemDvfsHyPerManager: acquire hyper - GovernorS5e8825_SYSFS/4177@20, type = -999
09-23 23:03:34.397   795   875 I HYPER-HAL: [RequestManager.cpp]acquire(): Acquired ID : 8809523  [4177 / 20]    HINT :      list : [EMSTUNE_REQMODE / 1]
09-23 23:03:34.398 20383 20383 V ActivityScenario: Update currentActivityStage to STARTED, currentActivity=com.example.dogglers.MainActivity@6bc3edb
09-23 23:03:34.399 19252 19252 I BSS_SysUiManager: handleMessage = 9, 1, 0
09-23 23:03:34.400 20383 20383 D LifecycleMonitor: Lifecycle status change: com.example.dogglers.MainActivity@6bc3edb in: RESUMED
09-23 23:03:34.400 20383 20383 V ActivityScenario: Update currentActivityStage to RESUMED, currentActivity=com.example.dogglers.MainActivity@6bc3edb
09-23 23:03:34.402 20383 20383 I MSHandlerLifeCycle: check: return. pkg=com.example.dogglers parent=null callers=com.android.internal.policy.DecorView.setVisibility:4416 android.app.ActivityThread.handleResumeActivity:5476 android.app.servertransaction.ResumeActivityItem.execute:54 android.app.servertransaction.ActivityTransactionItem.execute:45 android.app.servertransaction.TransactionExecutor.executeLifecycleState:176
09-23 23:03:34.403 20383 20383 I MSHandlerLifeCycle: removeMultiSplitHandler: no exist. decor=DecorView@26dfa9e[]
09-23 23:03:34.403  2080  2331 I LiveIconLoader: [Calendar] LiveIcon - stdIconSize : 135 , targetIconSize : 163
09-23 23:03:34.403  2080  2331 I LiveIconLoader: [Calendar] LiveIcon - sIconDpi : 640 , targetIconDpi : 450
09-23 23:03:34.405  2080  2331 W LiveIconLoader: System font not found, reverting to Roboto.
09-23 23:03:34.405 20383 20415 W xample.dogglers: Accessing hidden method Landroid/view/ViewConfiguration;->getDoubleTapMinTime()I (unsupported, reflection, allowed)
09-23 23:03:34.408 20383 20417 D NativeCustomFrequencyManager: [NativeCFMS] BpCustomFrequencyManager::BpCustomFrequencyManager()
09-23 23:03:34.412  1186  1322 D InputTransport: Input channel constructed: '11c42ce', fd=929
09-23 23:03:34.412  1186  1322 D InputTransport: Input channel constructed: '11c42ce', fd=940
09-23 23:03:34.412  1186  1322 D InputTransport: Input channel constructed: '11c42ce', fd=953
09-23 23:03:34.413   871  1063 I SurfaceFlinger: id=38708 createSurf flag=80004, 11c42ce com.example.dogglers/com.example.dogglers.MainActivity#38708
09-23 23:03:34.414  1186  1322 D InputTransport: Input channel destroyed: '11c42ce', fd=953
09-23 23:03:34.416 20383 20383 D InsetsController: onStateChanged: InsetsState: {mDisplayFrame=Rect(0, 0 - 1080, 2400), mDisplayCutout=DisplayCutout{insets=Rect(0, 80 - 0, 0) waterfall=Insets{left=0, top=0, right=0, bottom=0} boundingRect={Bounds=[Rect(0, 0 - 0, 0), Rect(468, 0 - 612, 80), Rect(0, 0 - 0, 0), Rect(0, 0 - 0, 0)]} cutoutPathParserInfo={CutoutPathParserInfo{displayWidth=1080 displayHeight=2400 physicalDisplayWidth=1080 physicalDisplayHeight=2400 density={2.8125} cutoutSpec={M 0,0 H -25.6 V 28.44444444444444 H 25.6 V 0 H 0 Z @dp} rotation={0} scale={1.0} physicalPixelDisplaySizeRatio={1.0}}}}, mRoundedCorners=RoundedCorners{[RoundedCorner{position=TopLeft, radius=90, center=Point(90, 90)}, RoundedCorner{position=TopRight, radius=90, center=Point(990, 90)}, RoundedCorner{position=BottomRight, radius=90, center=Point(990, 2310)}, RoundedCorner{position=BottomLeft, radius=90, center=Point(90, 2310)}]}  mRoundedCornerFrame=Rect(0, 0 - 1080, 2400), mPrivacyIndicatorBounds=PrivacyIndicatorBounds {static bounds=Rect(956, 0 - 1080, 80) rotation=0}, mSources= { InsetsSource: {mType=ITYPE_STATUS_BAR, mFrame=[0,0][1080,80], mVisible=true, mInsetsRoundedCornerFrame=false}, InsetsSource: {mType=ITYPE_NAVIGATION_BAR, mFrame=[0,2400][1080,2400], mVisible=false, mInsetsRoundedCornerFrame=false}, InsetsSource: {mType=ITYPE_LEFT_GESTURES, mFrame=[0,0][67,2400], mVisible=true, mInsetsRoundedCornerFrame=false}, InsetsSource: {mType=ITYPE_RIGHT_GESTURES, mFrame=[1013,0][1080,2400], mVisible=true, mInsetsRoundedCornerFrame=false}, InsetsSource: {mType=ITYPE_TOP_MANDATORY_GESTURES, mFrame=[0,0][1080,114], mVisible=true, mInsetsRoundedCornerFrame=false}, InsetsSource: {mType=ITYPE_BOTTOM_MANDATORY_GESTURES, mFrame=[0,2344][1080,2400], mVisible=true, mInsetsRoundedCornerFrame=false}, InsetsSource: {mType=ITYPE_LEFT_DISPLAY_CUTOUT, mFrame=[0,0][-100000,2400], mVisible=true, mInsetsRoundedCornerFrame=false}, InsetsSource: {mType=ITYPE_TOP_DISPLAY_CUTOUT, mFrame=[0,0][1080,80], mVisible=true, mInsetsRoundedCornerFrame=false}, InsetsSource: {mType=ITYPE_RIGHT_DISPLAY_CUTOUT, mFrame=[100000,0][1080,2400], mVisible=true, mInsetsRoundedCornerFrame=false}, InsetsSource: {mType=ITYPE_BOTTOM_DISPLAY_CUTOUT, mFrame=[0,100000][1080,2400], mVisible=true, mInsetsRoundedCornerFrame=false}, InsetsSource: {mType=ITYPE_TOP_TAPPABLE_ELEMENT, mFrame=[0,0][1080,80], mVisible=true, mInsetsRoundedCornerFrame=false}, InsetsSource: {mType=ITYPE_BOTTOM_TAPPABLE_ELEMENT, mFrame=[0,0][0,0], mVisible=true, mInsetsRoundedCornerFrame=false}, InsetsSource: {mType=ITYPE_IME, mFrame=[0,0][0,0], mVisibleFrame=[0,1392][1080,2400], mVisible=false, mInsetsRoundedCornerFrame=false} } host=com.example.dogglers/com.example.dogglers.MainActivity from=android.view.ViewRootImpl.setView:1732
09-23 23:03:34.419 20383 20383 I ViewRootImpl@8d8506f[MainActivity]: setView = com.android.internal.policy.DecorView@26dfa9e TM=true
09-23 23:03:34.420 20383 20383 I MSHandlerLifeCycle: removeMultiSplitHandler: no exist. decor=DecorView@26dfa9e[MainActivity]
09-23 23:03:34.423 20383 20383 D LifecycleMonitor: Lifecycle status change: com.example.dogglers.MainActivity@6bc3edb in: PAUSED
09-23 23:03:34.424 20383 20383 V ActivityScenario: Update currentActivityStage to PAUSED, currentActivity=com.example.dogglers.MainActivity@6bc3edb
09-23 23:03:34.426 20383 20383 D LifecycleMonitor: Lifecycle status change: androidx.test.core.app.InstrumentationActivityInvoker$BootstrapActivity@5f844c7 in: STOPPED
09-23 23:03:34.426 20383 20383 V ActivityScenario: Activity lifecycle changed event received but ignored because the intent does not match. startActivityIntent=Intent { act=android.intent.action.MAIN cat=[android.intent.category.LAUNCHER] cmp=com.example.dogglers/.MainActivity }, activity.getIntent()=Intent { act=android.intent.action.MAIN cat=[android.intent.category.LAUNCHER] flg=0x10008000 cmp=com.example.dogglers/androidx.test.core.app.InstrumentationActivityInvoker$BootstrapActivity (has extras) }, activity=androidx.test.core.app.InstrumentationActivityInvoker$BootstrapActivity@5f844c7
09-23 23:03:34.427  2080  2331 I LiveIconLoader: [Calendar] getLiveIcon - Date: 23
09-23 23:03:34.429  2080  2331 I AppIconSolution: load= live icon for com.samsung.android.calendar, from overlay = false
09-23 23:03:34.440  2080  2331 I LauncherActivityInfo: packageName: com.samsung.android.calendar, useThemeIcon: false, height: 385, width: 385, density: 640
09-23 23:03:34.446 20383 20383 I ViewRootImpl@8d8506f[MainActivity]: performTraversals params={(0,0)(fillxfill) sim={adjust=pan forwardNavigation} ty=BASE_APPLICATION wanim=0x1030309
09-23 23:03:34.446 20383 20383 I ViewRootImpl@8d8506f[MainActivity]:   fl=81810100
09-23 23:03:34.446 20383 20383 I ViewRootImpl@8d8506f[MainActivity]:   pfl=12020040
09-23 23:03:34.446 20383 20383 I ViewRootImpl@8d8506f[MainActivity]:   bhv=DEFAULT
09-23 23:03:34.446 20383 20383 I ViewRootImpl@8d8506f[MainActivity]:   fitSides= naviIconColor=0}
09-23 23:03:34.450 20383 20383 I ViewRootImpl@8d8506f[MainActivity]: performTraversals mFirst=true windowShouldResize=true viewVisibilityChanged=false mForceNextWindowRelayout=false params={(0,0)(fillxfill) sim={adjust=pan forwardNavigation} ty=BASE_APPLICATION wanim=0x1030309
09-23 23:03:34.450 20383 20383 I ViewRootImpl@8d8506f[MainActivity]:   fl=81810100
09-23 23:03:34.450 20383 20383 I ViewRootImpl@8d8506f[MainActivity]:   pfl=12020040
09-23 23:03:34.450 20383 20383 I ViewRootImpl@8d8506f[MainActivity]:   bhv=DEFAULT
09-23 23:03:34.450 20383 20383 I ViewRootImpl@8d8506f[MainActivity]:   fitSides= naviIconColor=0}
09-23 23:03:34.450  1186  1322 V WindowManager: Relayout Window{11c42ce u0 com.example.dogglers/com.example.dogglers.MainActivity}: viewVisibility=0 req=1080x2400 d0
09-23 23:03:34.451   871   916 I SurfaceFlinger: id=38709 createSurf flag=40004, com.example.dogglers/com.example.dogglers.MainActivity$_20383#38709
09-23 23:03:34.455  1186  1322 V WindowManager: Relayout hash=11c42ce, pid=20383, syncId=-1: mAttrs={(0,0)(fillxfill) sim={adjust=pan forwardNavigation} ty=BASE_APPLICATION wanim=0x1030309
09-23 23:03:34.455  1186  1322 V WindowManager:   fl=81810100
09-23 23:03:34.455  1186  1322 V WindowManager:   pfl=12020040
09-23 23:03:34.455  1186  1322 V WindowManager:   bhv=DEFAULT
09-23 23:03:34.455  1186  1322 V WindowManager:   fitSides= naviIconColor=0}
09-23 23:03:34.460 20383 20383 I ViewRootImpl@8d8506f[MainActivity]: updateBlastSurfaceIfNeeded mBlastBufferQueue=null isSameSurfaceControl=false
09-23 23:03:34.461 20383 20383 I BLASTBufferQueue: new BLASTBufferQueue, mName= ViewRootImpl@8d8506f[MainActivity] mNativeObject= 0xb400007dbe23b4f0 sc.mNativeObject= 0xb400007d4e2643e0 caller= android.view.ViewRootImpl.updateBlastSurfaceIfNeeded:2909 android.view.ViewRootImpl.relayoutWindow:9847 android.view.ViewRootImpl.performTraversals:3884 android.view.ViewRootImpl.doTraversal:3116 android.view.ViewRootImpl$TraversalRunnable.run:10885 android.view.Choreographer$CallbackRecord.run:1301 android.view.Choreographer$CallbackRecord.run:1309 android.view.Choreographer.doCallbacks:923 android.view.Choreographer.doFrame:852 android.view.Choreographer$FrameDisplayEventReceiver.run:1283
09-23 23:03:34.461 20383 20383 I BLASTBufferQueue: update, w= 1080 h= 2400 mName = ViewRootImpl@8d8506f[MainActivity] mNativeObject= 0xb400007dbe23b4f0 sc.mNativeObject= 0xb400007d4e2643e0 format= -1 caller= android.graphics.BLASTBufferQueue.<init>:84 android.view.ViewRootImpl.updateBlastSurfaceIfNeeded:2909 android.view.ViewRootImpl.relayoutWindow:9847 android.view.ViewRootImpl.performTraversals:3884 android.view.ViewRootImpl.doTraversal:3116 android.view.ViewRootImpl$TraversalRunnable.run:10885
09-23 23:03:34.462 20383 20383 I ViewRootImpl@8d8506f[MainActivity]: Relayout returned: old=(0,0,1080,2400) new=(0,0,1080,2400) req=(1080,2400)0 dur=9 res=0x3 s={true 0xb400007e4e29b9c0} ch=true seqId=0
09-23 23:03:34.464 20383 20417 D OpenGLRenderer: eglCreateWindowSurface
09-23 23:03:34.464 20383 20383 I ViewRootImpl@8d8506f[MainActivity]: mThreadedRenderer.initialize() mSurface={isValid=true 0xb400007e4e29b9c0} hwInitialized=true
09-23 23:03:34.469 20383 20383 I ViewRootImpl@8d8506f[MainActivity]: reportNextDraw android.view.ViewRootImpl.performTraversals:4438 android.view.ViewRootImpl.doTraversal:3116 android.view.ViewRootImpl$TraversalRunnable.run:10885 android.view.Choreographer$CallbackRecord.run:1301 android.view.Choreographer$CallbackRecord.run:1309
09-23 23:03:34.469 20383 20383 I ViewRootImpl@8d8506f[MainActivity]: Setup new sync id=0
09-23 23:03:34.469 20383 20383 I ViewRootImpl@8d8506f[MainActivity]: Setting syncFrameCallback
09-23 23:03:34.470 20383 20383 I ViewRootImpl@8d8506f[MainActivity]: registerCallbacksForSync syncBuffer=false
09-23 23:03:34.492 20383 20438 I ViewRootImpl@8d8506f[MainActivity]: Received frameDrawingCallback syncResult=0 frameNum=1.
09-23 23:03:34.492 20383 20438 I ViewRootImpl@8d8506f[MainActivity]: Setting up sync and frameCommitCallback
09-23 23:03:34.495 20383 20417 I BLASTBufferQueue: [ViewRootImpl@8d8506f[MainActivity]#3](f:0,a:0) onFrameAvailable the first frame is available
09-23 23:03:34.496 20383 20417 I ViewRootImpl@8d8506f[MainActivity]: Received frameCommittedCallback lastAttemptedDrawFrameNum=1 didProduceBuffer=true
09-23 23:03:34.497 28768 28768 I ResourceOverlayService_0: waitAndQuit called
09-23 23:03:34.497 20383 20417 D OpenGLRenderer: CFMS:: SetUp Pid : 20383    Tid : 20417
09-23 23:03:34.498 20383 20417 W Parcel  : Expecting binder but got null!
09-23 23:03:34.498 20383 20383 I ViewRootImpl@8d8506f[MainActivity]: onSyncComplete
09-23 23:03:34.498 28768 28768 I ResourceOverlayService_0: activity user id 0 process id 0
09-23 23:03:34.499 20383 20383 I ViewRootImpl@8d8506f[MainActivity]: setupSync seqId=0 mSyncId=0 fn=1 caller=android.view.ViewRootImpl$$ExternalSyntheticLambda11.accept:6 android.window.SurfaceSyncer.lambda$setupSync$1$android-window-SurfaceSyncer:128 android.window.SurfaceSyncer$$ExternalSyntheticLambda1.accept:8 android.window.SurfaceSyncer$SyncSet.checkIfSyncIsComplete:382 android.window.SurfaceSyncer$SyncSet.markSyncReady:359 android.window.SurfaceSyncer.markSyncReady:151 android.view.ViewRootImpl.performTraversals:4503
09-23 23:03:34.500 20383 20383 I ViewRootImpl@8d8506f[MainActivity]: reportDrawFinished seqId=0 mSyncId=-1 fn=1 mSurfaceChangedTransaction=0xb400007d7e236e10
09-23 23:03:34.503 20383 20383 I ViewRootImpl@8d8506f[MainActivity]: stopped(true) old = false
09-23 23:03:34.503 20383 20383 I ViewRootImpl@8d8506f[MainActivity]: WindowStopped on com.example.dogglers/com.example.dogglers.MainActivity set to true
09-23 23:03:34.504 20383 20383 D LifecycleMonitor: Lifecycle status change: com.example.dogglers.MainActivity@6bc3edb in: STOPPED
09-23 23:03:34.505 20383 20383 V ActivityScenario: Update currentActivityStage to STOPPED, currentActivity=com.example.dogglers.MainActivity@6bc3edb
09-23 23:03:34.508 20383 20383 I MSHandlerLifeCycle: removeMultiSplitHandler: no exist. decor=DecorView@26dfa9e[MainActivity]
09-23 23:03:34.515 20383 20417 D OpenGLRenderer: setSurface called with nullptr
09-23 23:03:34.515 20383 20417 D OpenGLRenderer: setSurface() destroyed EGLSurface
09-23 23:03:34.515 20383 20417 D OpenGLRenderer: destroyEglSurface
09-23 23:03:34.520 20383 20383 I ViewRootImpl@8d8506f[MainActivity]: performTraversals mFirst=false windowShouldResize=false viewVisibilityChanged=true mForceNextWindowRelayout=false params=null
09-23 23:03:34.521  1186  1741 V WindowManager: Relayout Window{11c42ce u0 com.example.dogglers/com.example.dogglers.MainActivity}: viewVisibility=4 req=1080x2400 d0
09-23 23:03:34.523  1186  1741 V WindowManager: Relayout hash=11c42ce, pid=20383, syncId=-1: mAttrs={(0,0)(fillxfill) sim={adjust=pan forwardNavigation} ty=BASE_APPLICATION wanim=0x1030309
09-23 23:03:34.523  1186  1741 V WindowManager:   fl=81810100
09-23 23:03:34.523  1186  1741 V WindowManager:   pfl=12020040
09-23 23:03:34.523  1186  1741 V WindowManager:   bhv=DEFAULT
09-23 23:03:34.523  1186  1741 V WindowManager:   fitSides= naviIconColor=0}
09-23 23:03:34.527 20383 20383 I ViewRootImpl@8d8506f[MainActivity]: Relayout returned: old=(0,0,1080,2400) new=(0,0,1080,2400) req=(1080,2400)4 dur=6 res=0x2 s={false 0x0} ch=false seqId=0
09-23 23:03:34.531 20383 20383 I ViewRootImpl@8d8506f[MainActivity]: handleAppVisibility mAppVisible = true visible = false
09-23 23:03:34.531 20383 20383 W RootViewPicker: No activity currently resumed - waiting: 10ms for one to appear.
09-23 23:03:34.532  1602  1661 D OpenGLRenderer: setSurface called with nullptr
09-23 23:03:34.532  1602  1661 D OpenGLRenderer: setSurface() destroyed EGLSurface
09-23 23:03:34.532  1602  1661 D OpenGLRenderer: destroyEglSurface
09-23 23:03:34.532   871   871 I Layer   : id=38709 removeFromCurrentState com.example.dogglers/com.example.dogglers.MainActivity$_20383#38709 (124)
09-23 23:03:34.532   871   871 I SurfaceFlinger: id=38709 Removed com.example.dogglers/com.example.dogglers.MainActivity$_20383#38709 (124)
09-23 23:03:34.533   871   871 I Layer   : id=38709 Destroyed com.example.dogglers/com.example.dogglers.MainActivity$_20383#38709
09-23 23:03:34.535  1602  1659 I ViewRootImpl@6eb0aef[dogglers]: performTraversals params={(0,0)(fillxfill) sim={adjust=pan} ty=APPLICATION_STARTING fmt=TRANSLUCENT wanim=0x1030001 alpha=0.0
09-23 23:03:34.535  1602  1659 I ViewRootImpl@6eb0aef[dogglers]:   fl=81030118
09-23 23:03:34.535  1602  1659 I ViewRootImpl@6eb0aef[dogglers]:   pfl=16000010
09-23 23:03:34.535  1602  1659 I ViewRootImpl@6eb0aef[dogglers]:   bhv=DEFAULT
09-23 23:03:34.535  1602  1659 I ViewRootImpl@6eb0aef[dogglers]:   fitSides= naviIconColor=0}
09-23 23:03:34.539  1602  1659 I ViewRootImpl@6eb0aef[dogglers]: performTraversals mFirst=false windowShouldResize=false viewVisibilityChanged=true mForceNextWindowRelayout=false params={(0,0)(fillxfill) sim={adjust=pan} ty=APPLICATION_STARTING fmt=TRANSLUCENT wanim=0x1030001 alpha=0.0
09-23 23:03:34.539  1602  1659 I ViewRootImpl@6eb0aef[dogglers]:   fl=81030118
09-23 23:03:34.539  1602  1659 I ViewRootImpl@6eb0aef[dogglers]:   pfl=16000010
09-23 23:03:34.539  1602  1659 I ViewRootImpl@6eb0aef[dogglers]:   bhv=DEFAULT
09-23 23:03:34.539  1602  1659 I ViewRootImpl@6eb0aef[dogglers]:   fitSides= naviIconColor=0}
09-23 23:03:34.539  1186  1741 V WindowManager: Relayout Window{d696c51 u0 Splash Screen com.example.dogglers}: viewVisibility=8 req=1080x2400 d0
09-23 23:03:34.541  1186  1741 V WindowManager: Relayout hash=d696c51, pid=1602, syncId=-1: mAttrs={(0,0)(fillxfill) sim={adjust=pan} ty=APPLICATION_STARTING fmt=TRANSLUCENT wanim=0x1030001 alpha=0.0
09-23 23:03:34.541  1186  1741 V WindowManager:   fl=81030118
09-23 23:03:34.541  1186  1741 V WindowManager:   pfl=16000010
09-23 23:03:34.541  1186  1741 V WindowManager:   bhv=DEFAULT
09-23 23:03:34.541  1186  1741 V WindowManager:   fitSides= naviIconColor=0}
09-23 23:03:34.542 20383 20383 W RootViewPicker: No activity currently resumed - waiting: 50ms for one to appear.
09-23 23:03:34.544   871   871 I Layer   : id=38706 removeFromCurrentState Splash Screen com.example.dogglers$_1602#38706 (123)
09-23 23:03:34.544  1602  1659 I ViewRootImpl@6eb0aef[dogglers]: Relayout returned: old=(0,0,1080,2400) new=(0,0,1080,2400) req=(1080,2400)8 dur=3 res=0x2 s={false 0x0} ch=true seqId=0
09-23 23:03:34.544   871  1064 I SurfaceFlinger: id=38706 Removed Splash Screen com.example.dogglers$_1602#38706 (123)
09-23 23:03:34.545  1602  1659 I ViewRootImpl@6eb0aef[dogglers]: dispatchDetachedFromWindow
09-23 23:03:34.546  1186  4410 D InputTransport: Input channel destroyed: 'd696c51', fd=1200
09-23 23:03:34.546  1186  4410 W InputManager-JNI: Input channel object 'd696c51 Splash Screen com.example.dogglers (client)' was disposed without first being removed with the input manager!
09-23 23:03:34.546  1186  4410 D InputTransport: Input channel destroyed: 'd696c51', fd=1208
09-23 23:03:34.548  1602  1659 D InputTransport: Input channel destroyed: 'd696c51', fd=214
09-23 23:03:34.555   871   871 I Layer   : id=38705 removeFromCurrentState d696c51 Splash Screen com.example.dogglers#38705 (123)
09-23 23:03:34.555   871   871 I SurfaceFlinger: id=38705 Removed d696c51 Splash Screen com.example.dogglers#38705 (123)
09-23 23:03:34.555   871   871 I Layer   : id=38706 Destroyed Splash Screen com.example.dogglers$_1602#38706
09-23 23:03:34.555   871   871 I Layer   : id=38705 Destroyed d696c51 Splash Screen com.example.dogglers#38705
09-23 23:03:34.563 18532 20499 I Finsky  : [4589] jzz.g(41): Completed 0 account content syncs with 0 successful.
09-23 23:03:34.563 18532 18532 I Finsky  : [2] ContentSyncJob.a(14): [ContentSync] Installation state replication succeeded.
09-23 23:03:34.563 18532 18532 I Finsky  : [2] zcw.r(83): SCH: jobFinished: 12-1. TimeElapsed: 468ms.
09-23 23:03:34.578 18532 18595 I Finsky  : [4420] ygv.accept(398): SCH: Scheduling phonesky job Id: 1-1337, CT: 1695453413888, Constraints: [{ L: 43085900, D: 86285900, C: 1, I: 1, N: 1 }]
09-23 23:03:34.578 18532 18595 I Finsky  : [4420] ygv.accept(398): SCH: Scheduling phonesky job Id: 34-1697, CT: 1695453420497, Constraints: [{ L: 73949475, D: 1369949475, C: 1, I: 1, N: 1 }]
09-23 23:03:34.583 18532 18577 I Finsky  : [4409] ylc.apply(125): SCH: Scheduling 1 system job(s)
09-23 23:03:34.584 18532 18577 I Finsky  : [4409] zcu.d(263): SCH: Scheduling system job Id: 9415, L: 685204, D: 43885204, C: false, I: false, N: 1
09-23 23:03:34.589 18532 20498 I Finsky  : [4588] zef.a(17): SCH: job service finished with id 9411.
09-23 23:03:34.593 20383 20383 W RootViewPicker: No activity currently resumed - waiting: 100ms for one to appear.
09-23 23:03:34.600 22590 22590 I dnca    : onPause
09-23 23:03:34.600 22590 22590 I dnca    : onStop
09-23 23:03:34.694 20383 20383 W RootViewPicker: No activity currently resumed - waiting: 500ms for one to appear.
09-23 23:03:34.898  1186  1509 W SemWifiTransportLayerUtils: getApplicationCategory - IOException com.example.dogglers
09-23 23:03:34.898  1186  1509 W System.err: java.io.FileNotFoundException: https://play.google.com/store/apps/details?id=com.example.dogglers&hl=en
09-23 23:03:34.898  1186  1509 W System.err: 	at com.android.okhttp.internal.huc.HttpURLConnectionImpl.getInputStream(HttpURLConnectionImpl.java:255)
09-23 23:03:34.898  1186  1509 W System.err: 	at com.android.okhttp.internal.huc.DelegatingHttpsURLConnection.getInputStream(DelegatingHttpsURLConnection.java:211)
09-23 23:03:34.898  1186  1509 W System.err: 	at com.android.okhttp.internal.huc.HttpsURLConnectionImpl.getInputStream(HttpsURLConnectionImpl.java:30)
09-23 23:03:34.898  1186  1509 W System.err: 	at com.samsung.android.server.wifi.tcp.SemWifiTransportLayerUtils.getApplicationCategory(SemWifiTransportLayerUtils.java:104)
09-23 23:03:34.898  1186  1509 W System.err: 	at com.samsung.android.server.wifi.tcp.SemWifiTransportLayerMonitor$TcpMonitorHandler.handleMessage(SemWifiTransportLayerMonitor.java:244)
09-23 23:03:34.898  1186  1509 W System.err: 	at android.os.Handler.dispatchMessage(Handler.java:106)
09-23 23:03:34.899  1186  1509 W System.err: 	at android.os.Looper.loopOnce(Looper.java:226)
09-23 23:03:34.899  1186  1509 W System.err: 	at android.os.Looper.loop(Looper.java:313)
09-23 23:03:34.899  1186  1509 W System.err: 	at android.os.HandlerThread.run(HandlerThread.java:67)
09-23 23:03:34.899  1186  1509 D SemWifiTransportLayerMonitor.TcpMonitorHandler: MSG_SAVE_PACKAGE_INFO
09-23 23:03:34.899  1186  1509 D SemWifiTransportLayerFileManager: saveWifiPackageInfoToFile
09-23 23:03:34.899  1186  1509 D SemWifiTransportLayerFileManager: writeWifiPackageInfoList
09-23 23:03:35.075   871  2487 D NativeSemDvfsManager: acquire:: timeout = 2000 mIsAcquired = 1  mTagName : SurfaceFlinger
09-23 23:03:35.076   871  2487 E NativeCustomFrequencyManager: [NativeCFMS] BpCustomFrequencyManager::acquire()
09-23 23:03:35.076   795   875 I HYPER-HAL: [RequestManager.cpp]acquire(): Acquired ID : 1752256  [871 / 1000]    HINT : SF_GPU_MINLOCK    list : [TIMEOUT / 2000]
09-23 23:03:35.183  1033  1530 I bauth_FPBAuthService: pcf : 0x1012, 0 ,1 ,0 ,0 ,0 ,0, 7.0.0.0
09-23 23:03:35.183  1033  1530 I bauth_FPBAuthService: thread id : 1, preenroll_flag : 0, nd cnt : 0, cso : 0, et : 0
09-23 23:03:35.183  1033  1530 I bauth_FPBAuthService: FPBAuthService, 11416
09-23 23:03:35.195 20383 20383 W RootViewPicker: No activity currently resumed - waiting: 2000ms for one to appear.
09-23 23:03:35.500 28768 28768 I ResourceOverlayService_0: waitAndQuit called
09-23 23:03:35.501 28768 28768 I ResourceOverlayService_0: activity user id 0 process id 0
09-23 23:03:35.553   795 20489 I HYPER-HAL: [RequestManager.cpp]releaseLocked(): Released ID : 724223
09-23 23:03:36.183  1033  1530 I bauth_FPBAuthService: pcf : 0x1012, 0 ,1 ,0 ,0 ,0 ,0, 7.0.0.0
09-23 23:03:36.184  1033  1530 I bauth_FPBAuthService: thread id : 1, preenroll_flag : 0, nd cnt : 0, cso : 0, et : 0
09-23 23:03:36.184  1033  1530 I bauth_FPBAuthService: FPBAuthService, 11416
09-23 23:03:36.503 28768 28768 I ResourceOverlayService_0: waitAndQuit called
09-23 23:03:36.505 28768 28768 I ResourceOverlayService_0: activity user id 0 process id 0
09-23 23:03:37.077   795 20516 I HYPER-HAL: [RequestManager.cpp]releaseLocked(): Released ID : 1752256
09-23 23:03:37.185  1033  1530 I bauth_FPBAuthService: pcf : 0x1012, 0 ,1 ,0 ,0 ,0 ,0, 7.0.0.0
09-23 23:03:37.185  1033  1530 I bauth_FPBAuthService: thread id : 1, preenroll_flag : 0, nd cnt : 0, cso : 0, et : 0
09-23 23:03:37.185  1033  1530 I bauth_FPBAuthService: FPBAuthService, 11416
09-23 23:03:37.200 20383 20383 W RootViewPicker: No activity currently resumed - waiting: 30000ms for one to appear.
09-23 23:03:37.508 28768 28768 I ResourceOverlayService_0: waitAndQuit called
09-23 23:03:37.510 28768 28768 I ResourceOverlayService_0: activity user id 0 process id 0
09-23 23:03:37.927  1602  1602 D SecPowerUI.Notification: showChargingNotice oldChargingType : 11 / currentChargingType : 11, oldChargingTime : 3883000 / mChargingTime : 3883000
09-23 23:03:37.927  1602  1602 D SecPowerUI.Notification: There is no change about charging status, so return!
09-23 23:03:38.186  1033  1530 I bauth_FPBAuthService: pcf : 0x1012, 0 ,1 ,0 ,0 ,0 ,0, 7.0.0.0
09-23 23:03:38.186  1033  1530 I bauth_FPBAuthService: thread id : 1, preenroll_flag : 0, nd cnt : 0, cso : 0, et : 0
09-23 23:03:38.186  1033  1530 I bauth_FPBAuthService: FPBAuthService, 11416
09-23 23:03:38.260   795 20490 I HYPER-HAL: [RequestManager.cpp]releaseLocked(): Released ID : 8801128
09-23 23:03:38.514 28768 28768 I ResourceOverlayService_0: waitAndQuit called
09-23 23:03:38.515 28768 28768 I ResourceOverlayService_0: activity user id 0 process id 0
09-23 23:03:39.091   859   960 I EDEN    : [Exynos][EDEN][v1.6.21][SERVICE] processAliveMointorMain:253: Try to check pid=(818)...
09-23 23:03:39.187  1033  1530 I bauth_FPBAuthService: pcf : 0x1012, 0 ,1 ,0 ,0 ,0 ,0, 7.0.0.0
09-23 23:03:39.187  1033  1530 I bauth_FPBAuthService: thread id : 1, preenroll_flag : 0, nd cnt : 0, cso : 0, et : 0
09-23 23:03:39.187  1033  1530 I bauth_FPBAuthService: FPBAuthService, 11416
09-23 23:03:39.520 28768 28768 I ResourceOverlayService_0: waitAndQuit called
09-23 23:03:39.521 28768 28768 I ResourceOverlayService_0: activity user id 0 process id 0
09-23 23:03:40.188  1033  1530 I bauth_FPBAuthService: pcf : 0x1012, 0 ,1 ,0 ,0 ,0 ,0, 7.0.0.0
09-23 23:03:40.188  1033  1530 I bauth_FPBAuthService: thread id : 1, preenroll_flag : 0, nd cnt : 0, cso : 0, et : 0
09-23 23:03:40.188  1033  1530 I bauth_FPBAuthService: FPBAuthService, 11416
09-23 23:03:40.524 28768 28768 I ResourceOverlayService_0: waitAndQuit called
09-23 23:03:40.525 28768 28768 I ResourceOverlayService_0: activity user id 0 process id 0
09-23 23:03:41.189  1033  1530 I bauth_FPBAuthService: pcf : 0x1012, 0 ,1 ,0 ,0 ,0 ,0, 7.0.0.0
09-23 23:03:41.189  1033  1530 I bauth_FPBAuthService: thread id : 1, preenroll_flag : 0, nd cnt : 0, cso : 0, et : 0
09-23 23:03:41.189  1033  1530 I bauth_FPBAuthService: FPBAuthService, 11416
09-23 23:03:41.529 28768 28768 I ResourceOverlayService_0: waitAndQuit called
09-23 23:03:41.530 28768 28768 I ResourceOverlayService_0: activity user id 0 process id 0
09-23 23:03:42.190  1033  1530 I bauth_FPBAuthService: pcf : 0x1012, 0 ,1 ,0 ,0 ,0 ,0, 7.0.0.0
09-23 23:03:42.190  1033  1530 I bauth_FPBAuthService: thread id : 1, preenroll_flag : 0, nd cnt : 0, cso : 0, et : 0
09-23 23:03:42.190  1033  1530 I bauth_FPBAuthService: FPBAuthService, 11416
09-23 23:03:42.532 28768 28768 I ResourceOverlayService_0: waitAndQuit called
09-23 23:03:42.535 28768 28768 I ResourceOverlayService_0: activity user id 0 process id 0
