09-23 23:04:40.795 20383 20415 I TestRunner: started: clicking_vertical_list_button_displays_vertical_list(com.example.dogglers.ButtonTests)
09-23 23:04:40.796  2080  2080 I BaseActivity: removeActivityFlags, flags : 6
09-23 23:04:40.796  2080  2080 I DragController: endDrag
09-23 23:04:40.796  2080  2080 W LauncherAppWidgetHost: setShouldListenFlag, mFlags:6 flag:resume on:false isFront:false
09-23 23:04:40.796  2080  2080 I SPayUpdater: updateSpayHandler launcher activity is paused false
09-23 23:04:40.797  2080  2080 I TopTaskTracker: onTaskMovedToFront : taskId = 7609
09-23 23:04:40.797  2080  2080 I RecentsView: onTaskRemoved() taskId : 7703
09-23 23:04:40.797  2080  2080 I RecentsView: onTaskRemoved() taskId : 7703
09-23 23:04:40.798  2080  2080 I TopTaskTracker: onTaskRemoved : taskId = 7703
09-23 23:04:40.798  2080  2080 I RecentsView: onTaskRemoved() taskId : 7703
09-23 23:04:40.798  2080  2080 I RecentsView: onTaskRemoved() taskId : 7703
09-23 23:04:40.798  2080  2080 I TopTaskTracker: onTaskRemoved : taskId = 7703
09-23 23:04:40.799  2080  2080 I ViewRootImpl@782dd03[LauncherActivity]: stopped(true) old = false
09-23 23:04:40.799  2080  2080 I ViewRootImpl@782dd03[LauncherActivity]: WindowStopped on com.sec.android.app.launcher/com.sec.android.app.launcher.activities.LauncherActivity set to true
09-23 23:04:40.800  2080  2331 I LauncherActivityInfo: Trying to load live icon for com.sec.android.app.clockpackage
09-23 23:04:40.801  2080  2080 I Launcher: !@Boot_DEBUG: Launcher.onStop()
09-23 23:04:40.801  2080  2080 I Launcher: !@Boot_EBS_D: Launcher.onStop()
09-23 23:04:40.801  2080  2080 I BaseActivity: removeActivityFlags, flags : 17
09-23 23:04:40.801  2080  2080 I StateManager: goToState isInState Normal
09-23 23:04:40.802  2080  2330 I IMM_LC  : hsifw() - flag : 0
09-23 23:04:40.802  2080  2080 W LauncherAppWidgetHost: setShouldListenFlag, mFlags:6 flag:start on:false isFront:false
09-23 23:04:40.802  2080  2080 W Launcher.NotificationListener: removeNotificationsChangedListener
09-23 23:04:40.802  2080  2080 I Launcher.NotificationListener: unregisterObserver, this is not notificationService!!
09-23 23:04:40.802  2080  2080 I BadgeCountUpdaterImpl: onNotificationsChangedDisConnected
09-23 23:04:40.802  2080  2330 I IMM_LC  : hsifw() ignore mServedView == null or mServedView.getWindowToken() != windowToken, mServedView :0
09-23 23:04:40.803  2080  2331 I LiveIconUtil: getLiveIcon was called in ClockPackage
09-23 23:04:40.803  2080  2080 I DecorView: notifyKeepScreenOnChanged: keepScreenOn=false
09-23 23:04:40.807  2080  2080 I MSHandlerLifeCycle: removeMultiSplitHandler: no exist. decor=DecorView@71ff488[LauncherActivity]
09-23 23:04:40.807  2080  2334 I LiveIconUpdateEventHandler: cancelMinuteChangeAlarm
09-23 23:04:40.808  2080  2334 I LiveIconUpdateEventHandler: cancelDateChangeAlarm
09-23 23:04:40.808  2080  2331 I LiveIconUtil: getLiveIcon res = com.sec.android.app.clockpackage
09-23 23:04:40.812  2080  2331 I LiveIconUtil: stdIconSize : 135 , targetIconSize : 163
09-23 23:04:40.812  2080  2331 I LiveIconUtil: mIconDpi : 640 , mTargetIconDpi : 450
09-23 23:04:40.814  2080  2080 I LauncherRootView: handleSystemWindowInsets Rect(0, 80 - 0, 0)
09-23 23:04:40.814 20383 20415 W Settings: Setting always_finish_activities has moved from android.provider.Settings.System to android.provider.Settings.Global, returning read-only value.
09-23 23:04:40.815  2080  2080 I ViewRootImpl@782dd03[LauncherActivity]: performTraversals params={(0,0)(fillxfill) sim={adjust=nothing} layoutInDisplayCutoutMode=shortEdges ty=BASE_APPLICATION fmt=TRANSPARENT wanim=0x10302f4
09-23 23:04:40.815  2080  2080 I ViewRootImpl@782dd03[LauncherActivity]:   fl=81910100
09-23 23:04:40.815  2080  2080 I ViewRootImpl@782dd03[LauncherActivity]:   pfl=1e020040
09-23 23:04:40.815  2080  2080 I ViewRootImpl@782dd03[LauncherActivity]:   vsysui=1700
09-23 23:04:40.815  2080  2080 I ViewRootImpl@782dd03[LauncherActivity]:   bhv=SHOW_TRANSIENT_BARS_BY_SWIPE
09-23 23:04:40.815  2080  2080 I ViewRootImpl@782dd03[LauncherActivity]:   fitSides= naviIconColor=0}
09-23 23:04:40.816  2080  2080 I ViewRootImpl@782dd03[LauncherActivity]: performTraversals mFirst=false windowShouldResize=false viewVisibilityChanged=true mForceNextWindowRelayout=false params={(0,0)(fillxfill) sim={adjust=nothing} layoutInDisplayCutoutMode=shortEdges ty=BASE_APPLICATION fmt=TRANSPARENT wanim=0x10302f4
09-23 23:04:40.816  2080  2080 I ViewRootImpl@782dd03[LauncherActivity]:   fl=81910100
09-23 23:04:40.816  2080  2080 I ViewRootImpl@782dd03[LauncherActivity]:   pfl=1e020040
09-23 23:04:40.816  2080  2080 I ViewRootImpl@782dd03[LauncherActivity]:   vsysui=1700
09-23 23:04:40.816  2080  2080 I ViewRootImpl@782dd03[LauncherActivity]:   bhv=SHOW_TRANSIENT_BARS_BY_SWIPE
09-23 23:04:40.816  2080  2080 I ViewRootImpl@782dd03[LauncherActivity]:   fitSides= naviIconColor=0}
09-23 23:04:40.817  1186  1322 V WindowManager: Relayout Window{2961ae6 u0 com.sec.android.app.launcher/com.sec.android.app.launcher.activities.LauncherActivity}: viewVisibility=4 req=1080x2400 d0
09-23 23:04:40.818  1186  1322 V WindowManager: Relayout hash=2961ae6, pid=2080, syncId=-1: mAttrs={(0,0)(fillxfill) sim={adjust=nothing} layoutInDisplayCutoutMode=shortEdges ty=BASE_APPLICATION fmt=TRANSPARENT wanim=0x10302f4
09-23 23:04:40.818  1186  1322 V WindowManager:   fl=81910100
09-23 23:04:40.818  1186  1322 V WindowManager:   pfl=1e020040
09-23 23:04:40.818  1186  1322 V WindowManager:   vsysui=1700
09-23 23:04:40.818  1186  1322 V WindowManager:   bhv=SHOW_TRANSIENT_BARS_BY_SWIPE
09-23 23:04:40.818  1186  1322 V WindowManager:   fitSides= naviIconColor=0}
09-23 23:04:40.820  2080  2080 I ViewRootImpl@782dd03[LauncherActivity]: Relayout returned: old=(0,0,1080,2400) new=(0,0,1080,2400) req=(1080,2400)4 dur=3 res=0x2 s={false 0x0} ch=false seqId=0
09-23 23:04:40.822  2080  2080 I ViewRootImpl@782dd03[LauncherActivity]: handleAppVisibility mAppVisible = true visible = false
09-23 23:04:40.822  1186  1232 I ChimeraSystemEventListener: appLaunchIntent package name is: com.example.dogglers
09-23 23:04:40.824   871  1063 I SurfaceFlinger: id=38733 createSurf flag=24004, Task=7704#38733
09-23 23:04:40.826   871   871 I Layer   : id=38731 removeFromCurrentState com.sec.android.app.launcher/com.sec.android.app.launcher.activities.LauncherActivity$_2080#38731 (121)
09-23 23:04:40.826   871   871 I SurfaceFlinger: id=38731 Removed com.sec.android.app.launcher/com.sec.android.app.launcher.activities.LauncherActivity$_2080#38731 (121)
09-23 23:04:40.826   871  1063 I SurfaceFlinger: id=38734 createSurf flag=80004, ActivityRecord{c44e8b u0 com.example.dogglers/androidx.test.core.app.InstrumentationActivityInvoker$BootstrapActivity} t7704}#38734
09-23 23:04:40.826   871   871 I Layer   : id=38731 Destroyed com.sec.android.app.launcher/com.sec.android.app.launcher.activities.LauncherActivity$_2080#38731
09-23 23:04:40.831  1186  1322 D InputDispatcher: Focused application(0): ActivityRecord{c44e8b u0 com.example.dogglers/androidx.test.core.app.InstrumentationActivityInvoker$BootstrapActivity} t7704}
09-23 23:04:40.832  1602  1661 D NativeCustomFrequencyManager: [NativeCFMS] BpCustomFrequencyManager::BpCustomFrequencyManager()
09-23 23:04:40.834  1186  1322 I SemDvfsHyPerManager: acquire hyper - AMS_APP_LAUNCH/1186@17, type = -999
09-23 23:04:40.834  2633  2633 E pageboostd: Received HALT command code 2
09-23 23:04:40.834   795   875 I HYPER-HAL: [RequestManager.cpp]acquire(): Acquired ID : 724223  [1186 / 17]    HINT : AMS_APP_LAUNCH    list :
09-23 23:04:40.837  1186  1232 D PersonaActivityHelper: Activity not in resumed state, do not run immediate lock
09-23 23:04:40.839  1186  1745 D InputTransport: Input channel constructed: '2aacf80', fd=991
09-23 23:04:40.839  1186  1745 D InputTransport: Input channel constructed: '2aacf80', fd=999
09-23 23:04:40.839  1186  1745 D InputTransport: Input channel constructed: '2aacf80', fd=1007
09-23 23:04:40.839   871   917 I SurfaceFlinger: id=38735 createSurf flag=80004, 2aacf80 Splash Screen com.example.dogglers#38735
09-23 23:04:40.840  1186  1745 D InputTransport: Input channel destroyed: '2aacf80', fd=1007
09-23 23:04:40.840  2080  2080 I TopTaskTracker: onTaskMovedToFront : taskId = 7704
09-23 23:04:40.841  1602  1659 D InsetsController: onStateChanged: InsetsState: {mDisplayFrame=Rect(0, 0 - 1080, 2400), mDisplayCutout=DisplayCutout{insets=Rect(0, 80 - 0, 0) waterfall=Insets{left=0, top=0, right=0, bottom=0} boundingRect={Bounds=[Rect(0, 0 - 0, 0), Rect(468, 0 - 612, 80), Rect(0, 0 - 0, 0), Rect(0, 0 - 0, 0)]} cutoutPathParserInfo={CutoutPathParserInfo{displayWidth=1080 displayHeight=2400 physicalDisplayWidth=1080 physicalDisplayHeight=2400 density={2.8125} cutoutSpec={M 0,0 H -25.6 V 28.44444444444444 H 25.6 V 0 H 0 Z @dp} rotation={0} scale={1.0} physicalPixelDisplaySizeRatio={1.0}}}}, mRoundedCorners=RoundedCorners{[RoundedCorner{position=TopLeft, radius=90, center=Point(90, 90)}, RoundedCorner{position=TopRight, radius=90, center=Point(990, 90)}, RoundedCorner{position=BottomRight, radius=90, center=Point(990, 2310)}, RoundedCorner{position=BottomLeft, radius=90, center=Point(90, 2310)}]}  mRoundedCornerFrame=Rect(0, 0 - 1080, 2400), mPrivacyIndicatorBounds=PrivacyIndicatorBounds {static bounds=Rect(956, 0 - 1080, 80) rotation=0}, mSources= { InsetsSource: {mType=ITYPE_STATUS_BAR, mFrame=[0,0][1080,80], mVisible=true, mInsetsRoundedCornerFrame=false}, InsetsSource: {mType=ITYPE_NAVIGATION_BAR, mFrame=[0,2400][1080,2400], mVisible=false, mInsetsRoundedCornerFrame=false}, InsetsSource: {mType=ITYPE_LEFT_GESTURES, mFrame=[0,0][67,2400], mVisible=true, mInsetsRoundedCornerFrame=false}, InsetsSource: {mType=ITYPE_RIGHT_GESTURES, mFrame=[1013,0][1080,2400], mVisible=true, mInsetsRoundedCornerFrame=false}, InsetsSource: {mType=ITYPE_TOP_MANDATORY_GESTURES, mFrame=[0,0][1080,114], mVisible=true, mInsetsRoundedCornerFrame=false}, InsetsSource: {mType=ITYPE_BOTTOM_MANDATORY_GESTURES, mFrame=[0,2344][1080,2400], mVisible=true, mInsetsRoundedCornerFrame=false}, InsetsSource: {mType=ITYPE_LEFT_DISPLAY_CUTOUT, mFrame=[0,0][-100000,2400], mVisible=true, mInsetsRoundedCornerFrame=false}, InsetsSource: {mType=ITYPE_TOP_DISPLAY_CUTOUT, mFrame=[0,0][1080,80], mVisible=true, mInsetsRoundedCornerFrame=false}, InsetsSource: {mType=ITYPE_RIGHT_DISPLAY_CUTOUT, mFrame=[100000,0][1080,2400], mVisible=true, mInsetsRoundedCornerFrame=false}, InsetsSource: {mType=ITYPE_BOTTOM_DISPLAY_CUTOUT, mFrame=[0,100000][1080,2400], mVisible=true, mInsetsRoundedCornerFrame=false}, InsetsSource: {mType=ITYPE_TOP_TAPPABLE_ELEMENT, mFrame=[0,0][1080,80], mVisible=true, mInsetsRoundedCornerFrame=false}, InsetsSource: {mType=ITYPE_BOTTOM_TAPPABLE_ELEMENT, mFrame=[0,0][0,0], mVisible=true, mInsetsRoundedCornerFrame=false}, InsetsSource: {mType=ITYPE_IME, mFrame=[0,0][0,0], mVisibleFrame=[0,1392][1080,2400], mVisible=false, mInsetsRoundedCornerFrame=false} } host=Splash Screen com.example.dogglers from=android.view.ViewRootImpl.setView:1732
09-23 23:04:40.844 19252 19252 I BSS_SysUiManager: handleMessage = 9, 3, 7704
09-23 23:04:40.845 20383 20383 D LifecycleMonitor: Lifecycle status change: androidx.test.core.app.InstrumentationActivityInvoker$BootstrapActivity@b77f03e in: PRE_ON_CREATE
09-23 23:04:40.845 20383 20383 V ActivityScenario: Activity lifecycle changed event received but ignored because the intent does not match. startActivityIntent=Intent { act=android.intent.action.MAIN cat=[android.intent.category.LAUNCHER] cmp=com.example.dogglers/.MainActivity }, activity.getIntent()=Intent { act=android.intent.action.MAIN cat=[android.intent.category.LAUNCHER] flg=0x10008000 cmp=com.example.dogglers/androidx.test.core.app.InstrumentationActivityInvoker$BootstrapActivity (has extras) }, activity=androidx.test.core.app.InstrumentationActivityInvoker$BootstrapActivity@b77f03e
09-23 23:04:40.848  4177  4177 I SemDvfsHyPerManager: acquire hyper - APP_START/4177@18, type = -999
09-23 23:04:40.848   795   875 I HYPER-HAL: [RequestManager.cpp]acquire(): Acquired ID : 8801128  [4177 / 18]    HINT : APP_START    list :
09-23 23:04:40.848 19252 19252 I BSS_SysUiManager: handleMessage = 9, 4, 7609
09-23 23:04:40.848 19252 19252 I BSS_SysUiManager: handleMessage = 9, 4, 7704
09-23 23:04:40.850  1602  1659 I ViewRootImpl@bd7d65[dogglers]: setView = android.widget.FrameLayout@a8d8ae1 TM=true
09-23 23:04:40.853  1186  1232 D EnterpriseDeviceManagerService: isMdmAdminPresentInternal() : MDM Admin Found - com.samsung.knox.securefolder
09-23 23:04:40.853  1602  1659 I ViewRootImpl@bd7d65[dogglers]: performTraversals params={(0,0)(fillxfill) sim={adjust=pan} ty=APPLICATION_STARTING fmt=TRANSLUCENT wanim=0x1030001
09-23 23:04:40.853  1602  1659 I ViewRootImpl@bd7d65[dogglers]:   fl=81030118
09-23 23:04:40.853  1602  1659 I ViewRootImpl@bd7d65[dogglers]:   pfl=16000010
09-23 23:04:40.853  1602  1659 I ViewRootImpl@bd7d65[dogglers]:   bhv=DEFAULT
09-23 23:04:40.853  1602  1659 I ViewRootImpl@bd7d65[dogglers]:   fitSides= naviIconColor=0}
09-23 23:04:40.853 20383 20383 I DecorView: [INFO] isPopOver=false config=true
09-23 23:04:40.853 20383 20383 I DecorView: updateCaptionType: isFloating=false isApplication=true hasWindowDecorCaption=false this=DecorView@5848bb5[]
09-23 23:04:40.854 20383 20383 D DecorView: setCaptionType = 0, this = DecorView@5848bb5[]
09-23 23:04:40.854 20383 20396 I xample.dogglers: Compiler allocated 6133KB to compile void android.view.ViewRootImpl.performTraversals()
09-23 23:04:40.854  1602  1659 I ViewRootImpl@bd7d65[dogglers]: performTraversals mFirst=true windowShouldResize=true viewVisibilityChanged=false mForceNextWindowRelayout=false params={(0,0)(fillxfill) sim={adjust=pan} ty=APPLICATION_STARTING fmt=TRANSLUCENT wanim=0x1030001
09-23 23:04:40.854  1602  1659 I ViewRootImpl@bd7d65[dogglers]:   fl=81030118
09-23 23:04:40.854  1602  1659 I ViewRootImpl@bd7d65[dogglers]:   pfl=16000010
09-23 23:04:40.854  1602  1659 I ViewRootImpl@bd7d65[dogglers]:   bhv=DEFAULT
09-23 23:04:40.854  1602  1659 I ViewRootImpl@bd7d65[dogglers]:   fitSides= naviIconColor=0}
09-23 23:04:40.855  1186  2162 V WindowManager: Relayout Window{2aacf80 u0 Splash Screen com.example.dogglers}: viewVisibility=0 req=1080x2400 d0
09-23 23:04:40.856 20383 20383 I DecorView: getCurrentDensityDpi: from real metrics. densityDpi=450 msg=resources_loaded
09-23 23:04:40.856 20383 20383 I DecorView: setWindowBackground: isPopOver=false color=ff010101 d=android.graphics.drawable.StateListDrawable@efed24a
09-23 23:04:40.856 20383 20383 D LifecycleMonitor: Lifecycle status change: androidx.test.core.app.InstrumentationActivityInvoker$BootstrapActivity@b77f03e in: CREATED
09-23 23:04:40.856 20383 20383 V ActivityScenario: Activity lifecycle changed event received but ignored because the intent does not match. startActivityIntent=Intent { act=android.intent.action.MAIN cat=[android.intent.category.LAUNCHER] cmp=com.example.dogglers/.MainActivity }, activity.getIntent()=Intent { act=android.intent.action.MAIN cat=[android.intent.category.LAUNCHER] flg=0x10008000 cmp=com.example.dogglers/androidx.test.core.app.InstrumentationActivityInvoker$BootstrapActivity (has extras) }, activity=androidx.test.core.app.InstrumentationActivityInvoker$BootstrapActivity@b77f03e
09-23 23:04:40.857   871   917 I SurfaceFlinger: id=38736 createSurf flag=40004, Splash Screen com.example.dogglers$_1602#38736
09-23 23:04:40.858 20383 20383 D LifecycleMonitor: Lifecycle status change: androidx.test.core.app.InstrumentationActivityInvoker$BootstrapActivity@b77f03e in: STARTED
09-23 23:04:40.858 20383 20383 V ActivityScenario: Activity lifecycle changed event received but ignored because the intent does not match. startActivityIntent=Intent { act=android.intent.action.MAIN cat=[android.intent.category.LAUNCHER] cmp=com.example.dogglers/.MainActivity }, activity.getIntent()=Intent { act=android.intent.action.MAIN cat=[android.intent.category.LAUNCHER] flg=0x10008000 cmp=com.example.dogglers/androidx.test.core.app.InstrumentationActivityInvoker$BootstrapActivity (has extras) }, activity=androidx.test.core.app.InstrumentationActivityInvoker$BootstrapActivity@b77f03e
09-23 23:04:40.861  1186  2162 V WindowManager: Relayout hash=2aacf80, pid=1602, syncId=-1: mAttrs={(0,0)(fillxfill) sim={adjust=pan} ty=APPLICATION_STARTING fmt=TRANSLUCENT wanim=0x1030001
09-23 23:04:40.861  1186  2162 V WindowManager:   fl=81030118
09-23 23:04:40.861  1186  2162 V WindowManager:   pfl=16000010
09-23 23:04:40.861  1186  2162 V WindowManager:   bhv=DEFAULT
09-23 23:04:40.861  1186  2162 V WindowManager:   fitSides= naviIconColor=0}
09-23 23:04:40.862  1602  1659 I ViewRootImpl@bd7d65[dogglers]: updateBlastSurfaceIfNeeded mBlastBufferQueue=null isSameSurfaceControl=false
09-23 23:04:40.863  1602  1659 I BLASTBufferQueue: new BLASTBufferQueue, mName= ViewRootImpl@bd7d65[dogglers] mNativeObject= 0xb400007dbe3f7410 sc.mNativeObject= 0xb400007d4e529450 caller= android.view.ViewRootImpl.updateBlastSurfaceIfNeeded:2909 android.view.ViewRootImpl.relayoutWindow:9847 android.view.ViewRootImpl.performTraversals:3884 android.view.ViewRootImpl.doTraversal:3116 android.view.ViewRootImpl$TraversalRunnable.run:10885 android.view.Choreographer$CallbackRecord.run:1301 android.view.Choreographer$CallbackRecord.run:1309 android.view.Choreographer.doCallbacks:923 android.view.Choreographer.doFrame:852 android.view.Choreographer$FrameDisplayEventReceiver.run:1283
09-23 23:04:40.864  1602  1659 I BLASTBufferQueue: update, w= 1080 h= 2400 mName = ViewRootImpl@bd7d65[dogglers] mNativeObject= 0xb400007dbe3f7410 sc.mNativeObject= 0xb400007d4e529450 format= -3 caller= android.graphics.BLASTBufferQueue.<init>:84 android.view.ViewRootImpl.updateBlastSurfaceIfNeeded:2909 android.view.ViewRootImpl.relayoutWindow:9847 android.view.ViewRootImpl.performTraversals:3884 android.view.ViewRootImpl.doTraversal:3116 android.view.ViewRootImpl$TraversalRunnable.run:10885
09-23 23:04:40.864  1602  1659 I ViewRootImpl@bd7d65[dogglers]: Relayout returned: old=(0,0,1080,2400) new=(0,0,1080,2400) req=(1080,2400)0 dur=8 res=0x3 s={true 0xb400007e4e5b5b10} ch=true seqId=0
09-23 23:04:40.866   871  1063 I SurfaceFlinger: id=38737 createSurf flag=80004, ActivityRecord{febdc4f u0 com.example.dogglers/.MainActivity} t7704}#38737
09-23 23:04:40.866  1602  1659 I ViewRootImpl@bd7d65[dogglers]: mThreadedRenderer.initialize() mSurface={isValid=true 0xb400007e4e5b5b10} hwInitialized=true
09-23 23:04:40.866  1602  1661 D OpenGLRenderer: eglCreateWindowSurface
09-23 23:04:40.869  2633  2633 E pageboostd: Received HALT command code 2
09-23 23:04:40.869 20383 20383 D LifecycleMonitor: Lifecycle status change: androidx.test.core.app.InstrumentationActivityInvoker$BootstrapActivity@b77f03e in: RESUMED
09-23 23:04:40.869 20383 20383 V ActivityScenario: Activity lifecycle changed event received but ignored because the intent does not match. startActivityIntent=Intent { act=android.intent.action.MAIN cat=[android.intent.category.LAUNCHER] cmp=com.example.dogglers/.MainActivity }, activity.getIntent()=Intent { act=android.intent.action.MAIN cat=[android.intent.category.LAUNCHER] flg=0x10008000 cmp=com.example.dogglers/androidx.test.core.app.InstrumentationActivityInvoker$BootstrapActivity (has extras) }, activity=androidx.test.core.app.InstrumentationActivityInvoker$BootstrapActivity@b77f03e
09-23 23:04:40.870  1602  1659 I ViewRootImpl@bd7d65[dogglers]: reportNextDraw android.view.ViewRootImpl.performTraversals:4438 android.view.ViewRootImpl.doTraversal:3116 android.view.ViewRootImpl$TraversalRunnable.run:10885 android.view.Choreographer$CallbackRecord.run:1301 android.view.Choreographer$CallbackRecord.run:1309
09-23 23:04:40.870  1602  1659 I ViewRootImpl@bd7d65[dogglers]: Setup new sync id=0
09-23 23:04:40.870  1602  1659 I ViewRootImpl@bd7d65[dogglers]: Setting syncFrameCallback
09-23 23:04:40.870  1602  1659 I ViewRootImpl@bd7d65[dogglers]: registerCallbacksForSync syncBuffer=false
09-23 23:04:40.871  1186  2620 I MediaSessionMonitor: Media session stopped : controllerList empty
09-23 23:04:40.871  1602  1685 I ViewRootImpl@bd7d65[dogglers]: Received frameDrawingCallback syncResult=0 frameNum=1.
09-23 23:04:40.871  1602  1685 I ViewRootImpl@bd7d65[dogglers]: Setting up sync and frameCommitCallback
09-23 23:04:40.870 20383 20383 D LifecycleMonitor: Lifecycle status change: androidx.test.core.app.InstrumentationActivityInvoker$BootstrapActivity@b77f03e in: PAUSED
09-23 23:04:40.872 20383 20383 V ActivityScenario: Activity lifecycle changed event received but ignored because the intent does not match. startActivityIntent=Intent { act=android.intent.action.MAIN cat=[android.intent.category.LAUNCHER] cmp=com.example.dogglers/.MainActivity }, activity.getIntent()=Intent { act=android.intent.action.MAIN cat=[android.intent.category.LAUNCHER] flg=0x10008000 cmp=com.example.dogglers/androidx.test.core.app.InstrumentationActivityInvoker$BootstrapActivity (has extras) }, activity=androidx.test.core.app.InstrumentationActivityInvoker$BootstrapActivity@b77f03e
09-23 23:04:40.875  1186  2162 D InputDispatcher: Focused application(0): ActivityRecord{febdc4f u0 com.example.dogglers/.MainActivity} t7704}
09-23 23:04:40.879  1186  1232 D PersonaActivityHelper: Activity not in resumed state, do not run immediate lock
09-23 23:04:40.880  1602  1661 I BLASTBufferQueue: [ViewRootImpl@bd7d65[dogglers]#2260](f:0,a:0) onFrameAvailable the first frame is available
09-23 23:04:40.881  1602  1661 I ViewRootImpl@bd7d65[dogglers]: Received frameCommittedCallback lastAttemptedDrawFrameNum=1 didProduceBuffer=true
09-23 23:04:40.886  1602  1661 D OpenGLRenderer: CFMS:: SetUp Pid : 1602    Tid : 1661
09-23 23:04:40.887  1186  1232 D EnterpriseDeviceManagerService: isMdmAdminPresentInternal() : MDM Admin Found - com.samsung.knox.securefolder
09-23 23:04:40.887  1602  1661 W Parcel  : Expecting binder but got null!
09-23 23:04:40.887  1602  1659 I ViewRootImpl@bd7d65[dogglers]: onSyncComplete
09-23 23:04:40.887  1602  1659 I ViewRootImpl@bd7d65[dogglers]: setupSync seqId=0 mSyncId=0 fn=1 caller=android.view.ViewRootImpl$$ExternalSyntheticLambda11.accept:6 android.window.SurfaceSyncer.lambda$setupSync$1$android-window-SurfaceSyncer:128 android.window.SurfaceSyncer$$ExternalSyntheticLambda1.accept:8 android.window.SurfaceSyncer$SyncSet.checkIfSyncIsComplete:382 android.window.SurfaceSyncer$SyncSet.markSyncReady:359 android.window.SurfaceSyncer.markSyncReady:151 android.view.ViewRootImpl.performTraversals:4503
09-23 23:04:40.887  1602  1659 I ViewRootImpl@bd7d65[dogglers]: reportDrawFinished seqId=0 mSyncId=-1 fn=1 mSurfaceChangedTransaction=0xb400007d7e3f95f0
09-23 23:04:40.891  1186  2620 I MediaSessionMonitor: Media session stopped : controllerList empty
09-23 23:04:40.895 20383 20383 D LifecycleMonitor: Lifecycle status change: com.example.dogglers.MainActivity@50760a2 in: PRE_ON_CREATE
09-23 23:04:40.896 20383 20383 V ActivityScenario: Activity lifecycle changed event received but ignored because the reported transition was not ON_CREATE while the last known transition was PRE_ON_CREATE
09-23 23:04:40.909  2080  2331 I AppIconSolution: load= live icon for com.sec.android.app.clockpackage, from overlay = false
09-23 23:04:40.909  2080  2331 I LauncherActivityInfo: packageName: com.sec.android.app.clockpackage, useThemeIcon: false, height: 288, width: 288, density: 640
09-23 23:04:40.919  2080  2331 I LauncherActivityInfo: Trying to load live icon for com.samsung.android.calendar
09-23 23:04:40.924  2080  2331 I LiveIconLoader: [Calendar] LiveIcon - stdIconSize : 135 , targetIconSize : 163
09-23 23:04:40.924  2080  2331 I LiveIconLoader: [Calendar] LiveIcon - sIconDpi : 640 , targetIconDpi : 450
09-23 23:04:40.925  2080  2331 W LiveIconLoader: System font not found, reverting to Roboto.
09-23 23:04:40.933 20383 20383 I DecorView: [INFO] isPopOver=false config=true
09-23 23:04:40.933 20383 20383 I DecorView: updateCaptionType: isFloating=false isApplication=true hasWindowDecorCaption=false this=DecorView@2ad1f98[]
09-23 23:04:40.933 20383 20383 D DecorView: setCaptionType = 0, this = DecorView@2ad1f98[]
09-23 23:04:40.936 20383 20383 I DecorView: getCurrentDensityDpi: from real metrics. densityDpi=450 msg=resources_loaded
09-23 23:04:40.936 20383 20383 I DecorView: setWindowBackground: isPopOver=false color=ff121212 d=android.graphics.drawable.ColorDrawable@f7bd6
09-23 23:04:40.946  2080  2331 I LiveIconLoader: [Calendar] getLiveIcon - Date: 23
09-23 23:04:40.949  2080  2331 I AppIconSolution: load= live icon for com.samsung.android.calendar, from overlay = false
09-23 23:04:40.949  2080  2331 I LauncherActivityInfo: packageName: com.samsung.android.calendar, useThemeIcon: false, height: 385, width: 385, density: 640
09-23 23:04:40.954 20383 20383 D LifecycleMonitor: Lifecycle status change: com.example.dogglers.MainActivity@50760a2 in: CREATED
09-23 23:04:40.954 20383 20383 V ActivityScenario: Update currentActivityStage to CREATED, currentActivity=com.example.dogglers.MainActivity@50760a2
09-23 23:04:40.958 20383 20383 D LifecycleMonitor: Lifecycle status change: com.example.dogglers.MainActivity@50760a2 in: STARTED
09-23 23:04:40.958 20383 20383 V ActivityScenario: Update currentActivityStage to STARTED, currentActivity=com.example.dogglers.MainActivity@50760a2
09-23 23:04:40.960 20383 20383 D LifecycleMonitor: Lifecycle status change: com.example.dogglers.MainActivity@50760a2 in: RESUMED
09-23 23:04:40.961 20383 20383 V ActivityScenario: Update currentActivityStage to RESUMED, currentActivity=com.example.dogglers.MainActivity@50760a2
09-23 23:04:40.963 20383 20383 I MSHandlerLifeCycle: check: return. pkg=com.example.dogglers parent=null callers=com.android.internal.policy.DecorView.setVisibility:4416 android.app.ActivityThread.handleResumeActivity:5476 android.app.servertransaction.ResumeActivityItem.execute:54 android.app.servertransaction.ActivityTransactionItem.execute:45 android.app.servertransaction.TransactionExecutor.executeLifecycleState:176
09-23 23:04:40.963 20383 20383 I MSHandlerLifeCycle: removeMultiSplitHandler: no exist. decor=DecorView@2ad1f98[]
09-23 23:04:40.967 20383 20417 D NativeCustomFrequencyManager: [NativeCFMS] BpCustomFrequencyManager::BpCustomFrequencyManager()
09-23 23:04:40.970  1186  1322 D InputTransport: Input channel constructed: '18e555 ', fd=1016
09-23 23:04:40.970  1186  1322 D InputTransport: Input channel constructed: '18e555 ', fd=1024
09-23 23:04:40.970  1186  1322 D InputTransport: Input channel constructed: '18e555 ', fd=1025
09-23 23:04:40.970   871   917 I SurfaceFlinger: id=38738 createSurf flag=80004, 18e555 com.example.dogglers/com.example.dogglers.MainActivity#38738
09-23 23:04:40.971  1186  1322 D InputTransport: Input channel destroyed: '18e555 ', fd=1025
09-23 23:04:40.974 20383 20383 D InsetsController: onStateChanged: InsetsState: {mDisplayFrame=Rect(0, 0 - 1080, 2400), mDisplayCutout=DisplayCutout{insets=Rect(0, 80 - 0, 0) waterfall=Insets{left=0, top=0, right=0, bottom=0} boundingRect={Bounds=[Rect(0, 0 - 0, 0), Rect(468, 0 - 612, 80), Rect(0, 0 - 0, 0), Rect(0, 0 - 0, 0)]} cutoutPathParserInfo={CutoutPathParserInfo{displayWidth=1080 displayHeight=2400 physicalDisplayWidth=1080 physicalDisplayHeight=2400 density={2.8125} cutoutSpec={M 0,0 H -25.6 V 28.44444444444444 H 25.6 V 0 H 0 Z @dp} rotation={0} scale={1.0} physicalPixelDisplaySizeRatio={1.0}}}}, mRoundedCorners=RoundedCorners{[RoundedCorner{position=TopLeft, radius=90, center=Point(90, 90)}, RoundedCorner{position=TopRight, radius=90, center=Point(990, 90)}, RoundedCorner{position=BottomRight, radius=90, center=Point(990, 2310)}, RoundedCorner{position=BottomLeft, radius=90, center=Point(90, 2310)}]}  mRoundedCornerFrame=Rect(0, 0 - 1080, 2400), mPrivacyIndicatorBounds=PrivacyIndicatorBounds {static bounds=Rect(956, 0 - 1080, 80) rotation=0}, mSources= { InsetsSource: {mType=ITYPE_STATUS_BAR, mFrame=[0,0][1080,80], mVisible=true, mInsetsRoundedCornerFrame=false}, InsetsSource: {mType=ITYPE_NAVIGATION_BAR, mFrame=[0,2400][1080,2400], mVisible=false, mInsetsRoundedCornerFrame=false}, InsetsSource: {mType=ITYPE_LEFT_GESTURES, mFrame=[0,0][67,2400], mVisible=true, mInsetsRoundedCornerFrame=false}, InsetsSource: {mType=ITYPE_RIGHT_GESTURES, mFrame=[1013,0][1080,2400], mVisible=true, mInsetsRoundedCornerFrame=false}, InsetsSource: {mType=ITYPE_TOP_MANDATORY_GESTURES, mFrame=[0,0][1080,114], mVisible=true, mInsetsRoundedCornerFrame=false}, InsetsSource: {mType=ITYPE_BOTTOM_MANDATORY_GESTURES, mFrame=[0,2344][1080,2400], mVisible=true, mInsetsRoundedCornerFrame=false}, InsetsSource: {mType=ITYPE_LEFT_DISPLAY_CUTOUT, mFrame=[0,0][-100000,2400], mVisible=true, mInsetsRoundedCornerFrame=false}, InsetsSource: {mType=ITYPE_TOP_DISPLAY_CUTOUT, mFrame=[0,0][1080,80], mVisible=true, mInsetsRoundedCornerFrame=false}, InsetsSource: {mType=ITYPE_RIGHT_DISPLAY_CUTOUT, mFrame=[100000,0][1080,2400], mVisible=true, mInsetsRoundedCornerFrame=false}, InsetsSource: {mType=ITYPE_BOTTOM_DISPLAY_CUTOUT, mFrame=[0,100000][1080,2400], mVisible=true, mInsetsRoundedCornerFrame=false}, InsetsSource: {mType=ITYPE_TOP_TAPPABLE_ELEMENT, mFrame=[0,0][1080,80], mVisible=true, mInsetsRoundedCornerFrame=false}, InsetsSource: {mType=ITYPE_BOTTOM_TAPPABLE_ELEMENT, mFrame=[0,0][0,0], mVisible=true, mInsetsRoundedCornerFrame=false}, InsetsSource: {mType=ITYPE_IME, mFrame=[0,0][0,0], mVisibleFrame=[0,1392][1080,2400], mVisible=false, mInsetsRoundedCornerFrame=false} } host=com.example.dogglers/com.example.dogglers.MainActivity from=android.view.ViewRootImpl.setView:1732
09-23 23:04:40.977 20383 20383 I ViewRootImpl@9cbbb61[MainActivity]: setView = com.android.internal.policy.DecorView@2ad1f98 TM=true
09-23 23:04:40.977  2080 26690 I RecentModel: onTaskStackChangedBackground
09-23 23:04:40.978 19252 19252 I BSS_SysUiManager: handleMessage = 9, 1, 0
09-23 23:04:40.978 20383 20383 I MSHandlerLifeCycle: removeMultiSplitHandler: no exist. decor=DecorView@2ad1f98[MainActivity]
09-23 23:04:40.981 20383 20383 D LifecycleMonitor: Lifecycle status change: com.example.dogglers.MainActivity@50760a2 in: PAUSED
09-23 23:04:40.982 20383 20383 V ActivityScenario: Update currentActivityStage to PAUSED, currentActivity=com.example.dogglers.MainActivity@50760a2
09-23 23:04:40.984 20383 20383 D LifecycleMonitor: Lifecycle status change: androidx.test.core.app.InstrumentationActivityInvoker$BootstrapActivity@b77f03e in: STOPPED
09-23 23:04:40.985 20383 20383 V ActivityScenario: Activity lifecycle changed event received but ignored because the intent does not match. startActivityIntent=Intent { act=android.intent.action.MAIN cat=[android.intent.category.LAUNCHER] cmp=com.example.dogglers/.MainActivity }, activity.getIntent()=Intent { act=android.intent.action.MAIN cat=[android.intent.category.LAUNCHER] flg=0x10008000 cmp=com.example.dogglers/androidx.test.core.app.InstrumentationActivityInvoker$BootstrapActivity (has extras) }, activity=androidx.test.core.app.InstrumentationActivityInvoker$BootstrapActivity@b77f03e
09-23 23:04:41.002 20383 20383 I ViewRootImpl@9cbbb61[MainActivity]: performTraversals params={(0,0)(fillxfill) sim={adjust=pan forwardNavigation} ty=BASE_APPLICATION wanim=0x1030309
09-23 23:04:41.002 20383 20383 I ViewRootImpl@9cbbb61[MainActivity]:   fl=81810100
09-23 23:04:41.002 20383 20383 I ViewRootImpl@9cbbb61[MainActivity]:   pfl=12020040
09-23 23:04:41.002 20383 20383 I ViewRootImpl@9cbbb61[MainActivity]:   bhv=DEFAULT
09-23 23:04:41.002 20383 20383 I ViewRootImpl@9cbbb61[MainActivity]:   fitSides= naviIconColor=0}
09-23 23:04:41.005 20383 20383 I ViewRootImpl@9cbbb61[MainActivity]: performTraversals mFirst=true windowShouldResize=true viewVisibilityChanged=false mForceNextWindowRelayout=false params={(0,0)(fillxfill) sim={adjust=pan forwardNavigation} ty=BASE_APPLICATION wanim=0x1030309
09-23 23:04:41.005 20383 20383 I ViewRootImpl@9cbbb61[MainActivity]:   fl=81810100
09-23 23:04:41.005 20383 20383 I ViewRootImpl@9cbbb61[MainActivity]:   pfl=12020040
09-23 23:04:41.005 20383 20383 I ViewRootImpl@9cbbb61[MainActivity]:   bhv=DEFAULT
09-23 23:04:41.005 20383 20383 I ViewRootImpl@9cbbb61[MainActivity]:   fitSides= naviIconColor=0}
09-23 23:04:41.006  1186  1322 V WindowManager: Relayout Window{18e555 u0 com.example.dogglers/com.example.dogglers.MainActivity}: viewVisibility=0 req=1080x2400 d0
09-23 23:04:41.006   871   917 I SurfaceFlinger: id=38739 createSurf flag=40004, com.example.dogglers/com.example.dogglers.MainActivity$_20383#38739
09-23 23:04:41.010  1186  1322 V WindowManager: Relayout hash=18e555, pid=20383, syncId=-1: mAttrs={(0,0)(fillxfill) sim={adjust=pan forwardNavigation} ty=BASE_APPLICATION wanim=0x1030309
09-23 23:04:41.010  1186  1322 V WindowManager:   fl=81810100
09-23 23:04:41.010  1186  1322 V WindowManager:   pfl=12020040
09-23 23:04:41.010  1186  1322 V WindowManager:   bhv=DEFAULT
09-23 23:04:41.010  1186  1322 V WindowManager:   fitSides= naviIconColor=0}
09-23 23:04:41.014 20383 20383 I ViewRootImpl@9cbbb61[MainActivity]: updateBlastSurfaceIfNeeded mBlastBufferQueue=null isSameSurfaceControl=false
09-23 23:04:41.015 20383 20383 I BLASTBufferQueue: new BLASTBufferQueue, mName= ViewRootImpl@9cbbb61[MainActivity] mNativeObject= 0xb400007dbe22ae70 sc.mNativeObject= 0xb400007d4e2643e0 caller= android.view.ViewRootImpl.updateBlastSurfaceIfNeeded:2909 android.view.ViewRootImpl.relayoutWindow:9847 android.view.ViewRootImpl.performTraversals:3884 android.view.ViewRootImpl.doTraversal:3116 android.view.ViewRootImpl$TraversalRunnable.run:10885 android.view.Choreographer$CallbackRecord.run:1301 android.view.Choreographer$CallbackRecord.run:1309 android.view.Choreographer.doCallbacks:923 android.view.Choreographer.doFrame:852 android.view.Choreographer$FrameDisplayEventReceiver.run:1283
09-23 23:04:41.016 20383 20383 I BLASTBufferQueue: update, w= 1080 h= 2400 mName = ViewRootImpl@9cbbb61[MainActivity] mNativeObject= 0xb400007dbe22ae70 sc.mNativeObject= 0xb400007d4e2643e0 format= -1 caller= android.graphics.BLASTBufferQueue.<init>:84 android.view.ViewRootImpl.updateBlastSurfaceIfNeeded:2909 android.view.ViewRootImpl.relayoutWindow:9847 android.view.ViewRootImpl.performTraversals:3884 android.view.ViewRootImpl.doTraversal:3116 android.view.ViewRootImpl$TraversalRunnable.run:10885
09-23 23:04:41.017 20383 20383 I ViewRootImpl@9cbbb61[MainActivity]: Relayout returned: old=(0,0,1080,2400) new=(0,0,1080,2400) req=(1080,2400)0 dur=9 res=0x3 s={true 0xb400007e4e2aca40} ch=true seqId=0
09-23 23:04:41.019 20383 20417 D OpenGLRenderer: eglCreateWindowSurface
09-23 23:04:41.019 20383 20383 I ViewRootImpl@9cbbb61[MainActivity]: mThreadedRenderer.initialize() mSurface={isValid=true 0xb400007e4e2aca40} hwInitialized=true
09-23 23:04:41.023 20383 20383 I ViewRootImpl@9cbbb61[MainActivity]: reportNextDraw android.view.ViewRootImpl.performTraversals:4438 android.view.ViewRootImpl.doTraversal:3116 android.view.ViewRootImpl$TraversalRunnable.run:10885 android.view.Choreographer$CallbackRecord.run:1301 android.view.Choreographer$CallbackRecord.run:1309
09-23 23:04:41.024 20383 20383 I ViewRootImpl@9cbbb61[MainActivity]: Setup new sync id=0
09-23 23:04:41.024 20383 20383 I ViewRootImpl@9cbbb61[MainActivity]: Setting syncFrameCallback
09-23 23:04:41.024 20383 20383 I ViewRootImpl@9cbbb61[MainActivity]: registerCallbacksForSync syncBuffer=false
09-23 23:04:41.045 20383 20438 I ViewRootImpl@9cbbb61[MainActivity]: Received frameDrawingCallback syncResult=0 frameNum=1.
09-23 23:04:41.045 20383 20438 I ViewRootImpl@9cbbb61[MainActivity]: Setting up sync and frameCommitCallback
09-23 23:04:41.049 20383 20417 I BLASTBufferQueue: [ViewRootImpl@9cbbb61[MainActivity]#9](f:0,a:0) onFrameAvailable the first frame is available
09-23 23:04:41.050 20383 20417 I ViewRootImpl@9cbbb61[MainActivity]: Received frameCommittedCallback lastAttemptedDrawFrameNum=1 didProduceBuffer=true
09-23 23:04:41.051 20383 20417 D OpenGLRenderer: CFMS:: SetUp Pid : 20383    Tid : 20417
09-23 23:04:41.051 20383 20417 W Parcel  : Expecting binder but got null!
09-23 23:04:41.052 20383 20383 I ViewRootImpl@9cbbb61[MainActivity]: onSyncComplete
09-23 23:04:41.053 20383 20383 I ViewRootImpl@9cbbb61[MainActivity]: setupSync seqId=0 mSyncId=0 fn=1 caller=android.view.ViewRootImpl$$ExternalSyntheticLambda11.accept:6 android.window.SurfaceSyncer.lambda$setupSync$1$android-window-SurfaceSyncer:128 android.window.SurfaceSyncer$$ExternalSyntheticLambda1.accept:8 android.window.SurfaceSyncer$SyncSet.checkIfSyncIsComplete:382 android.window.SurfaceSyncer$SyncSet.markSyncReady:359 android.window.SurfaceSyncer.markSyncReady:151 android.view.ViewRootImpl.performTraversals:4503
09-23 23:04:41.054 20383 20383 I ViewRootImpl@9cbbb61[MainActivity]: reportDrawFinished seqId=0 mSyncId=-1 fn=1 mSurfaceChangedTransaction=0xb400007d7e23d110
09-23 23:04:41.056 20383 20383 I ViewRootImpl@9cbbb61[MainActivity]: stopped(true) old = false
09-23 23:04:41.056 20383 20383 I ViewRootImpl@9cbbb61[MainActivity]: WindowStopped on com.example.dogglers/com.example.dogglers.MainActivity set to true
09-23 23:04:41.058 20383 20383 D LifecycleMonitor: Lifecycle status change: com.example.dogglers.MainActivity@50760a2 in: STOPPED
09-23 23:04:41.058 20383 20383 V ActivityScenario: Update currentActivityStage to STOPPED, currentActivity=com.example.dogglers.MainActivity@50760a2
09-23 23:04:41.062 20383 20383 I MSHandlerLifeCycle: removeMultiSplitHandler: no exist. decor=DecorView@2ad1f98[MainActivity]
09-23 23:04:41.069 20383 20417 D OpenGLRenderer: setSurface called with nullptr
09-23 23:04:41.069 20383 20417 D OpenGLRenderer: setSurface() destroyed EGLSurface
09-23 23:04:41.069 20383 20417 D OpenGLRenderer: destroyEglSurface
09-23 23:04:41.074 20383 20383 I ViewRootImpl@9cbbb61[MainActivity]: performTraversals mFirst=false windowShouldResize=false viewVisibilityChanged=true mForceNextWindowRelayout=false params=null
09-23 23:04:41.075  1186  1322 V WindowManager: Relayout Window{18e555 u0 com.example.dogglers/com.example.dogglers.MainActivity}: viewVisibility=4 req=1080x2400 d0
09-23 23:04:41.076  1186  1322 V WindowManager: Relayout hash=18e555, pid=20383, syncId=-1: mAttrs={(0,0)(fillxfill) sim={adjust=pan forwardNavigation} ty=BASE_APPLICATION wanim=0x1030309
09-23 23:04:41.076  1186  1322 V WindowManager:   fl=81810100
09-23 23:04:41.076  1186  1322 V WindowManager:   pfl=12020040
09-23 23:04:41.076  1186  1322 V WindowManager:   bhv=DEFAULT
09-23 23:04:41.076  1186  1322 V WindowManager:   fitSides= naviIconColor=0}
09-23 23:04:41.080 20383 20383 I ViewRootImpl@9cbbb61[MainActivity]: Relayout returned: old=(0,0,1080,2400) new=(0,0,1080,2400) req=(1080,2400)4 dur=6 res=0x2 s={false 0x0} ch=false seqId=0
09-23 23:04:41.083 20383 20383 I ViewRootImpl@9cbbb61[MainActivity]: handleAppVisibility mAppVisible = true visible = false
09-23 23:04:41.084 20383 20383 W RootViewPicker: No activity currently resumed - waiting: 10ms for one to appear.
09-23 23:04:41.086  1602  1661 D OpenGLRenderer: setSurface called with nullptr
09-23 23:04:41.086  1602  1661 D OpenGLRenderer: setSurface() destroyed EGLSurface
09-23 23:04:41.086  1602  1661 D OpenGLRenderer: destroyEglSurface
09-23 23:04:41.093   871   871 I Layer   : id=38739 removeFromCurrentState com.example.dogglers/com.example.dogglers.MainActivity$_20383#38739 (126)
09-23 23:04:41.093   871   871 I SurfaceFlinger: id=38739 Removed com.example.dogglers/com.example.dogglers.MainActivity$_20383#38739 (126)
09-23 23:04:41.094   871   871 I Layer   : id=38739 Destroyed com.example.dogglers/com.example.dogglers.MainActivity$_20383#38739
09-23 23:04:41.095  1602  1659 I ViewRootImpl@bd7d65[dogglers]: performTraversals params={(0,0)(fillxfill) sim={adjust=pan} ty=APPLICATION_STARTING fmt=TRANSLUCENT wanim=0x1030001 alpha=0.0
09-23 23:04:41.095  1602  1659 I ViewRootImpl@bd7d65[dogglers]:   fl=81030118
09-23 23:04:41.095  1602  1659 I ViewRootImpl@bd7d65[dogglers]:   pfl=16000010
09-23 23:04:41.095  1602  1659 I ViewRootImpl@bd7d65[dogglers]:   bhv=DEFAULT
09-23 23:04:41.095  1602  1659 I ViewRootImpl@bd7d65[dogglers]:   fitSides= naviIconColor=0}
09-23 23:04:41.095 20383 20383 W RootViewPicker: No activity currently resumed - waiting: 50ms for one to appear.
09-23 23:04:41.096  1602  1659 I ViewRootImpl@bd7d65[dogglers]: performTraversals mFirst=false windowShouldResize=false viewVisibilityChanged=true mForceNextWindowRelayout=false params={(0,0)(fillxfill) sim={adjust=pan} ty=APPLICATION_STARTING fmt=TRANSLUCENT wanim=0x1030001 alpha=0.0
09-23 23:04:41.096  1602  1659 I ViewRootImpl@bd7d65[dogglers]:   fl=81030118
09-23 23:04:41.096  1602  1659 I ViewRootImpl@bd7d65[dogglers]:   pfl=16000010
09-23 23:04:41.096  1602  1659 I ViewRootImpl@bd7d65[dogglers]:   bhv=DEFAULT
09-23 23:04:41.096  1602  1659 I ViewRootImpl@bd7d65[dogglers]:   fitSides= naviIconColor=0}
09-23 23:04:41.097  1186  1322 V WindowManager: Relayout Window{2aacf80 u0 Splash Screen com.example.dogglers}: viewVisibility=8 req=1080x2400 d0
09-23 23:04:41.098  1186  1322 V WindowManager: Relayout hash=2aacf80, pid=1602, syncId=-1: mAttrs={(0,0)(fillxfill) sim={adjust=pan} ty=APPLICATION_STARTING fmt=TRANSLUCENT wanim=0x1030001 alpha=0.0
09-23 23:04:41.098  1186  1322 V WindowManager:   fl=81030118
09-23 23:04:41.098  1186  1322 V WindowManager:   pfl=16000010
09-23 23:04:41.098  1186  1322 V WindowManager:   bhv=DEFAULT
09-23 23:04:41.098  1186  1322 V WindowManager:   fitSides= naviIconColor=0}
09-23 23:04:41.101  1602  1659 I ViewRootImpl@bd7d65[dogglers]: Relayout returned: old=(0,0,1080,2400) new=(0,0,1080,2400) req=(1080,2400)8 dur=3 res=0x2 s={false 0x0} ch=true seqId=0
09-23 23:04:41.101  1602  1659 I ViewRootImpl@bd7d65[dogglers]: dispatchDetachedFromWindow
09-23 23:04:41.102  1186  2162 D InputTransport: Input channel destroyed: '2aacf80', fd=991
09-23 23:04:41.102  1186  2162 W InputManager-JNI: Input channel object '2aacf80 Splash Screen com.example.dogglers (client)' was disposed without first being removed with the input manager!
09-23 23:04:41.102  1186  2162 D InputTransport: Input channel destroyed: '2aacf80', fd=999
09-23 23:04:41.103  1602  1659 D InputTransport: Input channel destroyed: '2aacf80', fd=128
09-23 23:04:41.105   871   871 I Layer   : id=38736 removeFromCurrentState Splash Screen com.example.dogglers$_1602#38736 (125)
09-23 23:04:41.105   871   871 I Layer   : id=38735 removeFromCurrentState 2aacf80 Splash Screen com.example.dogglers#38735 (125)
09-23 23:04:41.105   871   871 I SurfaceFlinger: id=38735 Removed 2aacf80 Splash Screen com.example.dogglers#38735 (125)
09-23 23:04:41.105   871   871 I SurfaceFlinger: id=38736 Removed Splash Screen com.example.dogglers$_1602#38736 (125)
09-23 23:04:41.105   871   871 I Layer   : id=38735 Destroyed 2aacf80 Splash Screen com.example.dogglers#38735
09-23 23:04:41.105   871   871 I Layer   : id=38736 Destroyed Splash Screen com.example.dogglers$_1602#38736
09-23 23:04:41.146 20383 20383 W RootViewPicker: No activity currently resumed - waiting: 100ms for one to appear.
09-23 23:04:41.205 22590 22590 I dnca    : onPause
09-23 23:04:41.205 22590 22590 I dnca    : onStop
09-23 23:04:41.241  1033  1530 I bauth_FPBAuthService: pcf : 0x1012, 0 ,1 ,0 ,0 ,0 ,0, 7.0.0.0
09-23 23:04:41.242  1033  1530 I bauth_FPBAuthService: thread id : 1, preenroll_flag : 0, nd cnt : 0, cso : 0, et : 0
09-23 23:04:41.242  1033  1530 I bauth_FPBAuthService: FPBAuthService, 11416
09-23 23:04:41.246 20383 20383 W RootViewPicker: No activity currently resumed - waiting: 500ms for one to appear.
09-23 23:04:41.625   871  2487 D NativeSemDvfsManager: acquire:: timeout = 2000 mIsAcquired = 1  mTagName : SurfaceFlinger
09-23 23:04:41.626   871  2487 E NativeCustomFrequencyManager: [NativeCFMS] BpCustomFrequencyManager::acquire()
09-23 23:04:41.626   795   875 I HYPER-HAL: [RequestManager.cpp]acquire(): Acquired ID : 1752256  [871 / 1000]    HINT : SF_GPU_MINLOCK    list : [TIMEOUT / 2000]
09-23 23:04:41.748 20383 20383 W RootViewPicker: No activity currently resumed - waiting: 2000ms for one to appear.
09-23 23:04:41.791 28768 28768 I ResourceOverlayService_0: waitAndQuit called
09-23 23:04:41.792 28768 28768 I ResourceOverlayService_0: activity user id 0 process id 0
09-23 23:04:41.895  1186  1195 I system_server: Background concurrent copying GC freed 417157(22MB) AllocSpace objects, 47(4524KB) LOS objects, 18% free, 109MB/133MB, paused 362us,415us total 916.046ms
09-23 23:04:41.901  1186  1197 W System  : A resource failed to call release.
09-23 23:04:41.906  1186  1197 W System  : A resource failed to call end.
09-23 23:04:41.906  1186  1197 W System  : A resource failed to call release.
09-23 23:04:41.909  1186  1197 W System  : A resource failed to call end.
09-23 23:04:41.909  1186  1197 W System  : A resource failed to call release.
09-23 23:04:41.912  1186  1197 W System  : A resource failed to call end.
09-23 23:04:42.135   795 20542 I HYPER-HAL: [RequestManager.cpp]releaseLocked(): Released ID : 724223
09-23 23:04:42.243  1033  1530 I bauth_FPBAuthService: pcf : 0x1012, 0 ,1 ,0 ,0 ,0 ,0, 7.0.0.0
09-23 23:04:42.243  1033  1530 I bauth_FPBAuthService: thread id : 1, preenroll_flag : 0, nd cnt : 0, cso : 0, et : 0
09-23 23:04:42.243  1033  1530 I bauth_FPBAuthService: FPBAuthService, 11416
09-23 23:04:42.794 28768 28768 I ResourceOverlayService_0: waitAndQuit called
09-23 23:04:42.796 28768 28768 I ResourceOverlayService_0: activity user id 0 process id 0
09-23 23:04:43.244  1033  1530 I bauth_FPBAuthService: pcf : 0x1012, 0 ,1 ,0 ,0 ,0 ,0, 7.0.0.0
09-23 23:04:43.244  1033  1530 I bauth_FPBAuthService: thread id : 1, preenroll_flag : 0, nd cnt : 0, cso : 0, et : 0
09-23 23:04:43.244  1033  1530 I bauth_FPBAuthService: FPBAuthService, 11416
09-23 23:04:43.501   785   785 I android.hardware.health@2.1-service-samsung: updateLrpSysfs: write: 329
09-23 23:04:43.508  1186  1377 D MotionRecognitionService: [SAR]  onReceive : ACTION_BATTERY_CHANGED, Plugged: 2
09-23 23:04:43.509  1186  1186 D PhoneWindowManagerExt: ACTION_BATTERY_CHANGED - Level=72, status=2
09-23 23:04:43.514  1186  1186 D SemWifiApBroadcastReceiver: Received : android.intent.action.BATTERY_CHANGED
09-23 23:04:43.516  1575  1575 D SemBigDataInfoController: Intent: android.intent.action.BATTERY_CHANGED
09-23 23:04:43.517  1575  1575 D SemBigDataInfoController: Intent: android.intent.action.BATTERY_CHANGED
09-23 23:04:43.518  1602  1602 D SamsungBatteryMeterDrawable: onBatteryLevelChanged isSomethingChanged: false
09-23 23:04:43.519  1602  1602 D SamsungBatteryMeterDrawable: onBatteryLevelChanged isSomethingChanged: false
09-23 23:04:43.520  1602  1602 D SamsungBatteryMeterDrawable: onBatteryLevelChanged isSomethingChanged: false
09-23 23:04:43.521  1602  1602 D SamsungBatteryMeterDrawable: onBatteryLevelChanged isSomethingChanged: false
09-23 23:04:43.522  1602  1602 I PowerUI : mBootCompleted = true |  mFullyConnected = true
09-23 23:04:43.522  1602 21554 D SecPowerUI.Notification: dismissing low battery warning: level=72
09-23 23:04:43.523  1602 21554 D SecPowerUI.Notification: updateNotification mWarning=false mPlaySound=false
09-23 23:04:43.523  1602  1602 W PowerUI : Plug reason
09-23 23:04:43.523  1602  1602 W PowerUI : Skip charging animation - by plug status
09-23 23:04:43.523  1602  1602 D PowerUI : priorPlugType = 2 mPlugType = 2 priorBatteryStatus = 2 mBatteryStatus = 2
09-23 23:04:43.523  1602 21554 D SecPowerUI.Notification: SecBatteryStatsSnapshot{batteryLevel=72, currentBatteryMode=0, chargingTime=3822000, chargingType=11, batteryHealth=2, automaticTestMode=false, isHiccupState=false}
09-23 23:04:43.525  1602  1602 W PowerUI : Plug reason
09-23 23:04:43.525  1602  1602 W PowerUI : Skip charging sound - by plug status
09-23 23:04:43.525  1602  1602 I PowerUI : oldMisalign : false, curMisalign : false
09-23 23:04:43.526  1602 21554 D SecPowerUI.Notification: 1. restoreScreenTimeOut - saved_value : :
09-23 23:04:43.526  1602 21554 E SecPowerUI.Notification: no saved value, so we do nothing !!
09-23 23:04:43.530  1602  1602 D SecPowerUI.Notification: showChargingNotice oldChargingType : 11 / currentChargingType : 11, oldChargingTime : 3822000 / mChargingTime : 3822000
09-23 23:04:43.530  1602  1602 D SecPowerUI.Notification: There is no change about charging status, so return!
09-23 23:04:43.531  1602  1602 D PowerUI : Battery swelling mode - priorBatterySwellingMode = 0 mBatterySwellingMode = 0 mBatteryStatus = 2
09-23 23:04:43.531  1602  1602 I PowerUI : mBatteryMiscEvent = 65536
09-23 23:04:43.534  1602  1602 I PowerUI : checkShouldTurnOffProtectBattery : -1, Scheduling start ? : false
09-23 23:04:43.534  1602  1602 I PowerUI : Clear time
09-23 23:04:43.537  1186  1322 D SecContentProvider: query(), uri = 17 selection = isSettingsChangesAllowed
09-23 23:04:43.541  1602  1602 D KeyguardUpdateMonitor: received broadcast android.intent.action.BATTERY_CHANGED
09-23 23:04:43.542  1602  1602 I AODBatteryManager: updateBatteryData: ACTION_BATTERY_CHANGED
09-23 23:04:43.546  1602  1602 I AODBatteryManager: saveBatteryData : AOD BatteryData [mBatteryLevel=72, mBatteryStatus=CHARGING, mBatteryPlugType=USB, mBatteryPlugged=true, mRemainingChargeTime=3822000, mBatteryChargingType=1, mBatteryChargerType=NORMAL, mBatteryOnline=USB, mBatterySwellingMode=NONE, mBatteryProtectMode=false]
09-23 23:04:43.546  1602  1602 D KeyguardUpdateMonitor: handleBatteryUpdate
09-23 23:04:43.627   795 20553 I HYPER-HAL: [RequestManager.cpp]releaseLocked(): Released ID : 1752256
09-23 23:04:43.751 20383 20383 W RootViewPicker: No activity currently resumed - waiting: 30000ms for one to appear.
09-23 23:04:43.797 28768 28768 I ResourceOverlayService_0: waitAndQuit called
09-23 23:04:43.799 28768 28768 I ResourceOverlayService_0: activity user id 0 process id 0
09-23 23:04:44.114   859   960 I EDEN    : [Exynos][EDEN][v1.6.21][SERVICE] processAliveMointorMain:253: Try to check pid=(818)...
