09-23 23:03:27.769 19300 19300 D WM-SystemJobService: d460f4a9-fbf4-45d1-969c-fa412031e491 executed on JobScheduler
09-23 23:03:27.771 19300 19353 D WM-GreedyScheduler: Cancelling work ID d460f4a9-fbf4-45d1-969c-fa412031e491
09-23 23:03:27.774 19300 19300 D WM-SystemJobService: onStopJob for WorkGenerationalId(workSpecId=d460f4a9-fbf4-45d1-969c-fa412031e491, generation=0)
09-23 23:03:27.846  1602  1602 D SecPowerUI.Notification: showChargingNotice oldChargingType : 11 / currentChargingType : 11, oldChargingTime : 3883000 / mChargingTime : 3883000
09-23 23:03:27.846  1602  1602 D SecPowerUI.Notification: There is no change about charging status, so return!
09-23 23:03:28.179  1033  1530 I bauth_FPBAuthService: pcf : 0x1012, 0 ,1 ,0 ,0 ,0 ,0, 7.0.0.0
09-23 23:03:28.179  1033  1530 I bauth_FPBAuthService: thread id : 1, preenroll_flag : 0, nd cnt : 0, cso : 0, et : 0
09-23 23:03:28.179  1033  1530 I bauth_FPBAuthService: FPBAuthService, 11416
09-23 23:03:28.475 28768 28768 I ResourceOverlayService_0: waitAndQuit called
09-23 23:03:28.477 28768 28768 I ResourceOverlayService_0: activity user id 0 process id 0
09-23 23:03:29.070 24562 24562 D BoundBrokerSvc: onBind: Intent { act=com.google.android.gms.udc.service.START dat=chimera-action:/... cmp=com.google.android.gms/.chimera.PersistentApiService }
09-23 23:03:29.070 24562 24562 D BoundBrokerSvc: Loading bound service for intent: Intent { act=com.google.android.gms.udc.service.START dat=chimera-action:/... cmp=com.google.android.gms/.chimera.PersistentApiService }
09-23 23:03:29.088   859   960 I EDEN    : [Exynos][EDEN][v1.6.21][SERVICE] processAliveMointorMain:253: Try to check pid=(818)...
09-23 23:03:29.179  1033  1530 I bauth_FPBAuthService: pcf : 0x1012, 0 ,1 ,0 ,0 ,0 ,0, 7.0.0.0
09-23 23:03:29.179  1033  1530 I bauth_FPBAuthService: thread id : 1, preenroll_flag : 0, nd cnt : 0, cso : 0, et : 0
09-23 23:03:29.179  1033  1530 I bauth_FPBAuthService: FPBAuthService, 11416
09-23 23:03:29.480 28768 28768 I ResourceOverlayService_0: waitAndQuit called
09-23 23:03:29.480 28768 28768 I ResourceOverlayService_0: activity user id 0 process id 0
09-23 23:03:30.180  1033  1530 I bauth_FPBAuthService: pcf : 0x1012, 0 ,1 ,0 ,0 ,0 ,0, 7.0.0.0
09-23 23:03:30.180  1033  1530 I bauth_FPBAuthService: thread id : 1, preenroll_flag : 0, nd cnt : 0, cso : 0, et : 0
09-23 23:03:30.180  1033  1530 I bauth_FPBAuthService: FPBAuthService, 11416
09-23 23:03:30.482 28768 28768 I ResourceOverlayService_0: waitAndQuit called
09-23 23:03:30.483 28768 28768 I ResourceOverlayService_0: activity user id 0 process id 0
09-23 23:03:31.181  1033  1530 I bauth_FPBAuthService: pcf : 0x1012, 0 ,1 ,0 ,0 ,0 ,0, 7.0.0.0
09-23 23:03:31.181  1033  1530 I bauth_FPBAuthService: thread id : 1, preenroll_flag : 0, nd cnt : 0, cso : 0, et : 0
09-23 23:03:31.181  1033  1530 I bauth_FPBAuthService: FPBAuthService, 11416
09-23 23:03:31.402  1186  1255 I NSLocationMonitor: getGPSUsingApps() called
09-23 23:03:31.428  2527 30060 I NSLocationManager_FLP: getGPSUsingApps, NO_FREEZE={5013} / FREEZE={10218, 15010218}
09-23 23:03:31.486 28768 28768 I ResourceOverlayService_0: waitAndQuit called
09-23 23:03:31.487 28768 28768 I ResourceOverlayService_0: activity user id 0 process id 0
09-23 23:03:32.181  1033  1530 I bauth_FPBAuthService: pcf : 0x1012, 0 ,1 ,0 ,0 ,0 ,0, 7.0.0.0
09-23 23:03:32.182  1033  1530 I bauth_FPBAuthService: thread id : 1, preenroll_flag : 0, nd cnt : 0, cso : 0, et : 0
09-23 23:03:32.182  1033  1530 I bauth_FPBAuthService: FPBAuthService, 11416
09-23 23:03:32.490 28768 28768 I ResourceOverlayService_0: waitAndQuit called
09-23 23:03:32.491 28768 28768 I ResourceOverlayService_0: activity user id 0 process id 0
09-23 23:03:32.896   785   785 I android.hardware.health@2.1-service-samsung: updateLrpSysfs: write: 334
09-23 23:03:32.903  1186  1377 D MotionRecognitionService: [SAR]  onReceive : ACTION_BATTERY_CHANGED, Plugged: 2
09-23 23:03:32.904  1186  1186 D PhoneWindowManagerExt: ACTION_BATTERY_CHANGED - Level=72, status=2
09-23 23:03:32.910  1186  1186 D SemWifiApBroadcastReceiver: Received : android.intent.action.BATTERY_CHANGED
09-23 23:03:32.910  1575  1575 D SemBigDataInfoController: Intent: android.intent.action.BATTERY_CHANGED
09-23 23:03:32.911  1602  1602 D SamsungBatteryMeterDrawable: onBatteryLevelChanged isSomethingChanged: false
09-23 23:03:32.911  1575  1575 D SemBigDataInfoController: Intent: android.intent.action.BATTERY_CHANGED
09-23 23:03:32.912  1602  1602 D SamsungBatteryMeterDrawable: onBatteryLevelChanged isSomethingChanged: false
09-23 23:03:32.913  1602  1602 D SamsungBatteryMeterDrawable: onBatteryLevelChanged isSomethingChanged: false
09-23 23:03:32.914  1602  1602 D SamsungBatteryMeterDrawable: onBatteryLevelChanged isSomethingChanged: false
09-23 23:03:32.915  1602  1602 I PowerUI : mBootCompleted = true |  mFullyConnected = true
09-23 23:03:32.915  1602  1602 W PowerUI : Plug reason
09-23 23:03:32.915  1602  1602 W PowerUI : Skip charging animation - by plug status
09-23 23:03:32.915  1602  1602 D PowerUI : priorPlugType = 2 mPlugType = 2 priorBatteryStatus = 2 mBatteryStatus = 2
09-23 23:03:32.915  1602  1602 W PowerUI : Plug reason
09-23 23:03:32.915  1602  1602 W PowerUI : Skip charging sound - by plug status
09-23 23:03:32.915  1602  1602 I PowerUI : oldMisalign : false, curMisalign : false
09-23 23:03:32.916  1602 20152 D SecPowerUI.Notification: dismissing low battery warning: level=72
09-23 23:03:32.916  1602 20152 D SecPowerUI.Notification: updateNotification mWarning=false mPlaySound=false
09-23 23:03:32.917  1602 20152 D SecPowerUI.Notification: SecBatteryStatsSnapshot{batteryLevel=72, currentBatteryMode=0, chargingTime=3883000, chargingType=11, batteryHealth=2, automaticTestMode=false, isHiccupState=false}
09-23 23:03:32.918  1602 20152 D SecPowerUI.Notification: 1. restoreScreenTimeOut - saved_value : :
09-23 23:03:32.919  1602 20152 E SecPowerUI.Notification: no saved value, so we do nothing !!
09-23 23:03:32.920  1602  1602 D SecPowerUI.Notification: showChargingNotice oldChargingType : 11 / currentChargingType : 11, oldChargingTime : 3883000 / mChargingTime : 3883000
09-23 23:03:32.920  1602  1602 D SecPowerUI.Notification: There is no change about charging status, so return!
09-23 23:03:32.920  1602  1602 D PowerUI : Battery swelling mode - priorBatterySwellingMode = 0 mBatterySwellingMode = 0 mBatteryStatus = 2
09-23 23:03:32.920  1602  1602 I PowerUI : mBatteryMiscEvent = 65536
09-23 23:03:32.922  1602  1602 I PowerUI : checkShouldTurnOffProtectBattery : -1, Scheduling start ? : false
09-23 23:03:32.923  1602  1602 I PowerUI : Clear time
09-23 23:03:32.925  1186  1322 D SecContentProvider: query(), uri = 17 selection = isSettingsChangesAllowed
09-23 23:03:32.929  1602  1602 D KeyguardUpdateMonitor: received broadcast android.intent.action.BATTERY_CHANGED
09-23 23:03:32.930  1602  1602 I AODBatteryManager: updateBatteryData: ACTION_BATTERY_CHANGED
09-23 23:03:32.933  1602  1602 I AODBatteryManager: saveBatteryData : AOD BatteryData [mBatteryLevel=72, mBatteryStatus=CHARGING, mBatteryPlugType=USB, mBatteryPlugged=true, mRemainingChargeTime=3883000, mBatteryChargingType=1, mBatteryChargerType=NORMAL, mBatteryOnline=USB, mBatterySwellingMode=NONE, mBatteryProtectMode=false]
09-23 23:03:32.933  1602  1602 D KeyguardUpdateMonitor: handleBatteryUpdate
09-23 23:03:33.182  1033  1530 I bauth_FPBAuthService: pcf : 0x1012, 0 ,1 ,0 ,0 ,0 ,0, 7.0.0.0
09-23 23:03:33.182  1033  1530 I bauth_FPBAuthService: thread id : 1, preenroll_flag : 0, nd cnt : 0, cso : 0, et : 0
09-23 23:03:33.182  1033  1530 I bauth_FPBAuthService: FPBAuthService, 11416
09-23 23:03:33.493 28768 28768 I ResourceOverlayService_0: waitAndQuit called
09-23 23:03:33.495 28768 28768 I ResourceOverlayService_0: activity user id 0 process id 0
09-23 23:03:33.828  1186  1232 I ChimeraSystemEventListener: appLaunchIntent package name is: com.example.dogglers
09-23 23:03:33.839   871  1063 I SurfaceFlinger: id=38695 createSurf flag=80004, ActivityRecord{dd2ed03 u0 com.example.dogglers/androidx.test.core.app.InstrumentationActivityInvoker$EmptyActivity} t7701}#38695
09-23 23:03:33.842   871   943 I VSyncReactor: Current= 90, Period= 90, hwcPeriod= 90
09-23 23:03:33.850   871   871 D SurfaceFlinger: GPIS:: requestGPIS
09-23 23:03:33.872  1186  2162 D InputDispatcher: Focused application(0): ActivityRecord{dd2ed03 u0 com.example.dogglers/androidx.test.core.app.InstrumentationActivityInvoker$EmptyActivity} t7701}
09-23 23:03:33.874  1186  1232 I SemPersonaManager: SecureFolder personaId = 150
09-23 23:03:33.887  1186  2162 I SemDvfsHyPerManager: acquire hyper - AMS_APP_LAUNCH/1186@17, type = -999
09-23 23:03:33.888   795   875 I HYPER-HAL: [RequestManager.cpp]acquire(): Acquired ID : 724223  [1186 / 17]    HINT : AMS_APP_LAUNCH    list :
09-23 23:03:33.889  2633  2633 E pageboostd: Received HALT command code 2
09-23 23:03:33.891  4177  4177 I SemDvfsHyPerManager: acquire hyper - APP_START/4177@18, type = -999
09-23 23:03:33.892   795   875 I HYPER-HAL: [RequestManager.cpp]acquire(): Acquired ID : 8801128  [4177 / 18]    HINT : APP_START    list :
09-23 23:03:33.897 20383 20383 D LifecycleMonitor: Lifecycle status change: androidx.test.core.app.InstrumentationActivityInvoker$EmptyActivity@5ce9cda in: PRE_ON_CREATE
09-23 23:03:33.898 20383 20383 V ActivityScenario: Activity lifecycle changed event received but ignored because the intent does not match. startActivityIntent=Intent { act=android.intent.action.MAIN cat=[android.intent.category.LAUNCHER] cmp=com.example.dogglers/.MainActivity }, activity.getIntent()=Intent { act=android.intent.action.MAIN cat=[android.intent.category.LAUNCHER] flg=0x10000000 cmp=com.example.dogglers/androidx.test.core.app.InstrumentationActivityInvoker$EmptyActivity }, activity=androidx.test.core.app.InstrumentationActivityInvoker$EmptyActivity@5ce9cda
09-23 23:03:33.903  1186  1232 D EnterpriseDeviceManagerService: isMdmAdminPresentInternal() : MDM Admin Found - com.samsung.knox.securefolder
09-23 23:03:33.907  1186  2620 I MediaSessionMonitor: Media session stopped : controllerList empty
09-23 23:03:33.908 20383 20383 I DecorView: [INFO] isPopOver=false config=true
09-23 23:03:33.908 20383 20383 I DecorView: updateCaptionType: isFloating=false isApplication=true hasWindowDecorCaption=false this=DecorView@593ed32[]
09-23 23:03:33.908 20383 20383 D DecorView: setCaptionType = 0, this = DecorView@593ed32[]
09-23 23:03:33.911 20383 20383 I DecorView: getCurrentDensityDpi: from real metrics. densityDpi=450 msg=resources_loaded
09-23 23:03:33.911 20383 20383 I DecorView: setWindowBackground: isPopOver=false color=ff010101 d=android.graphics.drawable.StateListDrawable@8ed6a83
09-23 23:03:33.912 20383 20383 D LifecycleMonitor: Lifecycle status change: androidx.test.core.app.InstrumentationActivityInvoker$EmptyActivity@5ce9cda in: CREATED
09-23 23:03:33.912 20383 20383 V ActivityScenario: Activity lifecycle changed event received but ignored because the intent does not match. startActivityIntent=Intent { act=android.intent.action.MAIN cat=[android.intent.category.LAUNCHER] cmp=com.example.dogglers/.MainActivity }, activity.getIntent()=Intent { act=android.intent.action.MAIN cat=[android.intent.category.LAUNCHER] flg=0x10000000 cmp=com.example.dogglers/androidx.test.core.app.InstrumentationActivityInvoker$EmptyActivity }, activity=androidx.test.core.app.InstrumentationActivityInvoker$EmptyActivity@5ce9cda
09-23 23:03:33.913 20383 20383 D LifecycleMonitor: Lifecycle status change: androidx.test.core.app.InstrumentationActivityInvoker$EmptyActivity@5ce9cda in: STARTED
09-23 23:03:33.914 20383 20383 V ActivityScenario: Activity lifecycle changed event received but ignored because the intent does not match. startActivityIntent=Intent { act=android.intent.action.MAIN cat=[android.intent.category.LAUNCHER] cmp=com.example.dogglers/.MainActivity }, activity.getIntent()=Intent { act=android.intent.action.MAIN cat=[android.intent.category.LAUNCHER] flg=0x10000000 cmp=com.example.dogglers/androidx.test.core.app.InstrumentationActivityInvoker$EmptyActivity }, activity=androidx.test.core.app.InstrumentationActivityInvoker$EmptyActivity@5ce9cda
09-23 23:03:33.916 20383 20383 D LifecycleMonitor: Lifecycle status change: androidx.test.core.app.InstrumentationActivityInvoker$EmptyActivity@5ce9cda in: RESUMED
09-23 23:03:33.916 20383 20383 V ActivityScenario: Activity lifecycle changed event received but ignored because the intent does not match. startActivityIntent=Intent { act=android.intent.action.MAIN cat=[android.intent.category.LAUNCHER] cmp=com.example.dogglers/.MainActivity }, activity.getIntent()=Intent { act=android.intent.action.MAIN cat=[android.intent.category.LAUNCHER] flg=0x10000000 cmp=com.example.dogglers/androidx.test.core.app.InstrumentationActivityInvoker$EmptyActivity }, activity=androidx.test.core.app.InstrumentationActivityInvoker$EmptyActivity@5ce9cda
09-23 23:03:33.916 20383 20383 I MSHandlerLifeCycle: check: return. pkg=com.example.dogglers parent=null callers=com.android.internal.policy.DecorView.setVisibility:4416 android.app.ActivityThread.handleResumeActivity:5476 android.app.servertransaction.ResumeActivityItem.execute:54 android.app.servertransaction.ActivityTransactionItem.execute:45 android.app.servertransaction.TransactionExecutor.executeLifecycleState:176
09-23 23:03:33.917 20383 20383 I MSHandlerLifeCycle: removeMultiSplitHandler: no exist. decor=DecorView@593ed32[]
09-23 23:03:33.919 20383 20417 D NativeCustomFrequencyManager: [NativeCFMS] BpCustomFrequencyManager::BpCustomFrequencyManager()
09-23 23:03:33.922  1186  2162 D InputTransport: Input channel constructed: '7ef13ae', fd=1200
09-23 23:03:33.922  1186  2162 D InputTransport: Input channel constructed: '7ef13ae', fd=1230
09-23 23:03:33.923  1186  2162 D InputTransport: Input channel constructed: '7ef13ae', fd=1231
09-23 23:03:33.923   871   916 I SurfaceFlinger: id=38696 createSurf flag=80004, 7ef13ae com.example.dogglers/androidx.test.core.app.InstrumentationActivityInvoker$EmptyActivity#38696
09-23 23:03:33.924  1186  2162 D InputTransport: Input channel destroyed: '7ef13ae', fd=1231
09-23 23:03:33.925 20383 20383 D InsetsController: onStateChanged: InsetsState: {mDisplayFrame=Rect(0, 0 - 1080, 2400), mDisplayCutout=DisplayCutout{insets=Rect(0, 80 - 0, 0) waterfall=Insets{left=0, top=0, right=0, bottom=0} boundingRect={Bounds=[Rect(0, 0 - 0, 0), Rect(468, 0 - 612, 80), Rect(0, 0 - 0, 0), Rect(0, 0 - 0, 0)]} cutoutPathParserInfo={CutoutPathParserInfo{displayWidth=1080 displayHeight=2400 physicalDisplayWidth=1080 physicalDisplayHeight=2400 density={2.8125} cutoutSpec={M 0,0 H -25.6 V 28.44444444444444 H 25.6 V 0 H 0 Z @dp} rotation={0} scale={1.0} physicalPixelDisplaySizeRatio={1.0}}}}, mRoundedCorners=RoundedCorners{[RoundedCorner{position=TopLeft, radius=90, center=Point(90, 90)}, RoundedCorner{position=TopRight, radius=90, center=Point(990, 90)}, RoundedCorner{position=BottomRight, radius=90, center=Point(990, 2310)}, RoundedCorner{position=BottomLeft, radius=90, center=Point(90, 2310)}]}  mRoundedCornerFrame=Rect(0, 0 - 1080, 2400), mPrivacyIndicatorBounds=PrivacyIndicatorBounds {static bounds=Rect(956, 0 - 1080, 80) rotation=0}, mSources= { InsetsSource: {mType=ITYPE_STATUS_BAR, mFrame=[0,0][1080,80], mVisible=true, mInsetsRoundedCornerFrame=false}, InsetsSource: {mType=ITYPE_NAVIGATION_BAR, mFrame=[0,2400][1080,2400], mVisible=false, mInsetsRoundedCornerFrame=false}, InsetsSource: {mType=ITYPE_LEFT_GESTURES, mFrame=[0,0][67,2400], mVisible=true, mInsetsRoundedCornerFrame=false}, InsetsSource: {mType=ITYPE_RIGHT_GESTURES, mFrame=[1013,0][1080,2400], mVisible=true, mInsetsRoundedCornerFrame=false}, InsetsSource: {mType=ITYPE_TOP_MANDATORY_GESTURES, mFrame=[0,0][1080,114], mVisible=true, mInsetsRoundedCornerFrame=false}, InsetsSource: {mType=ITYPE_BOTTOM_MANDATORY_GESTURES, mFrame=[0,2344][1080,2400], mVisible=true, mInsetsRoundedCornerFrame=false}, InsetsSource: {mType=ITYPE_LEFT_DISPLAY_CUTOUT, mFrame=[0,0][-100000,2400], mVisible=true, mInsetsRoundedCornerFrame=false}, InsetsSource: {mType=ITYPE_TOP_DISPLAY_CUTOUT, mFrame=[0,0][1080,80], mVisible=true, mInsetsRoundedCornerFrame=false}, InsetsSource: {mType=ITYPE_RIGHT_DISPLAY_CUTOUT, mFrame=[100000,0][1080,2400], mVisible=true, mInsetsRoundedCornerFrame=false}, InsetsSource: {mType=ITYPE_BOTTOM_DISPLAY_CUTOUT, mFrame=[0,100000][1080,2400], mVisible=true, mInsetsRoundedCornerFrame=false}, InsetsSource: {mType=ITYPE_TOP_TAPPABLE_ELEMENT, mFrame=[0,0][1080,80], mVisible=true, mInsetsRoundedCornerFrame=false}, InsetsSource: {mType=ITYPE_BOTTOM_TAPPABLE_ELEMENT, mFrame=[0,0][0,0], mVisible=true, mInsetsRoundedCornerFrame=false}, InsetsSource: {mType=ITYPE_IME, mFrame=[0,0][0,0], mVisibleFrame=[0,1392][1080,2400], mVisible=false, mInsetsRoundedCornerFrame=false} } host=com.example.dogglers/androidx.test.core.app.InstrumentationActivityInvoker$EmptyActivity from=android.view.ViewRootImpl.setView:1732
09-23 23:03:33.926 20383 20383 I ViewRootImpl@7dc7400[InstrumentationActivityInvoker$EmptyActivity]: setView = com.android.internal.policy.DecorView@593ed32 TM=true
09-23 23:03:33.927 20383 20383 I MSHandlerLifeCycle: removeMultiSplitHandler: no exist. decor=DecorView@593ed32[InstrumentationActivityInvoker$EmptyActivity]
09-23 23:03:33.928 20383 20383 D LifecycleMonitor: Lifecycle status change: androidx.test.core.app.InstrumentationActivityInvoker$EmptyActivity@5ce9cda in: PAUSED
09-23 23:03:33.928 20383 20383 V ActivityScenario: Activity lifecycle changed event received but ignored because the intent does not match. startActivityIntent=Intent { act=android.intent.action.MAIN cat=[android.intent.category.LAUNCHER] cmp=com.example.dogglers/.MainActivity }, activity.getIntent()=Intent { act=android.intent.action.MAIN cat=[android.intent.category.LAUNCHER] flg=0x10000000 cmp=com.example.dogglers/androidx.test.core.app.InstrumentationActivityInvoker$EmptyActivity }, activity=androidx.test.core.app.InstrumentationActivityInvoker$EmptyActivity@5ce9cda
09-23 23:03:33.935 20383 20383 I ViewRootImpl@7dc7400[InstrumentationActivityInvoker$EmptyActivity]: performTraversals params={(0,0)(fillxfill) sim={adjust=pan forwardNavigation} ty=BASE_APPLICATION wanim=0x1030001
09-23 23:03:33.935 20383 20383 I ViewRootImpl@7dc7400[InstrumentationActivityInvoker$EmptyActivity]:   fl=1810100
09-23 23:03:33.935 20383 20383 I ViewRootImpl@7dc7400[InstrumentationActivityInvoker$EmptyActivity]:   pfl=12020040
09-23 23:03:33.935 20383 20383 I ViewRootImpl@7dc7400[InstrumentationActivityInvoker$EmptyActivity]:   bhv=DEFAULT
09-23 23:03:33.935 20383 20383 I ViewRootImpl@7dc7400[InstrumentationActivityInvoker$EmptyActivity]:   fitSides= naviIconColor=0}
09-23 23:03:33.935 20383 20383 I ViewRootImpl@7dc7400[InstrumentationActivityInvoker$EmptyActivity]: performTraversals mFirst=true windowShouldResize=true viewVisibilityChanged=false mForceNextWindowRelayout=false params={(0,0)(fillxfill) sim={adjust=pan forwardNavigation} ty=BASE_APPLICATION wanim=0x1030001
09-23 23:03:33.935 20383 20383 I ViewRootImpl@7dc7400[InstrumentationActivityInvoker$EmptyActivity]:   fl=1810100
09-23 23:03:33.935 20383 20383 I ViewRootImpl@7dc7400[InstrumentationActivityInvoker$EmptyActivity]:   pfl=12020040
09-23 23:03:33.935 20383 20383 I ViewRootImpl@7dc7400[InstrumentationActivityInvoker$EmptyActivity]:   bhv=DEFAULT
09-23 23:03:33.935 20383 20383 I ViewRootImpl@7dc7400[InstrumentationActivityInvoker$EmptyActivity]:   fitSides= naviIconColor=0}
09-23 23:03:33.936  1186  2162 V WindowManager: Relayout Window{7ef13ae u0 com.example.dogglers/androidx.test.core.app.InstrumentationActivityInvoker$EmptyActivity}: viewVisibility=0 req=1080x2400 d0
09-23 23:03:33.936   871  1063 I SurfaceFlinger: id=38697 createSurf flag=40004, com.example.dogglers/androidx.test.core.app.InstrumentationActivityInvoker$EmptyActivity$_20383#38697
09-23 23:03:33.940  1186  2162 V WindowManager: Relayout hash=7ef13ae, pid=20383, syncId=-1: mAttrs={(0,0)(fillxfill) sim={adjust=pan forwardNavigation} ty=BASE_APPLICATION wanim=0x1030001
09-23 23:03:33.940  1186  2162 V WindowManager:   fl=1810100
09-23 23:03:33.940  1186  2162 V WindowManager:   pfl=12020040
09-23 23:03:33.940  1186  2162 V WindowManager:   bhv=DEFAULT
09-23 23:03:33.940  1186  2162 V WindowManager:   fitSides= naviIconColor=0}
09-23 23:03:33.943 20383 20383 I ViewRootImpl@7dc7400[InstrumentationActivityInvoker$EmptyActivity]: updateBlastSurfaceIfNeeded mBlastBufferQueue=null isSameSurfaceControl=false
09-23 23:03:33.943 20383 20383 I BLASTBufferQueue: new BLASTBufferQueue, mName= ViewRootImpl@7dc7400[InstrumentationActivityInvoker$EmptyActivity] mNativeObject= 0xb400007dbe22da30 sc.mNativeObject= 0xb400007d4e233fd0 caller= android.view.ViewRootImpl.updateBlastSurfaceIfNeeded:2909 android.view.ViewRootImpl.relayoutWindow:9847 android.view.ViewRootImpl.performTraversals:3884 android.view.ViewRootImpl.doTraversal:3116 android.view.ViewRootImpl$TraversalRunnable.run:10885 android.view.Choreographer$CallbackRecord.run:1301 android.view.Choreographer$CallbackRecord.run:1309 android.view.Choreographer.doCallbacks:923 android.view.Choreographer.doFrame:852 android.view.Choreographer$FrameDisplayEventReceiver.run:1283
09-23 23:03:33.943 20383 20383 I BLASTBufferQueue: update, w= 1080 h= 2400 mName = ViewRootImpl@7dc7400[InstrumentationActivityInvoker$EmptyActivity] mNativeObject= 0xb400007dbe22da30 sc.mNativeObject= 0xb400007d4e233fd0 format= -1 caller= android.graphics.BLASTBufferQueue.<init>:84 android.view.ViewRootImpl.updateBlastSurfaceIfNeeded:2909 android.view.ViewRootImpl.relayoutWindow:9847 android.view.ViewRootImpl.performTraversals:3884 android.view.ViewRootImpl.doTraversal:3116 android.view.ViewRootImpl$TraversalRunnable.run:10885
09-23 23:03:33.944 20383 20383 I ViewRootImpl@7dc7400[InstrumentationActivityInvoker$EmptyActivity]: Relayout returned: old=(0,0,1080,2400) new=(0,0,1080,2400) req=(1080,2400)0 dur=6 res=0x3 s={true 0xb400007e4e27dce0} ch=true seqId=0
09-23 23:03:33.944 20383 20417 D OpenGLRenderer: eglCreateWindowSurface
09-23 23:03:33.944 20383 20383 I ViewRootImpl@7dc7400[InstrumentationActivityInvoker$EmptyActivity]: mThreadedRenderer.initialize() mSurface={isValid=true 0xb400007e4e27dce0} hwInitialized=true
09-23 23:03:33.946 20383 20383 I ViewRootImpl@7dc7400[InstrumentationActivityInvoker$EmptyActivity]: reportNextDraw android.view.ViewRootImpl.performTraversals:4438 android.view.ViewRootImpl.doTraversal:3116 android.view.ViewRootImpl$TraversalRunnable.run:10885 android.view.Choreographer$CallbackRecord.run:1301 android.view.Choreographer$CallbackRecord.run:1309
09-23 23:03:33.946 20383 20383 I ViewRootImpl@7dc7400[InstrumentationActivityInvoker$EmptyActivity]: Setup new sync id=0
09-23 23:03:33.946 20383 20383 I ViewRootImpl@7dc7400[InstrumentationActivityInvoker$EmptyActivity]: Setting syncFrameCallback
09-23 23:03:33.946 20383 20383 I ViewRootImpl@7dc7400[InstrumentationActivityInvoker$EmptyActivity]: registerCallbacksForSync syncBuffer=false
09-23 23:03:33.948 20383 20438 I ViewRootImpl@7dc7400[InstrumentationActivityInvoker$EmptyActivity]: Received frameDrawingCallback syncResult=0 frameNum=1.
09-23 23:03:33.948 20383 20438 I ViewRootImpl@7dc7400[InstrumentationActivityInvoker$EmptyActivity]: Setting up sync and frameCommitCallback
09-23 23:03:33.976 20383 20417 I BLASTBufferQueue: [ViewRootImpl@7dc7400[InstrumentationActivityInvoker$EmptyActivity]#1](f:0,a:0) onFrameAvailable the first frame is available
09-23 23:03:33.977 20383 20417 I ViewRootImpl@7dc7400[InstrumentationActivityInvoker$EmptyActivity]: Received frameCommittedCallback lastAttemptedDrawFrameNum=1 didProduceBuffer=true
09-23 23:03:33.977 20383 20417 D OpenGLRenderer: CFMS:: SetUp Pid : 20383    Tid : 20417
09-23 23:03:33.978 20383 20417 W Parcel  : Expecting binder but got null!
09-23 23:03:33.978 20383 20383 I ViewRootImpl@7dc7400[InstrumentationActivityInvoker$EmptyActivity]: onSyncComplete
09-23 23:03:33.978 20383 20383 I ViewRootImpl@7dc7400[InstrumentationActivityInvoker$EmptyActivity]: setupSync seqId=0 mSyncId=0 fn=1 caller=android.view.ViewRootImpl$$ExternalSyntheticLambda11.accept:6 android.window.SurfaceSyncer.lambda$setupSync$1$android-window-SurfaceSyncer:128 android.window.SurfaceSyncer$$ExternalSyntheticLambda1.accept:8 android.window.SurfaceSyncer$SyncSet.checkIfSyncIsComplete:382 android.window.SurfaceSyncer$SyncSet.markSyncReady:359 android.window.SurfaceSyncer.markSyncReady:151 android.view.ViewRootImpl.performTraversals:4503
09-23 23:03:33.978 20383 20383 I ViewRootImpl@7dc7400[InstrumentationActivityInvoker$EmptyActivity]: reportDrawFinished seqId=0 mSyncId=-1 fn=1 mSurfaceChangedTransaction=0xb400007d7e2311d0
09-23 23:03:33.980 20383 20383 I ViewRootImpl@7dc7400[InstrumentationActivityInvoker$EmptyActivity]: stopped(true) old = false
09-23 23:03:33.980 20383 20383 I ViewRootImpl@7dc7400[InstrumentationActivityInvoker$EmptyActivity]: WindowStopped on com.example.dogglers/androidx.test.core.app.InstrumentationActivityInvoker$EmptyActivity set to true
09-23 23:03:33.981 20383 20383 D LifecycleMonitor: Lifecycle status change: androidx.test.core.app.InstrumentationActivityInvoker$EmptyActivity@5ce9cda in: STOPPED
09-23 23:03:33.981 20383 20383 V ActivityScenario: Activity lifecycle changed event received but ignored because the intent does not match. startActivityIntent=Intent { act=android.intent.action.MAIN cat=[android.intent.category.LAUNCHER] cmp=com.example.dogglers/.MainActivity }, activity.getIntent()=Intent { act=android.intent.action.MAIN cat=[android.intent.category.LAUNCHER] flg=0x10000000 cmp=com.example.dogglers/androidx.test.core.app.InstrumentationActivityInvoker$EmptyActivity }, activity=androidx.test.core.app.InstrumentationActivityInvoker$EmptyActivity@5ce9cda
09-23 23:03:33.982 20383 20383 I MSHandlerLifeCycle: removeMultiSplitHandler: no exist. decor=DecorView@593ed32[InstrumentationActivityInvoker$EmptyActivity]
09-23 23:03:33.983 20383 20383 D LifecycleMonitor: Lifecycle status change: com.example.dogglers.MainActivity@e8b6e6d in: DESTROYED
09-23 23:03:33.983 20383 20383 V ActivityScenario: Update currentActivityStage to DESTROYED, currentActivity=null
09-23 23:03:33.984 20383 20383 I MSHandlerLifeCycle: removeMultiSplitHandler: no exist. decor=DecorView@819352f[MainActivity]
09-23 23:03:33.985 20383 20417 D OpenGLRenderer: setSurface called with nullptr
09-23 23:03:33.985 20383 20383 I ViewRootImpl@cfe58[MainActivity]: dispatchDetachedFromWindow
09-23 23:03:33.986   871   916 I SurfaceFlinger: id=38698 createSurf flag=80004, ActivityRecord{449ea86 u0 com.example.dogglers/androidx.test.core.app.InstrumentationActivityInvoker$EmptyActivity} t7701}#38698
09-23 23:03:33.990  1186  1322 D InputDispatcher: Focused application(0): ActivityRecord{449ea86 u0 com.example.dogglers/androidx.test.core.app.InstrumentationActivityInvoker$EmptyActivity} t7701}
09-23 23:03:33.991  1186  1232 I SemPersonaManager: SecureFolder personaId = 150
09-23 23:03:33.993  2633  2633 E pageboostd: Received HALT command code 2
09-23 23:03:33.994  1186  1200 D InputTransport: Input channel destroyed: '53656b1', fd=1226
09-23 23:03:33.994  1186  1200 W InputManager-JNI: Input channel object '53656b1 com.example.dogglers/com.example.dogglers.MainActivity (client)' was disposed without first being removed with the input manager!
09-23 23:03:33.994  1186  1200 D InputTransport: Input channel destroyed: '53656b1', fd=1227
09-23 23:03:33.996 20383 20383 D InputTransport: Input channel destroyed: '53656b1', fd=100
09-23 23:03:33.997   871   871 I Layer   : id=38693 removeFromCurrentState 53656b1 com.example.dogglers/com.example.dogglers.MainActivity#38693 (124)
09-23 23:03:33.997   871   871 I SurfaceFlinger: id=38693 Removed 53656b1 com.example.dogglers/com.example.dogglers.MainActivity#38693 (124)
09-23 23:03:33.997   871   871 I Layer   : id=38693 Destroyed 53656b1 com.example.dogglers/com.example.dogglers.MainActivity#38693
09-23 23:03:34.000 20383 20417 D OpenGLRenderer: setSurface called with nullptr
09-23 23:03:34.000 20383 20417 D OpenGLRenderer: setSurface() destroyed EGLSurface
09-23 23:03:34.000 20383 20417 D OpenGLRenderer: destroyEglSurface
09-23 23:03:34.002 20383 20383 I ViewRootImpl@7dc7400[InstrumentationActivityInvoker$EmptyActivity]: performTraversals mFirst=false windowShouldResize=false viewVisibilityChanged=true mForceNextWindowRelayout=false params=null
09-23 23:03:34.003  1186  2162 V WindowManager: Relayout Window{7ef13ae u0 com.example.dogglers/androidx.test.core.app.InstrumentationActivityInvoker$EmptyActivity}: viewVisibility=4 req=1080x2400 d0
09-23 23:03:34.007  1186  2162 V WindowManager: Relayout hash=7ef13ae, pid=20383, syncId=-1: mAttrs={(0,0)(fillxfill) sim={adjust=pan forwardNavigation} ty=BASE_APPLICATION wanim=0x1030001
09-23 23:03:34.007  1186  2162 V WindowManager:   fl=1810100
09-23 23:03:34.007  1186  2162 V WindowManager:   pfl=12020040
09-23 23:03:34.007  1186  2162 V WindowManager:   bhv=DEFAULT
09-23 23:03:34.007  1186  2162 V WindowManager:   fitSides= naviIconColor=0}
09-23 23:03:34.008   871   871 I Layer   : id=38692 removeFromCurrentState ActivityRecord{ca52d24 u0 com.example.dogglers/.MainActivity} t7701}#38692 (123)
09-23 23:03:34.008   871   871 I SurfaceFlinger: id=38692 Removed ActivityRecord{ca52d24 u0 com.example.dogglers/.MainActivity} t7701}#38692 (123)
09-23 23:03:34.008   871   871 I Layer   : id=38692 Destroyed ActivityRecord{ca52d24 u0 com.example.dogglers/.MainActivity} t7701}#38692
09-23 23:03:34.009 20383 20383 I ViewRootImpl@7dc7400[InstrumentationActivityInvoker$EmptyActivity]: Relayout returned: old=(0,0,1080,2400) new=(0,0,1080,2400) req=(1080,2400)4 dur=6 res=0x2 s={false 0x0} ch=false seqId=0
09-23 23:03:34.014 20383 20383 D LifecycleMonitor: Lifecycle status change: androidx.test.core.app.InstrumentationActivityInvoker$EmptyActivity@32fb7d7 in: PRE_ON_CREATE
09-23 23:03:34.015 20383 20383 V ActivityScenario: Activity lifecycle changed event received but ignored because the intent does not match. startActivityIntent=Intent { act=android.intent.action.MAIN cat=[android.intent.category.LAUNCHER] cmp=com.example.dogglers/.MainActivity }, activity.getIntent()=Intent { act=android.intent.action.MAIN cat=[android.intent.category.LAUNCHER] flg=0x10000000 cmp=com.example.dogglers/androidx.test.core.app.InstrumentationActivityInvoker$EmptyActivity }, activity=androidx.test.core.app.InstrumentationActivityInvoker$EmptyActivity@32fb7d7
09-23 23:03:34.017  1186  1232 D EnterpriseDeviceManagerService: isMdmAdminPresentInternal() : MDM Admin Found - com.samsung.knox.securefolder
09-23 23:03:34.019   871   871 I Layer   : id=38697 removeFromCurrentState com.example.dogglers/androidx.test.core.app.InstrumentationActivityInvoker$EmptyActivity$_20383#38697 (122)
09-23 23:03:34.020   871   871 I SurfaceFlinger: id=38697 Removed com.example.dogglers/androidx.test.core.app.InstrumentationActivityInvoker$EmptyActivity$_20383#38697 (122)
09-23 23:03:34.020   871   871 I Layer   : id=38697 Destroyed com.example.dogglers/androidx.test.core.app.InstrumentationActivityInvoker$EmptyActivity$_20383#38697
09-23 23:03:34.022 20383 20383 I DecorView: [INFO] isPopOver=false config=true
09-23 23:03:34.022 20383 20383 I DecorView: updateCaptionType: isFloating=false isApplication=true hasWindowDecorCaption=false this=DecorView@6be06e2[]
09-23 23:03:34.022 20383 20383 D DecorView: setCaptionType = 0, this = DecorView@6be06e2[]
09-23 23:03:34.024  1186  2620 I MediaSessionMonitor: Media session stopped : controllerList empty
09-23 23:03:34.024 20383 20383 I DecorView: getCurrentDensityDpi: from real metrics. densityDpi=450 msg=resources_loaded
09-23 23:03:34.024 20383 20383 I DecorView: setWindowBackground: isPopOver=false color=ff010101 d=android.graphics.drawable.StateListDrawable@9cdfa73
09-23 23:03:34.025 20383 20383 D LifecycleMonitor: Lifecycle status change: androidx.test.core.app.InstrumentationActivityInvoker$EmptyActivity@32fb7d7 in: CREATED
09-23 23:03:34.025 20383 20383 V ActivityScenario: Activity lifecycle changed event received but ignored because the intent does not match. startActivityIntent=Intent { act=android.intent.action.MAIN cat=[android.intent.category.LAUNCHER] cmp=com.example.dogglers/.MainActivity }, activity.getIntent()=Intent { act=android.intent.action.MAIN cat=[android.intent.category.LAUNCHER] flg=0x10000000 cmp=com.example.dogglers/androidx.test.core.app.InstrumentationActivityInvoker$EmptyActivity }, activity=androidx.test.core.app.InstrumentationActivityInvoker$EmptyActivity@32fb7d7
09-23 23:03:34.026 20383 20383 D LifecycleMonitor: Lifecycle status change: androidx.test.core.app.InstrumentationActivityInvoker$EmptyActivity@32fb7d7 in: STARTED
09-23 23:03:34.026 20383 20383 V ActivityScenario: Activity lifecycle changed event received but ignored because the intent does not match. startActivityIntent=Intent { act=android.intent.action.MAIN cat=[android.intent.category.LAUNCHER] cmp=com.example.dogglers/.MainActivity }, activity.getIntent()=Intent { act=android.intent.action.MAIN cat=[android.intent.category.LAUNCHER] flg=0x10000000 cmp=com.example.dogglers/androidx.test.core.app.InstrumentationActivityInvoker$EmptyActivity }, activity=androidx.test.core.app.InstrumentationActivityInvoker$EmptyActivity@32fb7d7
09-23 23:03:34.029 20383 20383 D LifecycleMonitor: Lifecycle status change: androidx.test.core.app.InstrumentationActivityInvoker$EmptyActivity@32fb7d7 in: RESUMED
09-23 23:03:34.029 20383 20383 V ActivityScenario: Activity lifecycle changed event received but ignored because the intent does not match. startActivityIntent=Intent { act=android.intent.action.MAIN cat=[android.intent.category.LAUNCHER] cmp=com.example.dogglers/.MainActivity }, activity.getIntent()=Intent { act=android.intent.action.MAIN cat=[android.intent.category.LAUNCHER] flg=0x10000000 cmp=com.example.dogglers/androidx.test.core.app.InstrumentationActivityInvoker$EmptyActivity }, activity=androidx.test.core.app.InstrumentationActivityInvoker$EmptyActivity@32fb7d7
09-23 23:03:34.029 20383 20383 I MSHandlerLifeCycle: check: return. pkg=com.example.dogglers parent=null callers=com.android.internal.policy.DecorView.setVisibility:4416 android.app.ActivityThread.handleResumeActivity:5476 android.app.servertransaction.ResumeActivityItem.execute:54 android.app.servertransaction.ActivityTransactionItem.execute:45 android.app.servertransaction.TransactionExecutor.executeLifecycleState:176
09-23 23:03:34.029 20383 20383 I MSHandlerLifeCycle: removeMultiSplitHandler: no exist. decor=DecorView@6be06e2[]
09-23 23:03:34.031 19252 19252 I BSS_SysUiManager: handleMessage = 9, 1, 0
09-23 23:03:34.032  2080  2104 I RecentModel: onTaskStackChangedBackground
09-23 23:03:34.033 20383 20417 D NativeCustomFrequencyManager: [NativeCFMS] BpCustomFrequencyManager::BpCustomFrequencyManager()
09-23 23:03:34.034  1186  2162 D InputTransport: Input channel constructed: '20010d3', fd=1231
09-23 23:03:34.035  1186  2162 D InputTransport: Input channel constructed: '20010d3', fd=1233
09-23 23:03:34.035  1186  2162 D InputTransport: Input channel constructed: '20010d3', fd=1234
09-23 23:03:34.035   871   916 I SurfaceFlinger: id=38699 createSurf flag=80004, 20010d3 com.example.dogglers/androidx.test.core.app.InstrumentationActivityInvoker$EmptyActivity#38699
09-23 23:03:34.036  1186  2162 D InputTransport: Input channel destroyed: '20010d3', fd=1234
09-23 23:03:34.037 20383 20383 D InsetsController: onStateChanged: InsetsState: {mDisplayFrame=Rect(0, 0 - 1080, 2400), mDisplayCutout=DisplayCutout{insets=Rect(0, 80 - 0, 0) waterfall=Insets{left=0, top=0, right=0, bottom=0} boundingRect={Bounds=[Rect(0, 0 - 0, 0), Rect(468, 0 - 612, 80), Rect(0, 0 - 0, 0), Rect(0, 0 - 0, 0)]} cutoutPathParserInfo={CutoutPathParserInfo{displayWidth=1080 displayHeight=2400 physicalDisplayWidth=1080 physicalDisplayHeight=2400 density={2.8125} cutoutSpec={M 0,0 H -25.6 V 28.44444444444444 H 25.6 V 0 H 0 Z @dp} rotation={0} scale={1.0} physicalPixelDisplaySizeRatio={1.0}}}}, mRoundedCorners=RoundedCorners{[RoundedCorner{position=TopLeft, radius=90, center=Point(90, 90)}, RoundedCorner{position=TopRight, radius=90, center=Point(990, 90)}, RoundedCorner{position=BottomRight, radius=90, center=Point(990, 2310)}, RoundedCorner{position=BottomLeft, radius=90, center=Point(90, 2310)}]}  mRoundedCornerFrame=Rect(0, 0 - 1080, 2400), mPrivacyIndicatorBounds=PrivacyIndicatorBounds {static bounds=Rect(956, 0 - 1080, 80) rotation=0}, mSources= { InsetsSource: {mType=ITYPE_STATUS_BAR, mFrame=[0,0][1080,80], mVisible=true, mInsetsRoundedCornerFrame=false}, InsetsSource: {mType=ITYPE_NAVIGATION_BAR, mFrame=[0,2400][1080,2400], mVisible=false, mInsetsRoundedCornerFrame=false}, InsetsSource: {mType=ITYPE_LEFT_GESTURES, mFrame=[0,0][67,2400], mVisible=true, mInsetsRoundedCornerFrame=false}, InsetsSource: {mType=ITYPE_RIGHT_GESTURES, mFrame=[1013,0][1080,2400], mVisible=true, mInsetsRoundedCornerFrame=false}, InsetsSource: {mType=ITYPE_TOP_MANDATORY_GESTURES, mFrame=[0,0][1080,114], mVisible=true, mInsetsRoundedCornerFrame=false}, InsetsSource: {mType=ITYPE_BOTTOM_MANDATORY_GESTURES, mFrame=[0,2344][1080,2400], mVisible=true, mInsetsRoundedCornerFrame=false}, InsetsSource: {mType=ITYPE_LEFT_DISPLAY_CUTOUT, mFrame=[0,0][-100000,2400], mVisible=true, mInsetsRoundedCornerFrame=false}, InsetsSource: {mType=ITYPE_TOP_DISPLAY_CUTOUT, mFrame=[0,0][1080,80], mVisible=true, mInsetsRoundedCornerFrame=false}, InsetsSource: {mType=ITYPE_RIGHT_DISPLAY_CUTOUT, mFrame=[100000,0][1080,2400], mVisible=true, mInsetsRoundedCornerFrame=false}, InsetsSource: {mType=ITYPE_BOTTOM_DISPLAY_CUTOUT, mFrame=[0,100000][1080,2400], mVisible=true, mInsetsRoundedCornerFrame=false}, InsetsSource: {mType=ITYPE_TOP_TAPPABLE_ELEMENT, mFrame=[0,0][1080,80], mVisible=true, mInsetsRoundedCornerFrame=false}, InsetsSource: {mType=ITYPE_BOTTOM_TAPPABLE_ELEMENT, mFrame=[0,0][0,0], mVisible=true, mInsetsRoundedCornerFrame=false}, InsetsSource: {mType=ITYPE_IME, mFrame=[0,0][0,0], mVisibleFrame=[0,1392][1080,2400], mVisible=false, mInsetsRoundedCornerFrame=false} } host=com.example.dogglers/androidx.test.core.app.InstrumentationActivityInvoker$EmptyActivity from=android.view.ViewRootImpl.setView:1732
09-23 23:03:34.039 20383 20383 I ViewRootImpl@6f4dd30[InstrumentationActivityInvoker$EmptyActivity]: setView = com.android.internal.policy.DecorView@6be06e2 TM=true
09-23 23:03:34.039 20383 20383 I MSHandlerLifeCycle: removeMultiSplitHandler: no exist. decor=DecorView@6be06e2[InstrumentationActivityInvoker$EmptyActivity]
09-23 23:03:34.040 20383 20383 D LifecycleMonitor: Lifecycle status change: androidx.test.core.app.InstrumentationActivityInvoker$EmptyActivity@32fb7d7 in: PAUSED
09-23 23:03:34.040 20383 20383 V ActivityScenario: Activity lifecycle changed event received but ignored because the intent does not match. startActivityIntent=Intent { act=android.intent.action.MAIN cat=[android.intent.category.LAUNCHER] cmp=com.example.dogglers/.MainActivity }, activity.getIntent()=Intent { act=android.intent.action.MAIN cat=[android.intent.category.LAUNCHER] flg=0x10000000 cmp=com.example.dogglers/androidx.test.core.app.InstrumentationActivityInvoker$EmptyActivity }, activity=androidx.test.core.app.InstrumentationActivityInvoker$EmptyActivity@32fb7d7
09-23 23:03:34.042 20383 20383 D LifecycleMonitor: Lifecycle status change: androidx.test.core.app.InstrumentationActivityInvoker$BootstrapActivity@9997945 in: DESTROYED
09-23 23:03:34.043 20383 20383 V ActivityScenario: Activity lifecycle changed event received but ignored because the intent does not match. startActivityIntent=Intent { act=android.intent.action.MAIN cat=[android.intent.category.LAUNCHER] cmp=com.example.dogglers/.MainActivity }, activity.getIntent()=Intent { act=android.intent.action.MAIN cat=[android.intent.category.LAUNCHER] flg=0x10008000 cmp=com.example.dogglers/androidx.test.core.app.InstrumentationActivityInvoker$BootstrapActivity (has extras) }, activity=androidx.test.core.app.InstrumentationActivityInvoker$BootstrapActivity@9997945
09-23 23:03:34.043 20383 20383 I ViewRootImpl@7dc7400[InstrumentationActivityInvoker$EmptyActivity]: handleAppVisibility mAppVisible = true visible = false
09-23 23:03:34.047 20383 20383 I ViewRootImpl@6f4dd30[InstrumentationActivityInvoker$EmptyActivity]: performTraversals params={(0,0)(fillxfill) sim={adjust=pan forwardNavigation} ty=BASE_APPLICATION wanim=0x1030001
09-23 23:03:34.047 20383 20383 I ViewRootImpl@6f4dd30[InstrumentationActivityInvoker$EmptyActivity]:   fl=1810100
09-23 23:03:34.047 20383 20383 I ViewRootImpl@6f4dd30[InstrumentationActivityInvoker$EmptyActivity]:   pfl=12020040
09-23 23:03:34.047 20383 20383 I ViewRootImpl@6f4dd30[InstrumentationActivityInvoker$EmptyActivity]:   bhv=DEFAULT
09-23 23:03:34.047 20383 20383 I ViewRootImpl@6f4dd30[InstrumentationActivityInvoker$EmptyActivity]:   fitSides= naviIconColor=0}
09-23 23:03:34.048 20383 20383 I ViewRootImpl@6f4dd30[InstrumentationActivityInvoker$EmptyActivity]: performTraversals mFirst=true windowShouldResize=true viewVisibilityChanged=false mForceNextWindowRelayout=false params={(0,0)(fillxfill) sim={adjust=pan forwardNavigation} ty=BASE_APPLICATION wanim=0x1030001
09-23 23:03:34.048 20383 20383 I ViewRootImpl@6f4dd30[InstrumentationActivityInvoker$EmptyActivity]:   fl=1810100
09-23 23:03:34.048 20383 20383 I ViewRootImpl@6f4dd30[InstrumentationActivityInvoker$EmptyActivity]:   pfl=12020040
09-23 23:03:34.048 20383 20383 I ViewRootImpl@6f4dd30[InstrumentationActivityInvoker$EmptyActivity]:   bhv=DEFAULT
09-23 23:03:34.048 20383 20383 I ViewRootImpl@6f4dd30[InstrumentationActivityInvoker$EmptyActivity]:   fitSides= naviIconColor=0}
09-23 23:03:34.049  1186  1322 V WindowManager: Relayout Window{20010d3 u0 com.example.dogglers/androidx.test.core.app.InstrumentationActivityInvoker$EmptyActivity}: viewVisibility=0 req=1080x2400 d0
09-23 23:03:34.049   871   916 I SurfaceFlinger: id=38700 createSurf flag=40004, com.example.dogglers/androidx.test.core.app.InstrumentationActivityInvoker$EmptyActivity$_20383#38700
09-23 23:03:34.053   871   871 I Layer   : id=38689 removeFromCurrentState ActivityRecord{a3cf3be u0 com.example.dogglers/androidx.test.core.app.InstrumentationActivityInvoker$BootstrapActivity} t7701}#38689 (123)
09-23 23:03:34.053   871   871 I SurfaceFlinger: id=38689 Removed ActivityRecord{a3cf3be u0 com.example.dogglers/androidx.test.core.app.InstrumentationActivityInvoker$BootstrapActivity} t7701}#38689 (123)
09-23 23:03:34.053   871   871 I Layer   : id=38689 Destroyed ActivityRecord{a3cf3be u0 com.example.dogglers/androidx.test.core.app.InstrumentationActivityInvoker$BootstrapActivity} t7701}#38689
09-23 23:03:34.055  1186  1322 V WindowManager: Relayout hash=20010d3, pid=20383, syncId=-1: mAttrs={(0,0)(fillxfill) sim={adjust=pan forwardNavigation} ty=BASE_APPLICATION wanim=0x1030001
09-23 23:03:34.055  1186  1322 V WindowManager:   fl=1810100
09-23 23:03:34.055  1186  1322 V WindowManager:   pfl=12020040
09-23 23:03:34.055  1186  1322 V WindowManager:   bhv=DEFAULT
09-23 23:03:34.055  1186  1322 V WindowManager:   fitSides= naviIconColor=0}
09-23 23:03:34.057 20383 20383 I ViewRootImpl@6f4dd30[InstrumentationActivityInvoker$EmptyActivity]: updateBlastSurfaceIfNeeded mBlastBufferQueue=null isSameSurfaceControl=false
09-23 23:03:34.058 20383 20383 I BLASTBufferQueue: new BLASTBufferQueue, mName= ViewRootImpl@6f4dd30[InstrumentationActivityInvoker$EmptyActivity] mNativeObject= 0xb400007dbe235730 sc.mNativeObject= 0xb400007d4e23e210 caller= android.view.ViewRootImpl.updateBlastSurfaceIfNeeded:2909 android.view.ViewRootImpl.relayoutWindow:9847 android.view.ViewRootImpl.performTraversals:3884 android.view.ViewRootImpl.doTraversal:3116 android.view.ViewRootImpl$TraversalRunnable.run:10885 android.view.Choreographer$CallbackRecord.run:1301 android.view.Choreographer$CallbackRecord.run:1309 android.view.Choreographer.doCallbacks:923 android.view.Choreographer.doFrame:852 android.view.Choreographer$FrameDisplayEventReceiver.run:1283
09-23 23:03:34.058 20383 20383 I BLASTBufferQueue: update, w= 1080 h= 2400 mName = ViewRootImpl@6f4dd30[InstrumentationActivityInvoker$EmptyActivity] mNativeObject= 0xb400007dbe235730 sc.mNativeObject= 0xb400007d4e23e210 format= -1 caller= android.graphics.BLASTBufferQueue.<init>:84 android.view.ViewRootImpl.updateBlastSurfaceIfNeeded:2909 android.view.ViewRootImpl.relayoutWindow:9847 android.view.ViewRootImpl.performTraversals:3884 android.view.ViewRootImpl.doTraversal:3116 android.view.ViewRootImpl$TraversalRunnable.run:10885
09-23 23:03:34.058 20383 20383 I ViewRootImpl@6f4dd30[InstrumentationActivityInvoker$EmptyActivity]: Relayout returned: old=(0,0,1080,2400) new=(0,0,1080,2400) req=(1080,2400)0 dur=9 res=0x3 s={true 0xb400007e4e293180} ch=true seqId=0
09-23 23:03:34.059 20383 20383 I ViewRootImpl@6f4dd30[InstrumentationActivityInvoker$EmptyActivity]: mThreadedRenderer.initialize() mSurface={isValid=true 0xb400007e4e293180} hwInitialized=true
09-23 23:03:34.060 20383 20383 I ViewRootImpl@6f4dd30[InstrumentationActivityInvoker$EmptyActivity]: reportNextDraw android.view.ViewRootImpl.performTraversals:4438 android.view.ViewRootImpl.doTraversal:3116 android.view.ViewRootImpl$TraversalRunnable.run:10885 android.view.Choreographer$CallbackRecord.run:1301 android.view.Choreographer$CallbackRecord.run:1309
09-23 23:03:34.061 20383 20383 I ViewRootImpl@6f4dd30[InstrumentationActivityInvoker$EmptyActivity]: Setup new sync id=0
09-23 23:03:34.061 20383 20383 I ViewRootImpl@6f4dd30[InstrumentationActivityInvoker$EmptyActivity]: Setting syncFrameCallback
09-23 23:03:34.061 20383 20383 I ViewRootImpl@6f4dd30[InstrumentationActivityInvoker$EmptyActivity]: registerCallbacksForSync syncBuffer=false
09-23 23:03:34.061 20383 20417 D OpenGLRenderer: eglCreateWindowSurface
09-23 23:03:34.067 20383 20439 I ViewRootImpl@6f4dd30[InstrumentationActivityInvoker$EmptyActivity]: Received frameDrawingCallback syncResult=0 frameNum=1.
09-23 23:03:34.067 20383 20439 I ViewRootImpl@6f4dd30[InstrumentationActivityInvoker$EmptyActivity]: Setting up sync and frameCommitCallback
09-23 23:03:34.073 18532 18532 I Finsky  : [2] zef.onStartJob(132): SCH: job service start with id 9411.
09-23 23:03:34.074 20383 20417 I BLASTBufferQueue: [ViewRootImpl@6f4dd30[InstrumentationActivityInvoker$EmptyActivity]#2](f:0,a:0) onFrameAvailable the first frame is available
09-23 23:03:34.074 20383 20417 I ViewRootImpl@6f4dd30[InstrumentationActivityInvoker$EmptyActivity]: Received frameCommittedCallback lastAttemptedDrawFrameNum=1 didProduceBuffer=true
09-23 23:03:34.075 20383 20417 D OpenGLRenderer: CFMS:: SetUp Pid : 20383    Tid : 20417
09-23 23:03:34.075 20383 20417 W Parcel  : Expecting binder but got null!
09-23 23:03:34.076 20383 20383 I ViewRootImpl@6f4dd30[InstrumentationActivityInvoker$EmptyActivity]: onSyncComplete
09-23 23:03:34.078 20383 20383 I ViewRootImpl@6f4dd30[InstrumentationActivityInvoker$EmptyActivity]: setupSync seqId=0 mSyncId=0 fn=1 caller=android.view.ViewRootImpl$$ExternalSyntheticLambda11.accept:6 android.window.SurfaceSyncer.lambda$setupSync$1$android-window-SurfaceSyncer:128 android.window.SurfaceSyncer$$ExternalSyntheticLambda1.accept:8 android.window.SurfaceSyncer$SyncSet.checkIfSyncIsComplete:382 android.window.SurfaceSyncer$SyncSet.markSyncReady:359 android.window.SurfaceSyncer.markSyncReady:151 android.view.ViewRootImpl.performTraversals:4503
09-23 23:03:34.078 20383 20383 I ViewRootImpl@6f4dd30[InstrumentationActivityInvoker$EmptyActivity]: reportDrawFinished seqId=0 mSyncId=-1 fn=1 mSurfaceChangedTransaction=0xb400007d7e237dd0
09-23 23:03:34.082 20383 20383 I ViewRootImpl@6f4dd30[InstrumentationActivityInvoker$EmptyActivity]: stopped(true) old = false
09-23 23:03:34.082 20383 20383 I ViewRootImpl@6f4dd30[InstrumentationActivityInvoker$EmptyActivity]: WindowStopped on com.example.dogglers/androidx.test.core.app.InstrumentationActivityInvoker$EmptyActivity set to true
09-23 23:03:34.083 20383 20383 D LifecycleMonitor: Lifecycle status change: androidx.test.core.app.InstrumentationActivityInvoker$EmptyActivity@32fb7d7 in: STOPPED
09-23 23:03:34.083 20383 20383 V ActivityScenario: Activity lifecycle changed event received but ignored because the intent does not match. startActivityIntent=Intent { act=android.intent.action.MAIN cat=[android.intent.category.LAUNCHER] cmp=com.example.dogglers/.MainActivity }, activity.getIntent()=Intent { act=android.intent.action.MAIN cat=[android.intent.category.LAUNCHER] flg=0x10000000 cmp=com.example.dogglers/androidx.test.core.app.InstrumentationActivityInvoker$EmptyActivity }, activity=androidx.test.core.app.InstrumentationActivityInvoker$EmptyActivity@32fb7d7
09-23 23:03:34.086 20383 20383 I MSHandlerLifeCycle: removeMultiSplitHandler: no exist. decor=DecorView@6be06e2[InstrumentationActivityInvoker$EmptyActivity]
09-23 23:03:34.089   859   960 I EDEN    : [Exynos][EDEN][v1.6.21][SERVICE] processAliveMointorMain:253: Try to check pid=(818)...
09-23 23:03:34.090  1186  2162 D InputDispatcher: Focused application(0): ActivityRecord{4853918 u0 com.sec.android.app.launcher/.activities.LauncherActivity} t7609}
09-23 23:03:34.090 18532 20497 I Finsky  : [4587] ylm.a(557): SCH: Satisfied jobs for 9411 are: 12-1
09-23 23:03:34.093 18532 20498 I Finsky  : [4588] ylo.accept(559): SCH: Job 12-1 starting
09-23 23:03:34.093  2080  2080 I ViewRootImpl@782dd03[LauncherActivity]: handleAppVisibility mAppVisible = false visible = true
09-23 23:03:34.095  2080  2080 I ViewRootImpl@782dd03[LauncherActivity]: stopped(false) old = true
09-23 23:03:34.095  2080  2080 I ViewRootImpl@782dd03[LauncherActivity]: WindowStopped on com.sec.android.app.launcher/com.sec.android.app.launcher.activities.LauncherActivity set to false
09-23 23:03:34.096  2080  2080 I Launcher: !@Boot_DEBUG: Launcher.onStart()
09-23 23:03:34.096  2080  2080 I Launcher: !@Boot_EBS_D: Launcher.onStart()
