09-23 23:05:47.934   871   871 I Layer   : id=90 addToCurrentState StatusBar$_1602#90 (147)
09-23 23:05:47.934   871   871 I Layer   : id=38819 removeFromCurrentState Surface(name=dd7eda7 NavigationBar0)/@0x5d9afd1 - animation-leash of insets_animation#38819 (147)
09-23 23:05:47.934 20383 20417 I ViewRootImpl@43d84d7[InstrumentationActivityInvoker$EmptyActivity]: Received frameCommittedCallback lastAttemptedDrawFrameNum=1 didProduceBuffer=true
09-23 23:05:47.934   871   871 I SurfaceFlinger: [6a1432e com.example.dogglers/androidx.test.core.app.InstrumentationActivityInvoker$EmptyActivity#38823] FrameRatePriority: 1
09-23 23:05:47.934   871   871 D SurfaceFlinger: [input] inputWindowCommands.focusRequests size is 1
09-23 23:05:47.935 20383 20417 D OpenGLRenderer: CFMS:: SetUp Pid : 20383    Tid : 20417
09-23 23:05:47.935 20383 20417 W Parcel  : Expecting binder but got null!
09-23 23:05:47.935 20383 20383 I ViewRootImpl@43d84d7[InstrumentationActivityInvoker$EmptyActivity]: onSyncComplete
09-23 23:05:47.936 20383 20383 I ViewRootImpl@43d84d7[InstrumentationActivityInvoker$EmptyActivity]: setupSync seqId=0 mSyncId=0 fn=1 caller=android.view.ViewRootImpl$$ExternalSyntheticLambda11.accept:6 android.window.SurfaceSyncer.lambda$setupSync$1$android-window-SurfaceSyncer:128 android.window.SurfaceSyncer$$ExternalSyntheticLambda1.accept:8 android.window.SurfaceSyncer$SyncSet.checkIfSyncIsComplete:382 android.window.SurfaceSyncer$SyncSet.markSyncReady:359 android.window.SurfaceSyncer.markSyncReady:151 android.view.ViewRootImpl.performTraversals:4503
09-23 23:05:47.936 20383 20383 I ViewRootImpl@43d84d7[InstrumentationActivityInvoker$EmptyActivity]: reportDrawFinished seqId=0 mSyncId=-1 fn=1 mSurfaceChangedTransaction=0xb400007d7e240290
09-23 23:05:47.936 20383 20383 I ViewRootImpl@fdcb94[InstrumentationActivityInvoker$EmptyActivity]: MSG_WINDOW_FOCUS_CHANGED 0 0
09-23 23:05:47.937   871   965 D SurfaceFlinger: [input] setFocusedWindow: 6a1432e com.example.dogglers/androidx.test.core.app.InstrumentationActivityInvoker$EmptyActivity
09-23 23:05:47.938   871   916 I SurfaceFlinger: id=38819 Removed Surface(name=dd7eda7 NavigationBar0)/@0x5d9afd1 - animation-leash of insets_animation#38819 (147)
09-23 23:05:47.938   871   916 I SurfaceFlinger: id=38818 Removed Surface(name=1bd1a64 StatusBar)/@0x43c3355 - animation-leash of insets_animation#38818 (147)
09-23 23:05:47.939  1186  2938 D InputDispatcher: Focus request (0): 6a1432e com.example.dogglers/androidx.test.core.app.InstrumentationActivityInvoker$EmptyActivity but waiting because NOT_VISIBLE
09-23 23:05:47.943  1186  1229 I ActivityTaskManager: Displayed com.example.dogglers/androidx.test.core.app.InstrumentationActivityInvoker$EmptyActivity: +72ms
09-23 23:05:47.943  2633  2633 E pageboostd: Received HALT command code 2
09-23 23:05:47.944  1186  4414 I SemDvfsHyPerManager: acquire hyper - AMS_RESUME_TAIL/1186@18, type = -999
09-23 23:05:47.944  1186  4414 I SemDvfsHyPerManager: acquire hyper - AMS_ACT_LAZY/1186@19, type = -999
09-23 23:05:47.944   795   875 I HYPER-HAL: [RequestManager.cpp]acquire(): Acquired ID : 725428  [1186 / 18]    HINT : AMS_RESUME_TAIL    list :
09-23 23:05:47.945   795   875 I HYPER-HAL: [RequestManager.cpp]releaseLocked(): Released ID : 723019
09-23 23:05:47.945   871   871 I Layer   : id=38819 Destroyed Surface(name=dd7eda7 NavigationBar0)/@0x5d9afd1 - animation-leash of insets_animation#38819
09-23 23:05:47.945   871   871 I Layer   : id=38818 Destroyed Surface(name=1bd1a64 StatusBar)/@0x43c3355 - animation-leash of insets_animation#38818
09-23 23:05:47.947  1186  2288 D InputDispatcher: Focus entered window (0): 6a1432e com.example.dogglers/androidx.test.core.app.InstrumentationActivityInvoker$EmptyActivity
09-23 23:05:47.949  1186  2288 D InputDispatcher: Focused application(0): ActivityRecord{4853918 u0 com.sec.android.app.launcher/.activities.LauncherActivity} t7609}
09-23 23:05:47.953   871   871 D SurfaceFlinger: Display 4633128672291735932 HWC layers:
09-23 23:05:47.953   871   871 D SurfaceFlinger:      DEVICE | 0xb400007cb2d28990 | 0100 | RGBx_8888    |  530.0    0.0 1610.0 2400.0 |    0    0 1080 2400 | Wallpaper BBQ wrapper#11204
09-23 23:05:47.953   871   871 D SurfaceFlinger:      DEVICE | 0xb400007cb2d2b8d0 | 0100 | RGBA_8888    |    0.0    0.0 1080.0 2400.0 |    0    0 1080 2400 | com.sec.android.app.launcher/com.sec[...]ivities.LauncherActivity$_2080#38790
09-23 23:05:47.953   871   871 D SurfaceFlinger:      DEVICE | 0xb400007cb2d287d0 | 0102 | RGBA_8888    |    0.0    0.0 1080.0 2400.0 |    2    4 1078 2396 | com.example.dogglers/androidx.test.c[...]tyInvoker$EmptyActivity$_20383#38824
09-23 23:05:47.953   871   871 D SurfaceFlinger:      DEVICE | 0xb400007cb2d3cd50 | 0100 | RGBA_8888    |    0.0    0.0 1080.0   80.0 |    0    0 1080   80 | StatusBar$_1602#90
09-23 23:05:47.953   871   871 D SurfaceFlinger:      DEVICE | 0xb400007cb2d30b10 | 0100 | RGBA_8888    |    0.0    0.0 1080.0  135.0 |    0 2265 1080 2400 | NavigationBar0$_1602#85
09-23 23:05:47.953   871   871 D SurfaceFlinger:
09-23 23:05:47.955  1186  1232 D PersonaActivityHelper: Activity not in resumed state, do not run immediate lock
09-23 23:05:47.956   871   871 I SurfaceFlinger: [6a1432e com.example.dogglers/androidx.test.core.app.InstrumentationActivityInvoker$EmptyActivity#38823] FrameRatePriority: -1
09-23 23:05:47.957  2080  2080 I TopTaskTracker: onTaskMovedToFront : taskId = 7609
09-23 23:05:47.957 20383 20383 D LifecycleMonitor: Lifecycle status change: androidx.test.core.app.InstrumentationActivityInvoker$EmptyActivity@99cc18a in: PAUSED
09-23 23:05:47.958 20383 20383 V ActivityScenario: Activity lifecycle changed event received but ignored because the intent does not match. startActivityIntent=Intent { act=android.intent.action.MAIN cat=[android.intent.category.LAUNCHER] cmp=com.example.dogglers/.MainActivity }, activity.getIntent()=Intent { act=android.intent.action.MAIN cat=[android.intent.category.LAUNCHER] flg=0x10000000 cmp=com.example.dogglers/androidx.test.core.app.InstrumentationActivityInvoker$EmptyActivity }, activity=androidx.test.core.app.InstrumentationActivityInvoker$EmptyActivity@99cc18a
09-23 23:05:47.959  1186  2288 I SemDvfsHyPerManager: acquire hyper - AMS_APP_HOME/1186@29, type = -999
09-23 23:05:47.959   795   875 I HYPER-HAL: [RequestManager.cpp]acquire(): Acquired ID : 738749  [1186 / 29]    HINT : AMS_APP_HOME    list :
09-23 23:05:47.960  4177  4177 I SemDvfsHyPerManager: acquire hyper - APP_START_HOME/4177@17, type = -999
09-23 23:05:47.961   795   875 I HYPER-HAL: [RequestManager.cpp]acquire(): Acquired ID : 8796932  [4177 / 17]    HINT : APP_START    list : [KERNEL_APP_START_NOTIFY / 0] [TIMEOUT / 1500]
09-23 23:05:47.963  2080  2080 I ViewRootImpl@782dd03[LauncherActivity]: stopped(false) old = false
09-23 23:05:47.963  2080  2080 I Launcher: !@Boot_DEBUG: Launcher.onResume()
09-23 23:05:47.963  2080  2080 I Launcher: !@Boot_EBS_D: Launcher.onResume()
09-23 23:05:47.963  2080  2080 I BaseActivity: addActivityFlags, flags : 18
09-23 23:05:47.963  2080  2080 I BaseActivity: removeActivityFlags, flags : 32
09-23 23:05:47.963  2080  2330 I IMM_LC  : hsifw() - flag : 0
09-23 23:05:47.963  2080  2080 I AppsSearchBar: restoreCurrentCellLayoutAlpha: null
09-23 23:05:47.963  2080  2330 I IMM_LC  : hsifw() - mService.hideSoftInput
09-23 23:05:47.963  2080  2080 W SearchLauncherServiceMover: isMoving : false
09-23 23:05:47.964  2080  2334 I SPayUpdater: updateSpayHandler, show = true, defaultPage = true
09-23 23:05:47.965  2080  2080 I DecorView: notifyKeepScreenOnChanged: keepScreenOn=false
09-23 23:05:47.965   871  1064 I SurfaceFlinger: id=38827 createSurf flag=24000, Surface(name=Task=7706)/@0x413bedc - animation-leash of app_transition#38827
09-23 23:05:47.965  2080 13317 I Launcher: DisplayMetrics from Resources : DisplayMetrics{density=2.8125, width=1080, height=2320, scaledDensity=3.09375, xdpi=409.432, ydpi=411.891}
09-23 23:05:47.965  2080  2080 I Launcher: setWallpaperOffsets
09-23 23:05:47.965  2080 13317 I Launcher: realMetrics from Wm : DisplayMetrics{density=2.8125, width=1080, height=2400, scaledDensity=2.8125, xdpi=409.432, ydpi=411.891}
09-23 23:05:47.965  2080 13317 I Launcher: Launcher DeviceProfile onResume availSize: 1080x2320 windowSize: 1080x2400 isLandscape: false
09-23 23:05:47.966   871  1064 I SurfaceFlinger: id=38828 createSurf flag=24004, Surface(name=Task=1)/@0x8b8da95 - animation-leash of app_transition#38828
09-23 23:05:47.966  2633  2633 E pageboostd: Received HALT command code 2
09-23 23:05:47.967   871   871 D SurfaceFlinger: [input] inputWindowCommands.focusRequests size is 1
09-23 23:05:47.968   871  1064 I SurfaceFlinger: id=38829 createSurf flag=24000, Surface(name=WallpaperWindowToken{2688aa8 token=android.os.Binder@a6692cb})/@0xbda02b4 - animation-leash of window_animation#38829
09-23 23:05:47.969   871   965 D SurfaceFlinger: [input] setFocusedWindow: <null>
09-23 23:05:47.969  1186  3889 D InputDispatcher: Focus left window (0): 6a1432e com.example.dogglers/androidx.test.core.app.InstrumentationActivityInvoker$EmptyActivity
09-23 23:05:47.972   871   871 I Layer   : id=38830 Destroyed Screenshot Parent#38830
09-23 23:05:47.977   871  1064 I SurfaceFlinger: id=38831 createSurf flag=24000, Surface(name=1bd1a64 StatusBar)/@0x43c3355 - animation-leash of insets_animation#38831
09-23 23:05:47.978   871  1064 I SurfaceFlinger: id=38832 createSurf flag=24000, Surface(name=dd7eda7 NavigationBar0)/@0x5d9afd1 - animation-leash of insets_animation#38832
09-23 23:05:47.979  2080 32290 I TouchInteractionService: onSystemUiStateChanged, stateFlags : 0 |
09-23 23:05:47.981  1186  1186 D PocketProximityManager: setStateOut()
09-23 23:05:47.981  2080 32290 I LauncherAnimationRunner: onAnimationStart, appTargets : [Lcom.android.systemui.shared.system.RemoteAnimationTargetCompat;@e1f845f mStartAtFrontOfQueue : false
09-23 23:05:47.982  1602  1651 D Bubbles : onLocusVisibilityChanged: LocusId[17_chars] visible=true
09-23 23:05:47.982 20383 20383 I ViewRootImpl@43d84d7[InstrumentationActivityInvoker$EmptyActivity]: MSG_WINDOW_FOCUS_CHANGED 0 0
09-23 23:05:47.983  2080  2080 I MSHandlerLifeCycle: removeMultiSplitHandler: no exist. decor=DecorView@71ff488[LauncherActivity]
09-23 23:05:47.983  2080  2080 I BaseActivity: addActivityFlags, flags : 4
09-23 23:05:47.983  2080  2080 I Launcher: onDeferredResumed
09-23 23:05:47.983  2080  2080 I InstallShortcutReceiver: flushInstallQueue 0
09-23 23:05:47.983  2080  2080 I Launcher.NotificationListener: onNotificationFullRefresh
09-23 23:05:47.983  2080  2080 I BadgeCountUpdaterImpl: onNotificationsChangedConnected
09-23 23:05:47.983  2080  2080 W LauncherAppWidgetHost: setShouldListenFlag, mFlags:7 flag:resume on:true isFront:false
09-23 23:05:47.983 20383 20383 I ViewRootImpl@43d84d7[InstrumentationActivityInvoker$EmptyActivity]: MSG_WINDOW_FOCUS_CHANGED 0 0
09-23 23:05:47.983  2080  2331 I InstallShortcutReceiver: flushQueueInBackground 0
09-23 23:05:47.983  1186  1232 I SemPersonaManager: SecureFolder personaId = 150
09-23 23:05:47.983  2080  2080 I ViewRootImpl@782dd03[LauncherActivity]: performTraversals params={(0,0)(fillxfill) sim={adjust=nothing} layoutInDisplayCutoutMode=shortEdges ty=BASE_APPLICATION fmt=TRANSPARENT wanim=0x10302f4
09-23 23:05:47.983  2080  2080 I ViewRootImpl@782dd03[LauncherActivity]:   fl=81910100
09-23 23:05:47.983  2080  2080 I ViewRootImpl@782dd03[LauncherActivity]:   pfl=1e020040
09-23 23:05:47.983  2080  2080 I ViewRootImpl@782dd03[LauncherActivity]:   vsysui=1700
09-23 23:05:47.983  2080  2080 I ViewRootImpl@782dd03[LauncherActivity]:   bhv=SHOW_TRANSIENT_BARS_BY_SWIPE
09-23 23:05:47.983  2080  2080 I ViewRootImpl@782dd03[LauncherActivity]:   fitSides= screenDimDuration=200000 naviIconColor=0}
09-23 23:05:47.984  2080  2080 I ViewRootImpl@782dd03[LauncherActivity]: performTraversals mFirst=false windowShouldResize=false viewVisibilityChanged=false mForceNextWindowRelayout=false params={(0,0)(fillxfill) sim={adjust=nothing} layoutInDisplayCutoutMode=shortEdges ty=BASE_APPLICATION fmt=TRANSPARENT wanim=0x10302f4
09-23 23:05:47.984  2080  2080 I ViewRootImpl@782dd03[LauncherActivity]:   fl=81910100
09-23 23:05:47.984  2080  2080 I ViewRootImpl@782dd03[LauncherActivity]:   pfl=1e020040
09-23 23:05:47.984  2080  2080 I ViewRootImpl@782dd03[LauncherActivity]:   vsysui=1700
09-23 23:05:47.984  2080  2080 I ViewRootImpl@782dd03[LauncherActivity]:   bhv=SHOW_TRANSIENT_BARS_BY_SWIPE
09-23 23:05:47.984  2080  2080 I ViewRootImpl@782dd03[LauncherActivity]:   fitSides= screenDimDuration=200000 naviIconColor=0}
09-23 23:05:47.984  1186  4414 V WindowManager: Relayout Window{2961ae6 u0 com.sec.android.app.launcher/com.sec.android.app.launcher.activities.LauncherActivity}: viewVisibility=0 req=1080x2400 d0
09-23 23:05:47.986  1186  4414 V WindowManager: Relayout hash=2961ae6, pid=2080, syncId=-1: mAttrs={(0,0)(fillxfill) sim={adjust=nothing} layoutInDisplayCutoutMode=shortEdges ty=BASE_APPLICATION fmt=TRANSPARENT wanim=0x10302f4
09-23 23:05:47.986  1186  4414 V WindowManager:   fl=81910100
09-23 23:05:47.986  1186  4414 V WindowManager:   pfl=1e020040
09-23 23:05:47.986  1186  4414 V WindowManager:   vsysui=1700
09-23 23:05:47.986  1186  4414 V WindowManager:   bhv=SHOW_TRANSIENT_BARS_BY_SWIPE
09-23 23:05:47.986  1186  4414 V WindowManager:   fitSides= screenDimDuration=200000 naviIconColor=0}
09-23 23:05:47.986  1186  1277 D AnalyticsContainerHandler: handleMessage : { when=0 what=1 target=com.android.server.knox.KnoxAnalyticsContainer$AnalyticsHandler }
09-23 23:05:47.987  2080  2080 I ViewRootImpl@782dd03[LauncherActivity]: updateBlastSurfaceIfNeeded mBlastBufferQueue=0xb400007dbe24cb10 isSameSurfaceControl=true
09-23 23:05:47.987  2080  2080 I BLASTBufferQueue: update, w= 1080 h= 2400 mName = ViewRootImpl@782dd03[LauncherActivity] mNativeObject= 0xb400007dbe24cb10 sc.mNativeObject= 0xb400007d4e2913b0 format= -2 caller= android.view.ViewRootImpl.updateBlastSurfaceIfNeeded:2898 android.view.ViewRootImpl.relayoutWindow:9847 android.view.ViewRootImpl.performTraversals:3884 android.view.ViewRootImpl.doTraversal:3116 android.view.ViewRootImpl$TraversalRunnable.run:10885 android.view.Choreographer$CallbackRecord.run:1301
09-23 23:05:47.987  2080  2080 I ViewRootImpl@782dd03[LauncherActivity]: Relayout returned: old=(0,0,1080,2400) new=(0,0,1080,2400) req=(1080,2400)0 dur=3 res=0x0 s={true 0xb400007e4e4d8490} ch=false seqId=0
09-23 23:05:47.987  2080  2080 I RecentsAnimationDeviceState: setSystemUiFlags, stateFlags : 0
09-23 23:05:47.987  2080  2080 I TouchInteractionService: onSystemUiFlagsChanged, lastSysUIFlags : 131072
09-23 23:05:47.988  2080  2080 I Launcher: getFirstMatch : no matching view
09-23 23:05:47.988  2080  2080 W AppTransitionAnimatorImpl: closing animation without floating view
09-23 23:05:47.988  2080  2080 I AppTransitionAnimatorImpl: window bounds: Rect(0, 0 - 1080, 2400), target bounds: RectF(0.0, 0.0, 1080.0, 2400.0)
09-23 23:05:47.988  2080  2080 I AnimationResult: setAnimation : null
09-23 23:05:47.988  2080  2080 W AppTransitionAnimatorImpl: onAnimationStart - APP OUT
09-23 23:05:47.989  2080  2331 I Launcher.NotificationListener: notificationIsValidForUI : com.google.android.gm missingTitleAndText : false isGroupHeader : true
09-23 23:05:47.989  2080  2331 I Launcher.NotificationListener: notificationIsValidForUI : com.google.android.gm missingTitleAndText : false isGroupHeader : false
09-23 23:05:47.989  2080  2331 I Launcher.NotificationListener: notificationIsValidForUI : com.google.android.gm missingTitleAndText : false isGroupHeader : false
09-23 23:05:47.989  2080  2331 I Launcher.NotificationListener: notificationIsValidForUI : com.google.android.gms missingTitleAndText : false isGroupHeader : false
09-23 23:05:47.989  2080  2331 I Launcher.NotificationListener: Full refresh isConnected : true active size : 3
09-23 23:05:47.989   871   871 I Layer   : id=38805 removeFromCurrentState Surface(name=Task=7706)/@0x413bedc - animation-leash of app_transition#38805 (150)
09-23 23:05:47.990   871   871 I Layer   : id=38804 removeFromCurrentState Surface(name=Task=1)/@0x8b8da95 - animation-leash of app_transition#38804 (150)
09-23 23:05:47.990   871   871 I Layer   : id=38825 removeFromCurrentState Surface(name=1bd1a64 StatusBar)/@0x43c3355 - animation-leash of insets_animation#38825 (150)
09-23 23:05:47.990   871   871 I Layer   : id=38826 removeFromCurrentState Surface(name=dd7eda7 NavigationBar0)/@0x5d9afd1 - animation-leash of insets_animation#38826 (150)
09-23 23:05:47.990   871   871 I Layer   : id=69 removeFromCurrentState dd7eda7 NavigationBar0#69 (150)
09-23 23:05:47.990   871   871 I Layer   : id=85 removeFromCurrentState NavigationBar0$_1602#85 (150)
09-23 23:05:47.990   871   871 I Layer   : id=69 addToCurrentState dd7eda7 NavigationBar0#69 (150)
09-23 23:05:47.990   871   871 I Layer   : id=85 addToCurrentState NavigationBar0$_1602#85 (150)
09-23 23:05:47.990   871   871 I SurfaceFlinger: id=38805 Removed Surface(name=Task=7706)/@0x413bedc - animation-leash of app_transition#38805 (150)
09-23 23:05:47.990   871   871 I SurfaceFlinger: id=38804 Removed Surface(name=Task=1)/@0x8b8da95 - animation-leash of app_transition#38804 (150)
09-23 23:05:47.990   871   871 I SurfaceFlinger: id=38825 Removed Surface(name=1bd1a64 StatusBar)/@0x43c3355 - animation-leash of insets_animation#38825 (150)
09-23 23:05:47.990   871   871 I SurfaceFlinger: id=38826 Removed Surface(name=dd7eda7 NavigationBar0)/@0x5d9afd1 - animation-leash of insets_animation#38826 (150)
09-23 23:05:47.990  2080  2080 I PopupDataProvider: onNotificationFullRefresh prev dotInfoSize : 2
09-23 23:05:47.990  2080  2080 I PopupDataProvider: refresh badge  package : com.google.android.gm count : 2
09-23 23:05:47.990  2080  2080 I PopupDataProvider: refresh badge  package : com.google.android.gms count : 1
09-23 23:05:47.991  2080  2080 I IconView: applyDotState itemInfo : Gmail display : 1 count : 2
09-23 23:05:47.991   871   871 I Layer   : id=38804 Destroyed Surface(name=Task=1)/@0x8b8da95 - animation-leash of app_transition#38804
09-23 23:05:47.991   871   871 I Layer   : id=38805 Destroyed Surface(name=Task=7706)/@0x413bedc - animation-leash of app_transition#38805
09-23 23:05:47.991   871   871 I Layer   : id=38825 Destroyed Surface(name=1bd1a64 StatusBar)/@0x43c3355 - animation-leash of insets_animation#38825
09-23 23:05:47.991  2080  4600 I ViewRootImpl@782dd03[LauncherActivity]: mWNT: t=0xb400007d7e2fd710 mBlastBufferQueue=0xb400007dbe24cb10 fn= 20 caller= com.android.systemui.shared.launcher.ViewRootImplCompat.mergeWithNextTransaction:2 com.android.quickstep.util.SurfaceTransactionApplier.lambda$scheduleApply$0:2 com.android.quickstep.util.SurfaceTransactionApplier.b:0
09-23 23:05:47.991   871   871 I Layer   : id=38826 Destroyed Surface(name=dd7eda7 NavigationBar0)/@0x5d9afd1 - animation-leash of insets_animation#38826
09-23 23:05:47.991  2080  4600 I ViewRootImpl@782dd03[LauncherActivity]: mWNT: t=0xb400007d7e27e090 mBlastBufferQueue=0xb400007dbe24cb10 fn= 20 caller= com.android.systemui.shared.launcher.ViewRootImplCompat.mergeWithNextTransaction:2 com.android.quickstep.util.SurfaceTransactionApplier.lambda$scheduleApply$0:2 com.android.quickstep.util.SurfaceTransactionApplier.b:0
09-23 23:05:47.991  2080  4600 I ViewRootImpl@782dd03[LauncherActivity]: mWNT: t=0xb400007d7e334490 mBlastBufferQueue=0xb400007dbe24cb10 fn= 20 caller= com.android.systemui.shared.launcher.ViewRootImplCompat.mergeWithNextTransaction:2 com.android.quickstep.util.SurfaceTransactionApplier.lambda$scheduleApply$0:2 com.android.quickstep.util.SurfaceTransactionApplier.b:0
09-23 23:05:47.996 15539 15619 D KnoxHelper: getActivityList callingUserId: 0, target user: 0
09-23 23:05:47.996   871   871 D SurfaceFlinger: Display 4633128672291735932 HWC layers:
09-23 23:05:47.996   871   871 D SurfaceFlinger:      DEVICE | 0xb400007cb2d287d0 | 0102 | RGBA_8888    |    0.0    0.0 1080.0 2400.0 |    0    0 1080 2400 | com.example.dogglers/androidx.test.c[...]tyInvoker$EmptyActivity$_20383#38824
09-23 23:05:47.996   871   871 D SurfaceFlinger:      DEVICE | 0xb400007cb2d3cd50 | 0100 | RGBA_8888    |    0.0    0.0 1080.0   80.0 |    0    0 1080   80 | StatusBar$_1602#90
09-23 23:05:47.996   871   871 D SurfaceFlinger:      DEVICE | 0xb400007cb2d30b10 | 0100 | RGBA_8888    |    0.0    0.0 1080.0  135.0 |    0 2265 1080 2400 | NavigationBar0$_1602#85
09-23 23:05:47.996   871   871 D SurfaceFlinger:
09-23 23:05:47.998  1186  1232 D EnterpriseDeviceManagerService: isMdmAdminPresentInternal() : MDM Admin Found - com.samsung.knox.securefolder
09-23 23:05:48.001  1186  2620 I MediaSessionMonitor: Media session stopped : controllerList empty
09-23 23:05:48.002  2080  4601 I ViewRootImpl@782dd03[LauncherActivity]: mWNT: t=0xb400007d7e2f0a50 mBlastBufferQueue=0xb400007dbe24cb10 fn= 21 caller= com.android.systemui.shared.launcher.ViewRootImplCompat.mergeWithNextTransaction:2 com.android.quickstep.util.SurfaceTransactionApplier.lambda$scheduleApply$0:2 com.android.quickstep.util.SurfaceTransactionApplier.b:0
09-23 23:05:48.007   871   871 D SurfaceFlinger: Display 4633128672291735932 HWC layers:
09-23 23:05:48.007   871   871 D SurfaceFlinger:      DEVICE | 0xb400007cb2d28990 | 0100 | RGBx_8888    |  530.0    0.0 1610.0 2400.0 |    0    0 1080 2400 | Wallpaper BBQ wrapper#11204
09-23 23:05:48.007   871   871 D SurfaceFlinger:      DEVICE | 0xb400007cb2d21b50 | 0100 | RGBA_8888    |    0.0    0.0 1080.0 2400.0 |    0    0 1080 2400 | com.sec.android.app.launcher/com.sec[...]ivities.LauncherActivity$_2080#38790
09-23 23:05:48.007   871   871 D SurfaceFlinger:      DEVICE | 0xb400007cb2d3cd50 | 0100 | RGBA_8888    |    0.0    0.0 1080.0   80.0 |    0    0 1080   80 | StatusBar$_1602#90
09-23 23:05:48.007   871   871 D SurfaceFlinger:      DEVICE | 0xb400007cb2d30b10 | 0100 | RGBA_8888    |    0.0    0.0 1080.0  135.0 |    0 2265 1080 2400 | NavigationBar0$_1602#85
09-23 23:05:48.007   871   871 D SurfaceFlinger:
09-23 23:05:48.012  2080  4600 I ViewRootImpl@782dd03[LauncherActivity]: mWNT: t=0xb400007d7e32f930 mBlastBufferQueue=0xb400007dbe24cb10 fn= 22 caller= com.android.systemui.shared.launcher.ViewRootImplCompat.mergeWithNextTransaction:2 com.android.quickstep.util.SurfaceTransactionApplier.lambda$scheduleApply$0:2 com.android.quickstep.util.SurfaceTransactionApplier.b:0
09-23 23:05:48.013 15539 15619 D KnoxHelper: getActivityList callingUserId: 0, target user: 150
09-23 23:05:48.014 15539 15619 V KnoxHelper: source and target users are different, and caller is knox container or target user is for secure folder, so request cannot be granted!
09-23 23:05:48.023  2080  4601 I ViewRootImpl@782dd03[LauncherActivity]: mWNT: t=0xb400007d7e2e3d90 mBlastBufferQueue=0xb400007dbe24cb10 fn= 23 caller= com.android.systemui.shared.launcher.ViewRootImplCompat.mergeWithNextTransaction:2 com.android.quickstep.util.SurfaceTransactionApplier.lambda$scheduleApply$0:2 com.android.quickstep.util.SurfaceTransactionApplier.b:0
09-23 23:05:48.035  2080  4600 I ViewRootImpl@782dd03[LauncherActivity]: mWNT: t=0xb400007d7e33ec30 mBlastBufferQueue=0xb400007dbe24cb10 fn= 24 caller= com.android.systemui.shared.launcher.ViewRootImplCompat.mergeWithNextTransaction:2 com.android.quickstep.util.SurfaceTransactionApplier.lambda$scheduleApply$0:2 com.android.quickstep.util.SurfaceTransactionApplier.b:0
09-23 23:05:48.046  2080  4601 I ViewRootImpl@782dd03[LauncherActivity]: mWNT: t=0xb400007d7e33e8d0 mBlastBufferQueue=0xb400007dbe24cb10 fn= 25 caller= com.android.systemui.shared.launcher.ViewRootImplCompat.mergeWithNextTransaction:2 com.android.quickstep.util.SurfaceTransactionApplier.lambda$scheduleApply$0:2 com.android.quickstep.util.SurfaceTransactionApplier.b:0
09-23 23:05:48.057  2080  4600 I ViewRootImpl@782dd03[LauncherActivity]: mWNT: t=0xb400007d7e343790 mBlastBufferQueue=0xb400007dbe24cb10 fn= 26 caller= com.android.systemui.shared.launcher.ViewRootImplCompat.mergeWithNextTransaction:2 com.android.quickstep.util.SurfaceTransactionApplier.lambda$scheduleApply$0:2 com.android.quickstep.util.SurfaceTransactionApplier.b:0
09-23 23:05:48.063  2080 32290 I RecentModel: onTaskStackChangedBackground
09-23 23:05:48.064  4177  4954 I SemDvfsHyPerManager: acquire hyper - BaseTABoost/4177@21, type = 1090523139
09-23 23:05:48.065   795   875 I HYPER-HAL: [RequestManager.cpp]acquire(): Acquired ID : 8813722  [4177 / 21]    HINT :      list : [TABoost / 1]
09-23 23:05:48.066  2080  2330 I RecentTasksList: loadTasksInBackground : groupTask = GroupTask{task1=[id=7706 windowingMode=1 user=0 lastActiveTime=201179044] null, task2=null, task3=null, mStagedSplitBounds=null}
09-23 23:05:48.066 28768 28768 I ResourceOverlayService_0: waitAndQuit called
09-23 23:05:48.067 28768 28768 I ResourceOverlayService_0: activity user id 0 process id 0
09-23 23:05:48.067  2080  2080 I TaskThumbnailCache: handleResult: taskId = 7706, taskThumbnail = android.graphics.Bitmap@57bf744
09-23 23:05:48.069  2080  4601 I ViewRootImpl@782dd03[LauncherActivity]: mWNT: t=0xb400007d7e300650 mBlastBufferQueue=0xb400007dbe24cb10 fn= 27 caller= com.android.systemui.shared.launcher.ViewRootImplCompat.mergeWithNextTransaction:2 com.android.quickstep.util.SurfaceTransactionApplier.lambda$scheduleApply$0:2 com.android.quickstep.util.SurfaceTransactionApplier.b:0
09-23 23:05:48.079  2080  4600 I ViewRootImpl@782dd03[LauncherActivity]: mWNT: t=0xb400007d7e24a130 mBlastBufferQueue=0xb400007dbe24cb10 fn= 28 caller= com.android.systemui.shared.launcher.ViewRootImplCompat.mergeWithNextTransaction:2 com.android.quickstep.util.SurfaceTransactionApplier.lambda$scheduleApply$0:2 com.android.quickstep.util.SurfaceTransactionApplier.b:0
09-23 23:05:48.091  2080  4601 I ViewRootImpl@782dd03[LauncherActivity]: mWNT: t=0xb400007d7e2e3fd0 mBlastBufferQueue=0xb400007dbe24cb10 fn= 29 caller= com.android.systemui.shared.launcher.ViewRootImplCompat.mergeWithNextTransaction:2 com.android.quickstep.util.SurfaceTransactionApplier.lambda$scheduleApply$0:2 com.android.quickstep.util.SurfaceTransactionApplier.b:0
09-23 23:05:48.102  2080  4600 I ViewRootImpl@782dd03[LauncherActivity]: mWNT: t=0xb400007d7e311f90 mBlastBufferQueue=0xb400007dbe24cb10 fn= 30 caller= com.android.systemui.shared.launcher.ViewRootImplCompat.mergeWithNextTransaction:2 com.android.quickstep.util.SurfaceTransactionApplier.lambda$scheduleApply$0:2 com.android.quickstep.util.SurfaceTransactionApplier.b:0
09-23 23:05:48.114  2080  4601 I ViewRootImpl@782dd03[LauncherActivity]: mWNT: t=0xb400007d7e326b70 mBlastBufferQueue=0xb400007dbe24cb10 fn= 31 caller= com.android.systemui.shared.launcher.ViewRootImplCompat.mergeWithNextTransaction:2 com.android.quickstep.util.SurfaceTransactionApplier.lambda$scheduleApply$0:2 com.android.quickstep.util.SurfaceTransactionApplier.b:0
09-23 23:05:48.124  2080  4600 I ViewRootImpl@782dd03[LauncherActivity]: mWNT: t=0xb400007d7e326ff0 mBlastBufferQueue=0xb400007dbe24cb10 fn= 32 caller= com.android.systemui.shared.launcher.ViewRootImplCompat.mergeWithNextTransaction:2 com.android.quickstep.util.SurfaceTransactionApplier.lambda$scheduleApply$0:2 com.android.quickstep.util.SurfaceTransactionApplier.b:0
09-23 23:05:48.131  2080  2101 W System  : A resource failed to call release.
09-23 23:05:48.131  2080  2101 W System  : A resource failed to call release.
09-23 23:05:48.132  2080  2101 W System  : A resource failed to call release.
09-23 23:05:48.132   871  1063 I SurfaceFlinger: id=38795 Removed Surface(name=WallpaperWindowToken{2688aa8 token=android.os.Binder@a6692cb})/@0xbda02b4 - animation-leash of window_animation#38795 (146)
09-23 23:05:48.132   871  1063 I SurfaceFlinger: id=38794 Removed Surface(name=Task=1)/@0x8b8da95 - animation-leash of app_transition#38794 (146)
09-23 23:05:48.132   871  2164 I SurfaceFlinger: id=38793 Removed Surface(name=Task=7705)/@0x50fdafd - animation-leash of app_transition#38793 (146)
09-23 23:05:48.134   871   871 I Layer   : id=38793 Destroyed Surface(name=Task=7705)/@0x50fdafd - animation-leash of app_transition#38793
09-23 23:05:48.135   871   871 I Layer   : id=38794 Destroyed Surface(name=Task=1)/@0x8b8da95 - animation-leash of app_transition#38794
09-23 23:05:48.135   871   871 I Layer   : id=38795 Destroyed Surface(name=WallpaperWindowToken{2688aa8 token=android.os.Binder@a6692cb})/@0xbda02b4 - animation-leash of window_animation#38795
09-23 23:05:48.135  2080  4601 I ViewRootImpl@782dd03[LauncherActivity]: mWNT: t=0xb400007d7e2e8a10 mBlastBufferQueue=0xb400007dbe24cb10 fn= 33 caller= com.android.systemui.shared.launcher.ViewRootImplCompat.mergeWithNextTransaction:2 com.android.quickstep.util.SurfaceTransactionApplier.lambda$scheduleApply$0:2 com.android.quickstep.util.SurfaceTransactionApplier.b:0
09-23 23:05:48.140  1186  1186 D PocketProximityManager: setStateOut()
09-23 23:05:48.146  2080  4600 I ViewRootImpl@782dd03[LauncherActivity]: mWNT: t=0xb400007d7e2e11b0 mBlastBufferQueue=0xb400007dbe24cb10 fn= 34 caller= com.android.systemui.shared.launcher.ViewRootImplCompat.mergeWithNextTransaction:2 com.android.quickstep.util.SurfaceTransactionApplier.lambda$scheduleApply$0:2 com.android.quickstep.util.SurfaceTransactionApplier.b:0
09-23 23:05:48.157  2080  4601 I ViewRootImpl@782dd03[LauncherActivity]: mWNT: t=0xb400007d7e314a50 mBlastBufferQueue=0xb400007dbe24cb10 fn= 35 caller= com.android.systemui.shared.launcher.ViewRootImplCompat.mergeWithNextTransaction:2 com.android.quickstep.util.SurfaceTransactionApplier.lambda$scheduleApply$0:2 com.android.quickstep.util.SurfaceTransactionApplier.b:0
09-23 23:05:48.168  2080  2080 W AppTransitionAnimatorImpl: onAnimationEnd - APP OUT, Execution time for each frame : Start-(0)-1-(0)-0-(0)-0-(11)-1-(10)-1-(11)-0-(11)-0-(11)-0-(11)-0-(11)-1-(10)-1-(11)-0-(11)-0-(11)-0-(11)-0-(11)-0-(11)-0-(11)-1-(10)-1-End
09-23 23:05:48.168  2080  2080 I AppTransitionAnimatorImpl: resetContentView
09-23 23:05:48.168  2080  2080 I AnimationResult: AnimationResult finish : onAnimationEnd
09-23 23:05:48.168  2080  2080 I AnimationResult: finish : false, null
09-23 23:05:48.168  2080  2330 I AnimationResult: finish callback : null
09-23 23:05:48.169  2080  4600 I ViewRootImpl@782dd03[LauncherActivity]: mWNT: t=0xb400007d7e2e7b70 mBlastBufferQueue=0xb400007dbe24cb10 fn= 36 caller= com.android.systemui.shared.launcher.ViewRootImplCompat.mergeWithNextTransaction:2 com.android.quickstep.util.SurfaceTransactionApplier.lambda$scheduleApply$0:2 com.android.quickstep.util.SurfaceTransactionApplier.b:0
09-23 23:05:48.170  2080  2080 W Launcher: onEnterAnimationComplete
09-23 23:05:48.171 20383 20383 I ViewRootImpl@d86bea0[MainActivity]: handleAppVisibility mAppVisible = true visible = false
09-23 23:05:48.179   871   871 I Layer   : id=38802 removeFromCurrentState Splash Screen com.example.dogglers$_1602#38802 (143)
09-23 23:05:48.179   871   871 I SurfaceFlinger: [2961ae6 com.sec.android.app.launcher/com.sec.android.app.launcher.activities.LauncherActivity#20052] FrameRatePriority: 1
09-23 23:05:48.179   871   871 I Layer   : id=38828 removeFromCurrentState Surface(name=Task=1)/@0x8b8da95 - animation-leash of app_transition#38828 (143)
09-23 23:05:48.180   871   871 I Layer   : id=38801 removeFromCurrentState c4a7ffa Splash Screen com.example.dogglers#38801 (143)
09-23 23:05:48.180   871   871 I Layer   : id=38827 removeFromCurrentState Surface(name=Task=7706)/@0x413bedc - animation-leash of app_transition#38827 (143)
09-23 23:05:48.180   871   871 I Layer   : Layer [Splash Screen com.example.dogglers$_1602#38802] hidden!! flag(1)
09-23 23:05:48.180   871   871 I Layer   : Layer [com.example.dogglers/com.example.dogglers.MainActivity$_20383#38809] hidden!! flag(1)
09-23 23:05:48.180   871   871 I Layer   : Layer [com.example.dogglers/androidx.test.core.app.InstrumentationActivityInvoker$EmptyActivity$_20383#38817] hidden!! flag(1)
09-23 23:05:48.180   871   871 I Layer   : Layer [com.example.dogglers/androidx.test.core.app.InstrumentationActivityInvoker$EmptyActivity$_20383#38824] hidden!! flag(1)
09-23 23:05:48.180   871   871 I Layer   : id=38829 removeFromCurrentState Surface(name=WallpaperWindowToken{2688aa8 token=android.os.Binder@a6692cb})/@0xbda02b4 - animation-leash of window_animation#38829 (143)
09-23 23:05:48.180   871   871 I SurfaceFlinger: id=38801 Removed c4a7ffa Splash Screen com.example.dogglers#38801 (143)
09-23 23:05:48.180   871   871 I SurfaceFlinger: id=38802 Removed Splash Screen com.example.dogglers$_1602#38802 (143)
09-23 23:05:48.180   871   871 I Layer   : id=38801 Destroyed c4a7ffa Splash Screen com.example.dogglers#38801
09-23 23:05:48.180   871   871 I Layer   : id=38802 Destroyed Splash Screen com.example.dogglers$_1602#38802
09-23 23:05:48.181 20383 20417 D OpenGLRenderer: setSurface called with nullptr
09-23 23:05:48.181 20383 20417 D OpenGLRenderer: setSurface() destroyed EGLSurface
09-23 23:05:48.181 20383 20417 D OpenGLRenderer: destroyEglSurface
09-23 23:05:48.184 20383 20383 I ViewRootImpl@d86bea0[MainActivity]: performTraversals mFirst=false windowShouldResize=false viewVisibilityChanged=true mForceNextWindowRelayout=false params=null
09-23 23:05:48.184  1186  4414 V WindowManager: Relayout Window{4b2970c u0 com.example.dogglers/com.example.dogglers.MainActivity}: viewVisibility=8 req=1080x2400 d0
09-23 23:05:48.186  1186  4414 V WindowManager: Relayout hash=4b2970c, pid=20383, syncId=-1: mAttrs={(0,0)(fillxfill) sim={adjust=pan forwardNavigation} ty=BASE_APPLICATION wanim=0x1030309
09-23 23:05:48.186  1186  4414 V WindowManager:   fl=81810100
09-23 23:05:48.186  1186  4414 V WindowManager:   pfl=12020040
09-23 23:05:48.186  1186  4414 V WindowManager:   bhv=DEFAULT
09-23 23:05:48.186  1186  4414 V WindowManager:   fitSides= naviIconColor=0}
09-23 23:05:48.190   871   871 D SurfaceFlinger: [input] inputWindowCommands.focusRequests size is 1
09-23 23:05:48.192   871   965 D SurfaceFlinger: [input] setFocusedWindow: 2961ae6 com.sec.android.app.launcher/com.sec.android.app.launcher.activities.LauncherActivity
09-23 23:05:48.192  1186  2938 D InputDispatcher: Focus entered window (0): 2961ae6 com.sec.android.app.launcher/com.sec.android.app.launcher.activities.LauncherActivity
09-23 23:05:48.192 20383 20383 I ViewRootImpl@d86bea0[MainActivity]: Relayout returned: old=(0,0,1080,2400) new=(0,0,1080,2400) req=(1080,2400)8 dur=6 res=0x2 s={false 0x0} ch=true seqId=0
09-23 23:05:48.193 20383 20383 I ViewRootImpl@43d84d7[InstrumentationActivityInvoker$EmptyActivity]: handleAppVisibility mAppVisible = true visible = false
09-23 23:05:48.193  2080  2080 I ViewRootImpl@782dd03[LauncherActivity]: MSG_WINDOW_FOCUS_CHANGED 1 0
09-23 23:05:48.193  2080  2080 I ViewRootImpl@782dd03[LauncherActivity]: mThreadedRenderer.initializeIfNeeded()#2 mSurface={isValid=true 0xb400007e4e4d8490}
09-23 23:05:48.193  2080  2080 I BaseActivity: addActivityFlags, flags : 8
09-23 23:05:48.194 20383 20383 I ViewRootImpl@43d84d7[InstrumentationActivityInvoker$EmptyActivity]: stopped(true) old = false
09-23 23:05:48.194 20383 20383 I ViewRootImpl@43d84d7[InstrumentationActivityInvoker$EmptyActivity]: WindowStopped on com.example.dogglers/androidx.test.core.app.InstrumentationActivityInvoker$EmptyActivity set to true
09-23 23:05:48.194  2080  2080 I InputMethodManager: startInputInner - mService.startInputOrWindowGainedFocus
09-23 23:05:48.195  1186  4414 D InputMethodManagerService: mDesktopModeManager null!
09-23 23:05:48.195  1186  4414 V InputMethodManagerService: getDisplayIdOfInputMethodWindowToBeAdded: displayId=0
09-23 23:05:48.195 20383 20383 D LifecycleMonitor: Lifecycle status change: androidx.test.core.app.InstrumentationActivityInvoker$EmptyActivity@99cc18a in: STOPPED
09-23 23:05:48.196  1186  4414 D InputMethodManagerService: isImeSwitcherDisabledPackage : false
09-23 23:05:48.196 20383 20383 V ActivityScenario: Activity lifecycle changed event received but ignored because the intent does not match. startActivityIntent=Intent { act=android.intent.action.MAIN cat=[android.intent.category.LAUNCHER] cmp=com.example.dogglers/.MainActivity }, activity.getIntent()=Intent { act=android.intent.action.MAIN cat=[android.intent.category.LAUNCHER] flg=0x10000000 cmp=com.example.dogglers/androidx.test.core.app.InstrumentationActivityInvoker$EmptyActivity }, activity=androidx.test.core.app.InstrumentationActivityInvoker$EmptyActivity@99cc18a
09-23 23:05:48.196  1186  4414 D InputMethodManagerService: checkDisplayOfStartInputAndUpdateKeyboard: displayId=0, mFocusedDisplayId=0
09-23 23:05:48.196  1186  4414 D InputTransport: Input channel constructed: 'ClientS', fd=1045
09-23 23:05:48.196  1186  4414 D InputTransport: Input channel destroyed: 'ClientS', fd=1045
09-23 23:05:48.197  4639  4639 I HBD     : HoneyBoardService onFinishInput
09-23 23:05:48.197  4639  4639 I HBD     : a IC have been unbinding,  RemoteInputConnection{idHash=#4d60fc}
09-23 23:05:48.197  4639  4639 I HBD     : HoneyBoardService [PF_CL][onFinishInput]  0 ms
09-23 23:05:48.197   871  1064 I SurfaceFlinger: id=38833 createSurf flag=24004, Surface(name=e96d1f9 InputMethod)/@0x341a74a - animation-leash of insets_animation#38833
09-23 23:05:48.197  4639  4639 I HBD     : HoneyBoardService [IMI] onStartInput - caller pid : 2080 , caller uid : 10131
09-23 23:05:48.198  4639  4639 I HBD     : j updateConfigs
09-23 23:05:48.198  4639  4639 I HBD     : j isEnabledNightMode : true
09-23 23:05:48.198  4639  4639 I HBD     : a IC have been binding, RemoteInputConnection{idHash=#3674385}
09-23 23:05:48.198  4639  4639 I HBD     : h [EditorInputType]setPrivateImeOptionsToTable privateImeOptions ( null )
09-23 23:05:48.198  4639  4639 I HBD     : b incognitoMode : false
09-23 23:05:48.198  4639  4639 I HBD     : a needOff = true , isForceOff = false, isNullInputClass : true
09-23 23:05:48.198  4639  4639 I HBD     : h getDefaultInputRange : UNKNOWN
09-23 23:05:48.198  4639  4639 I HBD     : h getDefaultInputRange : UNKNOWN
09-23 23:05:48.198  4639  4639 I HBD     : h getDefaultInputRange : UNKNOWN
09-23 23:05:48.199  4639  4639 I HBD     : a needOff = true , isForceOff = false, isNullInputClass : true
09-23 23:05:48.199  4639  4639 I HBD     : a update cached prediction status : false
09-23 23:05:48.199  4639  4639 I HBD     : h getDefaultInputRange : UNKNOWN
09-23 23:05:48.200  4639  4639 I HBD     : a currentState : 0
09-23 23:05:48.200 20383 20383 I MSHandlerLifeCycle: removeMultiSplitHandler: no exist. decor=DecorView@15c5671[InstrumentationActivityInvoker$EmptyActivity]
09-23 23:05:48.200  4639  4639 I HBD     : a [UpdatePolicy] [post] a: 0 cl: 65538 kit: [0/0] vt: 0 ir: 1
09-23 23:05:48.200  4639  4639 I HBD     : a [NRIC] resetNoResponseState
09-23 23:05:48.201  4639  4639 I HBD     : a needOff = true , isForceOff = false, isNullInputClass : true
09-23 23:05:48.201  4639  4639 I HBD     : a update cached prediction status : false
09-23 23:05:48.201   871   871 I Layer   : id=38822 removeFromCurrentState Surface(name=e96d1f9 InputMethod)/@0x341a74a - animation-leash of insets_animation#38822 (142)
09-23 23:05:48.202  4639  4639 I HBD     : HoneyBoardService [PF_OP][onStartInput]  5 ms
09-23 23:05:48.202 20383 20383 D LifecycleMonitor: Lifecycle status change: androidx.test.core.app.InstrumentationActivityInvoker$EmptyActivity@99cc18a in: DESTROYED
09-23 23:05:48.203 20383 20383 V ActivityScenario: Activity lifecycle changed event received but ignored because the intent does not match. startActivityIntent=Intent { act=android.intent.action.MAIN cat=[android.intent.category.LAUNCHER] cmp=com.example.dogglers/.MainActivity }, activity.getIntent()=Intent { act=android.intent.action.MAIN cat=[android.intent.category.LAUNCHER] flg=0x10000000 cmp=com.example.dogglers/androidx.test.core.app.InstrumentationActivityInvoker$EmptyActivity }, activity=androidx.test.core.app.InstrumentationActivityInvoker$EmptyActivity@99cc18a
09-23 23:05:48.204  1186  4414 D InputMethodManagerService: isImeSwitcherDisabledPackage : false
09-23 23:05:48.205 20383 20383 I MSHandlerLifeCycle: removeMultiSplitHandler: no exist. decor=DecorView@15c5671[InstrumentationActivityInvoker$EmptyActivity]
09-23 23:05:48.205  4639  4639 I InputMethodService: removeImeSurface
09-23 23:05:48.205  4639  4639 I MSHandlerLifeCycle: check: return. pkg=com.samsung.android.honeyboard isActivity=false callers=com.android.internal.policy.DecorView.setVisibility:4416 android.app.Dialog.hide:767 android.inputmethodservice.InputMethodService.removeImeSurface:1290 android.inputmethodservice.InputMethodService.scheduleImeSurfaceRemoval:1279 android.inputmethodservice.InputMethodService.-$$Nest$mscheduleImeSurfaceRemoval:0
09-23 23:05:48.205  4639  4639 I MSHandlerLifeCycle: removeMultiSplitHandler: no exist. decor=DecorView@88a07b[InputMethod]
09-23 23:05:48.206 20383 20417 D OpenGLRenderer: setSurface called with nullptr
09-23 23:05:48.206 20383 20417 D OpenGLRenderer: setSurface() destroyed EGLSurface
09-23 23:05:48.206 20383 20417 D OpenGLRenderer: destroyEglSurface
09-23 23:05:48.210 20383 20383 I ViewRootImpl@43d84d7[InstrumentationActivityInvoker$EmptyActivity]: dispatchDetachedFromWindow
09-23 23:05:48.211  1186  2938 D InputTransport: Input channel destroyed: '6a1432e', fd=1024
09-23 23:05:48.211  1186  2938 W InputManager-JNI: Input channel object '6a1432e com.example.dogglers/androidx.test.core.app.InstrumentationActivityInvoker$EmptyActivity (client)' was disposed without first being removed with the input manager!
09-23 23:05:48.211  1186  2938 D InputTransport: Input channel destroyed: '6a1432e', fd=1025
09-23 23:05:48.215 20383 20383 D InputTransport: Input channel destroyed: '6a1432e', fd=142
09-23 23:05:48.216   871  2164 I SurfaceFlinger: id=38821 Removed df9cae7 ActivityRecordInputSink com.example.dogglers/androidx.test.core.app.InstrumentationActivityInvoker$EmptyActivity#38821 (142)
09-23 23:05:48.216 20383 20383 I ViewRootImpl@fdcb94[InstrumentationActivityInvoker$EmptyActivity]: stopped(true) old = false
09-23 23:05:48.217 20383 20383 I ViewRootImpl@fdcb94[InstrumentationActivityInvoker$EmptyActivity]: WindowStopped on com.example.dogglers/androidx.test.core.app.InstrumentationActivityInvoker$EmptyActivity set to true
09-23 23:05:48.218 20383 20383 D LifecycleMonitor: Lifecycle status change: androidx.test.core.app.InstrumentationActivityInvoker$EmptyActivity@6d1220b in: STOPPED
09-23 23:05:48.219 20383 20383 V ActivityScenario: Activity lifecycle changed event received but ignored because the intent does not match. startActivityIntent=Intent { act=android.intent.action.MAIN cat=[android.intent.category.LAUNCHER] cmp=com.example.dogglers/.MainActivity }, activity.getIntent()=Intent { act=android.intent.action.MAIN cat=[android.intent.category.LAUNCHER] flg=0x10000000 cmp=com.example.dogglers/androidx.test.core.app.InstrumentationActivityInvoker$EmptyActivity }, activity=androidx.test.core.app.InstrumentationActivityInvoker$EmptyActivity@6d1220b
09-23 23:05:48.220 20383 20383 I MSHandlerLifeCycle: removeMultiSplitHandler: no exist. decor=DecorView@d404da6[InstrumentationActivityInvoker$EmptyActivity]
09-23 23:05:48.221 20383 20383 D LifecycleMonitor: Lifecycle status change: androidx.test.core.app.InstrumentationActivityInvoker$EmptyActivity@6d1220b in: DESTROYED
09-23 23:05:48.222 20383 20383 V ActivityScenario: Activity lifecycle changed event received but ignored because the intent does not match. startActivityIntent=Intent { act=android.intent.action.MAIN cat=[android.intent.category.LAUNCHER] cmp=com.example.dogglers/.MainActivity }, activity.getIntent()=Intent { act=android.intent.action.MAIN cat=[android.intent.category.LAUNCHER] flg=0x10000000 cmp=com.example.dogglers/androidx.test.core.app.InstrumentationActivityInvoker$EmptyActivity }, activity=androidx.test.core.app.InstrumentationActivityInvoker$EmptyActivity@6d1220b
09-23 23:05:48.223 20383 20383 I MSHandlerLifeCycle: removeMultiSplitHandler: no exist. decor=DecorView@d404da6[InstrumentationActivityInvoker$EmptyActivity]
09-23 23:05:48.223   871   871 I Layer   : id=38824 removeFromCurrentState com.example.dogglers/androidx.test.core.app.InstrumentationActivityInvoker$EmptyActivity$_20383#38824 (142)
09-23 23:05:48.224   871   871 I Layer   : id=38823 removeFromCurrentState 6a1432e com.example.dogglers/androidx.test.core.app.InstrumentationActivityInvoker$EmptyActivity#38823 (142)
09-23 23:05:48.224 20383 20417 D OpenGLRenderer: setSurface called with nullptr
09-23 23:05:48.224 20383 20417 D OpenGLRenderer: setSurface() destroyed EGLSurface
09-23 23:05:48.224 20383 20417 D OpenGLRenderer: destroyEglSurface
09-23 23:05:48.224   871   871 I SurfaceFlinger: id=38824 Removed com.example.dogglers/androidx.test.core.app.InstrumentationActivityInvoker$EmptyActivity$_20383#38824 (142)
09-23 23:05:48.224   871   871 I SurfaceFlinger: id=38823 Removed 6a1432e com.example.dogglers/androidx.test.core.app.InstrumentationActivityInvoker$EmptyActivity#38823 (142)
09-23 23:05:48.224   871   871 I Layer   : id=38823 Destroyed 6a1432e com.example.dogglers/androidx.test.core.app.InstrumentationActivityInvoker$EmptyActivity#38823
09-23 23:05:48.224   871   871 I Layer   : id=38824 Destroyed com.example.dogglers/androidx.test.core.app.InstrumentationActivityInvoker$EmptyActivity$_20383#38824
09-23 23:05:48.228 20383 20383 I ViewRootImpl@fdcb94[InstrumentationActivityInvoker$EmptyActivity]: dispatchDetachedFromWindow
09-23 23:05:48.229  1186  2938 D InputTransport: Input channel destroyed: '5c17a93', fd=978
09-23 23:05:48.229  1186  2938 W InputManager-JNI: Input channel object '5c17a93 com.example.dogglers/androidx.test.core.app.InstrumentationActivityInvoker$EmptyActivity (client)' was disposed without first being removed with the input manager!
09-23 23:05:48.229  1186  2938 D InputTransport: Input channel destroyed: '5c17a93', fd=1014
09-23 23:05:48.233 20383 20383 D InputTransport: Input channel destroyed: '5c17a93', fd=100
09-23 23:05:48.234   871  2164 I SurfaceFlinger: id=38822 Removed Surface(name=e96d1f9 InputMethod)/@0x341a74a - animation-leash of insets_animation#38822 (140)
09-23 23:05:48.234   871   871 I Layer   : id=38820 removeFromCurrentState ActivityRecord{4d7f694 u0 com.example.dogglers/androidx.test.core.app.InstrumentationActivityInvoker$EmptyActivity} t7706}#38820 (140)
09-23 23:05:48.234   871   871 I Layer   : id=38821 removeFromCurrentState df9cae7 ActivityRecordInputSink com.example.dogglers/androidx.test.core.app.InstrumentationActivityInvoker$EmptyActivity#38821 (140)
09-23 23:05:48.235   871   871 I Layer   : id=38817 removeFromCurrentState com.example.dogglers/androidx.test.core.app.InstrumentationActivityInvoker$EmptyActivity$_20383#38817 (140)
09-23 23:05:48.235   871   871 I Layer   : id=38816 removeFromCurrentState 5c17a93 com.example.dogglers/androidx.test.core.app.InstrumentationActivityInvoker$EmptyActivity#38816 (140)
09-23 23:05:48.235 20383 20383 I ViewRootImpl@d86bea0[MainActivity]: stopped(true) old = false
09-23 23:05:48.235   871   871 I SurfaceFlinger: id=38816 Removed 5c17a93 com.example.dogglers/androidx.test.core.app.InstrumentationActivityInvoker$EmptyActivity#38816 (140)
09-23 23:05:48.235 20383 20383 I ViewRootImpl@d86bea0[MainActivity]: WindowStopped on com.example.dogglers/com.example.dogglers.MainActivity set to true
09-23 23:05:48.235   871   871 I SurfaceFlinger: id=38817 Removed com.example.dogglers/androidx.test.core.app.InstrumentationActivityInvoker$EmptyActivity$_20383#38817 (140)
09-23 23:05:48.235   871   871 I SurfaceFlinger: id=38820 Removed ActivityRecord{4d7f694 u0 com.example.dogglers/androidx.test.core.app.InstrumentationActivityInvoker$EmptyActivity} t7706}#38820 (140)
09-23 23:05:48.236   871   871 I Layer   : id=38822 Destroyed Surface(name=e96d1f9 InputMethod)/@0x341a74a - animation-leash of insets_animation#38822
09-23 23:05:48.236   871   871 I Layer   : id=38816 Destroyed 5c17a93 com.example.dogglers/androidx.test.core.app.InstrumentationActivityInvoker$EmptyActivity#38816
09-23 23:05:48.236   871   871 I Layer   : id=38817 Destroyed com.example.dogglers/androidx.test.core.app.InstrumentationActivityInvoker$EmptyActivity$_20383#38817
09-23 23:05:48.236   871   871 I Layer   : id=38820 Destroyed ActivityRecord{4d7f694 u0 com.example.dogglers/androidx.test.core.app.InstrumentationActivityInvoker$EmptyActivity} t7706}#38820
09-23 23:05:48.236   871   871 I Layer   : id=38821 Destroyed df9cae7 ActivityRecordInputSink com.example.dogglers/androidx.test.core.app.InstrumentationActivityInvoker$EmptyActivity#38821
09-23 23:05:48.237   871  2164 I SurfaceFlinger: id=38815 Removed bd12746 ActivityRecordInputSink com.example.dogglers/androidx.test.core.app.InstrumentationActivityInvoker$EmptyActivity#38815 (135)
09-23 23:05:48.237 20383 20383 D LifecycleMonitor: Lifecycle status change: com.example.dogglers.MainActivity@1028ce5 in: STOPPED
09-23 23:05:48.238 20383 20383 V ActivityScenario: Update currentActivityStage to STOPPED, currentActivity=com.example.dogglers.MainActivity@1028ce5
09-23 23:05:48.239 20383 20383 I MSHandlerLifeCycle: removeMultiSplitHandler: no exist. decor=DecorView@5d57fb3[MainActivity]
09-23 23:05:48.241 20383 20383 D LifecycleMonitor: Lifecycle status change: com.example.dogglers.MainActivity@1028ce5 in: DESTROYED
09-23 23:05:48.241 20383 20383 V ActivityScenario: Update currentActivityStage to DESTROYED, currentActivity=null
09-23 23:05:48.242 20383 20415 I TestRunner: finished: vertical_list_button_is_displayed(com.example.dogglers.ButtonTests)
