09-23 23:03:00.710 20383 20415 I TestRunner: started: grid_list_button_is_displayed(com.example.dogglers.ButtonTests)
09-23 23:03:00.719 20383 20415 W Settings: Setting always_finish_activities has moved from android.provider.Settings.System to android.provider.Settings.Global, returning read-only value.
09-23 23:03:00.726  1186  1529 D SemInputDeviceManagerService: currentDisplayState[1]:DOZE(3)
09-23 23:03:00.727  1186  1529 D SemInputDeviceManagerService: EARLY: Logical: DOZE_SUSPEND(4) Physical: DOZE_SUSPEND(4) [Using: DOZE_SUSPEND(4)] displayType: 1
09-23 23:03:00.727 20383 20415 D CompatibilityChangeReporter: Compat change id reported: 160794467; UID 10512; state: ENABLED
09-23 23:03:00.727   839   839 I sysinput:Touch: activate:96, 4,0 OK
09-23 23:03:00.728  1186  1402 D SysinputHAL_V1_3(V1_2): setTspEnable(1),4,true(0)
09-23 23:03:00.728   871   871 D SurfaceFlinger: Setting power mode 2 on display 4633128672291735932
09-23 23:03:00.729  1186  1529 D SemInputDeviceManagerService: currentDisplayState[1]:DOZE_SUSPEND(4)
09-23 23:03:00.729  1186  1529 D SemInputDeviceManagerService: LATE: Logical: DOZE_SUSPEND(4) Physical: DOZE_SUSPEND(4) [Using: DOZE_SUSPEND(4)] displayType: 1
09-23 23:03:00.730   839   839 I sysinput:Touch: activate:96, 4,1 OK
09-23 23:03:00.731  1186  1402 D SysinputHAL_V1_3(V1_2): setTspEnable(1),4,false(0)
09-23 23:03:00.731  1186  1456 I SearchManagerService: _updateSearchables
09-23 23:03:00.734 19252 19252 I BSS_SysUiClient: handleDisplayChanged: 4
09-23 23:03:00.736 24562 24562 I NearbyDiscovery: (REDACTED) FastPairDisplayObserver: %s -> %s
09-23 23:03:00.737 24562 24562 I NearbyDirect: (REDACTED) FastPairDisplayObserver: %s -> %s
09-23 23:03:00.741  1602  1602 D DisplayLifecycle: updateDisplay id = 0
09-23 23:03:00.743  4369  4933 I SCS@AiSearch user 0: (AppsDataObserver) [androidx.work-4] leaving from execute():  result is true
09-23 23:03:00.743  4369  4933 I SCS@AiSearch user 0: (AppsDataWorker) [androidx.work-4] leaving from doWork():
09-23 23:03:00.745  4369  4405 I WM-WorkerWrapper: Worker result SUCCESS for Work [ id=c7d640cf-f70d-4f0f-b85a-ac727f4c5005, tags={ com.samsung.android.scs.ai.search.scheduling.workers.AppsDataWorker, CMD_UPDATE_LIST } ]
09-23 23:03:00.746   871   916 I SurfaceFlinger: id=38688 createSurf flag=24004, Task=7701#38688
09-23 23:03:00.750   871   916 I SurfaceFlinger: id=38689 createSurf flag=80004, ActivityRecord{a3cf3be u0 com.example.dogglers/androidx.test.core.app.InstrumentationActivityInvoker$BootstrapActivity} t7701}#38689
09-23 23:03:00.763  1186  2355 D InputDispatcher: Focused application(0): ActivityRecord{a3cf3be u0 com.example.dogglers/androidx.test.core.app.InstrumentationActivityInvoker$BootstrapActivity} t7701}
09-23 23:03:00.767  1602  1661 D NativeCustomFrequencyManager: [NativeCFMS] BpCustomFrequencyManager::BpCustomFrequencyManager()
09-23 23:03:00.769  1186  2355 I SemDvfsHyPerManager: acquire hyper - AMS_APP_LAUNCH/1186@17, type = -999
09-23 23:03:00.769  2633  2633 E pageboostd: Received HALT command code 2
09-23 23:03:00.769   795   875 I HYPER-HAL: [RequestManager.cpp]acquire(): Acquired ID : 724223  [1186 / 17]    HINT : AMS_APP_LAUNCH    list :
09-23 23:03:00.770  4177  4177 I SemDvfsHyPerManager: acquire hyper - APP_START/4177@18, type = -999
09-23 23:03:00.772 20383 20417 D OpenGLRenderer: RenderThread::requireGlContext()
09-23 23:03:00.774   795   875 I HYPER-HAL: [RequestManager.cpp]acquire(): Acquired ID : 8801128  [4177 / 18]    HINT : APP_START    list :
09-23 23:03:00.776  1186  4410 D InputTransport: Input channel constructed: '873c0da', fd=1155
09-23 23:03:00.777  1186  4410 D InputTransport: Input channel constructed: '873c0da', fd=1156
09-23 23:03:00.777  1186  4410 D InputTransport: Input channel constructed: '873c0da', fd=1157
09-23 23:03:00.779  1186  1456 W SearchableInfo: Invalid searchable metadata for com.samsung.android.messaging/.ui.view.recipientspicker.PickerActivity: Search label must be a resource reference.
09-23 23:03:00.779  1186  1232 I ChimeraSystemEventListener: appLaunchIntent package name is: com.example.dogglers
09-23 23:03:00.780   871   916 I SurfaceFlinger: id=38690 createSurf flag=80004, 873c0da Splash Screen com.example.dogglers#38690
09-23 23:03:00.781  1186  4410 D InputTransport: Input channel destroyed: '873c0da', fd=1157
09-23 23:03:00.788  2080  2080 I TopTaskTracker: onTaskMovedToFront : taskId = 7701
09-23 23:03:00.788  1186  1232 D PersonaActivityHelper: Activity not in resumed state, do not run immediate lock
09-23 23:03:00.790 19252 19252 I BSS_SysUiManager: handleMessage = 9, 3, 7701
09-23 23:03:00.793 19252 19252 I BSS_SysUiManager: handleMessage = 9, 4, 7609
09-23 23:03:00.793 19252 19252 I BSS_SysUiManager: handleMessage = 9, 4, 7701
09-23 23:03:00.796 20383 20383 D LifecycleMonitor: Lifecycle status change: androidx.test.core.app.InstrumentationActivityInvoker$BootstrapActivity@9997945 in: PRE_ON_CREATE
09-23 23:03:00.796 20383 20383 V ActivityScenario: Activity lifecycle changed event received but ignored because the intent does not match. startActivityIntent=Intent { act=android.intent.action.MAIN cat=[android.intent.category.LAUNCHER] cmp=com.example.dogglers/.MainActivity }, activity.getIntent()=Intent { act=android.intent.action.MAIN cat=[android.intent.category.LAUNCHER] flg=0x10008000 cmp=com.example.dogglers/androidx.test.core.app.InstrumentationActivityInvoker$BootstrapActivity (has extras) }, activity=androidx.test.core.app.InstrumentationActivityInvoker$BootstrapActivity@9997945
09-23 23:03:00.803 20383 20417 D OpenGLRenderer: RenderThread::setGrContext()
09-23 23:03:00.804  1602  1659 D InsetsController: onStateChanged: InsetsState: {mDisplayFrame=Rect(0, 0 - 1080, 2400), mDisplayCutout=DisplayCutout{insets=Rect(0, 80 - 0, 0) waterfall=Insets{left=0, top=0, right=0, bottom=0} boundingRect={Bounds=[Rect(0, 0 - 0, 0), Rect(468, 0 - 612, 80), Rect(0, 0 - 0, 0), Rect(0, 0 - 0, 0)]} cutoutPathParserInfo={CutoutPathParserInfo{displayWidth=1080 displayHeight=2400 physicalDisplayWidth=1080 physicalDisplayHeight=2400 density={2.8125} cutoutSpec={M 0,0 H -25.6 V 28.44444444444444 H 25.6 V 0 H 0 Z @dp} rotation={0} scale={1.0} physicalPixelDisplaySizeRatio={1.0}}}}, mRoundedCorners=RoundedCorners{[RoundedCorner{position=TopLeft, radius=90, center=Point(90, 90)}, RoundedCorner{position=TopRight, radius=90, center=Point(990, 90)}, RoundedCorner{position=BottomRight, radius=90, center=Point(990, 2310)}, RoundedCorner{position=BottomLeft, radius=90, center=Point(90, 2310)}]}  mRoundedCornerFrame=Rect(0, 0 - 1080, 2400), mPrivacyIndicatorBounds=PrivacyIndicatorBounds {static bounds=Rect(956, 0 - 1080, 80) rotation=0}, mSources= { InsetsSource: {mType=ITYPE_STATUS_BAR, mFrame=[0,0][1080,80], mVisible=true, mInsetsRoundedCornerFrame=false}, InsetsSource: {mType=ITYPE_NAVIGATION_BAR, mFrame=[0,2400][1080,2400], mVisible=false, mInsetsRoundedCornerFrame=false}, InsetsSource: {mType=ITYPE_LEFT_GESTURES, mFrame=[0,0][67,2400], mVisible=true, mInsetsRoundedCornerFrame=false}, InsetsSource: {mType=ITYPE_RIGHT_GESTURES, mFrame=[1013,0][1080,2400], mVisible=true, mInsetsRoundedCornerFrame=false}, InsetsSource: {mType=ITYPE_TOP_MANDATORY_GESTURES, mFrame=[0,0][1080,114], mVisible=true, mInsetsRoundedCornerFrame=false}, InsetsSource: {mType=ITYPE_BOTTOM_MANDATORY_GESTURES, mFrame=[0,2344][1080,2400], mVisible=true, mInsetsRoundedCornerFrame=false}, InsetsSource: {mType=ITYPE_LEFT_DISPLAY_CUTOUT, mFrame=[0,0][-100000,2400], mVisible=true, mInsetsRoundedCornerFrame=false}, InsetsSource: {mType=ITYPE_TOP_DISPLAY_CUTOUT, mFrame=[0,0][1080,80], mVisible=true, mInsetsRoundedCornerFrame=false}, InsetsSource: {mType=ITYPE_RIGHT_DISPLAY_CUTOUT, mFrame=[100000,0][1080,2400], mVisible=true, mInsetsRoundedCornerFrame=false}, InsetsSource: {mType=ITYPE_BOTTOM_DISPLAY_CUTOUT, mFrame=[0,100000][1080,2400], mVisible=true, mInsetsRoundedCornerFrame=false}, InsetsSource: {mType=ITYPE_TOP_TAPPABLE_ELEMENT, mFrame=[0,0][1080,80], mVisible=true, mInsetsRoundedCornerFrame=false}, InsetsSource: {mType=ITYPE_BOTTOM_TAPPABLE_ELEMENT, mFrame=[0,0][0,0], mVisible=true, mInsetsRoundedCornerFrame=false}, InsetsSource: {mType=ITYPE_IME, mFrame=[0,0][0,0], mVisibleFrame=[0,1392][1080,2400], mVisible=false, mInsetsRoundedCornerFrame=false} } host=Splash Screen com.example.dogglers from=android.view.ViewRootImpl.setView:1732
09-23 23:03:00.806  1602  1659 I ViewRootImpl@9a0a204[dogglers]: setView = android.widget.FrameLayout@70651e9 TM=true
09-23 23:03:00.808 20383 20383 I DecorView: [INFO] isPopOver=false config=true
09-23 23:03:00.808 20383 20383 I DecorView: updateCaptionType: isFloating=false isApplication=true hasWindowDecorCaption=false this=DecorView@cbce466[]
09-23 23:03:00.808 20383 20383 D DecorView: setCaptionType = 0, this = DecorView@cbce466[]
09-23 23:03:00.809  1602  1659 I ViewRootImpl@9a0a204[dogglers]: performTraversals params={(0,0)(fillxfill) sim={adjust=pan} ty=APPLICATION_STARTING fmt=TRANSLUCENT wanim=0x1030001
09-23 23:03:00.809  1602  1659 I ViewRootImpl@9a0a204[dogglers]:   fl=81030118
09-23 23:03:00.809  1602  1659 I ViewRootImpl@9a0a204[dogglers]:   pfl=16000010
09-23 23:03:00.809  1602  1659 I ViewRootImpl@9a0a204[dogglers]:   bhv=DEFAULT
09-23 23:03:00.809  1602  1659 I ViewRootImpl@9a0a204[dogglers]:   fitSides= naviIconColor=0}
09-23 23:03:00.810  1602  1659 I ViewRootImpl@9a0a204[dogglers]: performTraversals mFirst=true windowShouldResize=true viewVisibilityChanged=false mForceNextWindowRelayout=false params={(0,0)(fillxfill) sim={adjust=pan} ty=APPLICATION_STARTING fmt=TRANSLUCENT wanim=0x1030001
09-23 23:03:00.810  1602  1659 I ViewRootImpl@9a0a204[dogglers]:   fl=81030118
09-23 23:03:00.810  1602  1659 I ViewRootImpl@9a0a204[dogglers]:   pfl=16000010
09-23 23:03:00.810  1602  1659 I ViewRootImpl@9a0a204[dogglers]:   bhv=DEFAULT
09-23 23:03:00.810  1602  1659 I ViewRootImpl@9a0a204[dogglers]:   fitSides= naviIconColor=0}
09-23 23:03:00.811  1186  4410 V WindowManager: Relayout Window{873c0da u0 Splash Screen com.example.dogglers}: viewVisibility=0 req=1080x2400 d0
09-23 23:03:00.812   871   916 I SurfaceFlinger: id=38691 createSurf flag=40004, Splash Screen com.example.dogglers$_1602#38691
09-23 23:03:00.815 20383 20383 D CompatibilityChangeReporter: Compat change id reported: 210923482; UID 10512; state: DISABLED
09-23 23:03:00.815 20383 20383 D CompatibilityChangeReporter: Compat change id reported: 37756858; UID 10512; state: ENABLED
09-23 23:03:00.817 20383 20383 I DecorView: getCurrentDensityDpi: from real metrics. densityDpi=450 msg=resources_loaded
09-23 23:03:00.817 20383 20383 I DecorView: setWindowBackground: isPopOver=false color=ff010101 d=android.graphics.drawable.StateListDrawable@2a2e0f2
09-23 23:03:00.818 20383 20383 D LifecycleMonitor: Lifecycle status change: androidx.test.core.app.InstrumentationActivityInvoker$BootstrapActivity@9997945 in: CREATED
09-23 23:03:00.818 20383 20383 V ActivityScenario: Activity lifecycle changed event received but ignored because the intent does not match. startActivityIntent=Intent { act=android.intent.action.MAIN cat=[android.intent.category.LAUNCHER] cmp=com.example.dogglers/.MainActivity }, activity.getIntent()=Intent { act=android.intent.action.MAIN cat=[android.intent.category.LAUNCHER] flg=0x10008000 cmp=com.example.dogglers/androidx.test.core.app.InstrumentationActivityInvoker$BootstrapActivity (has extras) }, activity=androidx.test.core.app.InstrumentationActivityInvoker$BootstrapActivity@9997945
09-23 23:03:00.819  1186  4410 V WindowManager: Relayout hash=873c0da, pid=1602, syncId=-1: mAttrs={(0,0)(fillxfill) sim={adjust=pan} ty=APPLICATION_STARTING fmt=TRANSLUCENT wanim=0x1030001
09-23 23:03:00.819  1186  4410 V WindowManager:   fl=81030118
09-23 23:03:00.819  1186  4410 V WindowManager:   pfl=16000010
09-23 23:03:00.819  1186  4410 V WindowManager:   bhv=DEFAULT
09-23 23:03:00.819  1186  4410 V WindowManager:   fitSides= naviIconColor=0}
09-23 23:03:00.819 20383 20383 D LifecycleMonitor: Lifecycle status change: androidx.test.core.app.InstrumentationActivityInvoker$BootstrapActivity@9997945 in: STARTED
09-23 23:03:00.820 20383 20383 V ActivityScenario: Activity lifecycle changed event received but ignored because the intent does not match. startActivityIntent=Intent { act=android.intent.action.MAIN cat=[android.intent.category.LAUNCHER] cmp=com.example.dogglers/.MainActivity }, activity.getIntent()=Intent { act=android.intent.action.MAIN cat=[android.intent.category.LAUNCHER] flg=0x10008000 cmp=com.example.dogglers/androidx.test.core.app.InstrumentationActivityInvoker$BootstrapActivity (has extras) }, activity=androidx.test.core.app.InstrumentationActivityInvoker$BootstrapActivity@9997945
09-23 23:03:00.821  1602  1659 I ViewRootImpl@9a0a204[dogglers]: updateBlastSurfaceIfNeeded mBlastBufferQueue=null isSameSurfaceControl=false
09-23 23:03:00.822  1186  1232 D EnterpriseDeviceManagerService: isMdmAdminPresentInternal() : MDM Admin Found - com.samsung.knox.securefolder
09-23 23:03:00.822  1602  1659 I BLASTBufferQueue: new BLASTBufferQueue, mName= ViewRootImpl@9a0a204[dogglers] mNativeObject= 0xb400007dbe331350 sc.mNativeObject= 0xb400007d4e302060 caller= android.view.ViewRootImpl.updateBlastSurfaceIfNeeded:2909 android.view.ViewRootImpl.relayoutWindow:9847 android.view.ViewRootImpl.performTraversals:3884 android.view.ViewRootImpl.doTraversal:3116 android.view.ViewRootImpl$TraversalRunnable.run:10885 android.view.Choreographer$CallbackRecord.run:1301 android.view.Choreographer$CallbackRecord.run:1309 android.view.Choreographer.doCallbacks:923 android.view.Choreographer.doFrame:852 android.view.Choreographer$FrameDisplayEventReceiver.run:1283
09-23 23:03:00.823  1602  1659 I BLASTBufferQueue: update, w= 1080 h= 2400 mName = ViewRootImpl@9a0a204[dogglers] mNativeObject= 0xb400007dbe331350 sc.mNativeObject= 0xb400007d4e302060 format= -3 caller= android.graphics.BLASTBufferQueue.<init>:84 android.view.ViewRootImpl.updateBlastSurfaceIfNeeded:2909 android.view.ViewRootImpl.relayoutWindow:9847 android.view.ViewRootImpl.performTraversals:3884 android.view.ViewRootImpl.doTraversal:3116 android.view.ViewRootImpl$TraversalRunnable.run:10885
09-23 23:03:00.823  1602  1659 I ViewRootImpl@9a0a204[dogglers]: Relayout returned: old=(0,0,1080,2400) new=(0,0,1080,2400) req=(1080,2400)0 dur=11 res=0x3 s={true 0xb400007e4e5b5b10} ch=true seqId=0
09-23 23:03:00.824  1602  1659 I ViewRootImpl@9a0a204[dogglers]: mThreadedRenderer.initialize() mSurface={isValid=true 0xb400007e4e5b5b10} hwInitialized=true
09-23 23:03:00.825  1602  1661 D OpenGLRenderer: eglCreateWindowSurface
09-23 23:03:00.827   871   916 I SurfaceFlinger: id=38692 createSurf flag=80004, ActivityRecord{ca52d24 u0 com.example.dogglers/.MainActivity} t7701}#38692
09-23 23:03:00.830  2633  2633 E pageboostd: Received HALT command code 2
09-23 23:03:00.830 20383 20383 D LifecycleMonitor: Lifecycle status change: androidx.test.core.app.InstrumentationActivityInvoker$BootstrapActivity@9997945 in: RESUMED
09-23 23:03:00.830 20383 20383 V ActivityScenario: Activity lifecycle changed event received but ignored because the intent does not match. startActivityIntent=Intent { act=android.intent.action.MAIN cat=[android.intent.category.LAUNCHER] cmp=com.example.dogglers/.MainActivity }, activity.getIntent()=Intent { act=android.intent.action.MAIN cat=[android.intent.category.LAUNCHER] flg=0x10008000 cmp=com.example.dogglers/androidx.test.core.app.InstrumentationActivityInvoker$BootstrapActivity (has extras) }, activity=androidx.test.core.app.InstrumentationActivityInvoker$BootstrapActivity@9997945
09-23 23:03:00.831  1602  1659 I ViewRootImpl@9a0a204[dogglers]: reportNextDraw android.view.ViewRootImpl.performTraversals:4438 android.view.ViewRootImpl.doTraversal:3116 android.view.ViewRootImpl$TraversalRunnable.run:10885 android.view.Choreographer$CallbackRecord.run:1301 android.view.Choreographer$CallbackRecord.run:1309
09-23 23:03:00.831  1602  1659 I ViewRootImpl@9a0a204[dogglers]: Setup new sync id=0
09-23 23:03:00.831  1602  1659 I ViewRootImpl@9a0a204[dogglers]: Setting syncFrameCallback
09-23 23:03:00.831  1602  1659 I ViewRootImpl@9a0a204[dogglers]: registerCallbacksForSync syncBuffer=false
09-23 23:03:00.833 20383 20383 D LifecycleMonitor: Lifecycle status change: androidx.test.core.app.InstrumentationActivityInvoker$BootstrapActivity@9997945 in: PAUSED
09-23 23:03:00.833 20383 20383 V ActivityScenario: Activity lifecycle changed event received but ignored because the intent does not match. startActivityIntent=Intent { act=android.intent.action.MAIN cat=[android.intent.category.LAUNCHER] cmp=com.example.dogglers/.MainActivity }, activity.getIntent()=Intent { act=android.intent.action.MAIN cat=[android.intent.category.LAUNCHER] flg=0x10008000 cmp=com.example.dogglers/androidx.test.core.app.InstrumentationActivityInvoker$BootstrapActivity (has extras) }, activity=androidx.test.core.app.InstrumentationActivityInvoker$BootstrapActivity@9997945
09-23 23:03:00.833  1186  2620 I MediaSessionMonitor: Media session stopped : controllerList empty
09-23 23:03:00.834  1602  1686 I ViewRootImpl@9a0a204[dogglers]: Received frameDrawingCallback syncResult=0 frameNum=1.
09-23 23:03:00.834  1602  1686 I ViewRootImpl@9a0a204[dogglers]: Setting up sync and frameCommitCallback
09-23 23:03:00.835  1186  1509 D TrafficStats: tagSocket(1200) with statsTag=0xffffffff, statsUid=-1
09-23 23:03:00.837  1602  1661 I BLASTBufferQueue: [ViewRootImpl@9a0a204[dogglers]#2257](f:0,a:0) onFrameAvailable the first frame is available
09-23 23:03:00.838  1602  1661 I ViewRootImpl@9a0a204[dogglers]: Received frameCommittedCallback lastAttemptedDrawFrameNum=1 didProduceBuffer=true
09-23 23:03:00.839  1186  4410 D InputDispatcher: Focused application(0): ActivityRecord{ca52d24 u0 com.example.dogglers/.MainActivity} t7701}
09-23 23:03:00.839  1602  1661 D OpenGLRenderer: CFMS:: SetUp Pid : 1602    Tid : 1661
09-23 23:03:00.841  1602  1661 W Parcel  : Expecting binder but got null!
09-23 23:03:00.842  1602  1659 I ViewRootImpl@9a0a204[dogglers]: onSyncComplete
09-23 23:03:00.842  1602  1659 I ViewRootImpl@9a0a204[dogglers]: setupSync seqId=0 mSyncId=0 fn=1 caller=android.view.ViewRootImpl$$ExternalSyntheticLambda11.accept:6 android.window.SurfaceSyncer.lambda$setupSync$1$android-window-SurfaceSyncer:128 android.window.SurfaceSyncer$$ExternalSyntheticLambda1.accept:8 android.window.SurfaceSyncer$SyncSet.checkIfSyncIsComplete:382 android.window.SurfaceSyncer$SyncSet.markSyncReady:359 android.window.SurfaceSyncer.markSyncReady:151 android.view.ViewRootImpl.performTraversals:4503
09-23 23:03:00.842  1602  1659 I ViewRootImpl@9a0a204[dogglers]: reportDrawFinished seqId=0 mSyncId=-1 fn=1 mSurfaceChangedTransaction=0xb400007d7e2cdc50
09-23 23:03:00.850  1186  1232 D PersonaActivityHelper: Activity not in resumed state, do not run immediate lock
09-23 23:03:00.864  1186  1232 D EnterpriseDeviceManagerService: isMdmAdminPresentInternal() : MDM Admin Found - com.samsung.knox.securefolder
09-23 23:03:00.866  1186  2620 I MediaSessionMonitor: Media session stopped : controllerList empty
09-23 23:03:00.874 20383 20383 D LifecycleMonitor: Lifecycle status change: com.example.dogglers.MainActivity@e8b6e6d in: PRE_ON_CREATE
09-23 23:03:00.875 20383 20383 V ActivityScenario: Activity lifecycle changed event received but ignored because the reported transition was not ON_CREATE while the last known transition was PRE_ON_CREATE
09-23 23:03:00.931 20383 20383 I DecorView: [INFO] isPopOver=false config=true
09-23 23:03:00.931 20383 20383 I DecorView: updateCaptionType: isFloating=false isApplication=true hasWindowDecorCaption=false this=DecorView@819352f[]
09-23 23:03:00.932 20383 20383 D DecorView: setCaptionType = 0, this = DecorView@819352f[]
09-23 23:03:00.933 20383 20383 I DecorView: getCurrentDensityDpi: from real metrics. densityDpi=450 msg=resources_loaded
09-23 23:03:00.933 20383 20383 I DecorView: setWindowBackground: isPopOver=false color=ff121212 d=android.graphics.drawable.ColorDrawable@5ef2cc5
09-23 23:03:00.942 19252 19252 I BSS_SysUiManager: handleMessage = 9, 1, 0
09-23 23:03:00.942  2080 15073 I RecentModel: onTaskStackChangedBackground
09-23 23:03:00.943  4177  4954 I SemDvfsHyPerManager: acquire hyper - GovernorS5e8825_SYSFS/4177@20, type = -999
09-23 23:03:00.944   795   875 I HYPER-HAL: [RequestManager.cpp]acquire(): Acquired ID : 8809523  [4177 / 20]    HINT :      list : [EMSTUNE_REQMODE / 1]
09-23 23:03:00.952 20383 20383 W xample.dogglers: Accessing hidden method Landroid/view/View;->computeFitSystemWindows(Landroid/graphics/Rect;Landroid/graphics/Rect;)Z (unsupported, reflection, allowed)
09-23 23:03:00.952 20383 20383 W xample.dogglers: Accessing hidden method Landroid/view/ViewGroup;->makeOptionalFitsSystemWindows()V (unsupported, reflection, allowed)
09-23 23:03:00.956 20383 20383 D LifecycleMonitor: Lifecycle status change: com.example.dogglers.MainActivity@e8b6e6d in: CREATED
09-23 23:03:00.956 20383 20383 V ActivityScenario: Update currentActivityStage to CREATED, currentActivity=com.example.dogglers.MainActivity@e8b6e6d
09-23 23:03:00.958 20383 20383 D LifecycleMonitor: Lifecycle status change: com.example.dogglers.MainActivity@e8b6e6d in: STARTED
09-23 23:03:00.958 20383 20383 V ActivityScenario: Update currentActivityStage to STARTED, currentActivity=com.example.dogglers.MainActivity@e8b6e6d
09-23 23:03:00.959 20383 20383 D LifecycleMonitor: Lifecycle status change: com.example.dogglers.MainActivity@e8b6e6d in: RESUMED
09-23 23:03:00.959 20383 20383 V ActivityScenario: Update currentActivityStage to RESUMED, currentActivity=com.example.dogglers.MainActivity@e8b6e6d
09-23 23:03:00.962 20383 20383 I MSHandlerLifeCycle: check: return. pkg=com.example.dogglers parent=null callers=com.android.internal.policy.DecorView.setVisibility:4416 android.app.ActivityThread.handleResumeActivity:5476 android.app.servertransaction.ResumeActivityItem.execute:54 android.app.servertransaction.ActivityTransactionItem.execute:45 android.app.servertransaction.TransactionExecutor.executeLifecycleState:176
09-23 23:03:00.962 20383 20383 I MSHandlerLifeCycle: removeMultiSplitHandler: no exist. decor=DecorView@819352f[]
09-23 23:03:00.970 20383 20417 D NativeCustomFrequencyManager: [NativeCFMS] BpCustomFrequencyManager::BpCustomFrequencyManager()
09-23 23:03:00.974  1186  1200 D InputTransport: Input channel constructed: '53656b1', fd=1226
09-23 23:03:00.974  1186  1200 D InputTransport: Input channel constructed: '53656b1', fd=1227
09-23 23:03:00.974  1186  1200 D InputTransport: Input channel constructed: '53656b1', fd=1228
09-23 23:03:00.974 20383 20415 D EventInjectionStrategy: Creating injection strategy with input manager.
09-23 23:03:00.975   871   916 I SurfaceFlinger: id=38693 createSurf flag=80004, 53656b1 com.example.dogglers/com.example.dogglers.MainActivity#38693
09-23 23:03:00.976 20383 20415 W xample.dogglers: Accessing hidden method Landroid/hardware/input/InputManager;->getInstance()Landroid/hardware/input/InputManager; (unsupported, reflection, allowed)
09-23 23:03:00.976  1186  1200 D InputTransport: Input channel destroyed: '53656b1', fd=1228
09-23 23:03:00.976 20383 20415 W xample.dogglers: Accessing hidden method Landroid/hardware/input/InputManager;->injectInputEvent(Landroid/view/InputEvent;I)Z (unsupported, reflection, allowed)
09-23 23:03:00.976 20383 20415 W xample.dogglers: Accessing hidden field Landroid/hardware/input/InputManager;->INJECT_INPUT_EVENT_MODE_WAIT_FOR_FINISH:I (unsupported, reflection, allowed)
09-23 23:03:00.977 20383 20383 D InsetsController: onStateChanged: InsetsState: {mDisplayFrame=Rect(0, 0 - 1080, 2400), mDisplayCutout=DisplayCutout{insets=Rect(0, 80 - 0, 0) waterfall=Insets{left=0, top=0, right=0, bottom=0} boundingRect={Bounds=[Rect(0, 0 - 0, 0), Rect(468, 0 - 612, 80), Rect(0, 0 - 0, 0), Rect(0, 0 - 0, 0)]} cutoutPathParserInfo={CutoutPathParserInfo{displayWidth=1080 displayHeight=2400 physicalDisplayWidth=1080 physicalDisplayHeight=2400 density={2.8125} cutoutSpec={M 0,0 H -25.6 V 28.44444444444444 H 25.6 V 0 H 0 Z @dp} rotation={0} scale={1.0} physicalPixelDisplaySizeRatio={1.0}}}}, mRoundedCorners=RoundedCorners{[RoundedCorner{position=TopLeft, radius=90, center=Point(90, 90)}, RoundedCorner{position=TopRight, radius=90, center=Point(990, 90)}, RoundedCorner{position=BottomRight, radius=90, center=Point(990, 2310)}, RoundedCorner{position=BottomLeft, radius=90, center=Point(90, 2310)}]}  mRoundedCornerFrame=Rect(0, 0 - 1080, 2400), mPrivacyIndicatorBounds=PrivacyIndicatorBounds {static bounds=Rect(956, 0 - 1080, 80) rotation=0}, mSources= { InsetsSource: {mType=ITYPE_STATUS_BAR, mFrame=[0,0][1080,80], mVisible=true, mInsetsRoundedCornerFrame=false}, InsetsSource: {mType=ITYPE_NAVIGATION_BAR, mFrame=[0,2400][1080,2400], mVisible=false, mInsetsRoundedCornerFrame=false}, InsetsSource: {mType=ITYPE_LEFT_GESTURES, mFrame=[0,0][67,2400], mVisible=true, mInsetsRoundedCornerFrame=false}, InsetsSource: {mType=ITYPE_RIGHT_GESTURES, mFrame=[1013,0][1080,2400], mVisible=true, mInsetsRoundedCornerFrame=false}, InsetsSource: {mType=ITYPE_TOP_MANDATORY_GESTURES, mFrame=[0,0][1080,114], mVisible=true, mInsetsRoundedCornerFrame=false}, InsetsSource: {mType=ITYPE_BOTTOM_MANDATORY_GESTURES, mFrame=[0,2344][1080,2400], mVisible=true, mInsetsRoundedCornerFrame=false}, InsetsSource: {mType=ITYPE_LEFT_DISPLAY_CUTOUT, mFrame=[0,0][-100000,2400], mVisible=true, mInsetsRoundedCornerFrame=false}, InsetsSource: {mType=ITYPE_TOP_DISPLAY_CUTOUT, mFrame=[0,0][1080,80], mVisible=true, mInsetsRoundedCornerFrame=false}, InsetsSource: {mType=ITYPE_RIGHT_DISPLAY_CUTOUT, mFrame=[100000,0][1080,2400], mVisible=true, mInsetsRoundedCornerFrame=false}, InsetsSource: {mType=ITYPE_BOTTOM_DISPLAY_CUTOUT, mFrame=[0,100000][1080,2400], mVisible=true, mInsetsRoundedCornerFrame=false}, InsetsSource: {mType=ITYPE_TOP_TAPPABLE_ELEMENT, mFrame=[0,0][1080,80], mVisible=true, mInsetsRoundedCornerFrame=false}, InsetsSource: {mType=ITYPE_BOTTOM_TAPPABLE_ELEMENT, mFrame=[0,0][0,0], mVisible=true, mInsetsRoundedCornerFrame=false}, InsetsSource: {mType=ITYPE_IME, mFrame=[0,0][0,0], mVisibleFrame=[0,1392][1080,2400], mVisible=false, mInsetsRoundedCornerFrame=false} } host=com.example.dogglers/com.example.dogglers.MainActivity from=android.view.ViewRootImpl.setView:1732
09-23 23:03:00.980 20383 20383 I ViewRootImpl@cfe58[MainActivity]: setView = com.android.internal.policy.DecorView@819352f TM=true
09-23 23:03:00.982 20383 20383 I MSHandlerLifeCycle: removeMultiSplitHandler: no exist. decor=DecorView@819352f[MainActivity]
09-23 23:03:00.983 20383 20383 D LifecycleMonitor: Lifecycle status change: com.example.dogglers.MainActivity@e8b6e6d in: PAUSED
09-23 23:03:00.983 20383 20383 V ActivityScenario: Update currentActivityStage to PAUSED, currentActivity=com.example.dogglers.MainActivity@e8b6e6d
09-23 23:03:00.984 20383 20383 D LifecycleMonitor: Lifecycle status change: androidx.test.core.app.InstrumentationActivityInvoker$BootstrapActivity@9997945 in: STOPPED
09-23 23:03:00.984 20383 20383 V ActivityScenario: Activity lifecycle changed event received but ignored because the intent does not match. startActivityIntent=Intent { act=android.intent.action.MAIN cat=[android.intent.category.LAUNCHER] cmp=com.example.dogglers/.MainActivity }, activity.getIntent()=Intent { act=android.intent.action.MAIN cat=[android.intent.category.LAUNCHER] flg=0x10008000 cmp=com.example.dogglers/androidx.test.core.app.InstrumentationActivityInvoker$BootstrapActivity (has extras) }, activity=androidx.test.core.app.InstrumentationActivityInvoker$BootstrapActivity@9997945
09-23 23:03:00.995  1186  1456 I SearchManagerService: _updateSearchables completed.
09-23 23:03:00.999 20383 20383 I ViewRootImpl@cfe58[MainActivity]: performTraversals params={(0,0)(fillxfill) sim={adjust=pan forwardNavigation} ty=BASE_APPLICATION wanim=0x1030309
09-23 23:03:00.999 20383 20383 I ViewRootImpl@cfe58[MainActivity]:   fl=81810100
09-23 23:03:00.999 20383 20383 I ViewRootImpl@cfe58[MainActivity]:   pfl=12020040
09-23 23:03:00.999 20383 20383 I ViewRootImpl@cfe58[MainActivity]:   bhv=DEFAULT
09-23 23:03:00.999 20383 20383 I ViewRootImpl@cfe58[MainActivity]:   fitSides= naviIconColor=0}
09-23 23:03:01.000 20383 20383 I ViewRootImpl@cfe58[MainActivity]: performTraversals mFirst=true windowShouldResize=true viewVisibilityChanged=false mForceNextWindowRelayout=false params={(0,0)(fillxfill) sim={adjust=pan forwardNavigation} ty=BASE_APPLICATION wanim=0x1030309
09-23 23:03:01.000 20383 20383 I ViewRootImpl@cfe58[MainActivity]:   fl=81810100
09-23 23:03:01.000 20383 20383 I ViewRootImpl@cfe58[MainActivity]:   pfl=12020040
09-23 23:03:01.000 20383 20383 I ViewRootImpl@cfe58[MainActivity]:   bhv=DEFAULT
09-23 23:03:01.000 20383 20383 I ViewRootImpl@cfe58[MainActivity]:   fitSides= naviIconColor=0}
09-23 23:03:01.001  1186  1200 V WindowManager: Relayout Window{53656b1 u0 com.example.dogglers/com.example.dogglers.MainActivity}: viewVisibility=0 req=1080x2400 d0
09-23 23:03:01.001   871   916 I SurfaceFlinger: id=38694 createSurf flag=40004, com.example.dogglers/com.example.dogglers.MainActivity$_20383#38694
09-23 23:03:01.005  1186  1200 V WindowManager: Relayout hash=53656b1, pid=20383, syncId=-1: mAttrs={(0,0)(fillxfill) sim={adjust=pan forwardNavigation} ty=BASE_APPLICATION wanim=0x1030309
09-23 23:03:01.005  1186  1200 V WindowManager:   fl=81810100
09-23 23:03:01.005  1186  1200 V WindowManager:   pfl=12020040
09-23 23:03:01.005  1186  1200 V WindowManager:   bhv=DEFAULT
09-23 23:03:01.005  1186  1200 V WindowManager:   fitSides= naviIconColor=0}
09-23 23:03:01.007 20383 20383 I ViewRootImpl@cfe58[MainActivity]: updateBlastSurfaceIfNeeded mBlastBufferQueue=null isSameSurfaceControl=false
09-23 23:03:01.007 20383 20383 I BLASTBufferQueue: new BLASTBufferQueue, mName= ViewRootImpl@cfe58[MainActivity] mNativeObject= 0xb400007dbe2331b0 sc.mNativeObject= 0xb400007d4e23f600 caller= android.view.ViewRootImpl.updateBlastSurfaceIfNeeded:2909 android.view.ViewRootImpl.relayoutWindow:9847 android.view.ViewRootImpl.performTraversals:3884 android.view.ViewRootImpl.doTraversal:3116 android.view.ViewRootImpl$TraversalRunnable.run:10885 android.view.Choreographer$CallbackRecord.run:1301 android.view.Choreographer$CallbackRecord.run:1309 android.view.Choreographer.doCallbacks:923 android.view.Choreographer.doFrame:852 android.view.Choreographer$FrameDisplayEventReceiver.run:1283
09-23 23:03:01.007 20383 20383 I BLASTBufferQueue: update, w= 1080 h= 2400 mName = ViewRootImpl@cfe58[MainActivity] mNativeObject= 0xb400007dbe2331b0 sc.mNativeObject= 0xb400007d4e23f600 format= -1 caller= android.graphics.BLASTBufferQueue.<init>:84 android.view.ViewRootImpl.updateBlastSurfaceIfNeeded:2909 android.view.ViewRootImpl.relayoutWindow:9847 android.view.ViewRootImpl.performTraversals:3884 android.view.ViewRootImpl.doTraversal:3116 android.view.ViewRootImpl$TraversalRunnable.run:10885
09-23 23:03:01.008 20383 20383 I ViewRootImpl@cfe58[MainActivity]: Relayout returned: old=(0,0,1080,2400) new=(0,0,1080,2400) req=(1080,2400)0 dur=7 res=0x3 s={true 0xb400007e4e2356c0} ch=true seqId=0
09-23 23:03:01.009 20383 20383 I ViewRootImpl@cfe58[MainActivity]: mThreadedRenderer.initialize() mSurface={isValid=true 0xb400007e4e2356c0} hwInitialized=true
09-23 23:03:01.010   784   784 I display : [PrimaryDisplay] getColorModes:: Supported color modes [7, 7] (SRGB)
09-23 23:03:01.010   784   784 I display : [PrimaryDisplay] getColorModes:: Supported color modes [9, 9] (DISPLAY_P3)
09-23 23:03:01.010   784   784 I display : [PrimaryDisplay] getColorModes:: Supported color modes [0, 0] (NATIVE)
09-23 23:03:01.011 20383 20417 D OpenGLRenderer: eglCreateWindowSurface
09-23 23:03:01.012 20383 20383 I ViewRootImpl@cfe58[MainActivity]: reportNextDraw android.view.ViewRootImpl.performTraversals:4438 android.view.ViewRootImpl.doTraversal:3116 android.view.ViewRootImpl$TraversalRunnable.run:10885 android.view.Choreographer$CallbackRecord.run:1301 android.view.Choreographer$CallbackRecord.run:1309
09-23 23:03:01.012 20383 20383 I ViewRootImpl@cfe58[MainActivity]: Setup new sync id=0
09-23 23:03:01.013 19146 19146 I SB_Receiver: action : com.samsung.android.sm.security.service.ACTION_SERVICE_STATUS_CHANGED
09-23 23:03:01.014 20383 20383 I ViewRootImpl@cfe58[MainActivity]: Setting syncFrameCallback
09-23 23:03:01.014 20383 20383 I ViewRootImpl@cfe58[MainActivity]: registerCallbacksForSync syncBuffer=false
09-23 23:03:01.015   538   602 I servicemanager: Could not find android.hardware.graphics.allocator.IAllocator/default in the VINTF manifest.
09-23 23:03:01.021 19146 20437 I SB_Processor: action : com.samsung.android.sm.security.service.ACTION_SERVICE_STATUS_CHANGED
09-23 23:03:01.021 19146 20437 I SB_BgScanServiceCompleted : name : app_verification, status  : completed
09-23 23:03:01.024 20383 20439 I ViewRootImpl@cfe58[MainActivity]: Received frameDrawingCallback syncResult=0 frameNum=1.
09-23 23:03:01.024 20383 20439 I ViewRootImpl@cfe58[MainActivity]: Setting up sync and frameCommitCallback
09-23 23:03:01.057 20383 20417 I BLASTBufferQueue: [ViewRootImpl@cfe58[MainActivity]#0](f:0,a:0) onFrameAvailable the first frame is available
09-23 23:03:01.058 20383 20417 I ViewRootImpl@cfe58[MainActivity]: Received frameCommittedCallback lastAttemptedDrawFrameNum=1 didProduceBuffer=true
09-23 23:03:01.058 20383 20417 D OpenGLRenderer: CFMS:: SetUp Pid : 20383    Tid : 20417
09-23 23:03:01.060 20383 20417 W Parcel  : Expecting binder but got null!
09-23 23:03:01.060 20383 20383 I ViewRootImpl@cfe58[MainActivity]: onSyncComplete
09-23 23:03:01.061 20383 20383 I ViewRootImpl@cfe58[MainActivity]: setupSync seqId=0 mSyncId=0 fn=1 caller=android.view.ViewRootImpl$$ExternalSyntheticLambda11.accept:6 android.window.SurfaceSyncer.lambda$setupSync$1$android-window-SurfaceSyncer:128 android.window.SurfaceSyncer$$ExternalSyntheticLambda1.accept:8 android.window.SurfaceSyncer$SyncSet.checkIfSyncIsComplete:382 android.window.SurfaceSyncer$SyncSet.markSyncReady:359 android.window.SurfaceSyncer.markSyncReady:151 android.view.ViewRootImpl.performTraversals:4503
09-23 23:03:01.061 20383 20383 I ViewRootImpl@cfe58[MainActivity]: reportDrawFinished seqId=0 mSyncId=-1 fn=1 mSurfaceChangedTransaction=0xb400007d7e230450
09-23 23:03:01.063 20383 20383 I ViewRootImpl@cfe58[MainActivity]: stopped(true) old = false
09-23 23:03:01.063 20383 20383 I ViewRootImpl@cfe58[MainActivity]: WindowStopped on com.example.dogglers/com.example.dogglers.MainActivity set to true
09-23 23:03:01.063 20383 20383 D LifecycleMonitor: Lifecycle status change: com.example.dogglers.MainActivity@e8b6e6d in: STOPPED
09-23 23:03:01.063 20383 20383 V ActivityScenario: Update currentActivityStage to STOPPED, currentActivity=com.example.dogglers.MainActivity@e8b6e6d
09-23 23:03:01.065 20383 20383 I MSHandlerLifeCycle: removeMultiSplitHandler: no exist. decor=DecorView@819352f[MainActivity]
09-23 23:03:01.090 20383 20417 D OpenGLRenderer: setSurface called with nullptr
09-23 23:03:01.090 20383 20417 D OpenGLRenderer: setSurface() destroyed EGLSurface
09-23 23:03:01.090 20383 20417 D OpenGLRenderer: destroyEglSurface
09-23 23:03:01.095 20383 20383 I ViewRootImpl@cfe58[MainActivity]: performTraversals mFirst=false windowShouldResize=false viewVisibilityChanged=true mForceNextWindowRelayout=false params=null
09-23 23:03:01.096  1186  4410 V WindowManager: Relayout Window{53656b1 u0 com.example.dogglers/com.example.dogglers.MainActivity}: viewVisibility=4 req=1080x2400 d0
09-23 23:03:01.097  1186  4410 V WindowManager: Relayout hash=53656b1, pid=20383, syncId=-1: mAttrs={(0,0)(fillxfill) sim={adjust=pan forwardNavigation} ty=BASE_APPLICATION wanim=0x1030309
09-23 23:03:01.097  1186  4410 V WindowManager:   fl=81810100
09-23 23:03:01.097  1186  4410 V WindowManager:   pfl=12020040
09-23 23:03:01.097  1186  4410 V WindowManager:   bhv=DEFAULT
09-23 23:03:01.097  1186  4410 V WindowManager:   fitSides= naviIconColor=0}
09-23 23:03:01.101 20383 20383 I ViewRootImpl@cfe58[MainActivity]: Relayout returned: old=(0,0,1080,2400) new=(0,0,1080,2400) req=(1080,2400)4 dur=5 res=0x2 s={false 0x0} ch=false seqId=0
09-23 23:03:01.107 20383 20383 I ViewRootImpl@cfe58[MainActivity]: handleAppVisibility mAppVisible = true visible = false
09-23 23:03:01.108  1602  1661 D OpenGLRenderer: setSurface called with nullptr
09-23 23:03:01.108  1602  1661 D OpenGLRenderer: setSurface() destroyed EGLSurface
09-23 23:03:01.108  1602  1661 D OpenGLRenderer: destroyEglSurface
09-23 23:03:01.113   871   871 I Layer   : id=38694 removeFromCurrentState com.example.dogglers/com.example.dogglers.MainActivity$_20383#38694 (123)
09-23 23:03:01.113   871   871 I SurfaceFlinger: id=38694 Removed com.example.dogglers/com.example.dogglers.MainActivity$_20383#38694 (123)
09-23 23:03:01.113   871   871 I Layer   : id=38694 Destroyed com.example.dogglers/com.example.dogglers.MainActivity$_20383#38694
09-23 23:03:01.115  1602  1659 I ViewRootImpl@9a0a204[dogglers]: performTraversals params={(0,0)(fillxfill) sim={adjust=pan} ty=APPLICATION_STARTING fmt=TRANSLUCENT wanim=0x1030001 alpha=0.0
09-23 23:03:01.115  1602  1659 I ViewRootImpl@9a0a204[dogglers]:   fl=81030118
09-23 23:03:01.115  1602  1659 I ViewRootImpl@9a0a204[dogglers]:   pfl=16000010
09-23 23:03:01.115  1602  1659 I ViewRootImpl@9a0a204[dogglers]:   bhv=DEFAULT
09-23 23:03:01.115  1602  1659 I ViewRootImpl@9a0a204[dogglers]:   fitSides= naviIconColor=0}
09-23 23:03:01.116  1602  1659 I ViewRootImpl@9a0a204[dogglers]: performTraversals mFirst=false windowShouldResize=false viewVisibilityChanged=true mForceNextWindowRelayout=false params={(0,0)(fillxfill) sim={adjust=pan} ty=APPLICATION_STARTING fmt=TRANSLUCENT wanim=0x1030001 alpha=0.0
09-23 23:03:01.116  1602  1659 I ViewRootImpl@9a0a204[dogglers]:   fl=81030118
09-23 23:03:01.116  1602  1659 I ViewRootImpl@9a0a204[dogglers]:   pfl=16000010
09-23 23:03:01.116  1602  1659 I ViewRootImpl@9a0a204[dogglers]:   bhv=DEFAULT
09-23 23:03:01.116  1602  1659 I ViewRootImpl@9a0a204[dogglers]:   fitSides= naviIconColor=0}
09-23 23:03:01.116  1186  1200 V WindowManager: Relayout Window{873c0da u0 Splash Screen com.example.dogglers}: viewVisibility=8 req=1080x2400 d0
09-23 23:03:01.118  1186  1200 V WindowManager: Relayout hash=873c0da, pid=1602, syncId=-1: mAttrs={(0,0)(fillxfill) sim={adjust=pan} ty=APPLICATION_STARTING fmt=TRANSLUCENT wanim=0x1030001 alpha=0.0
09-23 23:03:01.118  1186  1200 V WindowManager:   fl=81030118
09-23 23:03:01.118  1186  1200 V WindowManager:   pfl=16000010
09-23 23:03:01.118  1186  1200 V WindowManager:   bhv=DEFAULT
09-23 23:03:01.118  1186  1200 V WindowManager:   fitSides= naviIconColor=0}
09-23 23:03:01.120  1602  1659 I ViewRootImpl@9a0a204[dogglers]: Relayout returned: old=(0,0,1080,2400) new=(0,0,1080,2400) req=(1080,2400)8 dur=3 res=0x2 s={false 0x0} ch=true seqId=0
09-23 23:03:01.121  1602  1659 I ViewRootImpl@9a0a204[dogglers]: dispatchDetachedFromWindow
09-23 23:03:01.121  1186  1200 D InputTransport: Input channel destroyed: '873c0da', fd=1155
09-23 23:03:01.121  1186  1200 W InputManager-JNI: Input channel object '873c0da Splash Screen com.example.dogglers (client)' was disposed without first being removed with the input manager!
09-23 23:03:01.121  1186  1200 D InputTransport: Input channel destroyed: '873c0da', fd=1156
09-23 23:03:01.123  1602  1659 D InputTransport: Input channel destroyed: '873c0da', fd=265
09-23 23:03:01.124   871   871 I Layer   : id=38691 removeFromCurrentState Splash Screen com.example.dogglers$_1602#38691 (122)
09-23 23:03:01.124   871   871 I Layer   : id=38690 removeFromCurrentState 873c0da Splash Screen com.example.dogglers#38690 (122)
09-23 23:03:01.124   871   871 I SurfaceFlinger: id=38690 Removed 873c0da Splash Screen com.example.dogglers#38690 (122)
09-23 23:03:01.125   871   871 I SurfaceFlinger: id=38691 Removed Splash Screen com.example.dogglers$_1602#38691 (122)
09-23 23:03:01.125   871   871 I Layer   : id=38690 Destroyed 873c0da Splash Screen com.example.dogglers#38690
09-23 23:03:01.125   871   871 I Layer   : id=38691 Destroyed Splash Screen com.example.dogglers$_1602#38691
09-23 23:03:01.129 20383 20383 W xample.dogglers: Accessing hidden method Landroid/os/MessageQueue;->next()Landroid/os/Message; (unsupported, reflection, allowed)
09-23 23:03:01.129 20383 20383 W xample.dogglers: Accessing hidden field Landroid/os/MessageQueue;->mMessages:Landroid/os/Message; (unsupported, reflection, allowed)
09-23 23:03:01.130 20383 20383 W xample.dogglers: Accessing hidden method Landroid/os/Message;->recycleUnchecked()V (unsupported, reflection, allowed)
09-23 23:03:01.135 20383 20383 W RootViewPicker: No activity currently resumed - waiting: 10ms for one to appear.
09-23 23:03:01.146 20383 20383 W RootViewPicker: No activity currently resumed - waiting: 50ms for one to appear.
09-23 23:03:01.155  1033  1530 I bauth_FPBAuthService: pcf : 0x1012, 0 ,1 ,0 ,0 ,0 ,0, 7.0.0.0
09-23 23:03:01.155  1033  1530 I bauth_FPBAuthService: thread id : 1, preenroll_flag : 0, nd cnt : 0, cso : 0, et : 0
09-23 23:03:01.155  1033  1530 I bauth_FPBAuthService: FPBAuthService, 11416
09-23 23:03:01.197 20383 20383 W RootViewPicker: No activity currently resumed - waiting: 100ms for one to appear.
09-23 23:03:01.279  1186  1255 I NSLocationMonitor: getGPSUsingApps() called
09-23 23:03:01.286  2527 30060 I NSLocationManager_FLP: getGPSUsingApps, NO_FREEZE={5013} / FREEZE={10218, 15010218}
09-23 23:03:01.298  1186  2547 W LocationManagerService: onFreezeStateChanged, uid[15010106]=true
09-23 23:03:01.299 20383 20383 W RootViewPicker: No activity currently resumed - waiting: 500ms for one to appear.
09-23 23:03:01.347 24562 24783 I FontLog : (REDACTED) Received query %s, URI %s
09-23 23:03:01.347 24562 24783 I FontLog : (REDACTED) Query [%s] resolved to %s
09-23 23:03:01.350 24562 24783 I FontLog : (REDACTED) Fetch %s end status %s
09-23 23:03:01.354 28768 28768 I ResourceOverlayService_0: waitAndQuit called
09-23 23:03:01.354 28768 28768 I ResourceOverlayService_0: activity user id 0 process id 0
09-23 23:03:01.357 24562 24783 I FontLog : (REDACTED) Pulling font file for id = %d, cache size = %d
09-23 23:03:01.365 24562 24783 I FontLog : (REDACTED) Pulling font file for id = %d, cache size = %d
09-23 23:03:01.537 20383 20417 D OpenGLRenderer: setSurface called with nullptr
09-23 23:03:01.538 20383 20383 I ViewRootImpl@cfe58[MainActivity]: performTraversals mFirst=false windowShouldResize=false viewVisibilityChanged=true mForceNextWindowRelayout=false params=null
09-23 23:03:01.538  1186  1200 V WindowManager: Relayout Window{53656b1 u0 com.example.dogglers/com.example.dogglers.MainActivity}: viewVisibility=8 req=1080x2400 d0
09-23 23:03:01.539  1186  1200 V WindowManager: Relayout hash=53656b1, pid=20383, syncId=-1: mAttrs={(0,0)(fillxfill) sim={adjust=pan forwardNavigation} ty=BASE_APPLICATION wanim=0x1030309
09-23 23:03:01.539  1186  1200 V WindowManager:   fl=81810100
09-23 23:03:01.539  1186  1200 V WindowManager:   pfl=12020040
09-23 23:03:01.539  1186  1200 V WindowManager:   bhv=DEFAULT
09-23 23:03:01.539  1186  1200 V WindowManager:   fitSides= naviIconColor=0}
09-23 23:03:01.544 20383 20383 I ViewRootImpl@cfe58[MainActivity]: Relayout returned: old=(0,0,1080,2400) new=(0,0,1080,2400) req=(1080,2400)8 dur=5 res=0x0 s={false 0x0} ch=false seqId=0
09-23 23:03:01.644   871  2487 D NativeSemDvfsManager: acquire:: timeout = 2000 mIsAcquired = 1  mTagName : SurfaceFlinger
09-23 23:03:01.644   871  2487 E NativeCustomFrequencyManager: [NativeCFMS] BpCustomFrequencyManager::acquire()
09-23 23:03:01.644   795   875 I HYPER-HAL: [RequestManager.cpp]acquire(): Acquired ID : 1752256  [871 / 1000]    HINT : SF_GPU_MINLOCK    list : [TIMEOUT / 2000]
09-23 23:03:01.801 20383 20383 W RootViewPicker: No activity currently resumed - waiting: 2000ms for one to appear.
09-23 23:03:02.075   795 20418 I HYPER-HAL: [RequestManager.cpp]releaseLocked(): Released ID : 724223
09-23 23:03:02.156  1033  1530 I bauth_FPBAuthService: pcf : 0x1012, 0 ,1 ,0 ,0 ,0 ,0, 7.0.0.0
09-23 23:03:02.156  1033  1530 I bauth_FPBAuthService: thread id : 1, preenroll_flag : 0, nd cnt : 0, cso : 0, et : 0
09-23 23:03:02.157  1033  1530 I bauth_FPBAuthService: FPBAuthService, 11416
09-23 23:03:02.356 28768 28768 I ResourceOverlayService_0: waitAndQuit called
09-23 23:03:02.358 28768 28768 I ResourceOverlayService_0: activity user id 0 process id 0
09-23 23:03:02.642   785   785 I android.hardware.health@2.1-service-samsung: updateLrpSysfs: write: 338
09-23 23:03:02.648  1186  1186 D PhoneWindowManagerExt: ACTION_BATTERY_CHANGED - Level=72, status=2
09-23 23:03:02.649  1186  1509 W SemWifiTransportLayerUtils: getApplicationCategory - IOException com.example.dogglers
09-23 23:03:02.650  1186  1377 D MotionRecognitionService: [SAR]  onReceive : ACTION_BATTERY_CHANGED, Plugged: 2
09-23 23:03:02.650  1186  1509 W System.err: java.io.FileNotFoundException: https://play.google.com/store/apps/details?id=com.example.dogglers&hl=en
09-23 23:03:02.650  1186  1509 W System.err: 	at com.android.okhttp.internal.huc.HttpURLConnectionImpl.getInputStream(HttpURLConnectionImpl.java:255)
09-23 23:03:02.650  1186  1509 W System.err: 	at com.android.okhttp.internal.huc.DelegatingHttpsURLConnection.getInputStream(DelegatingHttpsURLConnection.java:211)
09-23 23:03:02.650  1186  1509 W System.err: 	at com.android.okhttp.internal.huc.HttpsURLConnectionImpl.getInputStream(HttpsURLConnectionImpl.java:30)
09-23 23:03:02.650  1186  1509 W System.err: 	at com.samsung.android.server.wifi.tcp.SemWifiTransportLayerUtils.getApplicationCategory(SemWifiTransportLayerUtils.java:104)
09-23 23:03:02.650  1186  1509 W System.err: 	at com.samsung.android.server.wifi.tcp.SemWifiTransportLayerMonitor$TcpMonitorHandler.handleMessage(SemWifiTransportLayerMonitor.java:244)
09-23 23:03:02.650  1186  1509 W System.err: 	at android.os.Handler.dispatchMessage(Handler.java:106)
09-23 23:03:02.650  1186  1509 W System.err: 	at android.os.Looper.loopOnce(Looper.java:226)
09-23 23:03:02.650  1186  1509 W System.err: 	at android.os.Looper.loop(Looper.java:313)
09-23 23:03:02.650  1186  1509 W System.err: 	at android.os.HandlerThread.run(HandlerThread.java:67)
09-23 23:03:02.651  1186  1186 D SemWifiApBroadcastReceiver: Received : android.intent.action.BATTERY_CHANGED
09-23 23:03:02.651  1575  1575 D SemBigDataInfoController: Intent: android.intent.action.BATTERY_CHANGED
09-23 23:03:02.652  1186  1509 D SemWifiTransportLayerMonitor.TcpMonitorHandler: MSG_SAVE_PACKAGE_INFO
09-23 23:03:02.652  1186  1509 D SemWifiTransportLayerFileManager: saveWifiPackageInfoToFile
09-23 23:03:02.652  1186  1509 D SemWifiTransportLayerFileManager: writeWifiPackageInfoList
09-23 23:03:02.652  1602  1602 D SamsungBatteryMeterDrawable: onBatteryLevelChanged isSomethingChanged: false
09-23 23:03:02.652  1602  1602 D SamsungBatteryMeterDrawable: onBatteryLevelChanged isSomethingChanged: false
09-23 23:03:02.653  1602  1602 D SamsungBatteryMeterDrawable: onBatteryLevelChanged isSomethingChanged: false
09-23 23:03:02.654  1602  1602 D SamsungBatteryMeterDrawable: onBatteryLevelChanged isSomethingChanged: false
09-23 23:03:02.654  1575  1575 D SemBigDataInfoController: Intent: android.intent.action.BATTERY_CHANGED
09-23 23:03:02.654  1602  1602 I PowerUI : mBootCompleted = true |  mFullyConnected = true
09-23 23:03:02.656  1602 24249 D SecPowerUI.Notification: dismissing low battery warning: level=72
09-23 23:03:02.656  1602 24249 D SecPowerUI.Notification: updateNotification mWarning=false mPlaySound=false
09-23 23:03:02.656  1602 24249 D SecPowerUI.Notification: SecBatteryStatsSnapshot{batteryLevel=72, currentBatteryMode=0, chargingTime=3915000, chargingType=11, batteryHealth=2, automaticTestMode=false, isHiccupState=false}
09-23 23:03:02.657  1602  1602 W PowerUI : Plug reason
09-23 23:03:02.658  1602  1602 W PowerUI : Skip charging animation - by plug status
09-23 23:03:02.658  1602  1602 D PowerUI : priorPlugType = 2 mPlugType = 2 priorBatteryStatus = 2 mBatteryStatus = 2
09-23 23:03:02.658  1602  1602 W PowerUI : Plug reason
09-23 23:03:02.658  1602  1602 W PowerUI : Skip charging sound - by plug status
09-23 23:03:02.658  1602  1602 I PowerUI : oldMisalign : false, curMisalign : false
09-23 23:03:02.659  1602 24249 D SecPowerUI.Notification: 1. restoreScreenTimeOut - saved_value : :
09-23 23:03:02.659  1602 24249 E SecPowerUI.Notification: no saved value, so we do nothing !!
09-23 23:03:02.661  1602  1602 D SecPowerUI.Notification: showChargingNotice oldChargingType : 11 / currentChargingType : 11, oldChargingTime : 3915000 / mChargingTime : 3915000
09-23 23:03:02.661  1602  1602 D SecPowerUI.Notification: There is no change about charging status, so return!
09-23 23:03:02.661  1602  1602 D PowerUI : Battery swelling mode - priorBatterySwellingMode = 0 mBatterySwellingMode = 0 mBatteryStatus = 2
09-23 23:03:02.661  1602  1602 I PowerUI : mBatteryMiscEvent = 65536
09-23 23:03:02.663  1602  1602 I PowerUI : checkShouldTurnOffProtectBattery : -1, Scheduling start ? : false
09-23 23:03:02.663  1602  1602 I PowerUI : Clear time
09-23 23:03:02.665  1186  4410 D SecContentProvider: query(), uri = 17 selection = isSettingsChangesAllowed
09-23 23:03:02.668  1602  1602 D KeyguardUpdateMonitor: received broadcast android.intent.action.BATTERY_CHANGED
09-23 23:03:02.668  1602  1602 I AODBatteryManager: updateBatteryData: ACTION_BATTERY_CHANGED
09-23 23:03:02.671  1602  1602 I AODBatteryManager: saveBatteryData : AOD BatteryData [mBatteryLevel=72, mBatteryStatus=CHARGING, mBatteryPlugType=USB, mBatteryPlugged=true, mRemainingChargeTime=3915000, mBatteryChargingType=1, mBatteryChargerType=NORMAL, mBatteryOnline=USB, mBatterySwellingMode=NONE, mBatteryProtectMode=false]
09-23 23:03:02.671  1602  1602 D KeyguardUpdateMonitor: handleBatteryUpdate
09-23 23:03:03.157  1033  1530 I bauth_FPBAuthService: pcf : 0x1012, 0 ,1 ,0 ,0 ,0 ,0, 7.0.0.0
