09-23 23:03:34.096  2080  2080 I BaseActivity: addActivityFlags, flags : 1
09-23 23:03:34.096  2080  2080 W LauncherAppWidgetHost: setShouldListenFlag, mFlags:2 flag:start on:true isFront:false
09-23 23:03:34.096  2080  2080 W Launcher: onStart isListening : false isLoading false
09-23 23:03:34.098 18532 18532 I Finsky  : [2] ContentSyncJob.v(14): [ContentSync] job started
09-23 23:03:34.100  1186  1232 D PersonaActivityHelper: Activity not in resumed state, do not run immediate lock
09-23 23:03:34.100  2080  2080 I MSHandlerLifeCycle: removeMultiSplitHandler: no exist. decor=DecorView@71ff488[LauncherActivity]
09-23 23:03:34.100  2080  2080 I ViewRootImpl@782dd03[LauncherActivity]: stopped(false) old = false
09-23 23:03:34.100  2080  2080 I Launcher: !@Boot_DEBUG: Launcher.onResume()
09-23 23:03:34.100  2080  2080 I Launcher: !@Boot_EBS_D: Launcher.onResume()
09-23 23:03:34.100  2080  2080 I BaseActivity: addActivityFlags, flags : 18
09-23 23:03:34.100  2080  2080 I BaseActivity: removeActivityFlags, flags : 32
09-23 23:03:34.101  2080  2080 I AppsSearchBar: restoreCurrentCellLayoutAlpha: null
09-23 23:03:34.101  2080  2080 W SearchLauncherServiceMover: isMoving : false
09-23 23:03:34.101  2080  2080 I DecorView: notifyKeepScreenOnChanged: keepScreenOn=false
09-23 23:03:34.101 20383 20417 D OpenGLRenderer: setSurface called with nullptr
09-23 23:03:34.102  2080  2330 I IMM_LC  : hsifw() - flag : 0
09-23 23:03:34.102  2080  2330 I IMM_LC  : hsifw() ignore mServedView == null or mServedView.getWindowToken() != windowToken, mServedView :0
09-23 23:03:34.103  2080  2080 I Launcher: setWallpaperOffsets
09-23 23:03:34.105 20383 20417 D OpenGLRenderer: setSurface() destroyed EGLSurface
09-23 23:03:34.105 20383 20417 D OpenGLRenderer: destroyEglSurface
09-23 23:03:34.105  2080  2080 I DecorView: notifyKeepScreenOnChanged: keepScreenOn=false
09-23 23:03:34.105  2080  2080 I MSHandlerLifeCycle: removeMultiSplitHandler: no exist. decor=DecorView@71ff488[LauncherActivity]
09-23 23:03:34.108  1186  1232 D EnterpriseDeviceManagerService: isMdmAdminPresentInternal() : MDM Admin Found - com.samsung.knox.securefolder
09-23 23:03:34.108 22590 22590 I dnca    : onStart
09-23 23:03:34.111  2080  2080 W NavigableAppWidgetHostView: setResizeScaleResult() 1002/ 355 scaleToResize = 1.0(widget id = 26) 1cad05f 0,0-1002,355
09-23 23:03:34.112  2080 13317 I Launcher: DisplayMetrics from Resources : DisplayMetrics{density=2.8125, width=1080, height=2320, scaledDensity=3.09375, xdpi=409.432, ydpi=411.891}
09-23 23:03:34.112  2080 13317 I Launcher: realMetrics from Wm : DisplayMetrics{density=2.8125, width=1080, height=2400, scaledDensity=2.8125, xdpi=409.432, ydpi=411.891}
09-23 23:03:34.112  2080  2080 W NavigableAppWidgetHostView: setResizeScaleResult() 498/ 716 scaleToResize = 1.0(widget id = 33) 6a2d344 504,361-1002,1077
09-23 23:03:34.112  2080 13317 I Launcher: Launcher DeviceProfile onResume availSize: 1080x2320 windowSize: 1080x2400 isLandscape: false
09-23 23:03:34.113 19252 19252 I BSS_SysUiManager: handleMessage = 9, 3, 7609
09-23 23:03:34.113  1186  2620 I MediaSessionMonitor: Media session stopped : controllerList empty
09-23 23:03:34.114  2080  2080 I ViewRootImpl@782dd03[LauncherActivity]: performTraversals params={(0,0)(fillxfill) sim={adjust=nothing forwardNavigation} layoutInDisplayCutoutMode=shortEdges ty=BASE_APPLICATION fmt=TRANSPARENT wanim=0x10302f4
09-23 23:03:34.114  2080  2080 I ViewRootImpl@782dd03[LauncherActivity]:   fl=81910100
09-23 23:03:34.114  2080  2080 I ViewRootImpl@782dd03[LauncherActivity]:   pfl=1e020040
09-23 23:03:34.114  2080  2080 I ViewRootImpl@782dd03[LauncherActivity]:   vsysui=1700
09-23 23:03:34.114  2080  2080 I ViewRootImpl@782dd03[LauncherActivity]:   bhv=SHOW_TRANSIENT_BARS_BY_SWIPE
09-23 23:03:34.114  2080  2080 I ViewRootImpl@782dd03[LauncherActivity]:   fitSides= screenDimDuration=200000 naviIconColor=0}
09-23 23:03:34.114 19252 19252 I BSS_SysUiManager: handleMessage = 9, 4, 7701
09-23 23:03:34.114 19252 19252 I BSS_SysUiManager: handleMessage = 9, 4, 7609
09-23 23:03:34.115 20383 20383 I ViewRootImpl@6f4dd30[InstrumentationActivityInvoker$EmptyActivity]: performTraversals mFirst=false windowShouldResize=false viewVisibilityChanged=true mForceNextWindowRelayout=false params=null
09-23 23:03:34.115  2080  2080 I ViewRootImpl@782dd03[LauncherActivity]: performTraversals mFirst=false windowShouldResize=false viewVisibilityChanged=true mForceNextWindowRelayout=false params={(0,0)(fillxfill) sim={adjust=nothing forwardNavigation} layoutInDisplayCutoutMode=shortEdges ty=BASE_APPLICATION fmt=TRANSPARENT wanim=0x10302f4
09-23 23:03:34.115  2080  2080 I ViewRootImpl@782dd03[LauncherActivity]:   fl=81910100
09-23 23:03:34.115  2080  2080 I ViewRootImpl@782dd03[LauncherActivity]:   pfl=1e020040
09-23 23:03:34.115  2080  2080 I ViewRootImpl@782dd03[LauncherActivity]:   vsysui=1700
09-23 23:03:34.115  2080  2080 I ViewRootImpl@782dd03[LauncherActivity]:   bhv=SHOW_TRANSIENT_BARS_BY_SWIPE
09-23 23:03:34.115  2080  2080 I ViewRootImpl@782dd03[LauncherActivity]:   fitSides= screenDimDuration=200000 naviIconColor=0}
09-23 23:03:34.115  1186  1199 V WindowManager: Relayout Window{20010d3 u0 com.example.dogglers/androidx.test.core.app.InstrumentationActivityInvoker$EmptyActivity}: viewVisibility=4 req=1080x2400 d0
09-23 23:03:34.117  1186  4410 V WindowManager: Relayout Window{2961ae6 u0 com.sec.android.app.launcher/com.sec.android.app.launcher.activities.LauncherActivity}: viewVisibility=0 req=1080x2400 d0
09-23 23:03:34.117   871  1064 I SurfaceFlinger: id=38701 createSurf flag=40004, com.sec.android.app.launcher/com.sec.android.app.launcher.activities.LauncherActivity$_2080#38701
09-23 23:03:34.121  1186  1199 V WindowManager: Relayout hash=20010d3, pid=20383, syncId=-1: mAttrs={(0,0)(fillxfill) sim={adjust=pan forwardNavigation} ty=BASE_APPLICATION wanim=0x1030001
09-23 23:03:34.121  1186  1199 V WindowManager:   fl=1810100
09-23 23:03:34.121  1186  1199 V WindowManager:   pfl=12020040
09-23 23:03:34.121  1186  1199 V WindowManager:   bhv=DEFAULT
09-23 23:03:34.121  1186  1199 V WindowManager:   fitSides= naviIconColor=0}
09-23 23:03:34.122  1186  4410 V WindowManager: Relayout hash=2961ae6, pid=2080, syncId=-1: mAttrs={(0,0)(fillxfill) sim={adjust=nothing forwardNavigation} layoutInDisplayCutoutMode=shortEdges ty=BASE_APPLICATION fmt=TRANSPARENT wanim=0x10302f4
09-23 23:03:34.122  1186  4410 V WindowManager:   fl=81910100
09-23 23:03:34.122  1186  4410 V WindowManager:   pfl=1e020040
09-23 23:03:34.122  1186  4410 V WindowManager:   vsysui=1700
09-23 23:03:34.122  1186  4410 V WindowManager:   bhv=SHOW_TRANSIENT_BARS_BY_SWIPE
09-23 23:03:34.122  1186  4410 V WindowManager:   fitSides= screenDimDuration=200000 naviIconColor=0}
09-23 23:03:34.126 20383 20383 I ViewRootImpl@6f4dd30[InstrumentationActivityInvoker$EmptyActivity]: Relayout returned: old=(0,0,1080,2400) new=(0,0,1080,2400) req=(1080,2400)4 dur=10 res=0x2 s={false 0x0} ch=false seqId=0
09-23 23:03:34.127  2080  2080 I ViewRootImpl@782dd03[LauncherActivity]: updateBlastSurfaceIfNeeded mBlastBufferQueue=null isSameSurfaceControl=false
09-23 23:03:34.129 20383 20383 D LifecycleMonitor: Lifecycle status change: androidx.test.core.app.InstrumentationActivityInvoker$EmptyActivity@5ce9cda in: DESTROYED
09-23 23:03:34.130 20383 20383 V ActivityScenario: Activity lifecycle changed event received but ignored because the intent does not match. startActivityIntent=Intent { act=android.intent.action.MAIN cat=[android.intent.category.LAUNCHER] cmp=com.example.dogglers/.MainActivity }, activity.getIntent()=Intent { act=android.intent.action.MAIN cat=[android.intent.category.LAUNCHER] flg=0x10000000 cmp=com.example.dogglers/androidx.test.core.app.InstrumentationActivityInvoker$EmptyActivity }, activity=androidx.test.core.app.InstrumentationActivityInvoker$EmptyActivity@5ce9cda
09-23 23:03:34.131 20383 20383 I MSHandlerLifeCycle: removeMultiSplitHandler: no exist. decor=DecorView@593ed32[InstrumentationActivityInvoker$EmptyActivity]
09-23 23:03:34.132  2080  2080 I BLASTBufferQueue: new BLASTBufferQueue, mName= ViewRootImpl@782dd03[LauncherActivity] mNativeObject= 0xb400007dbe292390 sc.mNativeObject= 0xb400007d4e32bb40 caller= android.view.ViewRootImpl.updateBlastSurfaceIfNeeded:2909 android.view.ViewRootImpl.relayoutWindow:9847 android.view.ViewRootImpl.performTraversals:3884 android.view.ViewRootImpl.doTraversal:3116 android.view.ViewRootImpl$TraversalRunnable.run:10885 android.view.Choreographer$CallbackRecord.run:1301 android.view.Choreographer$CallbackRecord.run:1309 android.view.Choreographer.doCallbacks:923 android.view.Choreographer.doFrame:852 android.view.Choreographer$FrameDisplayEventReceiver.run:1283
09-23 23:03:34.132  2080  2080 I BLASTBufferQueue: update, w= 1080 h= 2400 mName = ViewRootImpl@782dd03[LauncherActivity] mNativeObject= 0xb400007dbe292390 sc.mNativeObject= 0xb400007d4e32bb40 format= -2 caller= android.graphics.BLASTBufferQueue.<init>:84 android.view.ViewRootImpl.updateBlastSurfaceIfNeeded:2909 android.view.ViewRootImpl.relayoutWindow:9847 android.view.ViewRootImpl.performTraversals:3884 android.view.ViewRootImpl.doTraversal:3116 android.view.ViewRootImpl$TraversalRunnable.run:10885
09-23 23:03:34.133  2080  2080 I ViewRootImpl@782dd03[LauncherActivity]: Relayout returned: old=(0,0,1080,2400) new=(0,0,1080,2400) req=(1080,2400)0 dur=11 res=0x3 s={true 0xb400007e4e485420} ch=true seqId=0
09-23 23:03:34.133 20383 20417 D OpenGLRenderer: setSurface called with nullptr
09-23 23:03:34.134 20383 20383 I ViewRootImpl@7dc7400[InstrumentationActivityInvoker$EmptyActivity]: dispatchDetachedFromWindow
09-23 23:03:34.134  1186  1322 D InputTransport: Input channel destroyed: '7ef13ae', fd=1200
09-23 23:03:34.134  1186  1322 W InputManager-JNI: Input channel object '7ef13ae com.example.dogglers/androidx.test.core.app.InstrumentationActivityInvoker$EmptyActivity (client)' was disposed without first being removed with the input manager!
09-23 23:03:34.134  1186  1322 D InputTransport: Input channel destroyed: '7ef13ae', fd=1230
09-23 23:03:34.134  2080  2080 I LauncherRootView: handleSystemWindowInsets Rect(0, 80 - 0, 0)
09-23 23:03:34.135  2080  2080 I ViewRootImpl@782dd03[LauncherActivity]: mThreadedRenderer.initialize() mSurface={isValid=true 0xb400007e4e485420} hwInitialized=true
09-23 23:03:34.135  2080  2080 W NavigableAppWidgetHostView: setResizeScaleResult() 1002/ 355 scaleToResize = 1.0(widget id = 26) 1cad05f 0,0-1002,355
09-23 23:03:34.136  2080  2080 W NavigableAppWidgetHostView: setResizeScaleResult() 498/ 716 scaleToResize = 1.0(widget id = 33) 6a2d344 504,361-1002,1077
09-23 23:03:34.136 20383 20383 D InputTransport: Input channel destroyed: '7ef13ae', fd=88
09-23 23:03:34.139 20383 20383 D LifecycleMonitor: Lifecycle status change: androidx.test.core.app.InstrumentationActivityInvoker$EmptyActivity@32fb7d7 in: DESTROYED
09-23 23:03:34.139 20383 20383 V ActivityScenario: Activity lifecycle changed event received but ignored because the intent does not match. startActivityIntent=Intent { act=android.intent.action.MAIN cat=[android.intent.category.LAUNCHER] cmp=com.example.dogglers/.MainActivity }, activity.getIntent()=Intent { act=android.intent.action.MAIN cat=[android.intent.category.LAUNCHER] flg=0x10000000 cmp=com.example.dogglers/androidx.test.core.app.InstrumentationActivityInvoker$EmptyActivity }, activity=androidx.test.core.app.InstrumentationActivityInvoker$EmptyActivity@32fb7d7
09-23 23:03:34.140 20383 20383 I MSHandlerLifeCycle: removeMultiSplitHandler: no exist. decor=DecorView@6be06e2[InstrumentationActivityInvoker$EmptyActivity]
09-23 23:03:34.142  2080 20083 I RecentModel: onTaskStackChangedBackground
09-23 23:03:34.142  2080  2080 I ViewRootImpl@782dd03[LauncherActivity]: reportNextDraw android.view.ViewRootImpl.performTraversals:4438 android.view.ViewRootImpl.doTraversal:3116 android.view.ViewRootImpl$TraversalRunnable.run:10885 android.view.Choreographer$CallbackRecord.run:1301 android.view.Choreographer$CallbackRecord.run:1309
09-23 23:03:34.142  2080  2080 I ViewRootImpl@782dd03[LauncherActivity]: Setup new sync id=179
09-23 23:03:34.142  2080  2080 I ViewRootImpl@782dd03[LauncherActivity]: Setting syncFrameCallback
09-23 23:03:34.142   871   871 I Layer   : id=38696 removeFromCurrentState 7ef13ae com.example.dogglers/androidx.test.core.app.InstrumentationActivityInvoker$EmptyActivity#38696 (123)
09-23 23:03:34.142   871   871 I SurfaceFlinger: id=38696 Removed 7ef13ae com.example.dogglers/androidx.test.core.app.InstrumentationActivityInvoker$EmptyActivity#38696 (123)
09-23 23:03:34.142  2080  2080 I ViewRootImpl@782dd03[LauncherActivity]: registerCallbacksForSync syncBuffer=false
09-23 23:03:34.142   871   871 I Layer   : id=38696 Destroyed 7ef13ae com.example.dogglers/androidx.test.core.app.InstrumentationActivityInvoker$EmptyActivity#38696
09-23 23:03:34.145 20383 20417 D OpenGLRenderer: setSurface called with nullptr
09-23 23:03:34.145 20383 20383 I ViewRootImpl@6f4dd30[InstrumentationActivityInvoker$EmptyActivity]: dispatchDetachedFromWindow
09-23 23:03:34.146  1186  4410 D InputTransport: Input channel destroyed: '20010d3', fd=1231
09-23 23:03:34.146  1186  4410 W InputManager-JNI: Input channel object '20010d3 com.example.dogglers/androidx.test.core.app.InstrumentationActivityInvoker$EmptyActivity (client)' was disposed without first being removed with the input manager!
09-23 23:03:34.146  1186  4410 D InputTransport: Input channel destroyed: '20010d3', fd=1233
09-23 23:03:34.146  4177  4954 I SemDvfsHyPerManager: acquire hyper - GovernorS5e8825_SYSFS/4177@20, type = -999
09-23 23:03:34.147   795   875 I HYPER-HAL: [RequestManager.cpp]acquire(): Acquired ID : 8809523  [4177 / 20]    HINT :      list : [EMSTUNE_REQMODE / 1]
09-23 23:03:34.153   871   871 I Layer   : id=38695 removeFromCurrentState ActivityRecord{dd2ed03 u0 com.example.dogglers/androidx.test.core.app.InstrumentationActivityInvoker$EmptyActivity} t7701}#38695 (122)
09-23 23:03:34.153   871   871 I SurfaceFlinger: id=38695 Removed ActivityRecord{dd2ed03 u0 com.example.dogglers/androidx.test.core.app.InstrumentationActivityInvoker$EmptyActivity} t7701}#38695 (122)
09-23 23:03:34.153   871   871 I Layer   : id=38695 Destroyed ActivityRecord{dd2ed03 u0 com.example.dogglers/androidx.test.core.app.InstrumentationActivityInvoker$EmptyActivity} t7701}#38695
09-23 23:03:34.159  2080  2334 I LiveIconUpdateEventHandler: cancelMinuteChangeAlarm
09-23 23:03:34.166  2080  4600 I ViewRootImpl@782dd03[LauncherActivity]: Received frameDrawingCallback syncResult=0 frameNum=1.
09-23 23:03:34.166  2080  4600 I ViewRootImpl@782dd03[LauncherActivity]: Setting up sync and frameCommitCallback
09-23 23:03:34.170 19252 19252 I BSS_SysUiManager: handleMessage = 9, 1, 0
09-23 23:03:34.171  2633  2633 E pageboostd: Received HALT command code 2
09-23 23:03:34.173  2080  4291 I BLASTBufferQueue: [ViewRootImpl@782dd03[LauncherActivity]#362](f:0,a:0) onFrameAvailable the first frame is available
09-23 23:03:34.174  2080  4291 I ViewRootImpl@782dd03[LauncherActivity]: Received frameCommittedCallback lastAttemptedDrawFrameNum=1 didProduceBuffer=true
09-23 23:03:34.174  2080  2080 I ViewRootImpl@782dd03[LauncherActivity]: onSyncComplete
09-23 23:03:34.175  2080  2080 I ViewRootImpl@782dd03[LauncherActivity]: setupSync seqId=0 mSyncId=179 fn=1 caller=android.view.ViewRootImpl$$ExternalSyntheticLambda11.accept:6 android.window.SurfaceSyncer.lambda$setupSync$1$android-window-SurfaceSyncer:128 android.window.SurfaceSyncer$$ExternalSyntheticLambda1.accept:8 android.window.SurfaceSyncer$SyncSet.checkIfSyncIsComplete:382 android.window.SurfaceSyncer$SyncSet.markSyncReady:359 android.window.SurfaceSyncer.markSyncReady:151 android.view.ViewRootImpl.performTraversals:4503
09-23 23:03:34.175  2080  2080 I ViewRootImpl@782dd03[LauncherActivity]: reportDrawFinished seqId=0 mSyncId=-1 fn=1 mSurfaceChangedTransaction=0xb400007d7e24b570
09-23 23:03:34.181 20383 20383 D InputTransport: Input channel destroyed: '20010d3', fd=100
09-23 23:03:34.182  1033  1530 I bauth_FPBAuthService: pcf : 0x1012, 0 ,1 ,0 ,0 ,0 ,0, 7.0.0.0
09-23 23:03:34.182  1033  1530 I bauth_FPBAuthService: thread id : 1, preenroll_flag : 0, nd cnt : 0, cso : 0, et : 0
09-23 23:03:34.183  1033  1530 I bauth_FPBAuthService: FPBAuthService, 11416
09-23 23:03:34.184 20383 20415 E TestRunner: failed: grid_list_button_is_displayed(com.example.dogglers.ButtonTests)
09-23 23:03:34.184 20383 20415 E TestRunner: ----- begin exception -----
09-23 23:03:34.186  2080  2080 I BaseActivity: removeActivityFlags, flags : 6
09-23 23:03:34.186  2080  2080 I DragController: endDrag
09-23 23:03:34.186  2080  2080 W LauncherAppWidgetHost: setShouldListenFlag, mFlags:6 flag:resume on:false isFront:false
09-23 23:03:34.186  2080  2080 I SPayUpdater: updateSpayHandler launcher activity is paused false
09-23 23:03:34.187   871   871 I Layer   : id=38700 removeFromCurrentState com.example.dogglers/androidx.test.core.app.InstrumentationActivityInvoker$EmptyActivity$_20383#38700 (121)
09-23 23:03:34.187   871   871 I Layer   : id=38699 removeFromCurrentState 20010d3 com.example.dogglers/androidx.test.core.app.InstrumentationActivityInvoker$EmptyActivity#38699 (121)
09-23 23:03:34.187   871   871 I SurfaceFlinger: id=38700 Removed com.example.dogglers/androidx.test.core.app.InstrumentationActivityInvoker$EmptyActivity$_20383#38700 (121)
09-23 23:03:34.187   871   871 I SurfaceFlinger: id=38699 Removed 20010d3 com.example.dogglers/androidx.test.core.app.InstrumentationActivityInvoker$EmptyActivity#38699 (121)
09-23 23:03:34.187   871   871 I Layer   : id=38699 Destroyed 20010d3 com.example.dogglers/androidx.test.core.app.InstrumentationActivityInvoker$EmptyActivity#38699
09-23 23:03:34.187   871   871 I Layer   : id=38700 Destroyed com.example.dogglers/androidx.test.core.app.InstrumentationActivityInvoker$EmptyActivity$_20383#38700
09-23 23:03:34.187  2080  2334 I LiveIconUpdateEventHandler: setMinuteChangeAlarm Sat Sep 23 23:04:00 GMT+04:00 2023
09-23 23:03:34.189 20383 20415 E TestRunner: androidx.test.espresso.NoActivityResumedException: No activities in stage RESUMED. Did you forget to launch the activity. (test.getActivity() or similar)?
09-23 23:03:34.189 20383 20415 E TestRunner: 	at dalvik.system.VMStack.getThreadStackTrace(Native Method)
09-23 23:03:34.189 20383 20415 E TestRunner: 	at java.lang.Thread.getStackTrace(Thread.java:1841)
09-23 23:03:34.189 20383 20415 E TestRunner: 	at androidx.test.espresso.base.DefaultFailureHandler.getUserFriendlyError(DefaultFailureHandler.java:12)
09-23 23:03:34.189 20383 20415 E TestRunner: 	at androidx.test.espresso.base.DefaultFailureHandler.handle(DefaultFailureHandler.java:7)
09-23 23:03:34.189 20383 20415 E TestRunner: 	at androidx.test.espresso.ViewInteraction.waitForAndHandleInteractionResults(ViewInteraction.java:8)
09-23 23:03:34.189 20383 20415 E TestRunner: 	at androidx.test.espresso.ViewInteraction.check(ViewInteraction.java:12)
09-23 23:03:34.189 20383 20415 E TestRunner: 	at com.example.dogglers.ButtonTests.grid_list_button_is_displayed(ButtonTests.kt:49)
09-23 23:03:34.189 20383 20415 E TestRunner: 	at java.lang.reflect.Method.invoke(Native Method)
09-23 23:03:34.189 20383 20415 E TestRunner: 	at org.junit.runners.model.FrameworkMethod$1.runReflectiveCall(FrameworkMethod.java:50)
09-23 23:03:34.189 20383 20415 E TestRunner: 	at org.junit.internal.runners.model.ReflectiveCallable.run(ReflectiveCallable.java:12)
09-23 23:03:34.189 20383 20415 E TestRunner: 	at org.junit.runners.model.FrameworkMethod.invokeExplosively(FrameworkMethod.java:47)
09-23 23:03:34.189 20383 20415 E TestRunner: 	at org.junit.internal.runners.statements.InvokeMethod.evaluate(InvokeMethod.java:17)
09-23 23:03:34.189 20383 20415 E TestRunner: 	at org.junit.rules.ExternalResource$1.evaluate(ExternalResource.java:48)
09-23 23:03:34.189 20383 20415 E TestRunner: 	at org.junit.rules.RunRules.evaluate(RunRules.java:20)
09-23 23:03:34.189 20383 20415 E TestRunner: 	at org.junit.runners.ParentRunner.runLeaf(ParentRunner.java:325)
09-23 23:03:34.189 20383 20415 E TestRunner: 	at org.junit.runners.BlockJUnit4ClassRunner.runChild(BlockJUnit4ClassRunner.java:78)
09-23 23:03:34.189 20383 20415 E TestRunner: 	at org.junit.runners.BlockJUnit4ClassRunner.runChild(BlockJUnit4ClassRunner.java:57)
09-23 23:03:34.189 20383 20415 E TestRunner: 	at org.junit.runners.ParentRunner$3.run(ParentRunner.java:290)
09-23 23:03:34.189 20383 20415 E TestRunner: 	at org.junit.runners.ParentRunner$1.schedule(ParentRunner.java:71)
09-23 23:03:34.189 20383 20415 E TestRunner: 	at org.junit.runners.ParentRunner.runChildren(ParentRunner.java:288)
09-23 23:03:34.189 20383 20415 E TestRunner: 	at org.junit.runners.ParentRunner.access$000(ParentRunner.java:58)
09-23 23:03:34.189 20383 20415 E TestRunner: 	at org.junit.runners.ParentRunner$2.evaluate(ParentRunner.java:268)
09-23 23:03:34.189 20383 20415 E TestRunner: 	at org.junit.runners.ParentRunner.run(ParentRunner.java:363)
09-23 23:03:34.189 20383 20415 E TestRunner: 	at androidx.test.ext.junit.runners.AndroidJUnit4.run(AndroidJUnit4.java:162)
09-23 23:03:34.189 20383 20415 E TestRunner: 	at org.junit.runners.Suite.runChild(Suite.java:128)
09-23 23:03:34.189 20383 20415 E TestRunner: 	at org.junit.runners.Suite.runChild(Suite.java:27)
09-23 23:03:34.189 20383 20415 E TestRunner: 	at org.junit.runners.ParentRunner$3.run(ParentRunner.java:290)
09-23 23:03:34.189 20383 20415 E TestRunner: 	at org.junit.runners.ParentRunner$1.schedule(ParentRunner.java:71)
09-23 23:03:34.189 20383 20415 E TestRunner: 	at org.junit.runners.ParentRunner.runChildren(ParentRunner.java:288)
09-23 23:03:34.189 20383 20415 E TestRunner: 	at org.junit.runners.ParentRunner.access$000(ParentRunner.java:58)
09-23 23:03:34.189 20383 20415 E TestRunner: 	at org.junit.runners.ParentRunner$2.evaluate(ParentRunner.java:268)
09-23 23:03:34.189 20383 20415 E TestRunner: 	at org.junit.runners.ParentRunner.run(ParentRunner.java:363)
09-23 23:03:34.189 20383 20415 E TestRunner: 	at org.junit.runner.JUnitCore.run(JUnitCore.java:137)
09-23 23:03:34.189 20383 20415 E TestRunner: 	at org.junit.runner.JUnitCore.run(JUnitCore.java:115)
09-23 23:03:34.189 20383 20415 E TestRunner: 	at androidx.test.internal.runner.TestExecutor.execute(TestExecutor.java:56)
09-23 23:03:34.189 20383 20415 E TestRunner: 	at androidx.test.runner.AndroidJUnitRunner.onStart(AndroidJUnitRunner.java:444)
09-23 23:03:34.189 20383 20415 E TestRunner: 	at android.app.Instrumentation$InstrumentationThread.run(Instrumentation.java:2335)
09-23 23:03:34.189 20383 20415 E TestRunner: ----- end exception -----
09-23 23:03:34.191  2080  2080 I TopTaskTracker: onTaskMovedToFront : taskId = 7609
09-23 23:03:34.191  2080  2334 I LiveIconViewUpdater: onUpdateLiveIcon - id : 73, itemType : 0
09-23 23:03:34.192   871  1063 I SurfaceFlinger: id=38702 createSurf flag=24004, Task=7701#38702
09-23 23:03:34.192  2080  2080 I ViewRootImpl@782dd03[LauncherActivity]: stopped(true) old = false
09-23 23:03:34.192  2080  2080 I ViewRootImpl@782dd03[LauncherActivity]: WindowStopped on com.sec.android.app.launcher/com.sec.android.app.launcher.activities.LauncherActivity set to true
09-23 23:03:34.196  2080  2080 I Launcher: !@Boot_DEBUG: Launcher.onStop()
09-23 23:03:34.196  2080  2080 I Launcher: !@Boot_EBS_D: Launcher.onStop()
09-23 23:03:34.196  2080  2080 I BaseActivity: removeActivityFlags, flags : 17
09-23 23:03:34.197  2080  2080 I StateManager: goToState isInState Normal
09-23 23:03:34.197  2080  2080 W LauncherAppWidgetHost: setShouldListenFlag, mFlags:6 flag:start on:false isFront:false
09-23 23:03:34.197  2080  2080 W Launcher.NotificationListener: removeNotificationsChangedListener
09-23 23:03:34.197  2080  2080 I Launcher.NotificationListener: unregisterObserver, this is not notificationService!!
09-23 23:03:34.197  2080  2080 I BadgeCountUpdaterImpl: onNotificationsChangedDisConnected
09-23 23:03:34.198   871   871 I Layer   : id=38698 removeFromCurrentState ActivityRecord{449ea86 u0 com.example.dogglers/androidx.test.core.app.InstrumentationActivityInvoker$EmptyActivity} t7701}#38698 (120)
09-23 23:03:34.198   871   871 I Layer   : id=38688 removeFromCurrentState Task=7701#38688 (120)
09-23 23:03:34.198   871   871 I Layer   : id=38702 removeFromCurrentState Task=7701#38702 (120)
09-23 23:03:34.198   871   871 I SurfaceFlinger: id=38698 Removed ActivityRecord{449ea86 u0 com.example.dogglers/androidx.test.core.app.InstrumentationActivityInvoker$EmptyActivity} t7701}#38698 (120)
09-23 23:03:34.198   871   871 I SurfaceFlinger: id=38702 Removed Task=7701#38702 (120)
09-23 23:03:34.198   871   871 I Layer   : id=38702 Destroyed Task=7701#38702
09-23 23:03:34.198   871   871 I Layer   : id=38698 Destroyed ActivityRecord{449ea86 u0 com.example.dogglers/androidx.test.core.app.InstrumentationActivityInvoker$EmptyActivity} t7701}#38698
09-23 23:03:34.198  2080  2080 I DecorView: notifyKeepScreenOnChanged: keepScreenOn=false
09-23 23:03:34.199 20383 20415 I TestRunner: finished: grid_list_button_is_displayed(com.example.dogglers.ButtonTests)
