09-23 23:04:40.765  1186  1322 V WindowManager:   fitSides= screenDimDuration=200000 naviIconColor=0}
09-23 23:04:40.766 20383 20383 D InputTransport: Input channel destroyed: '97415c1', fd=100
09-23 23:04:40.767  2080  2334 I LiveIconUpdateEventHandler: cancelDateChangeAlarm
09-23 23:04:40.767  2080  2080 I ViewRootImpl@782dd03[LauncherActivity]: updateBlastSurfaceIfNeeded mBlastBufferQueue=null isSameSurfaceControl=false
09-23 23:04:40.768  2080  2080 I BLASTBufferQueue: new BLASTBufferQueue, mName= ViewRootImpl@782dd03[LauncherActivity] mNativeObject= 0xb400007dbe2b4350 sc.mNativeObject= 0xb400007d4e2e3f20 caller= android.view.ViewRootImpl.updateBlastSurfaceIfNeeded:2909 android.view.ViewRootImpl.relayoutWindow:9847 android.view.ViewRootImpl.performTraversals:3884 android.view.ViewRootImpl.doTraversal:3116 android.view.ViewRootImpl$TraversalRunnable.run:10885 android.view.Choreographer$CallbackRecord.run:1301 android.view.Choreographer$CallbackRecord.run:1309 android.view.Choreographer.doCallbacks:923 android.view.Choreographer.doFrame:852 android.view.Choreographer$FrameDisplayEventReceiver.run:1283
09-23 23:04:40.768  2080  2334 I LiveIconUpdateEventHandler: setDateChangeAlarm Sun Sep 24 00:00:00 GMT+04:00 2023
09-23 23:04:40.768  2080  2080 I BLASTBufferQueue: update, w= 1080 h= 2400 mName = ViewRootImpl@782dd03[LauncherActivity] mNativeObject= 0xb400007dbe2b4350 sc.mNativeObject= 0xb400007d4e2e3f20 format= -2 caller= android.graphics.BLASTBufferQueue.<init>:84 android.view.ViewRootImpl.updateBlastSurfaceIfNeeded:2909 android.view.ViewRootImpl.relayoutWindow:9847 android.view.ViewRootImpl.performTraversals:3884 android.view.ViewRootImpl.doTraversal:3116 android.view.ViewRootImpl$TraversalRunnable.run:10885
09-23 23:04:40.769  1186  2620 I MediaSessionMonitor: Media session stopped : controllerList empty
09-23 23:04:40.769  2080  2080 I ViewRootImpl@782dd03[LauncherActivity]: Relayout returned: old=(0,0,1080,2400) new=(0,0,1080,2400) req=(1080,2400)0 dur=6 res=0x3 s={true 0xb400007e4e487630} ch=true seqId=0
09-23 23:04:40.769  2080  2334 I LiveIconViewUpdater: onUpdateLiveIcon - id : 76, itemType : 0
09-23 23:04:40.769 20383 20383 D LifecycleMonitor: Lifecycle status change: androidx.test.core.app.InstrumentationActivityInvoker$EmptyActivity@614878e in: DESTROYED
09-23 23:04:40.769  2080  2080 I ViewRootImpl@782dd03[LauncherActivity]: mThreadedRenderer.initialize() mSurface={isValid=true 0xb400007e4e487630} hwInitialized=true
09-23 23:04:40.770 22590 22590 I dnca    : onResume
09-23 23:04:40.770   871   871 I Layer   : id=38726 removeFromCurrentState 97415c1 com.example.dogglers/androidx.test.core.app.InstrumentationActivityInvoker$EmptyActivity#38726 (124)
09-23 23:04:40.770   871   871 I SurfaceFlinger: id=38726 Removed 97415c1 com.example.dogglers/androidx.test.core.app.InstrumentationActivityInvoker$EmptyActivity#38726 (124)
09-23 23:04:40.770   871   871 I Layer   : id=38726 Destroyed 97415c1 com.example.dogglers/androidx.test.core.app.InstrumentationActivityInvoker$EmptyActivity#38726
09-23 23:04:40.770  2080  2080 I ViewRootImpl@782dd03[LauncherActivity]: reportNextDraw android.view.ViewRootImpl.performTraversals:4438 android.view.ViewRootImpl.doTraversal:3116 android.view.ViewRootImpl$TraversalRunnable.run:10885 android.view.Choreographer$CallbackRecord.run:1301 android.view.Choreographer$CallbackRecord.run:1309
09-23 23:04:40.770  2080  2080 I ViewRootImpl@782dd03[LauncherActivity]: Setup new sync id=181
09-23 23:04:40.771  2080  2080 I ViewRootImpl@782dd03[LauncherActivity]: Setting syncFrameCallback
09-23 23:04:40.770 20383 20383 V ActivityScenario: Activity lifecycle changed event received but ignored because the intent does not match. startActivityIntent=Intent { act=android.intent.action.MAIN cat=[android.intent.category.LAUNCHER] cmp=com.example.dogglers/.MainActivity }, activity.getIntent()=Intent { act=android.intent.action.MAIN cat=[android.intent.category.LAUNCHER] flg=0x10000000 cmp=com.example.dogglers/androidx.test.core.app.InstrumentationActivityInvoker$EmptyActivity }, activity=androidx.test.core.app.InstrumentationActivityInvoker$EmptyActivity@614878e
09-23 23:04:40.771  2080  2080 I ViewRootImpl@782dd03[LauncherActivity]: registerCallbacksForSync syncBuffer=false
09-23 23:04:40.772  2080  2334 I SPayUpdater: updateSpayHandler, show = true, defaultPage = true
09-23 23:04:40.772 20383 20383 I MSHandlerLifeCycle: removeMultiSplitHandler: no exist. decor=DecorView@76a4745[InstrumentationActivityInvoker$EmptyActivity]
09-23 23:04:40.776 20383 20417 D OpenGLRenderer: setSurface called with nullptr
09-23 23:04:40.777 20383 20383 I ViewRootImpl@fcd3cb[InstrumentationActivityInvoker$EmptyActivity]: dispatchDetachedFromWindow
09-23 23:04:40.777  1186  1745 D InputTransport: Input channel destroyed: '90fb8fa', fd=989
09-23 23:04:40.778  1186  1745 W InputManager-JNI: Input channel object '90fb8fa com.example.dogglers/androidx.test.core.app.InstrumentationActivityInvoker$EmptyActivity (client)' was disposed without first being removed with the input manager!
09-23 23:04:40.778  1186  1745 D InputTransport: Input channel destroyed: '90fb8fa', fd=991
09-23 23:04:40.780 20383 20383 D InputTransport: Input channel destroyed: '90fb8fa', fd=88
09-23 23:04:40.781   871   871 I Layer   : id=38725 removeFromCurrentState ActivityRecord{4eb368c u0 com.example.dogglers/androidx.test.core.app.InstrumentationActivityInvoker$EmptyActivity} t7703}#38725 (123)
09-23 23:04:40.781   871   871 I Layer   : id=38729 removeFromCurrentState 90fb8fa com.example.dogglers/androidx.test.core.app.InstrumentationActivityInvoker$EmptyActivity#38729 (123)
09-23 23:04:40.781   871   871 I SurfaceFlinger: id=38729 Removed 90fb8fa com.example.dogglers/androidx.test.core.app.InstrumentationActivityInvoker$EmptyActivity#38729 (123)
09-23 23:04:40.781   871   871 I SurfaceFlinger: id=38725 Removed ActivityRecord{4eb368c u0 com.example.dogglers/androidx.test.core.app.InstrumentationActivityInvoker$EmptyActivity} t7703}#38725 (123)
09-23 23:04:40.781   871   871 I Layer   : id=38729 Destroyed 90fb8fa com.example.dogglers/androidx.test.core.app.InstrumentationActivityInvoker$EmptyActivity#38729
09-23 23:04:40.781   871   871 I Layer   : id=38725 Destroyed ActivityRecord{4eb368c u0 com.example.dogglers/androidx.test.core.app.InstrumentationActivityInvoker$EmptyActivity} t7703}#38725
09-23 23:04:40.783   871  1064 I SurfaceFlinger: id=38732 createSurf flag=24004, Task=7703#38732
09-23 23:04:40.783 20383 20415 E TestRunner: failed: clicking_grid_list_button_displays_grid_list(com.example.dogglers.ButtonTests)
09-23 23:04:40.783 20383 20415 E TestRunner: ----- begin exception -----
09-23 23:04:40.785 20383 20415 E TestRunner: androidx.test.espresso.NoActivityResumedException: No activities in stage RESUMED. Did you forget to launch the activity. (test.getActivity() or similar)?
09-23 23:04:40.785 20383 20415 E TestRunner: 	at dalvik.system.VMStack.getThreadStackTrace(Native Method)
09-23 23:04:40.785 20383 20415 E TestRunner: 	at java.lang.Thread.getStackTrace(Thread.java:1841)
09-23 23:04:40.785 20383 20415 E TestRunner: 	at androidx.test.espresso.base.DefaultFailureHandler.getUserFriendlyError(DefaultFailureHandler.java:12)
09-23 23:04:40.785 20383 20415 E TestRunner: 	at androidx.test.espresso.base.DefaultFailureHandler.handle(DefaultFailureHandler.java:7)
09-23 23:04:40.785 20383 20415 E TestRunner: 	at androidx.test.espresso.ViewInteraction.waitForAndHandleInteractionResults(ViewInteraction.java:8)
09-23 23:04:40.785 20383 20415 E TestRunner: 	at androidx.test.espresso.ViewInteraction.desugaredPerform(ViewInteraction.java:11)
09-23 23:04:40.785 20383 20415 E TestRunner: 	at androidx.test.espresso.ViewInteraction.perform(ViewInteraction.java:4)
09-23 23:04:40.785 20383 20415 E TestRunner: 	at com.example.dogglers.ButtonTests.clicking_grid_list_button_displays_grid_list(ButtonTests.kt:66)
09-23 23:04:40.785 20383 20415 E TestRunner: 	at java.lang.reflect.Method.invoke(Native Method)
09-23 23:04:40.785 20383 20415 E TestRunner: 	at org.junit.runners.model.FrameworkMethod$1.runReflectiveCall(FrameworkMethod.java:50)
09-23 23:04:40.785 20383 20415 E TestRunner: 	at org.junit.internal.runners.model.ReflectiveCallable.run(ReflectiveCallable.java:12)
09-23 23:04:40.785 20383 20415 E TestRunner: 	at org.junit.runners.model.FrameworkMethod.invokeExplosively(FrameworkMethod.java:47)
09-23 23:04:40.785 20383 20415 E TestRunner: 	at org.junit.internal.runners.statements.InvokeMethod.evaluate(InvokeMethod.java:17)
09-23 23:04:40.785 20383 20415 E TestRunner: 	at org.junit.rules.ExternalResource$1.evaluate(ExternalResource.java:48)
09-23 23:04:40.785 20383 20415 E TestRunner: 	at org.junit.rules.RunRules.evaluate(RunRules.java:20)
09-23 23:04:40.785 20383 20415 E TestRunner: 	at org.junit.runners.ParentRunner.runLeaf(ParentRunner.java:325)
09-23 23:04:40.785 20383 20415 E TestRunner: 	at org.junit.runners.BlockJUnit4ClassRunner.runChild(BlockJUnit4ClassRunner.java:78)
09-23 23:04:40.785 20383 20415 E TestRunner: 	at org.junit.runners.BlockJUnit4ClassRunner.runChild(BlockJUnit4ClassRunner.java:57)
09-23 23:04:40.785 20383 20415 E TestRunner: 	at org.junit.runners.ParentRunner$3.run(ParentRunner.java:290)
09-23 23:04:40.785 20383 20415 E TestRunner: 	at org.junit.runners.ParentRunner$1.schedule(ParentRunner.java:71)
09-23 23:04:40.785 20383 20415 E TestRunner: 	at org.junit.runners.ParentRunner.runChildren(ParentRunner.java:288)
09-23 23:04:40.785 20383 20415 E TestRunner: 	at org.junit.runners.ParentRunner.access$000(ParentRunner.java:58)
09-23 23:04:40.785 20383 20415 E TestRunner: 	at org.junit.runners.ParentRunner$2.evaluate(ParentRunner.java:268)
09-23 23:04:40.785 20383 20415 E TestRunner: 	at org.junit.runners.ParentRunner.run(ParentRunner.java:363)
09-23 23:04:40.785 20383 20415 E TestRunner: 	at androidx.test.ext.junit.runners.AndroidJUnit4.run(AndroidJUnit4.java:162)
09-23 23:04:40.785 20383 20415 E TestRunner: 	at org.junit.runners.Suite.runChild(Suite.java:128)
09-23 23:04:40.785 20383 20415 E TestRunner: 	at org.junit.runners.Suite.runChild(Suite.java:27)
09-23 23:04:40.785 20383 20415 E TestRunner: 	at org.junit.runners.ParentRunner$3.run(ParentRunner.java:290)
09-23 23:04:40.785 20383 20415 E TestRunner: 	at org.junit.runners.ParentRunner$1.schedule(ParentRunner.java:71)
09-23 23:04:40.785 20383 20415 E TestRunner: 	at org.junit.runners.ParentRunner.runChildren(ParentRunner.java:288)
09-23 23:04:40.785 20383 20415 E TestRunner: 	at org.junit.runners.ParentRunner.access$000(ParentRunner.java:58)
09-23 23:04:40.785 20383 20415 E TestRunner: 	at org.junit.runners.ParentRunner$2.evaluate(ParentRunner.java:268)
09-23 23:04:40.785 20383 20415 E TestRunner: 	at org.junit.runners.ParentRunner.run(ParentRunner.java:363)
09-23 23:04:40.785 20383 20415 E TestRunner: 	at org.junit.runner.JUnitCore.run(JUnitCore.java:137)
09-23 23:04:40.785 20383 20415 E TestRunner: 	at org.junit.runner.JUnitCore.run(JUnitCore.java:115)
09-23 23:04:40.785 20383 20415 E TestRunner: 	at androidx.test.internal.runner.TestExecutor.execute(TestExecutor.java:56)
09-23 23:04:40.785 20383 20415 E TestRunner: 	at androidx.test.runner.AndroidJUnitRunner.onStart(AndroidJUnitRunner.java:444)
09-23 23:04:40.785 20383 20415 E TestRunner: 	at android.app.Instrumentation$InstrumentationThread.run(Instrumentation.java:2335)
09-23 23:04:40.785 20383 20415 E TestRunner: ----- end exception -----
09-23 23:04:40.787 19252 19252 I BSS_SysUiManager: handleMessage = 9, 2, 7703
09-23 23:04:40.787 19252 19252 I BSS_SysUiManager: handleMessage = 9, 2, 7703
09-23 23:04:40.788 20383 20415 I TestRunner: finished: clicking_grid_list_button_displays_grid_list(com.example.dogglers.ButtonTests)
