09-23 23:04:44.245  1033  1530 I bauth_FPBAuthService: pcf : 0x1012, 0 ,1 ,0 ,0 ,0 ,0, 7.0.0.0
09-23 23:04:44.245  1033  1530 I bauth_FPBAuthService: thread id : 1, preenroll_flag : 0, nd cnt : 0, cso : 0, et : 0
09-23 23:04:44.245  1033  1530 I bauth_FPBAuthService: FPBAuthService, 11416
09-23 23:04:44.532 24903  2398 I gle.android.gms: Explicit concurrent copying GC freed 9489(522KB) AllocSpace objects, 4(208KB) LOS objects, 24% free, 19MB/26MB, paused 195us,89us total 207.196ms
09-23 23:04:44.801 28768 28768 I ResourceOverlayService_0: waitAndQuit called
09-23 23:04:44.803 28768 28768 I ResourceOverlayService_0: activity user id 0 process id 0
09-23 23:04:44.850   795 20543 I HYPER-HAL: [RequestManager.cpp]releaseLocked(): Released ID : 8801128
09-23 23:04:45.246  1033  1530 I bauth_FPBAuthService: pcf : 0x1012, 0 ,1 ,0 ,0 ,0 ,0, 7.0.0.0
09-23 23:04:45.246  1033  1530 I bauth_FPBAuthService: thread id : 1, preenroll_flag : 0, nd cnt : 0, cso : 0, et : 0
09-23 23:04:45.246  1033  1530 I bauth_FPBAuthService: FPBAuthService, 11416
09-23 23:04:45.805 28768 28768 I ResourceOverlayService_0: waitAndQuit called
09-23 23:04:45.805 28768 28768 I ResourceOverlayService_0: activity user id 0 process id 0
09-23 23:04:46.246  1033  1530 I bauth_FPBAuthService: pcf : 0x1012, 0 ,1 ,0 ,0 ,0 ,0, 7.0.0.0
09-23 23:04:46.247  1033  1530 I bauth_FPBAuthService: thread id : 1, preenroll_flag : 0, nd cnt : 0, cso : 0, et : 0
09-23 23:04:46.247  1033  1530 I bauth_FPBAuthService: FPBAuthService, 11416
09-23 23:04:46.710  1186  1255 I NSLocationMonitor: getGPSUsingApps() called
09-23 23:04:46.735  2527  2558 I NSLocationManager_FLP: getGPSUsingApps, NO_FREEZE={5013} / FREEZE={10218, 15010218}
09-23 23:04:46.807 28768 28768 I ResourceOverlayService_0: waitAndQuit called
09-23 23:04:46.808 28768 28768 I ResourceOverlayService_0: activity user id 0 process id 0
09-23 23:04:47.247  1033  1530 I bauth_FPBAuthService: pcf : 0x1012, 0 ,1 ,0 ,0 ,0 ,0, 7.0.0.0
09-23 23:04:47.248  1033  1530 I bauth_FPBAuthService: thread id : 1, preenroll_flag : 0, nd cnt : 0, cso : 0, et : 0
09-23 23:04:47.248  1033  1530 I bauth_FPBAuthService: FPBAuthService, 11416
09-23 23:04:47.811 28768 28768 I ResourceOverlayService_0: waitAndQuit called
09-23 23:04:47.812 28768 28768 I ResourceOverlayService_0: activity user id 0 process id 0
09-23 23:04:48.248  1033  1530 I bauth_FPBAuthService: pcf : 0x1012, 0 ,1 ,0 ,0 ,0 ,0, 7.0.0.0
09-23 23:04:48.248  1033  1530 I bauth_FPBAuthService: thread id : 1, preenroll_flag : 0, nd cnt : 0, cso : 0, et : 0
09-23 23:04:48.248  1033  1530 I bauth_FPBAuthService: FPBAuthService, 11416
09-23 23:04:48.539  1602  1602 D SecPowerUI.Notification: showChargingNotice oldChargingType : 11 / currentChargingType : 11, oldChargingTime : 3822000 / mChargingTime : 3822000
09-23 23:04:48.539  1602  1602 D SecPowerUI.Notification: There is no change about charging status, so return!
09-23 23:04:48.815 28768 28768 I ResourceOverlayService_0: waitAndQuit called
09-23 23:04:48.817 28768 28768 I ResourceOverlayService_0: activity user id 0 process id 0
09-23 23:04:49.116   859   960 I EDEN    : [Exynos][EDEN][v1.6.21][SERVICE] processAliveMointorMain:253: Try to check pid=(818)...
09-23 23:04:49.249  1033  1530 I bauth_FPBAuthService: pcf : 0x1012, 0 ,1 ,0 ,0 ,0 ,0, 7.0.0.0
09-23 23:04:49.249  1033  1530 I bauth_FPBAuthService: thread id : 1, preenroll_flag : 0, nd cnt : 0, cso : 0, et : 0
09-23 23:04:49.249  1033  1530 I bauth_FPBAuthService: FPBAuthService, 11416
09-23 23:04:49.819 28768 28768 I ResourceOverlayService_0: waitAndQuit called
09-23 23:04:49.821 28768 28768 I ResourceOverlayService_0: activity user id 0 process id 0
09-23 23:04:50.250  1033  1530 I bauth_FPBAuthService: pcf : 0x1012, 0 ,1 ,0 ,0 ,0 ,0, 7.0.0.0
09-23 23:04:50.250  1033  1530 I bauth_FPBAuthService: thread id : 1, preenroll_flag : 0, nd cnt : 0, cso : 0, et : 0
09-23 23:04:50.250  1033  1530 I bauth_FPBAuthService: FPBAuthService, 11416
09-23 23:04:50.824 28768 28768 I ResourceOverlayService_0: waitAndQuit called
09-23 23:04:50.826 28768 28768 I ResourceOverlayService_0: activity user id 0 process id 0
09-23 23:04:50.831   871   943 I VSyncReactor: Current= 90, Period= 90, hwcPeriod= 90
09-23 23:04:51.251  1033  1530 I bauth_FPBAuthService: pcf : 0x1012, 0 ,1 ,0 ,0 ,0 ,0, 7.0.0.0
09-23 23:04:51.251  1033  1530 I bauth_FPBAuthService: thread id : 1, preenroll_flag : 0, nd cnt : 0, cso : 0, et : 0
09-23 23:04:51.251  1033  1530 I bauth_FPBAuthService: FPBAuthService, 11416
09-23 23:04:51.827 28768 28768 I ResourceOverlayService_0: waitAndQuit called
09-23 23:04:51.829 28768 28768 I ResourceOverlayService_0: activity user id 0 process id 0
09-23 23:04:52.251  1033  1530 I bauth_FPBAuthService: pcf : 0x1012, 0 ,1 ,0 ,0 ,0 ,0, 7.0.0.0
09-23 23:04:52.251  1033  1530 I bauth_FPBAuthService: thread id : 1, preenroll_flag : 0, nd cnt : 0, cso : 0, et : 0
09-23 23:04:52.251  1033  1530 I bauth_FPBAuthService: FPBAuthService, 11416
09-23 23:04:52.832 28768 28768 I ResourceOverlayService_0: waitAndQuit called
09-23 23:04:52.833 28768 28768 I ResourceOverlayService_0: activity user id 0 process id 0
09-23 23:04:53.252  1033  1530 I bauth_FPBAuthService: pcf : 0x1012, 0 ,1 ,0 ,0 ,0 ,0, 7.0.0.0
09-23 23:04:53.252  1033  1530 I bauth_FPBAuthService: thread id : 1, preenroll_flag : 0, nd cnt : 0, cso : 0, et : 0
09-23 23:04:53.252  1033  1530 I bauth_FPBAuthService: FPBAuthService, 11416
09-23 23:04:53.584   785   785 I android.hardware.health@2.1-service-samsung: updateLrpSysfs: write: 329
09-23 23:04:53.591  1186  1377 D MotionRecognitionService: [SAR]  onReceive : ACTION_BATTERY_CHANGED, Plugged: 2
09-23 23:04:53.591  1186  1186 D PhoneWindowManagerExt: ACTION_BATTERY_CHANGED - Level=72, status=2
09-23 23:04:53.595  1186  1186 D SemWifiApBroadcastReceiver: Received : android.intent.action.BATTERY_CHANGED
09-23 23:04:53.596  1575  1575 D SemBigDataInfoController: Intent: android.intent.action.BATTERY_CHANGED
09-23 23:04:53.598  1575  1575 D SemBigDataInfoController: Intent: android.intent.action.BATTERY_CHANGED
09-23 23:04:53.598  1602  1602 D SamsungBatteryMeterDrawable: onBatteryLevelChanged isSomethingChanged: false
09-23 23:04:53.599  1602  1602 D SamsungBatteryMeterDrawable: onBatteryLevelChanged isSomethingChanged: false
09-23 23:04:53.600  1602  1602 D SamsungBatteryMeterDrawable: onBatteryLevelChanged isSomethingChanged: false
09-23 23:04:53.600  1602  1602 D SamsungBatteryMeterDrawable: onBatteryLevelChanged isSomethingChanged: false
09-23 23:04:53.601  1602  1602 I PowerUI : mBootCompleted = true |  mFullyConnected = true
09-23 23:04:53.602  1602  1602 W PowerUI : Plug reason
09-23 23:04:53.602  1602  1602 W PowerUI : Skip charging animation - by plug status
09-23 23:04:53.602  1602  1602 D PowerUI : priorPlugType = 2 mPlugType = 2 priorBatteryStatus = 2 mBatteryStatus = 2
09-23 23:04:53.602  1602  1602 W PowerUI : Plug reason
09-23 23:04:53.602  1602  1602 W PowerUI : Skip charging sound - by plug status
09-23 23:04:53.602  1602  1602 I PowerUI : oldMisalign : false, curMisalign : false
09-23 23:04:53.602  1602 20152 D SecPowerUI.Notification: dismissing low battery warning: level=72
09-23 23:04:53.602  1602 20152 D SecPowerUI.Notification: updateNotification mWarning=false mPlaySound=false
09-23 23:04:53.602  1602 20152 D SecPowerUI.Notification: SecBatteryStatsSnapshot{batteryLevel=72, currentBatteryMode=0, chargingTime=3822000, chargingType=11, batteryHealth=2, automaticTestMode=false, isHiccupState=false}
09-23 23:04:53.604  1602  1602 D SecPowerUI.Notification: showChargingNotice oldChargingType : 11 / currentChargingType : 11, oldChargingTime : 3822000 / mChargingTime : 3793000
09-23 23:04:53.604  1602  1602 D SecPowerUI.Notification: showChargingNotification()
09-23 23:04:53.604  1602 20152 D SecPowerUI.Notification: 1. restoreScreenTimeOut - saved_value : :
09-23 23:04:53.604  1602  1602 D SecPowerUI.Notification: SecBatteryStatsSnapshot{batteryLevel=72, currentBatteryMode=0, chargingTime=3793000, chargingType=11, batteryHealth=2, automaticTestMode=false, isHiccupState=false}
09-23 23:04:53.604  1602 20152 E SecPowerUI.Notification: no saved value, so we do nothing !!
09-23 23:04:53.610  1186  2162 D ApplicationPolicy: isStatusBarNotificationAllowedAsUser: packageName = com.android.systemui,userId = 0
09-23 23:04:53.610  1186  2162 D ApplicationPolicy: isStatusBarNotificationAllowedAsUser: packageName = com.android.systemui,userId = -1
09-23 23:04:53.611  1186  2162 D ApplicationPolicy: isStatusBarNotificationAllowedAsUser: converting userId from USER_ALLto 0
09-23 23:04:53.613  1602  1602 D PowerUI : Battery swelling mode - priorBatterySwellingMode = 0 mBatterySwellingMode = 0 mBatteryStatus = 2
09-23 23:04:53.613  1602  1602 I PowerUI : mBatteryMiscEvent = 65536
09-23 23:04:53.616  1602  1602 I PowerUI : checkShouldTurnOffProtectBattery : -1, Scheduling start ? : false
09-23 23:04:53.616  1602  1602 I PowerUI : Clear time
09-23 23:04:53.619  1186  2162 D SecContentProvider: query(), uri = 17 selection = isSettingsChangesAllowed
09-23 23:04:53.623  1602  1602 D KeyguardUpdateMonitor: received broadcast android.intent.action.BATTERY_CHANGED
09-23 23:04:53.623  1602  1602 I AODBatteryManager: updateBatteryData: ACTION_BATTERY_CHANGED
09-23 23:04:53.626  1602  1602 I AODBatteryManager: saveBatteryData : AOD BatteryData [mBatteryLevel=72, mBatteryStatus=CHARGING, mBatteryPlugType=USB, mBatteryPlugged=true, mRemainingChargeTime=3793000, mBatteryChargingType=1, mBatteryChargerType=NORMAL, mBatteryOnline=USB, mBatterySwellingMode=NONE, mBatteryProtectMode=false]
09-23 23:04:53.627  1602  1602 I ChargingInfoManager: updateChargingInfo: newState = AOD ChargingInfo [mState=BATTERY_AND_REMAIN_TIME, mIsCharging=true, mIsFullyCharged=false, mIsBatteryProtectMode=false], oldState = AOD ChargingInfo [mState=BATTERY_AND_REMAIN_TIME, mIsCharging=true, mIsFullyCharged=false, mIsBatteryProtectMode=false]
09-23 23:04:53.632  1602  1602 D KeyguardUpdateMonitor: handleBatteryUpdate
09-23 23:04:53.635  1186  1529 D SemInputDeviceManagerService: currentDisplayState[1]:DOZE_SUSPEND(4)
09-23 23:04:53.635  1186  1529 D SemInputDeviceManagerService: EARLY: Logical: DOZE(3) Physical: DOZE(3) [Using: DOZE(3)] displayType: 1
09-23 23:04:53.638   839   839 I sysinput:Touch: activate:96, 3,0 OK
09-23 23:04:53.638   871   871 D SurfaceFlinger: Setting power mode 2 on display 4633128672291735932
09-23 23:04:53.640  1186  1402 D SysinputHAL_V1_3(V1_2): setTspEnable(1),3,true(0)
09-23 23:04:53.641   871   943 I VSyncReactor: Current= 90, Period= 90, hwcPeriod= 90
09-23 23:04:53.642  1186  1529 D SemInputDeviceManagerService: currentDisplayState[1]:DOZE(3)
09-23 23:04:53.643  1186  1529 D SemInputDeviceManagerService: LATE: Logical: DOZE(3) Physical: DOZE(3) [Using: DOZE(3)] displayType: 1
09-23 23:04:53.645   839   839 I sysinput:Touch: activate:96, 3,1 OK
09-23 23:04:53.645  1602  1602 D KeyguardSecIndicationPolicy:  add T Event pos = DEFAULT, type =              BATTERY, id =  5142, text =   72%
09-23 23:04:53.645  1602  1602 D KeyguardSecIndicationPolicy: 1 h 3 m until full, duration = 3000
09-23 23:04:53.646  1602  1602 D KeyguardSecIndicationPolicy:   update top pos = DEFAULT, item = [id=5141|ty=OWNER_INFO|pr=30|txt=Call 0913380001|ti=duration=PERSISTENT|an=false] -> [id=5142|ty=BATTERY|pr=40|txt=  72%
09-23 23:04:53.646  1602  1602 D KeyguardSecIndicationPolicy: 1 h 3 m until full|ti=duration=3000|an=false]
09-23 23:04:53.646  1602  1602 D KeyguardSecIndicationController: onIndicationChanged() return - keyguard is not visible, pos = DEFAULT, item = [id=5142|ty=BATTERY|pr=40|txt=  72%
09-23 23:04:53.646  1602  1602 D KeyguardSecIndicationController: 1 h 3 m until full|ti=duration=3000|an=false]
09-23 23:04:53.647  1602  1602 D KeyguardSecIndicationPolicy: update Event pos = DEFAULT, type =      BATTERY_RESTING, id =  5143, text =   72%
09-23 23:04:53.647  1602  1602 D KeyguardSecIndicationPolicy: 1 h 3 m until full
09-23 23:04:53.647  1186  1402 D SysinputHAL_V1_3(V1_2): setTspEnable(1),3,false(0)
09-23 23:04:53.650  1602  1602 D KeyguardSecIndicationPolicy: update Event pos = DEFAULT, type =           OWNER_INFO, id =  5144, text = Call 0913380001
09-23 23:04:53.650  1602  1602 D KeyguardSecIndicationController: addBatteryAndOwnerInfoIndication() battery status = BatteryStatus{status=2,level=72,plugged=2,health=2,maxChargingWattage=-1,remaining=3793000ultraFastCharger=0}
09-23 23:04:53.650  1602  1602 I ChargingInfoView: handleMessage: MSG_SHOW_CHARGING_INFO
09-23 23:04:53.650  1602  1602 I BottomChargingInfoView: updateContents: BATTERY_AND_REMAIN_TIME
09-23 23:04:53.650  1602  1602 I AOD_WAKELOCK@WakeLockManager: acquireIfExists: tag - charging_info, timeout - 1000, reason - Charging Info is showing, delay by 500, wakeLock = WakeLock{45c8104 held=false, refCount=0}
09-23 23:04:53.658  1602  1602 I ChargingInfoManager: getDeviceRemainingTime: 1 h 3 m until full
09-23 23:04:53.659  1602  1602 I AbsChargingInfoComponent: setVisibilityWithAnim: skipped true
09-23 23:04:53.659  1602  1602 I MODManager: onShow ChargingInfoOnlyContainer
09-23 23:04:53.664  1602  1602 I FaceWidgetPositionAlgorithm: getClockContainerHeight() supplier = 290, bottom margin = 68, real height = 358
09-23 23:04:53.664  1602  1602 I FaceWidgetPositionAlgorithm: getMediaContainerHeight() height = 241 container Visibility = 8, isValid = false, mIsDozing = false, fraction = 1.0, source = 0, target = 0
09-23 23:04:53.664  1602  1602 I FaceWidgetPositionAlgorithm: getMediaContainerHeight() supplier = 0
09-23 23:04:53.664  1602  1602 I FaceWidgetPositionAlgorithm: getClockContainerHeight() supplier = 290, bottom margin = 0, real height = 358
09-23 23:04:53.665 19252 19252 I BSS_SysUiClient: handleDisplayChanged: 3
09-23 23:04:53.667 24562 24562 I NearbyDiscovery: (REDACTED) FastPairDisplayObserver: %s -> %s
09-23 23:04:53.668 24562 24562 I NearbyDirect: (REDACTED) FastPairDisplayObserver: %s -> %s
09-23 23:04:53.669  1602  1602 I FaceWidgetPositionAlgorithm: getClockContainerHeight() supplier = 290, bottom margin = 68, real height = 358
09-23 23:04:53.670  1602  1602 I FaceWidgetPositionAlgorithm: getMediaContainerHeight() height = 241 container Visibility = 8, isValid = false, mIsDozing = false, fraction = 1.0, source = 0, target = 0
09-23 23:04:53.670  1602  1602 I FaceWidgetPositionAlgorithm: getMediaContainerHeight() supplier = 0
09-23 23:04:53.670  1602  1602 I FaceWidgetPositionAlgorithm: getClockContainerHeight() supplier = 290, bottom margin = 0, real height = 358
09-23 23:04:53.681  1602  1602 I ResourceType: [SWT] Success lookup value directly, data = 0x010607cc
09-23 23:04:53.682  1602  1602 I ResourceType: [SWT] Success lookup value directly, data = 0x010607cc
09-23 23:04:53.682  1602  1602 I ResourceType: [SWT] Success lookup value directly, data = 0x010607cc
09-23 23:04:53.682  1602  1602 I ResourceType: [SWT] Success lookup value directly, data = 0x010607cc
09-23 23:04:53.689  1602  1602 D DisplayLifecycle: updateDisplay id = 0
09-23 23:04:53.706   871   871 D SurfaceFlinger: GPIS:: requestGPIS
09-23 23:04:53.835  2080  2080 I Launcher.NotificationListener: onNotificationPosted : com.android.systemui number : 0
09-23 23:04:53.836 28768 28768 I ResourceOverlayService_0: waitAndQuit called
09-23 23:04:53.837 28768 28768 I ResourceOverlayService_0: activity user id 0 process id 0
09-23 23:04:53.839  1602  1602 D InterruptionStateProvider: Group alert behavior is suppressed but we want to alert bubble
09-23 23:04:53.839  1602  1602 D InterruptionStateProvider: Group alert behavior is suppressed but we want to alert bubble
09-23 23:04:53.839  1602  1602 D InterruptionStateProvider: Group alert behavior is suppressed but we want to alert bubble
09-23 23:04:53.888  1602  1602 I FaceWidgetPositionAlgorithm: getClockContainerHeight() supplier = 290, bottom margin = 68, real height = 358
09-23 23:04:53.888  1602  1602 I FaceWidgetPositionAlgorithm: getMediaContainerHeight() height = 241 container Visibility = 8, isValid = false, mIsDozing = false, fraction = 1.0, source = 0, target = 0
09-23 23:04:53.888  1602  1602 I FaceWidgetPositionAlgorithm: getMediaContainerHeight() supplier = 0
09-23 23:04:53.888  1602  1602 I FaceWidgetPositionAlgorithm: getClockContainerHeight() supplier = 290, bottom margin = 0, real height = 358
09-23 23:04:53.892  1602  1602 I FaceWidgetPositionAlgorithm: getClockContainerHeight() supplier = 290, bottom margin = 68, real height = 358
09-23 23:04:53.892  1602  1602 I FaceWidgetPositionAlgorithm: getMediaContainerHeight() height = 241 container Visibility = 8, isValid = false, mIsDozing = false, fraction = 1.0, source = 0, target = 0
09-23 23:04:53.892  1602  1602 I FaceWidgetPositionAlgorithm: getMediaContainerHeight() supplier = 0
09-23 23:04:53.892  1602  1602 I FaceWidgetPositionAlgorithm: getClockContainerHeight() supplier = 290, bottom margin = 0, real height = 358
09-23 23:04:53.899  1602  1602 I ResourceType: [SWT] Success lookup value directly, data = 0x010607cc
09-23 23:04:53.900  1602  1602 I ResourceType: [SWT] Success lookup value directly, data = 0x010607cc
09-23 23:04:53.900  1602  1602 I ResourceType: [SWT] Success lookup value directly, data = 0x010607cc
09-23 23:04:53.900  1602  1602 I ResourceType: [SWT] Success lookup value directly, data = 0x010607cc
09-23 23:04:54.039  1602  1602 D BubblesManager: onEntryUpdated : shouldBubbleUp=true ,key=-1|com.android.systemui|2131428973|charging_state|10051
09-23 23:04:54.040  1602  1651 W Bubbles : Unable to create bubble -- no intent: -1|com.android.systemui|2131428973|charging_state|10051
09-23 23:04:54.042  1602  1602 D InterruptionStateProvider:  no Heads up : edgelighting enabled app. -1|com.android.systemui|2131428973|charging_state|10051
09-23 23:04:54.097  1602  1602 I FaceWidgetPositionAlgorithm: getClockContainerHeight() supplier = 290, bottom margin = 68, real height = 358
09-23 23:04:54.097  1602  1602 I FaceWidgetPositionAlgorithm: getMediaContainerHeight() height = 241 container Visibility = 8, isValid = false, mIsDozing = false, fraction = 1.0, source = 0, target = 0
09-23 23:04:54.097  1602  1602 I FaceWidgetPositionAlgorithm: getMediaContainerHeight() supplier = 0
09-23 23:04:54.098  1602  1602 I FaceWidgetPositionAlgorithm: getClockContainerHeight() supplier = 290, bottom margin = 0, real height = 358
09-23 23:04:54.102  1602  1602 I FaceWidgetPositionAlgorithm: getClockContainerHeight() supplier = 290, bottom margin = 68, real height = 358
09-23 23:04:54.102  1602  1602 I FaceWidgetPositionAlgorithm: getMediaContainerHeight() height = 241 container Visibility = 8, isValid = false, mIsDozing = false, fraction = 1.0, source = 0, target = 0
09-23 23:04:54.102  1602  1602 I FaceWidgetPositionAlgorithm: getMediaContainerHeight() supplier = 0
09-23 23:04:54.102  1602  1602 I FaceWidgetPositionAlgorithm: getClockContainerHeight() supplier = 290, bottom margin = 0, real height = 358
09-23 23:04:54.110  1602  1602 I ResourceType: [SWT] Success lookup value directly, data = 0x010607cc
09-23 23:04:54.110  1602  1602 I ResourceType: [SWT] Success lookup value directly, data = 0x010607cc
09-23 23:04:54.110  1602  1602 I ResourceType: [SWT] Success lookup value directly, data = 0x010607cc
09-23 23:04:54.110  1602  1602 I ResourceType: [SWT] Success lookup value directly, data = 0x010607cc
09-23 23:04:54.117   859   960 I EDEN    : [Exynos][EDEN][v1.6.21][SERVICE] processAliveMointorMain:253: Try to check pid=(818)...
09-23 23:04:54.186  1602  1602 I FaceWidgetPositionAlgorithm: getClockContainerHeight() supplier = 290, bottom margin = 68, real height = 358
09-23 23:04:54.186  1602  1602 I FaceWidgetPositionAlgorithm: getMediaContainerHeight() height = 241 container Visibility = 8, isValid = false, mIsDozing = false, fraction = 1.0, source = 0, target = 0
09-23 23:04:54.186  1602  1602 I FaceWidgetPositionAlgorithm: getMediaContainerHeight() supplier = 0
09-23 23:04:54.186  1602  1602 I FaceWidgetPositionAlgorithm: getClockContainerHeight() supplier = 290, bottom margin = 0, real height = 358
09-23 23:04:54.188  1602  1602 I FaceWidgetPositionAlgorithm: getClockContainerHeight() supplier = 290, bottom margin = 68, real height = 358
09-23 23:04:54.188  1602  1602 I FaceWidgetPositionAlgorithm: getMediaContainerHeight() height = 241 container Visibility = 8, isValid = false, mIsDozing = false, fraction = 1.0, source = 0, target = 0
09-23 23:04:54.188  1602  1602 I FaceWidgetPositionAlgorithm: getMediaContainerHeight() supplier = 0
09-23 23:04:54.189  1602  1602 I FaceWidgetPositionAlgorithm: getClockContainerHeight() supplier = 290, bottom margin = 0, real height = 358
09-23 23:04:54.194  1602  1602 I ResourceType: [SWT] Success lookup value directly, data = 0x010607cc
09-23 23:04:54.194  1602  1602 I ResourceType: [SWT] Success lookup value directly, data = 0x010607cc
09-23 23:04:54.194  1602  1602 I ResourceType: [SWT] Success lookup value directly, data = 0x010607cc
09-23 23:04:54.194  1602  1602 I ResourceType: [SWT] Success lookup value directly, data = 0x010607cc
09-23 23:04:54.253  1033  1530 I bauth_FPBAuthService: pcf : 0x1012, 0 ,1 ,0 ,0 ,0 ,0, 7.0.0.0
09-23 23:04:54.253  1033  1530 I bauth_FPBAuthService: thread id : 1, preenroll_flag : 0, nd cnt : 0, cso : 0, et : 0
09-23 23:04:54.253  1033  1530 I bauth_FPBAuthService: FPBAuthService, 11416
09-23 23:04:54.609 29158 29299 I PolicyManager: [#CMH#] Is foreground game app: false
09-23 23:04:54.609 29190 29295 I PolicyManager: [#CMH#] Is foreground game app: false
09-23 23:04:54.662  1186  1529 D SemInputDeviceManagerService: currentDisplayState[1]:DOZE(3)
09-23 23:04:54.662  1186  1529 D SemInputDeviceManagerService: EARLY: Logical: DOZE_SUSPEND(4) Physical: DOZE_SUSPEND(4) [Using: DOZE_SUSPEND(4)] displayType: 1
09-23 23:04:54.663   839   839 I sysinput:Touch: activate:96, 4,0 OK
09-23 23:04:54.663  1186  1402 D SysinputHAL_V1_3(V1_2): setTspEnable(1),4,true(0)
09-23 23:04:54.664   871   871 D SurfaceFlinger: Setting power mode 2 on display 4633128672291735932
09-23 23:04:54.665  1186  1529 D SemInputDeviceManagerService: currentDisplayState[1]:DOZE_SUSPEND(4)
09-23 23:04:54.665  1186  1529 D SemInputDeviceManagerService: LATE: Logical: DOZE_SUSPEND(4) Physical: DOZE_SUSPEND(4) [Using: DOZE_SUSPEND(4)] displayType: 1
09-23 23:04:54.666   839   839 I sysinput:Touch: activate:96, 4,1 OK
09-23 23:04:54.666  1186  1402 D SysinputHAL_V1_3(V1_2): setTspEnable(1),4,false(0)
09-23 23:04:54.671 24562 24562 I NearbyDiscovery: (REDACTED) FastPairDisplayObserver: %s -> %s
09-23 23:04:54.671 24562 24562 I NearbyDirect: (REDACTED) FastPairDisplayObserver: %s -> %s
09-23 23:04:54.672  1602  1602 D DisplayLifecycle: updateDisplay id = 0
09-23 23:04:54.673 19252 19252 I BSS_SysUiClient: handleDisplayChanged: 4
09-23 23:04:54.730   871  2487 D NativeSemDvfsManager: acquire:: timeout = 2000 mIsAcquired = 1  mTagName : SurfaceFlinger
09-23 23:04:54.732   871  2487 E NativeCustomFrequencyManager: [NativeCFMS] BpCustomFrequencyManager::acquire()
09-23 23:04:54.732   795   875 I HYPER-HAL: [RequestManager.cpp]acquire(): Acquired ID : 1752256  [871 / 1000]    HINT : SF_GPU_MINLOCK    list : [TIMEOUT / 2000]
09-23 23:04:54.840 28768 28768 I ResourceOverlayService_0: waitAndQuit called
09-23 23:04:54.842 28768 28768 I ResourceOverlayService_0: activity user id 0 process id 0
09-23 23:04:55.254  1033  1530 I bauth_FPBAuthService: pcf : 0x1012, 0 ,1 ,0 ,0 ,0 ,0, 7.0.0.0
09-23 23:04:55.254  1033  1530 I bauth_FPBAuthService: thread id : 1, preenroll_flag : 0, nd cnt : 0, cso : 0, et : 0
09-23 23:04:55.254  1033  1530 I bauth_FPBAuthService: FPBAuthService, 11416
09-23 23:04:55.843 28768 28768 I ResourceOverlayService_0: waitAndQuit called
09-23 23:04:55.845 28768 28768 I ResourceOverlayService_0: activity user id 0 process id 0
09-23 23:04:56.254  1033  1530 I bauth_FPBAuthService: pcf : 0x1012, 0 ,1 ,0 ,0 ,0 ,0, 7.0.0.0
09-23 23:04:56.255  1033  1530 I bauth_FPBAuthService: thread id : 1, preenroll_flag : 0, nd cnt : 0, cso : 0, et : 0
09-23 23:04:56.255  1033  1530 I bauth_FPBAuthService: FPBAuthService, 11416
09-23 23:04:56.650  1602  1602 D KeyguardSecIndicationPolicy:  remove Item pos = DEFAULT                             , id =  5142,
09-23 23:04:56.651  1602  1602 D KeyguardSecIndicationPolicy:   update top pos = DEFAULT, item = [id=5142|ty=BATTERY|pr=40|txt=  72%
09-23 23:04:56.651  1602  1602 D KeyguardSecIndicationPolicy: 1 h 3 m until full|ti=duration=3000|an=false] -> [id=5144|ty=OWNER_INFO|pr=30|txt=Call 0913380001|ti=duration=PERSISTENT|an=false]
09-23 23:04:56.652  1602  1602 D KeyguardSecIndicationController: onIndicationChanged() return - keyguard is not visible, pos = DEFAULT, item = [id=5144|ty=OWNER_INFO|pr=30|txt=Call 0913380001|ti=duration=PERSISTENT|an=false]
09-23 23:04:56.735   795 20557 I HYPER-HAL: [RequestManager.cpp]releaseLocked(): Released ID : 1752256
09-23 23:04:56.848 28768 28768 I ResourceOverlayService_0: waitAndQuit called
09-23 23:04:56.850 28768 28768 I ResourceOverlayService_0: activity user id 0 process id 0
09-23 23:04:57.255  1033  1530 I bauth_FPBAuthService: pcf : 0x1012, 0 ,1 ,0 ,0 ,0 ,0, 7.0.0.0
09-23 23:04:57.256  1033  1530 I bauth_FPBAuthService: thread id : 1, preenroll_flag : 0, nd cnt : 0, cso : 0, et : 0
09-23 23:04:57.256  1033  1530 I bauth_FPBAuthService: FPBAuthService, 11416
09-23 23:04:57.854 28768 28768 I ResourceOverlayService_0: waitAndQuit called
09-23 23:04:57.855 28768 28768 I ResourceOverlayService_0: activity user id 0 process id 0
09-23 23:04:58.256  1033  1530 I bauth_FPBAuthService: pcf : 0x1012, 0 ,1 ,0 ,0 ,0 ,0, 7.0.0.0
09-23 23:04:58.256  1033  1530 I bauth_FPBAuthService: thread id : 1, preenroll_flag : 0, nd cnt : 0, cso : 0, et : 0
09-23 23:04:58.256  1033  1530 I bauth_FPBAuthService: FPBAuthService, 11416
09-23 23:04:58.619  1602  1602 D SecPowerUI.Notification: showChargingNotice oldChargingType : 11 / currentChargingType : 11, oldChargingTime : 3793000 / mChargingTime : 3793000
09-23 23:04:58.619  1602  1602 D SecPowerUI.Notification: There is no change about charging status, so return!
09-23 23:04:58.858 28768 28768 I ResourceOverlayService_0: waitAndQuit called
09-23 23:04:58.860 28768 28768 I ResourceOverlayService_0: activity user id 0 process id 0
09-23 23:04:59.119   859   960 I EDEN    : [Exynos][EDEN][v1.6.21][SERVICE] processAliveMointorMain:253: Try to check pid=(818)...
09-23 23:04:59.257  1033  1530 I bauth_FPBAuthService: pcf : 0x1012, 0 ,1 ,0 ,0 ,0 ,0, 7.0.0.0
09-23 23:04:59.257  1033  1530 I bauth_FPBAuthService: thread id : 1, preenroll_flag : 0, nd cnt : 0, cso : 0, et : 0
09-23 23:04:59.257  1033  1530 I bauth_FPBAuthService: FPBAuthService, 11416
09-23 23:04:59.862 28768 28768 I ResourceOverlayService_0: waitAndQuit called
09-23 23:04:59.863 28768 28768 I ResourceOverlayService_0: activity user id 0 process id 0
09-23 23:05:00.258  1033  1530 I bauth_FPBAuthService: pcf : 0x1012, 0 ,1 ,0 ,0 ,0 ,0, 7.0.0.0
09-23 23:05:00.258  1033  1530 I bauth_FPBAuthService: thread id : 1, preenroll_flag : 0, nd cnt : 0, cso : 0, et : 0
09-23 23:05:00.258  1033  1530 I bauth_FPBAuthService: FPBAuthService, 11416
09-23 23:05:00.494  1602  1602 D KeyguardUpdateMonitor: received broadcast android.intent.action.TIME_TICK
09-23 23:05:00.495  1602  1602 D KeyguardUpdateMonitor: handleTimeUpdate
09-23 23:05:00.496  1602  1602 D FaceWidgetPagesController: onTimeChanged()
09-23 23:05:00.497  1602  1602 D FaceWidgetPagesController: refreshViews() reason = ON_TIME_TICK, force = false
09-23 23:05:00.499  1602  1602 D FaceWidgetMusicViewModel: updateMusicPageColorForVisibility
09-23 23:05:00.499  1602  1602 D FaceWidgetMusicViewModel: updateMusicPageColorForVisibility, useLightModeColor = false
09-23 23:05:00.500  1602  2180 D QSClockBellTower: onReceive(android.intent.action.TIME_TICK) mTimeZoneString:null
09-23 23:05:00.500  1602  1602 I ChargingInfoOnlyContainer: onTimerExpired:
09-23 23:05:00.500  1602  1602 I MODManager: onUpdatePosition
09-23 23:05:00.501  1602  1602 I ChargingInfoOnlyContainer: updateChargingInfoPosition: com.samsung.android.app.aodservice.common.widget.ChargingInfoOnlyContainer{7fa821b V.E...... ........ 0,0-1080,2400}
09-23 23:05:00.501  1602  1602 I ZigZagViewPositionControllerImpl[CHARGING_INFO]: getNextDirection REVERSE
09-23 23:05:00.501  1602  1602 I ZigZagViewPositionControllerImpl[CHARGING_INFO]: getNextDirection: mHorizontalDirection = LEFT, mVerticalDirection = DOWN
09-23 23:05:00.501  1602  1602 I ZigZagViewPositionControllerImpl[CHARGING_INFO]: updateCurrentPosition: horizontalDistance = 3, verticalDistance = 3, mHorizontalMoveCount = 9
09-23 23:05:00.502  1602  1602 I ZigZagViewPositionControllerImpl[CHARGING_INFO]: updateCurrentPosition: mCurPoint = Point(22, 60), mRange = Rect(-38, 0 - 38, 60)
09-23 23:05:00.502  1602  1602 I ZigZagViewPositionControllerImpl[CHARGING_INFO]: mStartX = -1, mStartY = -1
09-23 23:05:00.502  1602  1602 I ZigZagViewPositionControllerImpl[CHARGING_INFO]: left = 22, right = 0, top = 60, bottom = 0
09-23 23:05:00.508   871   943 I VSyncReactor: Current= 90, Period= 90, hwcPeriod= 90
09-23 23:05:00.510  1602  1602 I ZigZagViewPositionControllerImpl[CHARGING_INFO]: updatePosition: mCurPoint = Point(22, 60), mRange = Rect(-38, 0 - 38, 60), count = 10, interval = 10
09-23 23:05:00.510  1602  1602 I AODAlarmTimer_AOD_CHARGING_INFO_TICK: onAlarm:
09-23 23:05:00.511  1602  1602 I AODAlarmTimer_AOD_CHARGING_INFO_TICK: setAlarm: expiration = 09/23/2023 23:06
09-23 23:05:00.514  1186  1529 D SemInputDeviceManagerService: currentDisplayState[1]:DOZE_SUSPEND(4)
09-23 23:05:00.514  1186  1529 D SemInputDeviceManagerService: EARLY: Logical: DOZE(3) Physical: DOZE(3) [Using: DOZE(3)] displayType: 1
09-23 23:05:00.516   839   839 I sysinput:Touch: activate:96, 3,0 OK
09-23 23:05:00.517   871   871 D SurfaceFlinger: Setting power mode 2 on display 4633128672291735932
09-23 23:05:00.517  1186  1402 D SysinputHAL_V1_3(V1_2): setTspEnable(1),3,true(0)
09-23 23:05:00.519  1186  1529 D SemInputDeviceManagerService: currentDisplayState[1]:DOZE(3)
09-23 23:05:00.520  1186  1529 D SemInputDeviceManagerService: LATE: Logical: DOZE(3) Physical: DOZE(3) [Using: DOZE(3)] displayType: 1
09-23 23:05:00.522   839   839 I sysinput:Touch: activate:96, 3,1 OK
09-23 23:05:00.523  1186  1402 D SysinputHAL_V1_3(V1_2): setTspEnable(1),3,false(0)
09-23 23:05:00.527 19252 19252 I BSS_SysUiClient: handleDisplayChanged: 3
09-23 23:05:00.541 24562 24562 I NearbyDiscovery: (REDACTED) FastPairDisplayObserver: %s -> %s
09-23 23:05:00.544 24562 24562 I NearbyDirect: (REDACTED) FastPairDisplayObserver: %s -> %s
09-23 23:05:00.584  1602  1602 D FaceWidgetMusicPage: mMusicPageTransparencyDataObserver = FaceWidgetMusicPageTransparencyData mMusicPageTransparency = 0.68 mUseLightModeColor = 2 IsUpdatePageColorOnly = true
09-23 23:05:00.588  1602  1602 D QSClockBellTower: He is ready to ring the bell. (((QSClockBellSound - TimeText:11:05, TimeContentDescription:11:05 pm, DateText:Sat, 23 September, ShortDateText:Sat, 23 Sept, Demo:false, QuickStar-Second(false|12:34:56))))
09-23 23:05:00.589  1602  1602 D QSClockIndicatorView: Home Indicator status_bar_clock 11:05 notifyTimeChanged(QSClockBellSound - TimeText:11:05, TimeContentDescription:11:05 pm, DateText:Sat, 23 September, ShortDateText:Sat, 23 Sept, Demo:false, QuickStar-Second(false|12:34:56)) ClockVisibleByPolicy:true, ClockVisibleByUser:true, visible?false, parent:android.widget.LinearLayout{e48faa5 V.E...... ........ 0,0-0,80 #7f0b04f1 app:id/left_clock_container}
09-23 23:05:00.590  1602  1602 D QSClockBellTower: Everyone heard the bell. run(currentTime:1695495900585,   getTime():Sat Sep 23 23:05:00 GMT+04:00 2023,   getTimeZone():libcore.util.ZoneInfo[mDstSavings=0,mUseDst=false,mDelegate=[id="Asia/Dubai",mRawOffset=14400000,mEarliestRawOffset=13272000,transitions=2]])
09-23 23:05:00.598  1602  1602 I FaceWidgetPositionAlgorithm: getClockContainerHeight() supplier = 290, bottom margin = 68, real height = 358
09-23 23:05:00.598  1602  1602 I FaceWidgetPositionAlgorithm: getMediaContainerHeight() height = 241 container Visibility = 8, isValid = false, mIsDozing = false, fraction = 1.0, source = 0, target = 0
09-23 23:05:00.598  1602  1602 I FaceWidgetPositionAlgorithm: getMediaContainerHeight() supplier = 0
09-23 23:05:00.598  1602  1602 I FaceWidgetPositionAlgorithm: getClockContainerHeight() supplier = 290, bottom margin = 0, real height = 358
09-23 23:05:00.601  1602  1602 V QsExpandAnimator: setQsExpansionPosition 0.0
09-23 23:05:00.603  1602  1602 I FaceWidgetPositionAlgorithm: getClockContainerHeight() supplier = 290, bottom margin = 68, real height = 358
09-23 23:05:00.603  1602  1602 I FaceWidgetPositionAlgorithm: getMediaContainerHeight() height = 241 container Visibility = 8, isValid = false, mIsDozing = false, fraction = 1.0, source = 0, target = 0
09-23 23:05:00.603  1602  1602 I FaceWidgetPositionAlgorithm: getMediaContainerHeight() supplier = 0
09-23 23:05:00.603  1602  1602 I FaceWidgetPositionAlgorithm: getClockContainerHeight() supplier = 290, bottom margin = 0, real height = 358
09-23 23:05:00.611  1602  1602 I ResourceType: [SWT] Success lookup value directly, data = 0x010607cc
09-23 23:05:00.611  1602  1602 I ResourceType: [SWT] Success lookup value directly, data = 0x010607cc
09-23 23:05:00.611  1602  1602 I ResourceType: [SWT] Success lookup value directly, data = 0x010607cc
09-23 23:05:00.612  1602  1602 I ResourceType: [SWT] Success lookup value directly, data = 0x010607cc
09-23 23:05:00.616  1602  1602 D DisplayLifecycle: updateDisplay id = 0
09-23 23:05:00.623  1602  1602 V QsExpandAnimator: updateAnimators
09-23 23:05:00.623  1602  1602 V QsExpandAnimator: clearAnimationState
09-23 23:05:00.624  1602  1602 V QsExpandAnimator: updateViews
09-23 23:05:00.628  1602  1602 V QsExpandAnimator: updateTileAnimator
09-23 23:05:00.630  1602  1602 V QsExpandAnimator: updateHeaderAnimator
09-23 23:05:00.630  1602  1602 V QsExpandAnimator: updateBarAnimator
09-23 23:05:00.631  1602  1602 V QsExpandAnimator: setQsExpansionPosition 0.0
09-23 23:05:00.631  1602  1602 V QsExpandAnimator: onAnimationAtStart
09-23 23:05:00.643   871   871 D SurfaceFlinger: GPIS:: requestGPIS
09-23 23:05:00.828  1186  1529 D SemInputDeviceManagerService: currentDisplayState[1]:DOZE(3)
09-23 23:05:00.828  1186  1529 D SemInputDeviceManagerService: EARLY: Logical: DOZE_SUSPEND(4) Physical: DOZE_SUSPEND(4) [Using: DOZE_SUSPEND(4)] displayType: 1
09-23 23:05:00.831   839   839 I sysinput:Touch: activate:96, 4,0 OK
09-23 23:05:00.832   871   871 D SurfaceFlinger: Setting power mode 2 on display 4633128672291735932
09-23 23:05:00.833  1186  1529 D SemInputDeviceManagerService: currentDisplayState[1]:DOZE_SUSPEND(4)
09-23 23:05:00.833  1186  1529 D SemInputDeviceManagerService: LATE: Logical: DOZE_SUSPEND(4) Physical: DOZE_SUSPEND(4) [Using: DOZE_SUSPEND(4)] displayType: 1
09-23 23:05:00.833  1186  1402 D SysinputHAL_V1_3(V1_2): setTspEnable(1),4,true(0)
09-23 23:05:00.834   839   839 I sysinput:Touch: activate:96, 4,1 OK
09-23 23:05:00.837  1186  1402 D SysinputHAL_V1_3(V1_2): setTspEnable(1),4,false(0)
09-23 23:05:00.839  1602  1602 D DisplayLifecycle: updateDisplay id = 0
09-23 23:05:00.839 19252 19252 I BSS_SysUiClient: handleDisplayChanged: 4
09-23 23:05:00.845 24562 24562 I NearbyDiscovery: (REDACTED) FastPairDisplayObserver: %s -> %s
09-23 23:05:00.846 24562 24562 I NearbyDirect: (REDACTED) FastPairDisplayObserver: %s -> %s
09-23 23:05:00.865 28768 28768 I ResourceOverlayService_0: waitAndQuit called
09-23 23:05:00.866 28768 28768 I ResourceOverlayService_0: activity user id 0 process id 0
09-23 23:05:00.890 20383 20398 W xample.dogglers: Cleared Reference was only reachable from finalizer (only reported once)
09-23 23:05:00.898 20383 20417 D OpenGLRenderer: setSurface called with nullptr
09-23 23:05:00.899 20383 20417 D OpenGLRenderer: setSurface called with nullptr
09-23 23:05:00.902 20383 20417 D OpenGLRenderer: setSurface called with nullptr
09-23 23:05:00.907 20383 20417 D OpenGLRenderer: setSurface called with nullptr
09-23 23:05:00.908 20383 20417 D OpenGLRenderer: setSurface called with nullptr
09-23 23:05:00.910 20383 20417 D OpenGLRenderer: setSurface called with nullptr
09-23 23:05:00.912 20383 20417 D OpenGLRenderer: setSurface called with nullptr
09-23 23:05:00.913 20383 20417 D OpenGLRenderer: setSurface called with nullptr
09-23 23:05:01.165   871  2487 D NativeSemDvfsManager: acquire:: timeout = 2000 mIsAcquired = 1  mTagName : SurfaceFlinger
09-23 23:05:01.166   871  2487 E NativeCustomFrequencyManager: [NativeCFMS] BpCustomFrequencyManager::acquire()
09-23 23:05:01.166   795   875 I HYPER-HAL: [RequestManager.cpp]acquire(): Acquired ID : 1752256  [871 / 1000]    HINT : SF_GPU_MINLOCK    list : [TIMEOUT / 2000]
09-23 23:05:01.258  1033  1530 I bauth_FPBAuthService: pcf : 0x1012, 0 ,1 ,0 ,0 ,0 ,0, 7.0.0.0
09-23 23:05:01.259  1033  1530 I bauth_FPBAuthService: thread id : 1, preenroll_flag : 0, nd cnt : 0, cso : 0, et : 0
09-23 23:05:01.259  1033  1530 I bauth_FPBAuthService: FPBAuthService, 11416
09-23 23:05:01.772  1186  1255 I NSLocationMonitor: getGPSUsingApps() called
09-23 23:05:01.801  2527  2558 I NSLocationManager_FLP: getGPSUsingApps, NO_FREEZE={5013} / FREEZE={10218, 15010218}
09-23 23:05:01.869 28768 28768 I ResourceOverlayService_0: waitAndQuit called
09-23 23:05:01.870 28768 28768 I ResourceOverlayService_0: activity user id 0 process id 0
09-23 23:05:02.259  1033  1530 I bauth_FPBAuthService: pcf : 0x1012, 0 ,1 ,0 ,0 ,0 ,0, 7.0.0.0
09-23 23:05:02.259  1033  1530 I bauth_FPBAuthService: thread id : 1, preenroll_flag : 0, nd cnt : 0, cso : 0, et : 0
09-23 23:05:02.259  1033  1530 I bauth_FPBAuthService: FPBAuthService, 11416
09-23 23:05:02.873 28768 28768 I ResourceOverlayService_0: waitAndQuit called
09-23 23:05:02.875 28768 28768 I ResourceOverlayService_0: activity user id 0 process id 0
09-23 23:05:03.169   795 20558 I HYPER-HAL: [RequestManager.cpp]releaseLocked(): Released ID : 1752256
09-23 23:05:03.260  1033  1530 I bauth_FPBAuthService: pcf : 0x1012, 0 ,1 ,0 ,0 ,0 ,0, 7.0.0.0
09-23 23:05:03.260  1033  1530 I bauth_FPBAuthService: thread id : 1, preenroll_flag : 0, nd cnt : 0, cso : 0, et : 0
09-23 23:05:03.260  1033  1530 I bauth_FPBAuthService: FPBAuthService, 11416
09-23 23:05:03.675   785   785 I android.hardware.health@2.1-service-samsung: updateLrpSysfs: write: 329
09-23 23:05:03.680  1186  1377 D MotionRecognitionService: [SAR]  onReceive : ACTION_BATTERY_CHANGED, Plugged: 2
09-23 23:05:03.680  1186  1186 D PhoneWindowManagerExt: ACTION_BATTERY_CHANGED - Level=72, status=2
09-23 23:05:03.683  1186  1186 D SemWifiApBroadcastReceiver: Received : android.intent.action.BATTERY_CHANGED
09-23 23:05:03.684  1575  1575 D SemBigDataInfoController: Intent: android.intent.action.BATTERY_CHANGED
09-23 23:05:03.685  1575  1575 D SemBigDataInfoController: Intent: android.intent.action.BATTERY_CHANGED
09-23 23:05:03.687  1602  1602 D SamsungBatteryMeterDrawable: onBatteryLevelChanged isSomethingChanged: false
09-23 23:05:03.688  1602  1602 D SamsungBatteryMeterDrawable: onBatteryLevelChanged isSomethingChanged: false
09-23 23:05:03.689  1602  1602 D SamsungBatteryMeterDrawable: onBatteryLevelChanged isSomethingChanged: false
09-23 23:05:03.689  1602  1602 D SamsungBatteryMeterDrawable: onBatteryLevelChanged isSomethingChanged: false
09-23 23:05:03.690  1602  1602 I PowerUI : mBootCompleted = true |  mFullyConnected = true
09-23 23:05:03.691  1602  1602 W PowerUI : Plug reason
09-23 23:05:03.691  1602  1602 W PowerUI : Skip charging animation - by plug status
09-23 23:05:03.691  1602  1602 D PowerUI : priorPlugType = 2 mPlugType = 2 priorBatteryStatus = 2 mBatteryStatus = 2
09-23 23:05:03.691  1602  1602 W PowerUI : Plug reason
09-23 23:05:03.691  1602  2465 D SecPowerUI.Notification: dismissing low battery warning: level=72
09-23 23:05:03.691  1602  2465 D SecPowerUI.Notification: updateNotification mWarning=false mPlaySound=false
09-23 23:05:03.692  1602  1602 W PowerUI : Skip charging sound - by plug status
09-23 23:05:03.692  1602  1602 I PowerUI : oldMisalign : false, curMisalign : false
09-23 23:05:03.692  1602  2465 D SecPowerUI.Notification: SecBatteryStatsSnapshot{batteryLevel=72, currentBatteryMode=0, chargingTime=3793000, chargingType=11, batteryHealth=2, automaticTestMode=false, isHiccupState=false}
09-23 23:05:03.694  1602  2465 D SecPowerUI.Notification: 1. restoreScreenTimeOut - saved_value : :
09-23 23:05:03.694  1602  2465 E SecPowerUI.Notification: no saved value, so we do nothing !!
09-23 23:05:03.695  1602  1602 D SecPowerUI.Notification: showChargingNotice oldChargingType : 11 / currentChargingType : 11, oldChargingTime : 3793000 / mChargingTime : 3793000
09-23 23:05:03.695  1602  1602 D SecPowerUI.Notification: There is no change about charging status, so return!
09-23 23:05:03.696  1602  1602 D PowerUI : Battery swelling mode - priorBatterySwellingMode = 0 mBatterySwellingMode = 0 mBatteryStatus = 2
09-23 23:05:03.696  1602  1602 I PowerUI : mBatteryMiscEvent = 65536
09-23 23:05:03.699  1602  1602 I PowerUI : checkShouldTurnOffProtectBattery : -1, Scheduling start ? : false
09-23 23:05:03.699  1602  1602 I PowerUI : Clear time
09-23 23:05:03.701  1186  1199 D SecContentProvider: query(), uri = 17 selection = isSettingsChangesAllowed
09-23 23:05:03.706  1602  1602 D KeyguardUpdateMonitor: received broadcast android.intent.action.BATTERY_CHANGED
09-23 23:05:03.707  1602  1602 I AODBatteryManager: updateBatteryData: ACTION_BATTERY_CHANGED
09-23 23:05:03.710  1602  1602 I AODBatteryManager: saveBatteryData : AOD BatteryData [mBatteryLevel=72, mBatteryStatus=CHARGING, mBatteryPlugType=USB, mBatteryPlugged=true, mRemainingChargeTime=3793000, mBatteryChargingType=1, mBatteryChargerType=NORMAL, mBatteryOnline=USB, mBatterySwellingMode=NONE, mBatteryProtectMode=false]
09-23 23:05:03.710  1602  1602 D KeyguardUpdateMonitor: handleBatteryUpdate
09-23 23:05:03.878 28768 28768 I ResourceOverlayService_0: waitAndQuit called
09-23 23:05:03.879 28768 28768 I ResourceOverlayService_0: activity user id 0 process id 0
09-23 23:05:04.121   859   960 I EDEN    : [Exynos][EDEN][v1.6.21][SERVICE] processAliveMointorMain:253: Try to check pid=(818)...
09-23 23:05:04.260  1033  1530 I bauth_FPBAuthService: pcf : 0x1012, 0 ,1 ,0 ,0 ,0 ,0, 7.0.0.0
09-23 23:05:04.261  1033  1530 I bauth_FPBAuthService: thread id : 1, preenroll_flag : 0, nd cnt : 0, cso : 0, et : 0
09-23 23:05:04.261  1033  1530 I bauth_FPBAuthService: FPBAuthService, 11416
09-23 23:05:04.747  3164  3389 W bt_stack: pause_registered_clients()
09-23 23:05:04.748  3164  3389 W bt_stack: le_impl :: OnPause()
09-23 23:05:04.748  3164  3389 W bt_stack: le_impl :: ConnectabilityState is DISARMED. Call AckPause()
09-23 23:05:04.750  3164  3389 W bt_stack: le_address_manager :: ack_pause()
09-23 23:05:04.750  3164  3389 W bt_stack: le_address_manager :: ack_pause() - handle_next_command
09-23 23:05:04.750  3164  3389 W bt_stack: handle_next_command()
09-23 23:05:04.764  3164  3389 W bt_stack: Received command complete with op_code LE_SET_RANDOM_ADDRESS
09-23 23:05:04.765  3164  3389 W bt_stack: le_impl :: OnResume()
09-23 23:05:04.765  3164  3389 W bt_stack: le_impl :: check_for_unregister()
09-23 23:05:04.765  3164  3389 W bt_stack: le_address_manager :: ack_resume()
09-23 23:05:04.881 28768 28768 I ResourceOverlayService_0: waitAndQuit called
09-23 23:05:04.883 28768 28768 I ResourceOverlayService_0: activity user id 0 process id 0
09-23 23:05:05.261  1033  1530 I bauth_FPBAuthService: pcf : 0x1012, 0 ,1 ,0 ,0 ,0 ,0, 7.0.0.0
09-23 23:05:05.261  1033  1530 I bauth_FPBAuthService: thread id : 1, preenroll_flag : 0, nd cnt : 0, cso : 0, et : 0
09-23 23:05:05.262  1033  1530 I bauth_FPBAuthService: FPBAuthService, 11416
09-23 23:05:05.884 28768 28768 I ResourceOverlayService_0: waitAndQuit called
09-23 23:05:05.886 28768 28768 I ResourceOverlayService_0: activity user id 0 process id 0
09-23 23:05:06.262  1033  1530 I bauth_FPBAuthService: pcf : 0x1012, 0 ,1 ,0 ,0 ,0 ,0, 7.0.0.0
09-23 23:05:06.262  1033  1530 I bauth_FPBAuthService: thread id : 1, preenroll_flag : 0, nd cnt : 0, cso : 0, et : 0
09-23 23:05:06.262  1033  1530 I bauth_FPBAuthService: FPBAuthService, 11416
09-23 23:05:06.889 28768 28768 I ResourceOverlayService_0: waitAndQuit called
09-23 23:05:06.891 28768 28768 I ResourceOverlayService_0: activity user id 0 process id 0
09-23 23:05:07.263  1033  1530 I bauth_FPBAuthService: pcf : 0x1012, 0 ,1 ,0 ,0 ,0 ,0, 7.0.0.0
09-23 23:05:07.263  1033  1530 I bauth_FPBAuthService: thread id : 1, preenroll_flag : 0, nd cnt : 0, cso : 0, et : 0
09-23 23:05:07.263  1033  1530 I bauth_FPBAuthService: FPBAuthService, 11416
09-23 23:05:07.894 28768 28768 I ResourceOverlayService_0: waitAndQuit called
09-23 23:05:07.896 28768 28768 I ResourceOverlayService_0: activity user id 0 process id 0
09-23 23:05:08.264  1033  1530 I bauth_FPBAuthService: pcf : 0x1012, 0 ,1 ,0 ,0 ,0 ,0, 7.0.0.0
09-23 23:05:08.264  1033  1530 I bauth_FPBAuthService: thread id : 1, preenroll_flag : 0, nd cnt : 0, cso : 0, et : 0
09-23 23:05:08.264  1033  1530 I bauth_FPBAuthService: FPBAuthService, 11416
09-23 23:05:08.701  1602  1602 D SecPowerUI.Notification: showChargingNotice oldChargingType : 11 / currentChargingType : 11, oldChargingTime : 3793000 / mChargingTime : 3793000
09-23 23:05:08.702  1602  1602 D SecPowerUI.Notification: There is no change about charging status, so return!
09-23 23:05:08.899 28768 28768 I ResourceOverlayService_0: waitAndQuit called
09-23 23:05:08.901 28768 28768 I ResourceOverlayService_0: activity user id 0 process id 0
09-23 23:05:09.123   859   960 I EDEN    : [Exynos][EDEN][v1.6.21][SERVICE] processAliveMointorMain:253: Try to check pid=(818)...
09-23 23:05:09.264  1033  1530 I bauth_FPBAuthService: pcf : 0x1012, 0 ,1 ,0 ,0 ,0 ,0, 7.0.0.0
09-23 23:05:09.264  1033  1530 I bauth_FPBAuthService: thread id : 1, preenroll_flag : 0, nd cnt : 0, cso : 0, et : 0
09-23 23:05:09.264  1033  1530 I bauth_FPBAuthService: FPBAuthService, 11416
09-23 23:05:09.903 28768 28768 I ResourceOverlayService_0: waitAndQuit called
09-23 23:05:09.905 28768 28768 I ResourceOverlayService_0: activity user id 0 process id 0
09-23 23:05:10.265  1033  1530 I bauth_FPBAuthService: pcf : 0x1012, 0 ,1 ,0 ,0 ,0 ,0, 7.0.0.0
09-23 23:05:10.265  1033  1530 I bauth_FPBAuthService: thread id : 1, preenroll_flag : 0, nd cnt : 0, cso : 0, et : 0
09-23 23:05:10.265  1033  1530 I bauth_FPBAuthService: FPBAuthService, 11416
09-23 23:05:10.909 28768 28768 I ResourceOverlayService_0: waitAndQuit called
09-23 23:05:10.914 28768 28768 I ResourceOverlayService_0: activity user id 0 process id 0
09-23 23:05:11.266  1033  1530 I bauth_FPBAuthService: pcf : 0x1012, 0 ,1 ,0 ,0 ,0 ,0, 7.0.0.0
09-23 23:05:11.266  1033  1530 I bauth_FPBAuthService: thread id : 1, preenroll_flag : 0, nd cnt : 0, cso : 0, et : 0
09-23 23:05:11.266  1033  1530 I bauth_FPBAuthService: FPBAuthService, 11416
09-23 23:05:11.917 28768 28768 I ResourceOverlayService_0: waitAndQuit called
09-23 23:05:11.919 28768 28768 I ResourceOverlayService_0: activity user id 0 process id 0
09-23 23:05:12.190 19300 19367 D WM-WorkerWrapper: com.whatsapp.messaging.xmpp.XmppLogoutWorker returned a Success {mOutputData=Data {}}.
09-23 23:05:12.195 19300 19367 I WM-WorkerWrapper: Worker result SUCCESS for Work [ id=06cb7bba-9b6f-443f-a2eb-3286f7598a34, tags={ com.whatsapp.messaging.xmpp.XmppLogoutWorker } ]
09-23 23:05:12.204 19300 19300 D WM-Processor: 0f0 06cb7bba-9b6f-443f-a2eb-3286f7598a34 executed; reschedule = false
09-23 23:05:12.204 19300 19300 D WM-GreedyScheduler: Stopping tracking for WorkGenerationalId(workSpecId=06cb7bba-9b6f-443f-a2eb-3286f7598a34, generation=0)
09-23 23:05:12.204 19300 19300 D WM-NetworkStateTracker: Unregistering network callback
09-23 23:05:12.205 19300 19300 D ConnectivityManager: StackLog: [android.net.ConnectivityManager.unregisterNetworkCallback(ConnectivityManager.java:4863)] [X.0V4.A01(:8)] [X.0B5.A05(:17)] [X.0UE.A01(:17)] [X.0f6.BWu(:103)] [X.0f3.BHP(:56)] [X.0f0.BHP(:74)] [X.0kk.run(:16)]
09-23 23:05:12.209 19300 19300 D WM-SystemJobService: 06cb7bba-9b6f-443f-a2eb-3286f7598a34 executed on JobScheduler
09-23 23:05:12.210  1186  1445 D ConnectivityService:  Removing from current network [136 WIFI], leaving 128 requests.
09-23 23:05:12.221 19300 19367 D WM-GreedyScheduler: Cancelling work ID 06cb7bba-9b6f-443f-a2eb-3286f7598a34
09-23 23:05:12.233 19300 19300 D WM-SystemJobService: onStopJob for WorkGenerationalId(workSpecId=06cb7bba-9b6f-443f-a2eb-3286f7598a34, generation=0)
09-23 23:05:12.235  2527  2619 I RequestManager_FLP: onOpChanged, op=0 / packageName=com.whatsapp
09-23 23:05:12.267  1033  1530 I bauth_FPBAuthService: pcf : 0x1012, 0 ,1 ,0 ,0 ,0 ,0, 7.0.0.0
09-23 23:05:12.267  1033  1530 I bauth_FPBAuthService: thread id : 1, preenroll_flag : 0, nd cnt : 0, cso : 0, et : 0
09-23 23:05:12.267  1033  1530 I bauth_FPBAuthService: FPBAuthService, 11416
09-23 23:05:12.921 28768 28768 I ResourceOverlayService_0: waitAndQuit called
09-23 23:05:12.923 28768 28768 I ResourceOverlayService_0: activity user id 0 process id 0
09-23 23:05:13.268  1033  1530 I bauth_FPBAuthService: pcf : 0x1012, 0 ,1 ,0 ,0 ,0 ,0, 7.0.0.0
09-23 23:05:13.268  1033  1530 I bauth_FPBAuthService: thread id : 1, preenroll_flag : 0, nd cnt : 0, cso : 0, et : 0
09-23 23:05:13.268  1033  1530 I bauth_FPBAuthService: FPBAuthService, 11416
09-23 23:05:13.758   785   785 I android.hardware.health@2.1-service-samsung: updateLrpSysfs: write: 328
09-23 23:05:13.766  1186  1186 D PhoneWindowManagerExt: ACTION_BATTERY_CHANGED - Level=72, status=2
09-23 23:05:13.769  1186  1377 D MotionRecognitionService: [SAR]  onReceive : ACTION_BATTERY_CHANGED, Plugged: 2
09-23 23:05:13.771  1602  1602 D SamsungBatteryMeterDrawable: onBatteryLevelChanged isSomethingChanged: false
09-23 23:05:13.771  1186  1186 D SemWifiApBroadcastReceiver: Received : android.intent.action.BATTERY_CHANGED
