09-23 23:04:07.320 20383 20383 D InsetsController: onStateChanged: InsetsState: {mDisplayFrame=Rect(0, 0 - 1080, 2400), mDisplayCutout=DisplayCutout{insets=Rect(0, 80 - 0, 0) waterfall=Insets{left=0, top=0, right=0, bottom=0} boundingRect={Bounds=[Rect(0, 0 - 0, 0), Rect(468, 0 - 612, 80), Rect(0, 0 - 0, 0), Rect(0, 0 - 0, 0)]} cutoutPathParserInfo={CutoutPathParserInfo{displayWidth=1080 displayHeight=2400 physicalDisplayWidth=1080 physicalDisplayHeight=2400 density={2.8125} cutoutSpec={M 0,0 H -25.6 V 28.44444444444444 H 25.6 V 0 H 0 Z @dp} rotation={0} scale={1.0} physicalPixelDisplaySizeRatio={1.0}}}}, mRoundedCorners=RoundedCorners{[RoundedCorner{position=TopLeft, radius=90, center=Point(90, 90)}, RoundedCorner{position=TopRight, radius=90, center=Point(990, 90)}, RoundedCorner{position=BottomRight, radius=90, center=Point(990, 2310)}, RoundedCorner{position=BottomLeft, radius=90, center=Point(90, 2310)}]}  mRoundedCornerFrame=Rect(0, 0 - 1080, 2400), mPrivacyIndicatorBounds=PrivacyIndicatorBounds {static bounds=Rect(956, 0 - 1080, 80) rotation=0}, mSources= { InsetsSource: {mType=ITYPE_STATUS_BAR, mFrame=[0,0][1080,80], mVisible=true, mInsetsRoundedCornerFrame=false}, InsetsSource: {mType=ITYPE_NAVIGATION_BAR, mFrame=[0,2400][1080,2400], mVisible=false, mInsetsRoundedCornerFrame=false}, InsetsSource: {mType=ITYPE_LEFT_GESTURES, mFrame=[0,0][67,2400], mVisible=true, mInsetsRoundedCornerFrame=false}, InsetsSource: {mType=ITYPE_RIGHT_GESTURES, mFrame=[1013,0][1080,2400], mVisible=true, mInsetsRoundedCornerFrame=false}, InsetsSource: {mType=ITYPE_TOP_MANDATORY_GESTURES, mFrame=[0,0][1080,114], mVisible=true, mInsetsRoundedCornerFrame=false}, InsetsSource: {mType=ITYPE_BOTTOM_MANDATORY_GESTURES, mFrame=[0,2344][1080,2400], mVisible=true, mInsetsRoundedCornerFrame=false}, InsetsSource: {mType=ITYPE_LEFT_DISPLAY_CUTOUT, mFrame=[0,0][-100000,2400], mVisible=true, mInsetsRoundedCornerFrame=false}, InsetsSource: {mType=ITYPE_TOP_DISPLAY_CUTOUT, mFrame=[0,0][1080,80], mVisible=true, mInsetsRoundedCornerFrame=false}, InsetsSource: {mType=ITYPE_RIGHT_DISPLAY_CUTOUT, mFrame=[100000,0][1080,2400], mVisible=true, mInsetsRoundedCornerFrame=false}, InsetsSource: {mType=ITYPE_BOTTOM_DISPLAY_CUTOUT, mFrame=[0,100000][1080,2400], mVisible=true, mInsetsRoundedCornerFrame=false}, InsetsSource: {mType=ITYPE_TOP_TAPPABLE_ELEMENT, mFrame=[0,0][1080,80], mVisible=true, mInsetsRoundedCornerFrame=false}, InsetsSource: {mType=ITYPE_BOTTOM_TAPPABLE_ELEMENT, mFrame=[0,0][0,0], mVisible=true, mInsetsRoundedCornerFrame=false}, InsetsSource: {mType=ITYPE_IME, mFrame=[0,0][0,0], mVisibleFrame=[0,1392][1080,2400], mVisible=false, mInsetsRoundedCornerFrame=false} } host=com.example.dogglers/androidx.test.core.app.InstrumentationActivityInvoker$EmptyActivity from=android.view.ViewRootImpl.setView:1732
09-23 23:04:07.322 20383 20383 I ViewRootImpl@13cbee5[InstrumentationActivityInvoker$EmptyActivity]: setView = com.android.internal.policy.DecorView@866b24f TM=true
09-23 23:04:07.322 20383 20383 I MSHandlerLifeCycle: removeMultiSplitHandler: no exist. decor=DecorView@866b24f[InstrumentationActivityInvoker$EmptyActivity]
09-23 23:04:07.323 20383 20383 D LifecycleMonitor: Lifecycle status change: androidx.test.core.app.InstrumentationActivityInvoker$EmptyActivity@adc56b0 in: PAUSED
09-23 23:04:07.324 20383 20383 V ActivityScenario: Activity lifecycle changed event received but ignored because the intent does not match. startActivityIntent=Intent { act=android.intent.action.MAIN cat=[android.intent.category.LAUNCHER] cmp=com.example.dogglers/.MainActivity }, activity.getIntent()=Intent { act=android.intent.action.MAIN cat=[android.intent.category.LAUNCHER] flg=0x10000000 cmp=com.example.dogglers/androidx.test.core.app.InstrumentationActivityInvoker$EmptyActivity }, activity=androidx.test.core.app.InstrumentationActivityInvoker$EmptyActivity@adc56b0
09-23 23:04:07.331 20383 20383 I ViewRootImpl@13cbee5[InstrumentationActivityInvoker$EmptyActivity]: performTraversals params={(0,0)(fillxfill) sim={adjust=pan forwardNavigation} ty=BASE_APPLICATION wanim=0x1030001
09-23 23:04:07.331 20383 20383 I ViewRootImpl@13cbee5[InstrumentationActivityInvoker$EmptyActivity]:   fl=1810100
09-23 23:04:07.331 20383 20383 I ViewRootImpl@13cbee5[InstrumentationActivityInvoker$EmptyActivity]:   pfl=12020040
09-23 23:04:07.331 20383 20383 I ViewRootImpl@13cbee5[InstrumentationActivityInvoker$EmptyActivity]:   bhv=DEFAULT
09-23 23:04:07.331 20383 20383 I ViewRootImpl@13cbee5[InstrumentationActivityInvoker$EmptyActivity]:   fitSides= naviIconColor=0}
09-23 23:04:07.332 20383 20383 I ViewRootImpl@13cbee5[InstrumentationActivityInvoker$EmptyActivity]: performTraversals mFirst=true windowShouldResize=true viewVisibilityChanged=false mForceNextWindowRelayout=false params={(0,0)(fillxfill) sim={adjust=pan forwardNavigation} ty=BASE_APPLICATION wanim=0x1030001
09-23 23:04:07.332 20383 20383 I ViewRootImpl@13cbee5[InstrumentationActivityInvoker$EmptyActivity]:   fl=1810100
09-23 23:04:07.332 20383 20383 I ViewRootImpl@13cbee5[InstrumentationActivityInvoker$EmptyActivity]:   pfl=12020040
09-23 23:04:07.332 20383 20383 I ViewRootImpl@13cbee5[InstrumentationActivityInvoker$EmptyActivity]:   bhv=DEFAULT
09-23 23:04:07.332 20383 20383 I ViewRootImpl@13cbee5[InstrumentationActivityInvoker$EmptyActivity]:   fitSides= naviIconColor=0}
09-23 23:04:07.332  1186  1745 V WindowManager: Relayout Window{24fd50a u0 com.example.dogglers/androidx.test.core.app.InstrumentationActivityInvoker$EmptyActivity}: viewVisibility=0 req=1080x2400 d0
09-23 23:04:07.332   871  1064 I SurfaceFlinger: id=38712 createSurf flag=40004, com.example.dogglers/androidx.test.core.app.InstrumentationActivityInvoker$EmptyActivity$_20383#38712
09-23 23:04:07.336  1186  1745 V WindowManager: Relayout hash=24fd50a, pid=20383, syncId=-1: mAttrs={(0,0)(fillxfill) sim={adjust=pan forwardNavigation} ty=BASE_APPLICATION wanim=0x1030001
09-23 23:04:07.336  1186  1745 V WindowManager:   fl=1810100
09-23 23:04:07.336  1186  1745 V WindowManager:   pfl=12020040
09-23 23:04:07.336  1186  1745 V WindowManager:   bhv=DEFAULT
09-23 23:04:07.336  1186  1745 V WindowManager:   fitSides= naviIconColor=0}
09-23 23:04:07.338 20383 20383 I ViewRootImpl@13cbee5[InstrumentationActivityInvoker$EmptyActivity]: updateBlastSurfaceIfNeeded mBlastBufferQueue=null isSameSurfaceControl=false
09-23 23:04:07.338 20383 20383 I BLASTBufferQueue: new BLASTBufferQueue, mName= ViewRootImpl@13cbee5[InstrumentationActivityInvoker$EmptyActivity] mNativeObject= 0xb400007dbe23dd90 sc.mNativeObject= 0xb400007d4e242a40 caller= android.view.ViewRootImpl.updateBlastSurfaceIfNeeded:2909 android.view.ViewRootImpl.relayoutWindow:9847 android.view.ViewRootImpl.performTraversals:3884 android.view.ViewRootImpl.doTraversal:3116 android.view.ViewRootImpl$TraversalRunnable.run:10885 android.view.Choreographer$CallbackRecord.run:1301 android.view.Choreographer$CallbackRecord.run:1309 android.view.Choreographer.doCallbacks:923 android.view.Choreographer.doFrame:852 android.view.Choreographer$FrameDisplayEventReceiver.run:1283
09-23 23:04:07.338 20383 20383 I BLASTBufferQueue: update, w= 1080 h= 2400 mName = ViewRootImpl@13cbee5[InstrumentationActivityInvoker$EmptyActivity] mNativeObject= 0xb400007dbe23dd90 sc.mNativeObject= 0xb400007d4e242a40 format= -1 caller= android.graphics.BLASTBufferQueue.<init>:84 android.view.ViewRootImpl.updateBlastSurfaceIfNeeded:2909 android.view.ViewRootImpl.relayoutWindow:9847 android.view.ViewRootImpl.performTraversals:3884 android.view.ViewRootImpl.doTraversal:3116 android.view.ViewRootImpl$TraversalRunnable.run:10885
09-23 23:04:07.339 20383 20383 I ViewRootImpl@13cbee5[InstrumentationActivityInvoker$EmptyActivity]: Relayout returned: old=(0,0,1080,2400) new=(0,0,1080,2400) req=(1080,2400)0 dur=6 res=0x3 s={true 0xb400007e4e290f70} ch=true seqId=0
09-23 23:04:07.341 20383 20383 I ViewRootImpl@13cbee5[InstrumentationActivityInvoker$EmptyActivity]: mThreadedRenderer.initialize() mSurface={isValid=true 0xb400007e4e290f70} hwInitialized=true
09-23 23:04:07.341 20383 20417 D OpenGLRenderer: eglCreateWindowSurface
09-23 23:04:07.342 20383 20383 I ViewRootImpl@13cbee5[InstrumentationActivityInvoker$EmptyActivity]: reportNextDraw android.view.ViewRootImpl.performTraversals:4438 android.view.ViewRootImpl.doTraversal:3116 android.view.ViewRootImpl$TraversalRunnable.run:10885 android.view.Choreographer$CallbackRecord.run:1301 android.view.Choreographer$CallbackRecord.run:1309
09-23 23:04:07.342 20383 20383 I ViewRootImpl@13cbee5[InstrumentationActivityInvoker$EmptyActivity]: Setup new sync id=0
09-23 23:04:07.342 20383 20383 I ViewRootImpl@13cbee5[InstrumentationActivityInvoker$EmptyActivity]: Setting syncFrameCallback
09-23 23:04:07.342 20383 20383 I ViewRootImpl@13cbee5[InstrumentationActivityInvoker$EmptyActivity]: registerCallbacksForSync syncBuffer=false
09-23 23:04:07.344 20383 20439 I ViewRootImpl@13cbee5[InstrumentationActivityInvoker$EmptyActivity]: Received frameDrawingCallback syncResult=0 frameNum=1.
09-23 23:04:07.344 20383 20439 I ViewRootImpl@13cbee5[InstrumentationActivityInvoker$EmptyActivity]: Setting up sync and frameCommitCallback
09-23 23:04:07.347 20383 20417 I BLASTBufferQueue: [ViewRootImpl@13cbee5[InstrumentationActivityInvoker$EmptyActivity]#4](f:0,a:0) onFrameAvailable the first frame is available
09-23 23:04:07.347 20383 20417 I ViewRootImpl@13cbee5[InstrumentationActivityInvoker$EmptyActivity]: Received frameCommittedCallback lastAttemptedDrawFrameNum=1 didProduceBuffer=true
09-23 23:04:07.348 20383 20417 D OpenGLRenderer: CFMS:: SetUp Pid : 20383    Tid : 20417
09-23 23:04:07.348 20383 20417 W Parcel  : Expecting binder but got null!
09-23 23:04:07.348 20383 20383 I ViewRootImpl@13cbee5[InstrumentationActivityInvoker$EmptyActivity]: onSyncComplete
09-23 23:04:07.349 20383 20383 I ViewRootImpl@13cbee5[InstrumentationActivityInvoker$EmptyActivity]: setupSync seqId=0 mSyncId=0 fn=1 caller=android.view.ViewRootImpl$$ExternalSyntheticLambda11.accept:6 android.window.SurfaceSyncer.lambda$setupSync$1$android-window-SurfaceSyncer:128 android.window.SurfaceSyncer$$ExternalSyntheticLambda1.accept:8 android.window.SurfaceSyncer$SyncSet.checkIfSyncIsComplete:382 android.window.SurfaceSyncer$SyncSet.markSyncReady:359 android.window.SurfaceSyncer.markSyncReady:151 android.view.ViewRootImpl.performTraversals:4503
09-23 23:04:07.349 20383 20383 I ViewRootImpl@13cbee5[InstrumentationActivityInvoker$EmptyActivity]: reportDrawFinished seqId=0 mSyncId=-1 fn=1 mSurfaceChangedTransaction=0xb400007d7e239c30
09-23 23:04:07.352 20383 20383 I ViewRootImpl@13cbee5[InstrumentationActivityInvoker$EmptyActivity]: stopped(true) old = false
09-23 23:04:07.352 20383 20383 I ViewRootImpl@13cbee5[InstrumentationActivityInvoker$EmptyActivity]: WindowStopped on com.example.dogglers/androidx.test.core.app.InstrumentationActivityInvoker$EmptyActivity set to true
09-23 23:04:07.352 20383 20383 D LifecycleMonitor: Lifecycle status change: androidx.test.core.app.InstrumentationActivityInvoker$EmptyActivity@adc56b0 in: STOPPED
09-23 23:04:07.353 20383 20383 V ActivityScenario: Activity lifecycle changed event received but ignored because the intent does not match. startActivityIntent=Intent { act=android.intent.action.MAIN cat=[android.intent.category.LAUNCHER] cmp=com.example.dogglers/.MainActivity }, activity.getIntent()=Intent { act=android.intent.action.MAIN cat=[android.intent.category.LAUNCHER] flg=0x10000000 cmp=com.example.dogglers/androidx.test.core.app.InstrumentationActivityInvoker$EmptyActivity }, activity=androidx.test.core.app.InstrumentationActivityInvoker$EmptyActivity@adc56b0
09-23 23:04:07.354 20383 20383 I MSHandlerLifeCycle: removeMultiSplitHandler: no exist. decor=DecorView@866b24f[InstrumentationActivityInvoker$EmptyActivity]
09-23 23:04:07.355 20383 20383 D LifecycleMonitor: Lifecycle status change: com.example.dogglers.MainActivity@6bc3edb in: DESTROYED
09-23 23:04:07.355 20383 20383 V ActivityScenario: Update currentActivityStage to DESTROYED, currentActivity=null
09-23 23:04:07.356 20383 20383 I MSHandlerLifeCycle: removeMultiSplitHandler: no exist. decor=DecorView@26dfa9e[MainActivity]
09-23 23:04:07.356 20383 20417 D OpenGLRenderer: setSurface called with nullptr
09-23 23:04:07.357 20383 20383 I ViewRootImpl@8d8506f[MainActivity]: dispatchDetachedFromWindow
09-23 23:04:07.358   871  1064 I SurfaceFlinger: id=38713 createSurf flag=80004, ActivityRecord{39dfb62 u0 com.example.dogglers/androidx.test.core.app.InstrumentationActivityInvoker$EmptyActivity} t7702}#38713
09-23 23:04:07.362  1186  1199 D InputDispatcher: Focused application(0): ActivityRecord{39dfb62 u0 com.example.dogglers/androidx.test.core.app.InstrumentationActivityInvoker$EmptyActivity} t7702}
09-23 23:04:07.363  1186  1232 I SemPersonaManager: SecureFolder personaId = 150
09-23 23:04:07.365  2633  2633 E pageboostd: Received HALT command code 2
09-23 23:04:07.366  1186  1322 D InputTransport: Input channel destroyed: '11c42ce', fd=929
09-23 23:04:07.366  1186  1322 W InputManager-JNI: Input channel object '11c42ce com.example.dogglers/com.example.dogglers.MainActivity (client)' was disposed without first being removed with the input manager!
09-23 23:04:07.366  1186  1322 D InputTransport: Input channel destroyed: '11c42ce', fd=940
09-23 23:04:07.367 20383 20383 D InputTransport: Input channel destroyed: '11c42ce', fd=88
09-23 23:04:07.370  1186  1232 D EnterpriseDeviceManagerService: isMdmAdminPresentInternal() : MDM Admin Found - com.samsung.knox.securefolder
09-23 23:04:07.371 20383 20417 D OpenGLRenderer: setSurface called with nullptr
09-23 23:04:07.371 20383 20417 D OpenGLRenderer: setSurface() destroyed EGLSurface
09-23 23:04:07.371 20383 20417 D OpenGLRenderer: destroyEglSurface
09-23 23:04:07.372  1186  2620 I MediaSessionMonitor: Media session stopped : controllerList empty
09-23 23:04:07.373   871   871 I Layer   : id=38708 removeFromCurrentState 11c42ce com.example.dogglers/com.example.dogglers.MainActivity#38708 (125)
09-23 23:04:07.374   871   871 I SurfaceFlinger: id=38708 Removed 11c42ce com.example.dogglers/com.example.dogglers.MainActivity#38708 (125)
09-23 23:04:07.374   871   871 I Layer   : id=38708 Destroyed 11c42ce com.example.dogglers/com.example.dogglers.MainActivity#38708
09-23 23:04:07.376 20383 20383 I ViewRootImpl@13cbee5[InstrumentationActivityInvoker$EmptyActivity]: performTraversals mFirst=false windowShouldResize=false viewVisibilityChanged=true mForceNextWindowRelayout=false params=null
09-23 23:04:07.377  1186  1745 V WindowManager: Relayout Window{24fd50a u0 com.example.dogglers/androidx.test.core.app.InstrumentationActivityInvoker$EmptyActivity}: viewVisibility=4 req=1080x2400 d0
09-23 23:04:07.378  1186  1745 V WindowManager: Relayout hash=24fd50a, pid=20383, syncId=-1: mAttrs={(0,0)(fillxfill) sim={adjust=pan forwardNavigation} ty=BASE_APPLICATION wanim=0x1030001
09-23 23:04:07.378  1186  1745 V WindowManager:   fl=1810100
09-23 23:04:07.378  1186  1745 V WindowManager:   pfl=12020040
09-23 23:04:07.378  1186  1745 V WindowManager:   bhv=DEFAULT
09-23 23:04:07.378  1186  1745 V WindowManager:   fitSides= naviIconColor=0}
09-23 23:04:07.380 20383 20383 I ViewRootImpl@13cbee5[InstrumentationActivityInvoker$EmptyActivity]: Relayout returned: old=(0,0,1080,2400) new=(0,0,1080,2400) req=(1080,2400)4 dur=4 res=0x2 s={false 0x0} ch=false seqId=0
09-23 23:04:07.384   871   871 I Layer   : id=38707 removeFromCurrentState ActivityRecord{2664f76 u0 com.example.dogglers/.MainActivity} t7702}#38707 (124)
09-23 23:04:07.384   871   871 I Layer   : id=38712 removeFromCurrentState com.example.dogglers/androidx.test.core.app.InstrumentationActivityInvoker$EmptyActivity$_20383#38712 (124)
09-23 23:04:07.384   871   871 I SurfaceFlinger: id=38707 Removed ActivityRecord{2664f76 u0 com.example.dogglers/.MainActivity} t7702}#38707 (124)
09-23 23:04:07.384   871   871 I SurfaceFlinger: id=38712 Removed com.example.dogglers/androidx.test.core.app.InstrumentationActivityInvoker$EmptyActivity$_20383#38712 (124)
09-23 23:04:07.384   871   871 I Layer   : id=38712 Destroyed com.example.dogglers/androidx.test.core.app.InstrumentationActivityInvoker$EmptyActivity$_20383#38712
09-23 23:04:07.384   871   871 I Layer   : id=38707 Destroyed ActivityRecord{2664f76 u0 com.example.dogglers/.MainActivity} t7702}#38707
09-23 23:04:07.387 20383 20383 D LifecycleMonitor: Lifecycle status change: androidx.test.core.app.InstrumentationActivityInvoker$EmptyActivity@2cacbe0 in: PRE_ON_CREATE
09-23 23:04:07.387 20383 20383 V ActivityScenario: Activity lifecycle changed event received but ignored because the intent does not match. startActivityIntent=Intent { act=android.intent.action.MAIN cat=[android.intent.category.LAUNCHER] cmp=com.example.dogglers/.MainActivity }, activity.getIntent()=Intent { act=android.intent.action.MAIN cat=[android.intent.category.LAUNCHER] flg=0x10000000 cmp=com.example.dogglers/androidx.test.core.app.InstrumentationActivityInvoker$EmptyActivity }, activity=androidx.test.core.app.InstrumentationActivityInvoker$EmptyActivity@2cacbe0
09-23 23:04:07.391 20383 20383 I DecorView: [INFO] isPopOver=false config=true
09-23 23:04:07.391 20383 20383 I DecorView: updateCaptionType: isFloating=false isApplication=true hasWindowDecorCaption=false this=DecorView@a7ecd3f[]
09-23 23:04:07.391 20383 20383 D DecorView: setCaptionType = 0, this = DecorView@a7ecd3f[]
09-23 23:04:07.393 20383 20383 I DecorView: getCurrentDensityDpi: from real metrics. densityDpi=450 msg=resources_loaded
09-23 23:04:07.393 20383 20383 I DecorView: setWindowBackground: isPopOver=false color=ff010101 d=android.graphics.drawable.StateListDrawable@840c60c
09-23 23:04:07.393 20383 20383 D LifecycleMonitor: Lifecycle status change: androidx.test.core.app.InstrumentationActivityInvoker$EmptyActivity@2cacbe0 in: CREATED
09-23 23:04:07.394 20383 20383 V ActivityScenario: Activity lifecycle changed event received but ignored because the intent does not match. startActivityIntent=Intent { act=android.intent.action.MAIN cat=[android.intent.category.LAUNCHER] cmp=com.example.dogglers/.MainActivity }, activity.getIntent()=Intent { act=android.intent.action.MAIN cat=[android.intent.category.LAUNCHER] flg=0x10000000 cmp=com.example.dogglers/androidx.test.core.app.InstrumentationActivityInvoker$EmptyActivity }, activity=androidx.test.core.app.InstrumentationActivityInvoker$EmptyActivity@2cacbe0
09-23 23:04:07.395 20383 20383 D LifecycleMonitor: Lifecycle status change: androidx.test.core.app.InstrumentationActivityInvoker$EmptyActivity@2cacbe0 in: STARTED
09-23 23:04:07.395 20383 20383 V ActivityScenario: Activity lifecycle changed event received but ignored because the intent does not match. startActivityIntent=Intent { act=android.intent.action.MAIN cat=[android.intent.category.LAUNCHER] cmp=com.example.dogglers/.MainActivity }, activity.getIntent()=Intent { act=android.intent.action.MAIN cat=[android.intent.category.LAUNCHER] flg=0x10000000 cmp=com.example.dogglers/androidx.test.core.app.InstrumentationActivityInvoker$EmptyActivity }, activity=androidx.test.core.app.InstrumentationActivityInvoker$EmptyActivity@2cacbe0
09-23 23:04:07.397 20383 20383 D LifecycleMonitor: Lifecycle status change: androidx.test.core.app.InstrumentationActivityInvoker$EmptyActivity@2cacbe0 in: RESUMED
09-23 23:04:07.397 20383 20383 V ActivityScenario: Activity lifecycle changed event received but ignored because the intent does not match. startActivityIntent=Intent { act=android.intent.action.MAIN cat=[android.intent.category.LAUNCHER] cmp=com.example.dogglers/.MainActivity }, activity.getIntent()=Intent { act=android.intent.action.MAIN cat=[android.intent.category.LAUNCHER] flg=0x10000000 cmp=com.example.dogglers/androidx.test.core.app.InstrumentationActivityInvoker$EmptyActivity }, activity=androidx.test.core.app.InstrumentationActivityInvoker$EmptyActivity@2cacbe0
09-23 23:04:07.397 20383 20383 I MSHandlerLifeCycle: check: return. pkg=com.example.dogglers parent=null callers=com.android.internal.policy.DecorView.setVisibility:4416 android.app.ActivityThread.handleResumeActivity:5476 android.app.servertransaction.ResumeActivityItem.execute:54 android.app.servertransaction.ActivityTransactionItem.execute:45 android.app.servertransaction.TransactionExecutor.executeLifecycleState:176
09-23 23:04:07.397 20383 20383 I MSHandlerLifeCycle: removeMultiSplitHandler: no exist. decor=DecorView@a7ecd3f[]
09-23 23:04:07.399 20383 20417 D NativeCustomFrequencyManager: [NativeCFMS] BpCustomFrequencyManager::BpCustomFrequencyManager()
09-23 23:04:07.401  1186  1745 D InputTransport: Input channel constructed: 'f89e83f', fd=940
09-23 23:04:07.401  1186  1745 D InputTransport: Input channel constructed: 'f89e83f', fd=976
09-23 23:04:07.401  1186  1745 D InputTransport: Input channel constructed: 'f89e83f', fd=978
09-23 23:04:07.401   871  1064 I SurfaceFlinger: id=38714 createSurf flag=80004, f89e83f com.example.dogglers/androidx.test.core.app.InstrumentationActivityInvoker$EmptyActivity#38714
09-23 23:04:07.402  1186  1745 D InputTransport: Input channel destroyed: 'f89e83f', fd=978
09-23 23:04:07.403 20383 20383 D InsetsController: onStateChanged: InsetsState: {mDisplayFrame=Rect(0, 0 - 1080, 2400), mDisplayCutout=DisplayCutout{insets=Rect(0, 80 - 0, 0) waterfall=Insets{left=0, top=0, right=0, bottom=0} boundingRect={Bounds=[Rect(0, 0 - 0, 0), Rect(468, 0 - 612, 80), Rect(0, 0 - 0, 0), Rect(0, 0 - 0, 0)]} cutoutPathParserInfo={CutoutPathParserInfo{displayWidth=1080 displayHeight=2400 physicalDisplayWidth=1080 physicalDisplayHeight=2400 density={2.8125} cutoutSpec={M 0,0 H -25.6 V 28.44444444444444 H 25.6 V 0 H 0 Z @dp} rotation={0} scale={1.0} physicalPixelDisplaySizeRatio={1.0}}}}, mRoundedCorners=RoundedCorners{[RoundedCorner{position=TopLeft, radius=90, center=Point(90, 90)}, RoundedCorner{position=TopRight, radius=90, center=Point(990, 90)}, RoundedCorner{position=BottomRight, radius=90, center=Point(990, 2310)}, RoundedCorner{position=BottomLeft, radius=90, center=Point(90, 2310)}]}  mRoundedCornerFrame=Rect(0, 0 - 1080, 2400), mPrivacyIndicatorBounds=PrivacyIndicatorBounds {static bounds=Rect(956, 0 - 1080, 80) rotation=0}, mSources= { InsetsSource: {mType=ITYPE_STATUS_BAR, mFrame=[0,0][1080,80], mVisible=true, mInsetsRoundedCornerFrame=false}, InsetsSource: {mType=ITYPE_NAVIGATION_BAR, mFrame=[0,2400][1080,2400], mVisible=false, mInsetsRoundedCornerFrame=false}, InsetsSource: {mType=ITYPE_LEFT_GESTURES, mFrame=[0,0][67,2400], mVisible=true, mInsetsRoundedCornerFrame=false}, InsetsSource: {mType=ITYPE_RIGHT_GESTURES, mFrame=[1013,0][1080,2400], mVisible=true, mInsetsRoundedCornerFrame=false}, InsetsSource: {mType=ITYPE_TOP_MANDATORY_GESTURES, mFrame=[0,0][1080,114], mVisible=true, mInsetsRoundedCornerFrame=false}, InsetsSource: {mType=ITYPE_BOTTOM_MANDATORY_GESTURES, mFrame=[0,2344][1080,2400], mVisible=true, mInsetsRoundedCornerFrame=false}, InsetsSource: {mType=ITYPE_LEFT_DISPLAY_CUTOUT, mFrame=[0,0][-100000,2400], mVisible=true, mInsetsRoundedCornerFrame=false}, InsetsSource: {mType=ITYPE_TOP_DISPLAY_CUTOUT, mFrame=[0,0][1080,80], mVisible=true, mInsetsRoundedCornerFrame=false}, InsetsSource: {mType=ITYPE_RIGHT_DISPLAY_CUTOUT, mFrame=[100000,0][1080,2400], mVisible=true, mInsetsRoundedCornerFrame=false}, InsetsSource: {mType=ITYPE_BOTTOM_DISPLAY_CUTOUT, mFrame=[0,100000][1080,2400], mVisible=true, mInsetsRoundedCornerFrame=false}, InsetsSource: {mType=ITYPE_TOP_TAPPABLE_ELEMENT, mFrame=[0,0][1080,80], mVisible=true, mInsetsRoundedCornerFrame=false}, InsetsSource: {mType=ITYPE_BOTTOM_TAPPABLE_ELEMENT, mFrame=[0,0][0,0], mVisible=true, mInsetsRoundedCornerFrame=false}, InsetsSource: {mType=ITYPE_IME, mFrame=[0,0][0,0], mVisibleFrame=[0,1392][1080,2400], mVisible=false, mInsetsRoundedCornerFrame=false} } host=com.example.dogglers/androidx.test.core.app.InstrumentationActivityInvoker$EmptyActivity from=android.view.ViewRootImpl.setView:1732
09-23 23:04:07.404 20383 20383 I ViewRootImpl@9342b55[InstrumentationActivityInvoker$EmptyActivity]: setView = com.android.internal.policy.DecorView@a7ecd3f TM=true
09-23 23:04:07.405 20383 20383 I MSHandlerLifeCycle: removeMultiSplitHandler: no exist. decor=DecorView@a7ecd3f[InstrumentationActivityInvoker$EmptyActivity]
09-23 23:04:07.406 20383 20383 D LifecycleMonitor: Lifecycle status change: androidx.test.core.app.InstrumentationActivityInvoker$EmptyActivity@2cacbe0 in: PAUSED
09-23 23:04:07.406 20383 20383 V ActivityScenario: Activity lifecycle changed event received but ignored because the intent does not match. startActivityIntent=Intent { act=android.intent.action.MAIN cat=[android.intent.category.LAUNCHER] cmp=com.example.dogglers/.MainActivity }, activity.getIntent()=Intent { act=android.intent.action.MAIN cat=[android.intent.category.LAUNCHER] flg=0x10000000 cmp=com.example.dogglers/androidx.test.core.app.InstrumentationActivityInvoker$EmptyActivity }, activity=androidx.test.core.app.InstrumentationActivityInvoker$EmptyActivity@2cacbe0
09-23 23:04:07.408 20383 20383 D LifecycleMonitor: Lifecycle status change: androidx.test.core.app.InstrumentationActivityInvoker$BootstrapActivity@5f844c7 in: DESTROYED
09-23 23:04:07.409 20383 20383 V ActivityScenario: Activity lifecycle changed event received but ignored because the intent does not match. startActivityIntent=Intent { act=android.intent.action.MAIN cat=[android.intent.category.LAUNCHER] cmp=com.example.dogglers/.MainActivity }, activity.getIntent()=Intent { act=android.intent.action.MAIN cat=[android.intent.category.LAUNCHER] flg=0x10008000 cmp=com.example.dogglers/androidx.test.core.app.InstrumentationActivityInvoker$BootstrapActivity (has extras) }, activity=androidx.test.core.app.InstrumentationActivityInvoker$BootstrapActivity@5f844c7
09-23 23:04:07.409 20383 20383 I ViewRootImpl@13cbee5[InstrumentationActivityInvoker$EmptyActivity]: handleAppVisibility mAppVisible = true visible = false
09-23 23:04:07.412 20383 20383 I ViewRootImpl@9342b55[InstrumentationActivityInvoker$EmptyActivity]: performTraversals params={(0,0)(fillxfill) sim={adjust=pan forwardNavigation} ty=BASE_APPLICATION wanim=0x1030001
09-23 23:04:07.412 20383 20383 I ViewRootImpl@9342b55[InstrumentationActivityInvoker$EmptyActivity]:   fl=1810100
09-23 23:04:07.412 20383 20383 I ViewRootImpl@9342b55[InstrumentationActivityInvoker$EmptyActivity]:   pfl=12020040
09-23 23:04:07.412 20383 20383 I ViewRootImpl@9342b55[InstrumentationActivityInvoker$EmptyActivity]:   bhv=DEFAULT
09-23 23:04:07.412 20383 20383 I ViewRootImpl@9342b55[InstrumentationActivityInvoker$EmptyActivity]:   fitSides= naviIconColor=0}
09-23 23:04:07.413 20383 20383 I ViewRootImpl@9342b55[InstrumentationActivityInvoker$EmptyActivity]: performTraversals mFirst=true windowShouldResize=true viewVisibilityChanged=false mForceNextWindowRelayout=false params={(0,0)(fillxfill) sim={adjust=pan forwardNavigation} ty=BASE_APPLICATION wanim=0x1030001
09-23 23:04:07.413 20383 20383 I ViewRootImpl@9342b55[InstrumentationActivityInvoker$EmptyActivity]:   fl=1810100
09-23 23:04:07.413 20383 20383 I ViewRootImpl@9342b55[InstrumentationActivityInvoker$EmptyActivity]:   pfl=12020040
09-23 23:04:07.413 20383 20383 I ViewRootImpl@9342b55[InstrumentationActivityInvoker$EmptyActivity]:   bhv=DEFAULT
09-23 23:04:07.413 20383 20383 I ViewRootImpl@9342b55[InstrumentationActivityInvoker$EmptyActivity]:   fitSides= naviIconColor=0}
09-23 23:04:07.414  1186  1199 V WindowManager: Relayout Window{f89e83f u0 com.example.dogglers/androidx.test.core.app.InstrumentationActivityInvoker$EmptyActivity}: viewVisibility=0 req=1080x2400 d0
09-23 23:04:07.414   871  1064 I SurfaceFlinger: id=38715 createSurf flag=40004, com.example.dogglers/androidx.test.core.app.InstrumentationActivityInvoker$EmptyActivity$_20383#38715
09-23 23:04:07.417   871   871 I Layer   : id=38704 removeFromCurrentState ActivityRecord{2676674 u0 com.example.dogglers/androidx.test.core.app.InstrumentationActivityInvoker$BootstrapActivity} t7702}#38704 (124)
09-23 23:04:07.417   871   871 I SurfaceFlinger: id=38704 Removed ActivityRecord{2676674 u0 com.example.dogglers/androidx.test.core.app.InstrumentationActivityInvoker$BootstrapActivity} t7702}#38704 (124)
09-23 23:04:07.417   871   871 I Layer   : id=38704 Destroyed ActivityRecord{2676674 u0 com.example.dogglers/androidx.test.core.app.InstrumentationActivityInvoker$BootstrapActivity} t7702}#38704
09-23 23:04:07.419  1186  1199 V WindowManager: Relayout hash=f89e83f, pid=20383, syncId=-1: mAttrs={(0,0)(fillxfill) sim={adjust=pan forwardNavigation} ty=BASE_APPLICATION wanim=0x1030001
09-23 23:04:07.419  1186  1199 V WindowManager:   fl=1810100
09-23 23:04:07.419  1186  1199 V WindowManager:   pfl=12020040
09-23 23:04:07.419  1186  1199 V WindowManager:   bhv=DEFAULT
09-23 23:04:07.419  1186  1199 V WindowManager:   fitSides= naviIconColor=0}
09-23 23:04:07.420 20383 20383 I ViewRootImpl@9342b55[InstrumentationActivityInvoker$EmptyActivity]: updateBlastSurfaceIfNeeded mBlastBufferQueue=null isSameSurfaceControl=false
09-23 23:04:07.421 20383 20383 I BLASTBufferQueue: new BLASTBufferQueue, mName= ViewRootImpl@9342b55[InstrumentationActivityInvoker$EmptyActivity] mNativeObject= 0xb400007dbe23fff0 sc.mNativeObject= 0xb400007d4e264cd0 caller= android.view.ViewRootImpl.updateBlastSurfaceIfNeeded:2909 android.view.ViewRootImpl.relayoutWindow:9847 android.view.ViewRootImpl.performTraversals:3884 android.view.ViewRootImpl.doTraversal:3116 android.view.ViewRootImpl$TraversalRunnable.run:10885 android.view.Choreographer$CallbackRecord.run:1301 android.view.Choreographer$CallbackRecord.run:1309 android.view.Choreographer.doCallbacks:923 android.view.Choreographer.doFrame:852 android.view.Choreographer$FrameDisplayEventReceiver.run:1283
09-23 23:04:07.421 20383 20383 I BLASTBufferQueue: update, w= 1080 h= 2400 mName = ViewRootImpl@9342b55[InstrumentationActivityInvoker$EmptyActivity] mNativeObject= 0xb400007dbe23fff0 sc.mNativeObject= 0xb400007d4e264cd0 format= -1 caller= android.graphics.BLASTBufferQueue.<init>:84 android.view.ViewRootImpl.updateBlastSurfaceIfNeeded:2909 android.view.ViewRootImpl.relayoutWindow:9847 android.view.ViewRootImpl.performTraversals:3884 android.view.ViewRootImpl.doTraversal:3116 android.view.ViewRootImpl$TraversalRunnable.run:10885
09-23 23:04:07.421 20383 20383 I ViewRootImpl@9342b55[InstrumentationActivityInvoker$EmptyActivity]: Relayout returned: old=(0,0,1080,2400) new=(0,0,1080,2400) req=(1080,2400)0 dur=7 res=0x3 s={true 0xb400007e4e29dbd0} ch=true seqId=0
09-23 23:04:07.422 20383 20383 I ViewRootImpl@9342b55[InstrumentationActivityInvoker$EmptyActivity]: mThreadedRenderer.initialize() mSurface={isValid=true 0xb400007e4e29dbd0} hwInitialized=true
09-23 23:04:07.422 20383 20417 D OpenGLRenderer: eglCreateWindowSurface
09-23 23:04:07.423 20383 20383 I ViewRootImpl@9342b55[InstrumentationActivityInvoker$EmptyActivity]: reportNextDraw android.view.ViewRootImpl.performTraversals:4438 android.view.ViewRootImpl.doTraversal:3116 android.view.ViewRootImpl$TraversalRunnable.run:10885 android.view.Choreographer$CallbackRecord.run:1301 android.view.Choreographer$CallbackRecord.run:1309
09-23 23:04:07.424 20383 20383 I ViewRootImpl@9342b55[InstrumentationActivityInvoker$EmptyActivity]: Setup new sync id=0
09-23 23:04:07.424 20383 20383 I ViewRootImpl@9342b55[InstrumentationActivityInvoker$EmptyActivity]: Setting syncFrameCallback
09-23 23:04:07.424 20383 20383 I ViewRootImpl@9342b55[InstrumentationActivityInvoker$EmptyActivity]: registerCallbacksForSync syncBuffer=false
09-23 23:04:07.425 20383 20438 I ViewRootImpl@9342b55[InstrumentationActivityInvoker$EmptyActivity]: Received frameDrawingCallback syncResult=0 frameNum=1.
09-23 23:04:07.425 20383 20438 I ViewRootImpl@9342b55[InstrumentationActivityInvoker$EmptyActivity]: Setting up sync and frameCommitCallback
09-23 23:04:07.427 20383 20417 I BLASTBufferQueue: [ViewRootImpl@9342b55[InstrumentationActivityInvoker$EmptyActivity]#5](f:0,a:0) onFrameAvailable the first frame is available
09-23 23:04:07.428 20383 20417 I ViewRootImpl@9342b55[InstrumentationActivityInvoker$EmptyActivity]: Received frameCommittedCallback lastAttemptedDrawFrameNum=1 didProduceBuffer=true
09-23 23:04:07.430 20383 20417 D OpenGLRenderer: CFMS:: SetUp Pid : 20383    Tid : 20417
09-23 23:04:07.431 20383 20417 W Parcel  : Expecting binder but got null!
09-23 23:04:07.431 20383 20383 I ViewRootImpl@9342b55[InstrumentationActivityInvoker$EmptyActivity]: onSyncComplete
09-23 23:04:07.431 20383 20383 I ViewRootImpl@9342b55[InstrumentationActivityInvoker$EmptyActivity]: setupSync seqId=0 mSyncId=0 fn=1 caller=android.view.ViewRootImpl$$ExternalSyntheticLambda11.accept:6 android.window.SurfaceSyncer.lambda$setupSync$1$android-window-SurfaceSyncer:128 android.window.SurfaceSyncer$$ExternalSyntheticLambda1.accept:8 android.window.SurfaceSyncer$SyncSet.checkIfSyncIsComplete:382 android.window.SurfaceSyncer$SyncSet.markSyncReady:359 android.window.SurfaceSyncer.markSyncReady:151 android.view.ViewRootImpl.performTraversals:4503
09-23 23:04:07.431 20383 20383 I ViewRootImpl@9342b55[InstrumentationActivityInvoker$EmptyActivity]: reportDrawFinished seqId=0 mSyncId=-1 fn=1 mSurfaceChangedTransaction=0xb400007d7e23a410
09-23 23:04:07.432 20383 20383 I ViewRootImpl@9342b55[InstrumentationActivityInvoker$EmptyActivity]: stopped(true) old = false
09-23 23:04:07.432 20383 20383 I ViewRootImpl@9342b55[InstrumentationActivityInvoker$EmptyActivity]: WindowStopped on com.example.dogglers/androidx.test.core.app.InstrumentationActivityInvoker$EmptyActivity set to true
09-23 23:04:07.433 20383 20383 D LifecycleMonitor: Lifecycle status change: androidx.test.core.app.InstrumentationActivityInvoker$EmptyActivity@2cacbe0 in: STOPPED
09-23 23:04:07.433 20383 20383 V ActivityScenario: Activity lifecycle changed event received but ignored because the intent does not match. startActivityIntent=Intent { act=android.intent.action.MAIN cat=[android.intent.category.LAUNCHER] cmp=com.example.dogglers/.MainActivity }, activity.getIntent()=Intent { act=android.intent.action.MAIN cat=[android.intent.category.LAUNCHER] flg=0x10000000 cmp=com.example.dogglers/androidx.test.core.app.InstrumentationActivityInvoker$EmptyActivity }, activity=androidx.test.core.app.InstrumentationActivityInvoker$EmptyActivity@2cacbe0
09-23 23:04:07.434 20383 20383 I MSHandlerLifeCycle: removeMultiSplitHandler: no exist. decor=DecorView@a7ecd3f[InstrumentationActivityInvoker$EmptyActivity]
09-23 23:04:07.436  1186  2162 D InputDispatcher: Focused application(0): ActivityRecord{4853918 u0 com.sec.android.app.launcher/.activities.LauncherActivity} t7609}
09-23 23:04:07.438  2080  2080 I ViewRootImpl@782dd03[LauncherActivity]: handleAppVisibility mAppVisible = false visible = true
09-23 23:04:07.442  2080  2080 I ViewRootImpl@782dd03[LauncherActivity]: stopped(false) old = true
09-23 23:04:07.442  2080  2080 I ViewRootImpl@782dd03[LauncherActivity]: WindowStopped on com.sec.android.app.launcher/com.sec.android.app.launcher.activities.LauncherActivity set to false
09-23 23:04:07.443  2080  2080 I Launcher: !@Boot_DEBUG: Launcher.onStart()
09-23 23:04:07.443  2080  2080 I Launcher: !@Boot_EBS_D: Launcher.onStart()
09-23 23:04:07.443  2080  2080 I BaseActivity: addActivityFlags, flags : 1
09-23 23:04:07.443  2080  2080 W LauncherAppWidgetHost: setShouldListenFlag, mFlags:2 flag:start on:true isFront:false
09-23 23:04:07.443  2080  2080 W Launcher: onStart isListening : false isLoading false
09-23 23:04:07.446  2080  2080 I MSHandlerLifeCycle: removeMultiSplitHandler: no exist. decor=DecorView@71ff488[LauncherActivity]
09-23 23:04:07.446  2080  2080 I ViewRootImpl@782dd03[LauncherActivity]: stopped(false) old = false
09-23 23:04:07.446  2080  2080 I Launcher: !@Boot_DEBUG: Launcher.onResume()
09-23 23:04:07.446  2080  2080 I Launcher: !@Boot_EBS_D: Launcher.onResume()
09-23 23:04:07.446  2080  2080 I BaseActivity: addActivityFlags, flags : 18
09-23 23:04:07.446  1186  1232 D PersonaActivityHelper: Activity not in resumed state, do not run immediate lock
09-23 23:04:07.446  2080  2080 I BaseActivity: removeActivityFlags, flags : 32
09-23 23:04:07.446  2080  2080 I AppsSearchBar: restoreCurrentCellLayoutAlpha: null
09-23 23:04:07.446  2080  2080 W SearchLauncherServiceMover: isMoving : false
09-23 23:04:07.447  2080  2080 I DecorView: notifyKeepScreenOnChanged: keepScreenOn=false
09-23 23:04:07.448 20383 20417 D OpenGLRenderer: setSurface called with nullptr
09-23 23:04:07.448 20383 20417 D OpenGLRenderer: setSurface() destroyed EGLSurface
09-23 23:04:07.448 20383 20417 D OpenGLRenderer: destroyEglSurface
09-23 23:04:07.448  2080  2080 I Launcher: setWallpaperOffsets
09-23 23:04:07.449  2080  2080 I DecorView: notifyKeepScreenOnChanged: keepScreenOn=false
09-23 23:04:07.450  2080  2080 I MSHandlerLifeCycle: removeMultiSplitHandler: no exist. decor=DecorView@71ff488[LauncherActivity]
09-23 23:04:07.450  2080  2080 I BaseActivity: addActivityFlags, flags : 4
09-23 23:04:07.450  2080  2080 I Launcher: onDeferredResumed
09-23 23:04:07.450 20383 20383 I ViewRootImpl@9342b55[InstrumentationActivityInvoker$EmptyActivity]: performTraversals mFirst=false windowShouldResize=false viewVisibilityChanged=true mForceNextWindowRelayout=false params=null
09-23 23:04:07.450  2080  2080 I InstallShortcutReceiver: flushInstallQueue 0
09-23 23:04:07.450  2080  2080 I Launcher.NotificationListener: registerObserver this is not notificationService!!
09-23 23:04:07.451  2080  2080 I Launcher.NotificationListener: onNotificationFullRefresh
09-23 23:04:07.451  2080  2080 I BadgeCountUpdaterImpl: onNotificationsChangedConnected
09-23 23:04:07.451  2080  2080 W LauncherAppWidgetHost: setShouldListenFlag, mFlags:6 flag:resume on:true isFront:false
09-23 23:04:07.451  1186  1745 V WindowManager: Relayout Window{f89e83f u0 com.example.dogglers/androidx.test.core.app.InstrumentationActivityInvoker$EmptyActivity}: viewVisibility=4 req=1080x2400 d0
09-23 23:04:07.451  2080  2331 I InstallShortcutReceiver: flushQueueInBackground 0
09-23 23:04:07.451  1186  2162 I AppWidgetServiceImpl: startListening callbacks : com.android.internal.appwidget.IAppWidgetHost$Stub$Proxy@c935f2f
09-23 23:04:07.455  2633  2633 E pageboostd: Received HALT command code 2
09-23 23:04:07.455  1186  1745 V WindowManager: Relayout hash=f89e83f, pid=20383, syncId=-1: mAttrs={(0,0)(fillxfill) sim={adjust=pan forwardNavigation} ty=BASE_APPLICATION wanim=0x1030001
09-23 23:04:07.455  1186  1745 V WindowManager:   fl=1810100
09-23 23:04:07.455  1186  1745 V WindowManager:   pfl=12020040
09-23 23:04:07.455  1186  1745 V WindowManager:   bhv=DEFAULT
09-23 23:04:07.455  1186  1745 V WindowManager:   fitSides= naviIconColor=0}
09-23 23:04:07.455  2080 13235 I Launcher: DisplayMetrics from Resources : DisplayMetrics{density=2.8125, width=1080, height=2320, scaledDensity=3.09375, xdpi=409.432, ydpi=411.891}
09-23 23:04:07.456  1186  1232 D EnterpriseDeviceManagerService: isMdmAdminPresentInternal() : MDM Admin Found - com.samsung.knox.securefolder
09-23 23:04:07.456  2080  2080 I AppWidgetHost: updateAppWidgetView, appWidgetId = 12, v = com.android.launcher3.widget.LauncherAppWidgetHostView{bde21a VFE....L. R.....ID 0,0-1002,716 #f5}[a=1.0,v=0][c(0,0-4,2),id=245]
09-23 23:04:07.456 22590 22590 I dnca    : onStart
09-23 23:04:07.458  2080  2080 W LauncherAppWidgetHostView: updateAppWidget, widgetId : 12, mReinflateOnConfigChange : false
09-23 23:04:07.458  2080  2080 W LauncherAppWidgetHost: startListening, mFlags:15 isFront:false
09-23 23:04:07.459 20383 20383 I ViewRootImpl@9342b55[InstrumentationActivityInvoker$EmptyActivity]: Relayout returned: old=(0,0,1080,2400) new=(0,0,1080,2400) req=(1080,2400)4 dur=6 res=0x2 s={false 0x0} ch=false seqId=0
09-23 23:04:07.460  1186  2620 I MediaSessionMonitor: Media session stopped : controllerList empty
09-23 23:04:07.460  2080  2080 W NavigableAppWidgetHostView: setResizeScaleResult() 1002/ 355 scaleToResize = 1.0(widget id = 26) 1cad05f 0,0-1002,355
09-23 23:04:07.461  2080  2334 I LiveIconUpdateEventHandler: cancelMinuteChangeAlarm
09-23 23:04:07.461  2080  2080 W NavigableAppWidgetHostView: setResizeScaleResult() 498/ 716 scaleToResize = 1.0(widget id = 33) 6a2d344 504,361-1002,1077
09-23 23:04:07.463  2080  2080 I ViewRootImpl@782dd03[LauncherActivity]: performTraversals params={(0,0)(fillxfill) sim={adjust=nothing forwardNavigation} layoutInDisplayCutoutMode=shortEdges ty=BASE_APPLICATION fmt=TRANSPARENT wanim=0x10302f4
09-23 23:04:07.463  2080  2080 I ViewRootImpl@782dd03[LauncherActivity]:   fl=81910100
09-23 23:04:07.463  2080  2080 I ViewRootImpl@782dd03[LauncherActivity]:   pfl=1e020040
09-23 23:04:07.463  2080  2080 I ViewRootImpl@782dd03[LauncherActivity]:   vsysui=1700
09-23 23:04:07.463  2080  2080 I ViewRootImpl@782dd03[LauncherActivity]:   bhv=SHOW_TRANSIENT_BARS_BY_SWIPE
09-23 23:04:07.463  2080  2080 I ViewRootImpl@782dd03[LauncherActivity]:   fitSides= screenDimDuration=200000 naviIconColor=0}
09-23 23:04:07.463  2080 13235 I Launcher: realMetrics from Wm : DisplayMetrics{density=2.8125, width=1080, height=2400, scaledDensity=2.8125, xdpi=409.432, ydpi=411.891}
09-23 23:04:07.463  2080 13235 I Launcher: Launcher DeviceProfile onResume availSize: 1080x2320 windowSize: 1080x2400 isLandscape: false
09-23 23:04:07.464 20383 20383 D LifecycleMonitor: Lifecycle status change: androidx.test.core.app.InstrumentationActivityInvoker$EmptyActivity@adc56b0 in: DESTROYED
09-23 23:04:07.464  2080  2080 I ViewRootImpl@782dd03[LauncherActivity]: performTraversals mFirst=false windowShouldResize=false viewVisibilityChanged=true mForceNextWindowRelayout=false params={(0,0)(fillxfill) sim={adjust=nothing forwardNavigation} layoutInDisplayCutoutMode=shortEdges ty=BASE_APPLICATION fmt=TRANSPARENT wanim=0x10302f4
09-23 23:04:07.464  2080  2080 I ViewRootImpl@782dd03[LauncherActivity]:   fl=81910100
09-23 23:04:07.464  2080  2080 I ViewRootImpl@782dd03[LauncherActivity]:   pfl=1e020040
09-23 23:04:07.464  2080  2080 I ViewRootImpl@782dd03[LauncherActivity]:   vsysui=1700
09-23 23:04:07.464  2080  2080 I ViewRootImpl@782dd03[LauncherActivity]:   bhv=SHOW_TRANSIENT_BARS_BY_SWIPE
09-23 23:04:07.464  2080  2080 I ViewRootImpl@782dd03[LauncherActivity]:   fitSides= screenDimDuration=200000 naviIconColor=0}
09-23 23:04:07.464  1186  1322 V WindowManager: Relayout Window{2961ae6 u0 com.sec.android.app.launcher/com.sec.android.app.launcher.activities.LauncherActivity}: viewVisibility=0 req=1080x2400 d0
09-23 23:04:07.464 19252 19252 I BSS_SysUiManager: handleMessage = 9, 3, 7609
09-23 23:04:07.464 19252 19252 I BSS_SysUiManager: handleMessage = 9, 4, 7702
09-23 23:04:07.464 20383 20383 V ActivityScenario: Activity lifecycle changed event received but ignored because the intent does not match. startActivityIntent=Intent { act=android.intent.action.MAIN cat=[android.intent.category.LAUNCHER] cmp=com.example.dogglers/.MainActivity }, activity.getIntent()=Intent { act=android.intent.action.MAIN cat=[android.intent.category.LAUNCHER] flg=0x10000000 cmp=com.example.dogglers/androidx.test.core.app.InstrumentationActivityInvoker$EmptyActivity }, activity=androidx.test.core.app.InstrumentationActivityInvoker$EmptyActivity@adc56b0
09-23 23:04:07.464 19252 19252 I BSS_SysUiManager: handleMessage = 9, 4, 7609
09-23 23:04:07.465   871  1064 I SurfaceFlinger: id=38716 createSurf flag=40004, com.sec.android.app.launcher/com.sec.android.app.launcher.activities.LauncherActivity$_2080#38716
09-23 23:04:07.466 20383 20383 I MSHandlerLifeCycle: removeMultiSplitHandler: no exist. decor=DecorView@866b24f[InstrumentationActivityInvoker$EmptyActivity]
09-23 23:04:07.466  2080  2334 I LiveIconUpdateEventHandler: setMinuteChangeAlarm Sat Sep 23 23:05:00 GMT+04:00 2023
09-23 23:04:07.466  2080  2331 I Launcher.NotificationListener: notificationIsValidForUI : com.google.android.gm missingTitleAndText : false isGroupHeader : true
09-23 23:04:07.466  2080  2331 I Launcher.NotificationListener: notificationIsValidForUI : com.google.android.gm missingTitleAndText : false isGroupHeader : false
09-23 23:04:07.467  2080  2331 I Launcher.NotificationListener: notificationIsValidForUI : com.google.android.gm missingTitleAndText : false isGroupHeader : false
09-23 23:04:07.467  2080  2331 I Launcher.NotificationListener: notificationIsValidForUI : com.google.android.gms missingTitleAndText : false isGroupHeader : false
09-23 23:04:07.467  2080  2331 I Launcher.NotificationListener: Full refresh isConnected : true active size : 3
09-23 23:04:07.467  1186  1322 V WindowManager: Relayout hash=2961ae6, pid=2080, syncId=-1: mAttrs={(0,0)(fillxfill) sim={adjust=nothing forwardNavigation} layoutInDisplayCutoutMode=shortEdges ty=BASE_APPLICATION fmt=TRANSPARENT wanim=0x10302f4
09-23 23:04:07.467  1186  1322 V WindowManager:   fl=81910100
09-23 23:04:07.467  1186  1322 V WindowManager:   pfl=1e020040
09-23 23:04:07.467  1186  1322 V WindowManager:   vsysui=1700
09-23 23:04:07.467  1186  1322 V WindowManager:   bhv=SHOW_TRANSIENT_BARS_BY_SWIPE
09-23 23:04:07.467  1186  1322 V WindowManager:   fitSides= screenDimDuration=200000 naviIconColor=0}
09-23 23:04:07.468  2080  2330 I IMM_LC  : hsifw() - flag : 0
09-23 23:04:07.468  2080  2330 I IMM_LC  : hsifw() ignore mServedView == null or mServedView.getWindowToken() != windowToken, mServedView :0
09-23 23:04:07.468  2080  2334 I LiveIconViewUpdater: onUpdateLiveIcon - id : 73, itemType : 0
09-23 23:04:07.469  2080  2080 I ViewRootImpl@782dd03[LauncherActivity]: updateBlastSurfaceIfNeeded mBlastBufferQueue=null isSameSurfaceControl=false
09-23 23:04:07.469 20383 20417 D OpenGLRenderer: setSurface called with nullptr
09-23 23:04:07.469  2080  2334 I LiveIconUpdateEventHandler: cancelDateChangeAlarm
09-23 23:04:07.469 20383 20383 I ViewRootImpl@13cbee5[InstrumentationActivityInvoker$EmptyActivity]: dispatchDetachedFromWindow
09-23 23:04:07.469  2080  2080 I BLASTBufferQueue: new BLASTBufferQueue, mName= ViewRootImpl@782dd03[LauncherActivity] mNativeObject= 0xb400007dbe2848d0 sc.mNativeObject= 0xb400007d4e325e70 caller= android.view.ViewRootImpl.updateBlastSurfaceIfNeeded:2909 android.view.ViewRootImpl.relayoutWindow:9847 android.view.ViewRootImpl.performTraversals:3884 android.view.ViewRootImpl.doTraversal:3116 android.view.ViewRootImpl$TraversalRunnable.run:10885 android.view.Choreographer$CallbackRecord.run:1301 android.view.Choreographer$CallbackRecord.run:1309 android.view.Choreographer.doCallbacks:923 android.view.Choreographer.doFrame:852 android.view.Choreographer$FrameDisplayEventReceiver.run:1283
09-23 23:04:07.470  1186  1322 D InputTransport: Input channel destroyed: '24fd50a', fd=962
09-23 23:04:07.470  2080  2080 I BLASTBufferQueue: update, w= 1080 h= 2400 mName = ViewRootImpl@782dd03[LauncherActivity] mNativeObject= 0xb400007dbe2848d0 sc.mNativeObject= 0xb400007d4e325e70 format= -2 caller= android.graphics.BLASTBufferQueue.<init>:84 android.view.ViewRootImpl.updateBlastSurfaceIfNeeded:2909 android.view.ViewRootImpl.relayoutWindow:9847 android.view.ViewRootImpl.performTraversals:3884 android.view.ViewRootImpl.doTraversal:3116 android.view.ViewRootImpl$TraversalRunnable.run:10885
09-23 23:04:07.470  1186  1322 W InputManager-JNI: Input channel object '24fd50a com.example.dogglers/androidx.test.core.app.InstrumentationActivityInvoker$EmptyActivity (client)' was disposed without first being removed with the input manager!
09-23 23:04:07.470  1186  1322 D InputTransport: Input channel destroyed: '24fd50a', fd=966
09-23 23:04:07.470  2080  2080 I ViewRootImpl@782dd03[LauncherActivity]: Relayout returned: old=(0,0,1080,2400) new=(0,0,1080,2400) req=(1080,2400)0 dur=5 res=0x3 s={true 0xb400007e4e504fe0} ch=true seqId=0
09-23 23:04:07.471  2080  2080 I ViewRootImpl@782dd03[LauncherActivity]: mThreadedRenderer.initialize() mSurface={isValid=true 0xb400007e4e504fe0} hwInitialized=true
09-23 23:04:07.472  2080  2334 I LiveIconUpdateEventHandler: setDateChangeAlarm Sun Sep 24 00:00:00 GMT+04:00 2023
09-23 23:04:07.472  2080  2080 I ViewRootImpl@782dd03[LauncherActivity]: reportNextDraw android.view.ViewRootImpl.performTraversals:4438 android.view.ViewRootImpl.doTraversal:3116 android.view.ViewRootImpl$TraversalRunnable.run:10885 android.view.Choreographer$CallbackRecord.run:1301 android.view.Choreographer$CallbackRecord.run:1309
09-23 23:04:07.472  2080  2080 I ViewRootImpl@782dd03[LauncherActivity]: Setup new sync id=180
09-23 23:04:07.472  2080  2080 I ViewRootImpl@782dd03[LauncherActivity]: Setting syncFrameCallback
09-23 23:04:07.472  2080  2080 I ViewRootImpl@782dd03[LauncherActivity]: registerCallbacksForSync syncBuffer=false
09-23 23:04:07.472 20383 20383 D InputTransport: Input channel destroyed: '24fd50a', fd=100
09-23 23:04:07.473  2080  2334 I LiveIconViewUpdater: onUpdateLiveIcon - id : 76, itemType : 0
09-23 23:04:07.473   871   871 I Layer   : id=38711 removeFromCurrentState 24fd50a com.example.dogglers/androidx.test.core.app.InstrumentationActivityInvoker$EmptyActivity#38711 (124)
09-23 23:04:07.473   871   871 I SurfaceFlinger: id=38711 Removed 24fd50a com.example.dogglers/androidx.test.core.app.InstrumentationActivityInvoker$EmptyActivity#38711 (124)
09-23 23:04:07.473   871   871 I Layer   : id=38711 Destroyed 24fd50a com.example.dogglers/androidx.test.core.app.InstrumentationActivityInvoker$EmptyActivity#38711
09-23 23:04:07.474 22590 22590 I dnca    : onResume
09-23 23:04:07.475 20383 20383 D LifecycleMonitor: Lifecycle status change: androidx.test.core.app.InstrumentationActivityInvoker$EmptyActivity@2cacbe0 in: DESTROYED
