09-23 23:05:43.173 19252 19252 I ViewRootImpl@e6c55cb[FP Maskview]: applyTransactionOnDraw: mRemoved = true isHardwareEnabled = false t = 0xb400007d7e2346b0android.view.ViewRootImpl.applyTransactionOnDrawFromReleaseSurfaces:12850 android.view.SurfaceView.applyTransactionOnVriDraw:2046 android.view.SurfaceView.releaseSurfaces:858 android.view.SurfaceView.updateSurface:998 android.view.SurfaceView.onWindowVisibilityChanged:371
09-23 23:05:43.173   839   839 I sysinput:Touch: writeInformation:249, OK
09-23 23:05:43.173  1186  1402 D SysinputHAL_V1_3(V1_2): runTspCmdNoRead(1): set_sip_mode,0(0)
09-23 23:05:43.174 19252 19252 I SurfaceView@508258d: releaseSurfaces: viewRoot = ViewRootImpl@e6c55cb[FP Maskview]
09-23 23:05:43.174  1602  1602 I MODManager: hideChargingInfo
09-23 23:05:43.174  1602  1602 W AODAlarmTimer_AOD_CHARGING_INFO_TICK: stop : not yet started
09-23 23:05:43.174  1602  1602 I MODManager: hideChargingInfo set mNeedForceScreenOff to true
09-23 23:05:43.174 19252 19252 I SurfaceView@508258d: applyTransactionOnVriDraw: vri = ViewRootImpl@e6c55cb[FP Maskview] fRS = true t = 0xb400007d7e236870 android.view.SurfaceView.releaseSurfaces:858 android.view.SurfaceView.updateSurface:998 android.view.SurfaceView.onDetachedFromWindow:496
09-23 23:05:43.174 19252 19252 I SurfaceView@508258d: applyTransactionOnVriDraw: viewRoot.applyTransactionOnDrawFromReleaseSurfaces
09-23 23:05:43.175  1602  1602 D KeyguardTouchAnimator: dozeAmount cleared
09-23 23:05:43.175 19252 19252 I ViewRootImpl@e6c55cb[FP Maskview]: applyTransactionOnDraw: mRemoved = true isHardwareEnabled = false t = 0xb400007d7e236870android.view.ViewRootImpl.applyTransactionOnDrawFromReleaseSurfaces:12850 android.view.SurfaceView.applyTransactionOnVriDraw:2046 android.view.SurfaceView.releaseSurfaces:858 android.view.SurfaceView.updateSurface:998 android.view.SurfaceView.onDetachedFromWindow:496
09-23 23:05:43.175  1186  2288 D InputDispatcher: Focus entered window (0): 764ff6c com.example.dogglers/com.example.dogglers.MainActivity
09-23 23:05:43.175 29940 29940 D DataUsageWidget: onUpdate: Widget updated
09-23 23:05:43.175 19252 19252 I SurfaceView@508258d: onDetachedFromWindow: tryReleaseSurfaces()
09-23 23:05:43.175 19252 19252 I SurfaceView@508258d: releaseSurfaces: viewRoot = ViewRootImpl@e6c55cb[FP Maskview]
09-23 23:05:43.175 19252 19252 I SurfaceView@508258d: applyTransactionOnVriDraw: vri = ViewRootImpl@e6c55cb[FP Maskview] fRS = true t = 0xb400007d7e2362d0 android.view.SurfaceView.releaseSurfaces:858 android.view.SurfaceView.onDetachedFromWindow:500 android.view.View.dispatchDetachedFromWindow:22538
09-23 23:05:43.176 19252 19252 I SurfaceView@508258d: applyTransactionOnVriDraw: viewRoot.applyTransactionOnDrawFromReleaseSurfaces
09-23 23:05:43.176 19252 19252 I ViewRootImpl@e6c55cb[FP Maskview]: applyTransactionOnDraw: mRemoved = true isHardwareEnabled = false t = 0xb400007d7e2362d0android.view.ViewRootImpl.applyTransactionOnDrawFromReleaseSurfaces:12850 android.view.SurfaceView.applyTransactionOnVriDraw:2046 android.view.SurfaceView.releaseSurfaces:858 android.view.SurfaceView.onDetachedFromWindow:500 android.view.View.dispatchDetachedFromWindow:22538
09-23 23:05:43.177  1602  1659 I ViewRootImpl@a9c96b5[dogglers]: updateBlastSurfaceIfNeeded mBlastBufferQueue=null isSameSurfaceControl=false
09-23 23:05:43.177  1602  1602 I FaceWidgetPositionAlgorithm: setup() mStatusBarHeight = 80, mDarkAmount = 0.0, mQsTopPadding = 838, notificationStackHeight = 575, mPanelExpansion = 0.0, mHeight = 2400, mFaceWidgetContainerHeight = 358, mCurrentClockType = 2, notificationType = 0, hasVisibleNotifs = false
09-23 23:05:43.177  1602  1602 I FaceWidgetPositionAlgorithm: getClockContainerHeight() supplier = 290, bottom margin = 68, real height = 358
09-23 23:05:43.177  1602  1602 I FaceWidgetPositionAlgorithm: getMediaContainerHeight() height = 241 container Visibility = 8, isValid = false, mIsDozing = false, fraction = 1.0, source = 0, target = 0
09-23 23:05:43.177  1602  1602 I FaceWidgetPositionAlgorithm: getMediaContainerHeight() supplier = 0
09-23 23:05:43.177  1602  1602 I FaceWidgetPositionAlgorithm: getClockContainerHeight() supplier = 290, bottom margin = 0, real height = 358
09-23 23:05:43.177  1602  1659 I BLASTBufferQueue: new BLASTBufferQueue, mName= ViewRootImpl@a9c96b5[dogglers] mNativeObject= 0xb400007dbe2c8530 sc.mNativeObject= 0xb400007d4e3256e0 caller= android.view.ViewRootImpl.updateBlastSurfaceIfNeeded:2909 android.view.ViewRootImpl.relayoutWindow:9847 android.view.ViewRootImpl.performTraversals:3884 android.view.ViewRootImpl.doTraversal:3116 android.view.ViewRootImpl$TraversalRunnable.run:10885 android.view.Choreographer$CallbackRecord.run:1301 android.view.Choreographer$CallbackRecord.run:1309 android.view.Choreographer.doCallbacks:923 android.view.Choreographer.doFrame:852 android.view.Choreographer$FrameDisplayEventReceiver.run:1283
09-23 23:05:43.178  1602  1659 I BLASTBufferQueue: update, w= 1080 h= 2400 mName = ViewRootImpl@a9c96b5[dogglers] mNativeObject= 0xb400007dbe2c8530 sc.mNativeObject= 0xb400007d4e3256e0 format= -3 caller= android.graphics.BLASTBufferQueue.<init>:84 android.view.ViewRootImpl.updateBlastSurfaceIfNeeded:2909 android.view.ViewRootImpl.relayoutWindow:9847 android.view.ViewRootImpl.performTraversals:3884 android.view.ViewRootImpl.doTraversal:3116 android.view.ViewRootImpl$TraversalRunnable.run:10885
09-23 23:05:43.178  1602  1659 I ViewRootImpl@a9c96b5[dogglers]: Relayout returned: old=(0,0,1080,2400) new=(0,0,1080,2400) req=(1080,2400)0 dur=40 res=0x3 s={true 0xb400007e4e5f36e0} ch=true seqId=0
09-23 23:05:43.178  1602  1602 I FaceWidgetPositionAlgorithm: getClockContainerHeight() supplier = 290, bottom margin = 68, real height = 358
09-23 23:05:43.178  1602  1602 I FaceWidgetPositionAlgorithm: getMediaContainerHeight() height = 241 container Visibility = 8, isValid = false, mIsDozing = false, fraction = 1.0, source = 0, target = 0
09-23 23:05:43.178  1602  1602 I FaceWidgetPositionAlgorithm: getMediaContainerHeight() supplier = 0
09-23 23:05:43.178  1602  1602 I FaceWidgetPositionAlgorithm: getClockContainerHeight() supplier = 290, bottom margin = 0, real height = 358
09-23 23:05:43.178  1602  1602 I FaceWidgetPositionAlgorithm: getClockContainerHeight() supplier = 290, bottom margin = 68, real height = 358
09-23 23:05:43.178  1602  1602 I FaceWidgetPositionAlgorithm: getMediaContainerHeight() height = 241 container Visibility = 8, isValid = false, mIsDozing = false, fraction = 1.0, source = 0, target = 0
09-23 23:05:43.178  1602  1602 I FaceWidgetPositionAlgorithm: getMediaContainerHeight() supplier = 0
09-23 23:05:43.178  1602  1602 I FaceWidgetPositionAlgorithm: setup() mStatusBarHeight = 80, mDarkAmount = 0.0, mQsTopPadding = 838, notificationStackHeight = 771, mPanelExpansion = 0.0, mHeight = 2400, mFaceWidgetContainerHeight = 358, mCurrentClockType = 2, notificationType = 0, hasVisibleNotifs = false
09-23 23:05:43.178  1602  1659 I ViewRootImpl@a9c96b5[dogglers]: mThreadedRenderer.initialize() mSurface={isValid=true 0xb400007e4e5f36e0} hwInitialized=true
09-23 23:05:43.179  1602  1602 I FaceWidgetPositionAlgorithm: getMediaContainerHeight() height = 241 container Visibility = 8, isValid = false, mIsDozing = false, fraction = 1.0, source = 0, target = 0
09-23 23:05:43.179  1602  1602 I FaceWidgetPositionAlgorithm: getMediaContainerHeight() supplier = 0
09-23 23:05:43.179  1602  1602 I FaceWidgetPositionAlgorithm: getClockContainerHeight() supplier = 290, bottom margin = 0, real height = 358
09-23 23:05:43.179   871   871 D SurfaceFlinger: Display 4633128672291735932 HWC layers:
09-23 23:05:43.179   871   871 D SurfaceFlinger:      DEVICE | 0xb400007cb2d34690 | 0102 | RGBA_8888    |    0.0    0.0 1080.0 2400.0 |    0    0 1080 2400 | com.example.dogglers/com.example.dogglers.MainActivity$_20383#38765
09-23 23:05:43.179   871   871 D SurfaceFlinger:      DEVICE | 0xb400007cb2d2f990 | 0100 | RGBA_8888    |    0.0    0.0 1080.0   80.0 |    0    0 1080   80 | StatusBar$_1602#90
09-23 23:05:43.179   871   871 D SurfaceFlinger:      DEVICE | 0xb400007cb2d2b8d0 | 0100 | RGBA_8888    |    0.0    0.0 1080.0 2400.0 |    0    0 1080 2400 | SurfaceView[FP Iconview]@0(BLAST)#38763
09-23 23:05:43.179   871   871 D SurfaceFlinger:      DEVICE | 0xb400007cb2d375d0 | 0140 | RGBA_8888    |    6.0    6.0 1086.0 2406.0 |    0    0 1080 2400 | FP Iconview$_19252#38760
09-23 23:05:43.179   871   871 D SurfaceFlinger:
09-23 23:05:43.179  1602  1661 D OpenGLRenderer: eglCreateWindowSurface
09-23 23:05:43.179 19252 19252 I ViewRootImpl@e6c55cb[FP Maskview]: dispatchDetachedFromWindow
09-23 23:05:43.180 20383 20383 I ViewRootImpl@5d88566[MainActivity]: MSG_WINDOW_FOCUS_CHANGED 1 0
09-23 23:05:43.180  1602  1602 D SecQSFragmentAnimator_QSCinema: [panelExpansionDragDownPxAmount:1609] qsExpanded:false, qsFullyExpanded:false, qsExpansionPosition:0, qsExpandImmediate:false, qsCollapsingWhilePanelClosing:false &&&  panelExpansionFraction:1, panelExpansionDragDownPxAmount:1413 ***   panelExpanded:true, panelExpanding:false %%%   barState:1, overScrolling:false, userId:-1, isRunningPanelOnHeightAnimation:false
09-23 23:05:43.180 20383 20383 I ViewRootImpl@5d88566[MainActivity]: mThreadedRenderer.initializeIfNeeded()#2 mSurface={isValid=true 0xb400007e4e2a6410}
09-23 23:05:43.181 20383 20383 D InputMethodManager: startInputInner - Id : 0
09-23 23:05:43.181 20383 20383 I InputMethodManager: startInputInner - mService.startInputOrWindowGainedFocus
09-23 23:05:43.181  1186  1186 E DEVROOT#CIF:  VFI_processPdpCmd start
09-23 23:05:43.182  3164  3330 I BluetoothAdapter: STATE_BLE_ON
09-23 23:05:43.182  3164  3346 E BtGatt.GattService: [GSIM LOG]: gsimLogHandler, msg: MESSAGE_SCAN_START, appName: com.google.uid.shared, scannerId: 2, reportDelayMillis=0
09-23 23:05:43.182  3164  3330 I BluetoothAdapter: appoCount is = 1 G/S = 2/1
09-23 23:05:43.182  3164  3330 I BluetoothAdapter: STATE_BLE_ON
09-23 23:05:43.182  3164  3330 I BluetoothAdapter: appoCount is = 1 G/S = 2/1
09-23 23:05:43.182  3164  3330 I bt_stack: [INFO:le_scanning_manager.cc(269)] ScanFilterEnable in shim layer
09-23 23:05:43.183  3164  3330 I bt_stack: [INFO:le_scanning_manager.cc(240)] ScanFilterAdd in shim layer
09-23 23:05:43.184  3164  3330 D BtGatt.ScanManager: configureFilterParamter() : onFoundTimeout | onLostTimeout | onFoundCount | numOfTrackingEntries | scanFilterRssiThreshold | trackableScanFilterRssiThreshold | matchMode
09-23 23:05:43.184  3164  3330 D BtGatt.ScanManager: configureFilterParamter() : __________500__|________10000__|___________1__|___________________0__|___________________-128__|____________________________-128__|________1_
09-23 23:05:43.184  3164  3330 I bt_stack: [INFO:le_scanning_manager.cc(198)] ScanFilterParamSetup in shim layer
09-23 23:05:43.185  1602  1602 D CentralSurfaces: updateQsExpansionEnabled - QS Expand enabled: true
09-23 23:05:43.185  3164  3330 I bt_stack: [INFO:le_scanning_manager.cc(240)] ScanFilterAdd in shim layer
09-23 23:05:43.185  1602  1602 I ResourceType: [SWT] Success lookup value directly, data = 0x01060418
09-23 23:05:43.185  1602  1602 I ResourceType: [SWT] Success lookup value directly, data = 0x01060418
09-23 23:05:43.185  1602  1602 I ResourceType: [SWT] Success lookup value directly, data = 0x01060418
09-23 23:05:43.185  1602  1602 D SecQpScrimControlHelper:  secVisible?false (scrimState:UNLOCKED) (1stFrc:1, 2ndFrc:0, drgDown:0, PanelEx:false)   (dlyGed:264, dlySec:0)   [N(0.4|cc010101)-B(0|cc010101)]   (expanded:true, tracking:false, qsBottomVisible:false) MassBlur(a:1.0   thm(a:0.8, rtEnabled:false) park(panel_on?false)   kgd(fw:false, gw:true, ocl:false)   (assetsSeq:0, themeSeq:0, uiMode:33)   GED[F(0|ff000000)-N(0|0)-B(1,|ff000000)-Duration:600], caller:transitionTo(state:UNLOCKED)
09-23 23:05:43.185  1602  1602 I ResourceType: [SWT] Success lookup value directly, data = 0x01060418
09-23 23:05:43.186  1602  1602 D ScrimController: State changed to UNLOCKED, blankScreen=false, animation=-1
09-23 23:05:43.186  1602  1602 D ScrimController: updateScrimColor main=0xff161c22 front=0xff161c22|0.000000|0 noti=0xff161c22|0.000000|8 behind=0xff000000|1.000000|0 vis=2
09-23 23:05:43.186  1602  1602 D ScrimController: updateScrimColor main=0xff161c22 front=0xff161c22|0.000000|0 noti=0xff161c22|0.000000|8 behind=0xff000000|0.000000|0 vis=0
09-23 23:05:43.186  1602  1602 D KeyguardVisible: isKeyguardForDozing=false
09-23 23:05:43.186  3164  3330 D BtGatt.ScanManager: configureFilterParamter() : onFoundTimeout | onLostTimeout | onFoundCount | numOfTrackingEntries | scanFilterRssiThreshold | trackableScanFilterRssiThreshold | matchMode
09-23 23:05:43.186  3164  3330 D BtGatt.ScanManager: configureFilterParamter() : __________500__|________10000__|___________1__|___________________0__|___________________-128__|____________________________-128__|________1_
09-23 23:05:43.187  1602  1602 W NotificationEntryMgr: While running New Pipeline: updateNotifications(reason=NotificationLockscreenUserManager.updatePublicMode)
09-23 23:05:43.187  3164  3330 I bt_stack: [INFO:le_scanning_manager.cc(198)] ScanFilterParamSetup in shim layer
09-23 23:05:43.187  1602  1602 I FaceWidgetPositionAlgorithm: getClockContainerHeight() supplier = 290, bottom margin = 68, real height = 358
09-23 23:05:43.187  1602  1602 I FaceWidgetPositionAlgorithm: getMediaContainerHeight() height = 241 container Visibility = 8, isValid = false, mIsDozing = false, fraction = 1.0, source = 0, target = 0
09-23 23:05:43.187  1602  1602 I FaceWidgetPositionAlgorithm: getMediaContainerHeight() supplier = 0
09-23 23:05:43.187  1602  1602 I FaceWidgetPositionAlgorithm: getClockContainerHeight() supplier = 290, bottom margin = 0, real height = 358
09-23 23:05:43.187  3164  3330 I bt_stack: [INFO:le_scanning_manager.cc(240)] ScanFilterAdd in shim layer
09-23 23:05:43.189  3164  3330 D BtGatt.ScanManager: configureFilterParamter() : onFoundTimeout | onLostTimeout | onFoundCount | numOfTrackingEntries | scanFilterRssiThreshold | trackableScanFilterRssiThreshold | matchMode
09-23 23:05:43.189  3164  3330 D BtGatt.ScanManager: configureFilterParamter() : __________500__|________10000__|___________1__|___________________0__|___________________-128__|____________________________-128__|________1_
09-23 23:05:43.189  3164  3330 I bt_stack: [INFO:le_scanning_manager.cc(198)] ScanFilterParamSetup in shim layer
09-23 23:05:43.190  1186  1578 D InputTransport: Input channel destroyed: '12bcb12', fd=1096
09-23 23:05:43.190  1186  1578 W InputManager-JNI: Input channel object '12bcb12 FP Maskview (client)' was disposed without first being removed with the input manager!
09-23 23:05:43.190  1186  1578 D InputTransport: Input channel destroyed: '12bcb12', fd=1098
09-23 23:05:43.190  1602  1659 I ViewRootImpl@a9c96b5[dogglers]: reportNextDraw android.view.ViewRootImpl.performTraversals:4438 android.view.ViewRootImpl.doTraversal:3116 android.view.ViewRootImpl$TraversalRunnable.run:10885 android.view.Choreographer$CallbackRecord.run:1301 android.view.Choreographer$CallbackRecord.run:1309
09-23 23:05:43.190  1602  1602 D SecQSFragmentAnimator_QSCinema: [panelExpanded:false] qsExpanded:false, qsFullyExpanded:false, qsExpansionPosition:0, qsExpandImmediate:false, qsCollapsingWhilePanelClosing:false &&&  panelExpansionFraction:1, panelExpansionDragDownPxAmount:1609 ***   panelExpanded:true, panelExpanding:false %%%   barState:1, overScrolling:false, userId:-1, isRunningPanelOnHeightAnimation:false
09-23 23:05:43.190  1602  1659 I ViewRootImpl@a9c96b5[dogglers]: Setup new sync id=0
09-23 23:05:43.190  1602  1659 I ViewRootImpl@a9c96b5[dogglers]: Setting syncFrameCallback
09-23 23:05:43.190  1602  1659 I ViewRootImpl@a9c96b5[dogglers]: registerCallbacksForSync syncBuffer=false
09-23 23:05:43.190  1602  1602 D KeyguardVisible: go panelState: OPEN -> CLOSED tracking=false, expanded=true, fraction=1.0
09-23 23:05:43.191  1602  1602 I ResourceType: [SWT] Success lookup value directly, data = 0x01060418
09-23 23:05:43.191  3164  3330 I bt_stack: [INFO:le_scanning_manager.cc(240)] ScanFilterAdd in shim layer
09-23 23:05:43.191  1602  1602 I ResourceType: [SWT] Success lookup value directly, data = 0x01060418
09-23 23:05:43.191  1602  1602 I ResourceType: [SWT] Success lookup value directly, data = 0x01060418
09-23 23:05:43.191  1602  1602 D SecQpScrimControlHelper:  secVisible?false (scrimState:UNLOCKED) (1stFrc:0, 2ndFrc:0, drgDown:0, PanelEx:false)   (dlyGed:264, dlySec:0)   [N(0|cc010101)-B(0|cc010101)]   (expanded:false, tracking:false, qsBottomVisible:false) MassBlur(a:0.0   thm(a:0.8, rtEnabled:false) park(panel_on?false)   kgd(fw:false, gw:true, ocl:false)   (assetsSeq:0, themeSeq:0, uiMode:33)   GED[F(0|0)-N(0|0)-B(0,|ff000000)-Duration:0], caller:onPanelExpansionChanged()
09-23 23:05:43.191  1602  1602 I ResourceType: [SWT] Success lookup value directly, data = 0x01060418
09-23 23:05:43.191  1602  1602 D SecQpScrimView sec_qp_scrim_notifications: setViewAlpha(0.40 >> 0.00)
09-23 23:05:43.191  1602  1602 D KeyguardVisible: go panelState: CLOSED -> CLOSED tracking=false, expanded=false, fraction=0.0
09-23 23:05:43.192  1602  1602 D SecQSFragmentAnimator_QSCinema: [panelExpansionFraction:0] qsExpanded:false, qsFullyExpanded:false, qsExpansionPosition:0, qsExpandImmediate:false, qsCollapsingWhilePanelClosing:false &&&  panelExpansionFraction:1, panelExpansionDragDownPxAmount:1609 ***   panelExpanded:false, panelExpanding:false %%%   barState:1, overScrolling:false, userId:-1, isRunningPanelOnHeightAnimation:false
09-23 23:05:43.192  2080 22386 I TouchInteractionService: onSystemUiStateChanged, stateFlags : 2097602 |overview_disabled|home_disabled|navbar_hidden|keygrd_visible|device_dozing|
09-23 23:05:43.192  1602  1602 D SecQSFragmentAnimator_QSCinema: [panelExpansionDragDownPxAmount:0] qsExpanded:false, qsFullyExpanded:false, qsExpansionPosition:0, qsExpandImmediate:false, qsCollapsingWhilePanelClosing:false &&&  panelExpansionFraction:0, panelExpansionDragDownPxAmount:1609 ***   panelExpanded:false, panelExpanding:false %%%   barState:1, overScrolling:false, userId:-1, isRunningPanelOnHeightAnimation:false
09-23 23:05:43.192  1602  1602 D PanelView: shouldPanelBeVisible false / headUpVisible=false, why=0
09-23 23:05:43.192  1602  1602 D PanelView: setMotionAborted
09-23 23:05:43.192  3164  3330 D BtGatt.ScanManager: configureFilterParamter() : onFoundTimeout | onLostTimeout | onFoundCount | numOfTrackingEntries | scanFilterRssiThreshold | trackableScanFilterRssiThreshold | matchMode
09-23 23:05:43.192  3164  3330 D BtGatt.ScanManager: configureFilterParamter() : __________500__|________10000__|___________1__|___________________0__|___________________-128__|____________________________-128__|________1_
09-23 23:05:43.193  3164  3330 I bt_stack: [INFO:le_scanning_manager.cc(198)] ScanFilterParamSetup in shim layer
09-23 23:05:43.193  1602  1685 I ViewRootImpl@a9c96b5[dogglers]: Received frameDrawingCallback syncResult=0 frameNum=1.
09-23 23:05:43.193  1602  1685 I ViewRootImpl@a9c96b5[dogglers]: Setting up sync and frameCommitCallback
09-23 23:05:43.193  2080  2080 I RecentsAnimationDeviceState: setSystemUiFlags, stateFlags : 2097602
09-23 23:05:43.193   823   823 I DEVROOT#VND:  communicate start cmd:0xCF40, length:64
09-23 23:05:43.193  1602  1602 D CentralSurfaces: updateQsExpansionEnabled - QS Expand enabled: true
09-23 23:05:43.193   823   823 I DEVROOT#VND:  cmd [CF40] start...
09-23 23:05:43.193  2080  2080 I TouchInteractionService: onSystemUiFlagsChanged, lastSysUIFlags : 2097606
09-23 23:05:43.193   823   823 E DEVROOT#VND:  Not supported command : CF40
09-23 23:05:43.194  2080 22386 I TouchInteractionService: onSystemUiStateChanged, stateFlags : 450 |overview_disabled|home_disabled|navbar_hidden|keygrd_visible|
09-23 23:05:43.194   823   823 I DEVROOT#VND:  cmd [CF40] end...[-15001]
09-23 23:05:43.194  2080  2080 I RecentsAnimationDeviceState: setSystemUiFlags, stateFlags : 450
09-23 23:05:43.194  2080  2080 I TouchInteractionService: onSystemUiFlagsChanged, lastSysUIFlags : 2097602
09-23 23:05:43.194  3164  3330 I bt_stack: [INFO:le_scanning_manager.cc(240)] ScanFilterAdd in shim layer
09-23 23:05:43.194   871   871 I Layer   : id=38770 removeFromCurrentState Surface(name=Task=7705)/@0x50fdafd - animation-leash of app_transition#38770 (139)
09-23 23:05:43.194  1602  1695 D Tile.WifiTile: handleUpdateState isTransient=false transientEnabling =false cb.isTransient=false state.state = 2 mStateBeforeClick.value =false enabled =true
09-23 23:05:43.195   871   871 I Layer   : id=38682 removeFromCurrentState 12bcb12 FP Maskview#38682 (139)
09-23 23:05:43.195   871   871 I Layer   : id=38681 removeFromCurrentState WindowToken{22a4a9d type=2619 android.os.BinderProxy@b1a3574}#38681 (139)
09-23 23:05:43.195   871   871 I SurfaceFlinger: id=38682 Removed 12bcb12 FP Maskview#38682 (139)
09-23 23:05:43.195   871   871 I SurfaceFlinger: id=38681 Removed WindowToken{22a4a9d type=2619 android.os.BinderProxy@b1a3574}#38681 (139)
09-23 23:05:43.195   871   871 I Layer   : id=38682 Destroyed 12bcb12 FP Maskview#38682
09-23 23:05:43.195  3164  3330 D BtGatt.ScanManager: configureFilterParamter() : onFoundTimeout | onLostTimeout | onFoundCount | numOfTrackingEntries | scanFilterRssiThreshold | trackableScanFilterRssiThreshold | matchMode
09-23 23:05:43.195  3164  3330 D BtGatt.ScanManager: configureFilterParamter() : __________500__|________10000__|___________1__|___________________0__|___________________-128__|____________________________-128__|________1_
09-23 23:05:43.195   871   871 I Layer   : id=38681 Destroyed WindowToken{22a4a9d type=2619 android.os.BinderProxy@b1a3574}#38681
09-23 23:05:43.195  3164  3330 I bt_stack: [INFO:le_scanning_manager.cc(198)] ScanFilterParamSetup in shim layer
09-23 23:05:43.195   871  1064 I SurfaceFlinger: id=38773 createSurf flag=24000, Surface(name=764ff6c com.example.dogglers/com.example.dogglers.MainActivity)/@0xc306616 - animation-leash of starting_reveal#38773
09-23 23:05:43.197 19252 19270 I BSS_DisplayConstraintHandler: handleMessage = 1002, 0, 0
09-23 23:05:43.197  1602  1661 I BLASTBufferQueue: [ViewRootImpl@a9c96b5[dogglers]#2262](f:0,a:0) onFrameAvailable the first frame is available
09-23 23:05:43.199  1602  1695 W Settings: Setting all_sound_off has moved from android.provider.Settings.System to android.provider.Settings.Global, returning read-only value.
09-23 23:05:43.199  1186  4154 D InputMethodManagerService: mDesktopModeManager null!
09-23 23:05:43.199  1186  4154 V InputMethodManagerService: getDisplayIdOfInputMethodWindowToBeAdded: displayId=0
09-23 23:05:43.199  1186  4154 D InputTransport: Input channel constructed: 'ClientS', fd=985
09-23 23:05:43.199  1186  4154 D InputTransport: Input channel constructed: 'ClientS', fd=990
09-23 23:05:43.200  1186  4154 D InputTransport: Input channel destroyed: 'ClientS', fd=990
09-23 23:05:43.201  1186  1233 D SurfaceControl: applyGlobalTransaction called, mName=finishDrawing_syncId(6)_NotificationShade
09-23 23:05:43.201 19252 19252 I ViewRootImpl@8044f53[FP Iconview]: handleResized, msg = 4 frames=ClientWindowFrames{frame=[0,0][1080,2400] display=[0,0][1080,2400] parentFrame=[0,0][0,0] parentClippedByDisplayCutout=false} forceNextWindowRelayout=false displayId=0 resizeMode=-1 frameChanged=false displayFrameChanged=false configChanged=false displayChanged=false
09-23 23:05:43.201 19252 19252 I BSS_InDisplaySensorWindow: setBlackMask: false
09-23 23:05:43.201   839   839 I sysinput:Touch: writeInformation:249, OK
09-23 23:05:43.201 19252 19252 I SurfaceView@c5ed4de: Locking canvas... stopped=false, surfaceControl=Surface(name=SurfaceView[FP Iconview]@0)/@0x3a4a74d
09-23 23:05:43.201   823   823 I DEVROOT#VND:  communicate end -15001 / length : 0
09-23 23:05:43.202  1602  1661 I ViewRootImpl@a9c96b5[dogglers]: Received frameCommittedCallback lastAttemptedDrawFrameNum=1 didProduceBuffer=true
09-23 23:05:43.202 19252 19252 I SurfaceView@c5ed4de: Returned canvas: android.view.Surface$CompatibleCanvas@aa2e202
09-23 23:05:43.203  1186  1186 E DEVROOT#CIF:  Response buffer size is 0
09-23 23:05:43.204  1186  1186 E DEVROOT#CIF:  process_cmd was failed. (-15001)
09-23 23:05:43.204  1186  1186 E DEVROOT#CIF:  VFI_processPdpCmd end (-15001)
09-23 23:05:43.205  1602  1602 D KeyguardSecIndicationPolicy:  remove Item pos = DEFAULT, type =     LEGACY_TRANSIENT
09-23 23:05:43.208  1186  1402 D SysinputHAL_V1_3(V1_2): runTspCmdNoRead(1): set_note_mode,0(0)
09-23 23:05:43.209   839   839 I sysinput:Touch: activate:96, 2,0 OK
09-23 23:05:43.210  1186  4963 D InputMethodManagerService: checkDisplayOfStartInputAndUpdateKeyboard: displayId=0, mFocusedDisplayId=0
09-23 23:05:43.210  1186  4963 D InputTransport: Input channel constructed: 'ClientS', fd=990
09-23 23:05:43.210  1186  4963 D InputTransport: Input channel destroyed: 'ClientS', fd=990
09-23 23:05:43.211  1186  1375 D MotionRecognitionService: Receiver: ACTION_SCREEN_ON
09-23 23:05:43.211 20383 20383 D InputMethodManager: startInputInner - Id : 0
09-23 23:05:43.212  4639  4639 I HBD     : HoneyBoardService onFinishInput
09-23 23:05:43.212  4639  4639 I HBD     : a IC have been unbinding,  RemoteInputConnection{idHash=#767e7cd}
09-23 23:05:43.212  4639  4639 I HBD     : HoneyBoardService [PF_CL][onFinishInput]  0 ms
09-23 23:05:43.213  4639  4639 I HBD     : HoneyBoardService [IMI] onStartInput - caller pid : 20383 , caller uid : 10512
09-23 23:05:43.213  4639  4639 I HBD     : j updateConfigs
09-23 23:05:43.213   871  1063 I SurfaceFlinger: id=38774 createSurf flag=24004, Surface(name=e96d1f9 InputMethod)/@0x341a74a - animation-leash of insets_animation#38774
09-23 23:05:43.213  4639  4639 I HBD     : j isEnabledNightMode : true
09-23 23:05:43.213  4639  4639 I HBD     : a IC have been binding, RemoteInputConnection{idHash=#56c5882}
09-23 23:05:43.213  1602  1602 V ShadeControllerImpl: NotificationShadeWindow: com.android.systemui.statusbar.phone.NotificationShadeWindowView{eac6748 G.E...... ......ID 0,0-1080,2400 aid=1} canPanelBeCollapsed(): false
09-23 23:05:43.213  1186  1375 D MotionRecognitionService:   .isMotionEngineEnabled : true
09-23 23:05:43.213  4639  4639 I HBD     : h [EditorInputType]setPrivateImeOptionsToTable privateImeOptions ( null )
09-23 23:05:43.213  1186  1375 D MotionRecognitionService: SCREEN_ON END
09-23 23:05:43.214  4639  4639 I HBD     : b incognitoMode : false
09-23 23:05:43.214  4639  4639 I HBD     : a needOff = true , isForceOff = true, isNullInputClass : true
09-23 23:05:43.214  1602  1602 I FaceWidgetPositionAlgorithm: getClockContainerHeight() supplier = 290, bottom margin = 68, real height = 358
09-23 23:05:43.214  1186  1373 D SensorService: setSContextDataLocked ints length 2 , byte length 4
09-23 23:05:43.214  1186  1402 D SysinputHAL_V1_3(V1_2): setTspEnable(1),2,true(0)
09-23 23:05:43.214  1602  1602 I FaceWidgetPositionAlgorithm: getMediaContainerHeight() height = 241 container Visibility = 8, isValid = false, mIsDozing = false, fraction = 1.0, source = 0, target = 0
09-23 23:05:43.214  1186  1373 D SensorService: setSContextDataLocked f10047c1
09-23 23:05:43.214  1602  1602 I FaceWidgetPositionAlgorithm: getMediaContainerHeight() supplier = 0
09-23 23:05:43.214  4639  4639 I HBD     : h getDefaultInputRange : UNKNOWN
09-23 23:05:43.214  4639  4639 I HBD     : h getDefaultInputRange : UNKNOWN
09-23 23:05:43.214   787   787 I SensorsHub: SContextSensor::injecet_sensor_data
09-23 23:05:43.214  4639  4639 I HBD     : h getDefaultInputRange : UNKNOWN
09-23 23:05:43.214   787   787 D SensorsHub: c1 47 00 f1
09-23 23:05:43.214  1186  1186 E PocketModeEvent: ACTION_SCREEN_ON(by 4)
09-23 23:05:43.214   787   787 D SensorsHub: inject_scontext_data: New ssp_data_injection_fd(30)
09-23 23:05:43.214  1186  1186 D PocketModeEvent: Hover recheck start
09-23 23:05:43.214   787   787 D SensorsHub: SContext Data Injection return 64
09-23 23:05:43.215  1602  1602 D CentralSurfaces: updateQsExpansionEnabled - QS Expand enabled: true
09-23 23:05:43.215   839   839 I sysinput:Touch: activate:96, 2,1 OK
09-23 23:05:43.215  1602  1661 D OpenGLRenderer: CFMS:: SetUp Pid : 1602    Tid : 1661
09-23 23:05:43.215  1186  1402 D SysinputHAL_V1_3(V1_2): setTspEnable(1),2,false(0)
09-23 23:05:43.216  1186  1402 D SemInputDumpsysData: removeQueue: [09-23 12:32:06.197] TSP      OFF(0)
09-23 23:05:43.216  1602  1661 W Parcel  : Expecting binder but got null!
09-23 23:05:43.216  1602  1659 I ViewRootImpl@a9c96b5[dogglers]: onSyncComplete
09-23 23:05:43.216  1602  1659 I ViewRootImpl@a9c96b5[dogglers]: setupSync seqId=0 mSyncId=0 fn=1 caller=android.view.ViewRootImpl$$ExternalSyntheticLambda11.accept:6 android.window.SurfaceSyncer.lambda$setupSync$1$android-window-SurfaceSyncer:128 android.window.SurfaceSyncer$$ExternalSyntheticLambda1.accept:8 android.window.SurfaceSyncer$SyncSet.checkIfSyncIsComplete:382 android.window.SurfaceSyncer$SyncSet.markSyncReady:359 android.window.SurfaceSyncer.markSyncReady:151 android.view.ViewRootImpl.performTraversals:4503
09-23 23:05:43.216  1602  1659 I ViewRootImpl@a9c96b5[dogglers]: reportDrawFinished seqId=0 mSyncId=-1 fn=1 mSurfaceChangedTransaction=0xb400007d7e2ab630
09-23 23:05:43.216  1602  1659 I ViewRootImpl@a9c96b5[dogglers]: handleResized, msg = 4 frames=ClientWindowFrames{frame=[0,0][1080,2400] display=[0,0][1080,2400] parentFrame=[0,0][0,0] parentClippedByDisplayCutout=false} forceNextWindowRelayout=false displayId=0 resizeMode=-1 frameChanged=false displayFrameChanged=false configChanged=false displayChanged=false
09-23 23:05:43.218  4639  4639 I HBD     : a needOff = true , isForceOff = true, isNullInputClass : true
09-23 23:05:43.218  1186  1372 I CAE     : handleMessage(CaPowerManager.java:263) - SCREEN_ON_INTENT
09-23 23:05:43.218  4639  4639 I HBD     : a update cached prediction status : false
09-23 23:05:43.218  1186  1380 D PocketModeEvent: register prox type : 6
09-23 23:05:43.218  4639  4639 I HBD     : h getDefaultInputRange : UNKNOWN
09-23 23:05:43.218  4639  4639 I HBD     : a currentState : 0
09-23 23:05:43.218  1602  1602 W NotificationEntryMgr: While running New Pipeline: updateNotifications(reason=NotificationLockscreenUserManager.updatePublicMode)
09-23 23:05:43.218  1602  1602 V SecQpBlurController: applyGedWindowBlur (0 )
09-23 23:05:43.219  1602  1602 D KeyguardSecIndicationPolicy:  remove Item pos = DEFAULT, type =     LEGACY_TRANSIENT
09-23 23:05:43.219  1602  1602 D LockscreenNotificationManager: BarState updated : 0
09-23 23:05:43.219   787   787 I SensorsHub: batch: handle=34 period=200000000 timeout=0
09-23 23:05:43.219  1602  1602 D PanelView: mBarState changed KEYGUARD >>> SHADE
09-23 23:05:43.219  1602  1602 D PanelView: callTrace : java.lang.Throwable
09-23 23:05:43.219  1602  1602 D PanelView: 	at com.android.systemui.statusbar.phone.NotificationPanelViewController$StatusBarStateListener.onStateChanged(NotificationPanelViewController.java:7104)
09-23 23:05:43.219  1602  1602 D PanelView: 	at com.android.systemui.statusbar.StatusBarStateControllerImpl.setState(StatusBarStateControllerImpl.java:229)
09-23 23:05:43.219  1602  1602 D PanelView: 	at com.android.systemui.statusbar.phone.CentralSurfacesImpl.hideKeyguardImpl(CentralSurfacesImpl.java:3719)
09-23 23:05:43.219  1602  1602 D PanelView: 	at com.android.systemui.statusbar.phone.CentralSurfacesImpl.updateIsKeyguard(CentralSurfacesImpl.java:3551)
09-23 23:05:43.219  1602  1602 D PanelView: 	at com.android.systemui.statusbar.phone.CentralSurfacesImpl.updateIsKeyguard(CentralSurfacesImpl.java:3501)
09-23 23:05:43.219  1602  1602 D PanelView: 	at com.android.systemui.statusbar.phone.CentralSurfacesImpl$12.lambda$onStartedWakingUp$2(CentralSurfacesImpl.java:4325)
09-23 23:05:43.219  1602  1602 D PanelView: 	at com.android.systemui.statusbar.phone.CentralSurfacesImpl$12.$r8$lambda$A3waTaR3fUgWq80NZCCqlkKsITg(Unknown Source:0)
09-23 23:05:43.219  1602  1602 D PanelView: 	at com.android.systemui.statusbar.phone.CentralSurfacesImpl$12$$ExternalSyntheticLambda2.run(Unknown Source:2)
09-23 23:05:43.219  1602  1602 D PanelView: 	at com.android.systemui.statusbar.phone.NotificationShadeWindowControllerImpl.batchApplyWindowLayoutParams(NotificationShadeWindowControllerImpl.java:768)
09-23 23:05:43.219  1602  1602 D PanelView: 	at com.android.systemui.statusbar.phone.CentralSurfacesImpl$12.onStartedWakingUp(CentralSurfacesImpl.java:4318)
09-23 23:05:43.219  1602  1602 D PanelView: 	at com.android.systemui.keyguard.WakefulnessLifecycle$$ExternalSyntheticLambda4.accept(Unknown Source:2)
09-23 23:05:43.219  1602  1602 D PanelView: 	at com.android.systemui.keyguard.SecLifecycle.dispatch(SecLifecycle.java:101)
09-23 23:05:43.219  1602  1602 D PanelView: 	at com.android.systemui.keyguard.SecLifecycle.dispatch(SecLifecycle.java:66)
09-23 23:05:43.219  1602  1602 D PanelView: 	at com.android.systemui.keyguard.WakefulnessLifecycle.dispatchStartedWakingUp(WakefulnessLifecycle.java:131)
09-23 23:05:43.219  1602  1602 D PanelView: 	at com.android.systemui.keyguard.KeyguardLifecyclesDispatcher$1.handleMessage(KeyguardLifecyclesDispatcher.java:139)
09-23 23:05:43.219  1602  1602 D PanelView: 	at android.os.Handler.dispatchMessage(Handler.java:106)
09-23 23:05:43.219  1602  1602 D PanelView: 	at android.os.Looper.loopOnce(Looper.java:226)
09-23 23:05:43.219  1602  1602 D PanelView: 	at android.os.Looper.loop(Looper.java:313)
09-23 23:05:43.219  1602  1602 D PanelView: 	at android.app.ActivityThread.main(ActivityThread.java:8757)
09-23 23:05:43.219  1602  1602 D PanelView: 	at java.lang.reflect.Method.invoke(Native Method)
09-23 23:05:43.219  1602  1602 D PanelView: 	at com.android.internal.os.RuntimeInit$MethodAndArgsCaller.run(RuntimeInit.java:571)
09-23 23:05:43.219  1602  1602 D PanelView: 	at com.android.internal.os.ZygoteInit.main(ZygoteInit.java:1067)
09-23 23:05:43.220  1602  1602 V SecQsTransitionAnimator: restorePanelView
09-23 23:05:43.220  1602  1602 D MultiSIMPreferredSlotBar: setExpanded : false mShowing : false
09-23 23:05:43.220  1602  1602 D MultiSIMController: unRegisterSimCardManagerCallback : mSimCardManagerService is null
09-23 23:05:43.220  1602  1602 D MultiSIMPreferredSlotBar: setExpanded : false mShowing : false
09-23 23:05:43.220  1602  1602 D MultiSIMController: unRegisterSimCardManagerCallback : mSimCardManagerService is null
09-23 23:05:43.220  1602  1602 D PanelView: onBarStateChanged() to 0
09-23 23:05:43.220  1602  1602 D PluginLockDelegateApp: onBarStateChanged
09-23 23:05:43.220  1602  1602 I DymLock|DynamicLockManager: setBarState() state[0] mIsScreenOn[true]
09-23 23:05:43.220  1602  1602 V SecQsTransitionAnimator: restorePanelView
09-23 23:05:43.220  1602  1602 D MultiSIMPreferredSlotBar: setExpanded : false mShowing : false
09-23 23:05:43.220  1602  1602 D MultiSIMController: unRegisterSimCardManagerCallback : mSimCardManagerService is null
09-23 23:05:43.220  4639  4639 I HBD     : a [UpdatePolicy] [post] a: 0 cl: 65538 kit: [0/0] vt: 0 ir: 1
09-23 23:05:43.220  4639  4639 I HBD     : a [NRIC] resetNoResponseState
09-23 23:05:43.220  1602  1602 D SecQSFragmentAnimator_QSCinema: [barState:0] qsExpanded:false, qsFullyExpanded:false, qsExpansionPosition:0, qsExpandImmediate:false, qsCollapsingWhilePanelClosing:false &&&  panelExpansionFraction:0, panelExpansionDragDownPxAmount:0 ***   panelExpanded:false, panelExpanding:false %%%   barState:1, overScrolling:false, userId:-1, isRunningPanelOnHeightAnimation:false
09-23 23:05:43.221  1602  1602 V QsExpandAnimator: onStateChanged
09-23 23:05:43.221  4639  4639 I HBD     : a needOff = true , isForceOff = true, isNullInputClass : true
09-23 23:05:43.221  4639  4639 I HBD     : a update cached prediction status : false
09-23 23:05:43.221   787   787 I SensorsHub: activate: handle 34 enable 1
09-23 23:05:43.221   787   787 I SensorsHub: type : 34, enable : 1
09-23 23:05:43.221  1602  1602 W NotificationEntryMgr: While running New Pipeline: updateNotifications(reason=CentralSurfaces state changed)
09-23 23:05:43.222  1186  1380 D SensorManager: registerListener :: 34, TCS3701 Light CCT, 200000, 0, com.samsung.android.gesture.PocketModeEvent$2@4e63665
09-23 23:05:43.222  1186  1380 D PocketModeEvent: register light sensor
09-23 23:05:43.222  1186  1380 E PocketModeEvent: MSG_TYPE_START_SENSING
09-23 23:05:43.222 20383 20383 D InsetsController: onStateChanged: InsetsState: {mDisplayFrame=Rect(0, 0 - 1080, 2400), mDisplayCutout=DisplayCutout{insets=Rect(0, 80 - 0, 0) waterfall=Insets{left=0, top=0, right=0, bottom=0} boundingRect={Bounds=[Rect(0, 0 - 0, 0), Rect(468, 0 - 612, 80), Rect(0, 0 - 0, 0), Rect(0, 0 - 0, 0)]} cutoutPathParserInfo={CutoutPathParserInfo{displayWidth=1080 displayHeight=2400 physicalDisplayWidth=1080 physicalDisplayHeight=2400 density={2.8125} cutoutSpec={M 0,0 H -25.6 V 28.44444444444444 H 25.6 V 0 H 0 Z @dp} rotation={0} scale={1.0} physicalPixelDisplaySizeRatio={1.0}}}}, mRoundedCorners=RoundedCorners{[RoundedCorner{position=TopLeft, radius=90, center=Point(90, 90)}, RoundedCorner{position=TopRight, radius=90, center=Point(990, 90)}, RoundedCorner{position=BottomRight, radius=90, center=Point(990, 2310)}, RoundedCorner{position=BottomLeft, radius=90, center=Point(90, 2310)}]}  mRoundedCornerFrame=Rect(0, 0 - 1080, 2400), mPrivacyIndicatorBounds=PrivacyIndicatorBounds {static bounds=Rect(956, 0 - 1080, 80) rotation=0}, mSources= { InsetsSource: {mType=ITYPE_STATUS_BAR, mFrame=[0,0][1080,80], mVisible=true, mInsetsRoundedCornerFrame=false}, InsetsSource: {mType=ITYPE_NAVIGATION_BAR, mFrame=[0,2400][1080,2400], mVisible=true, mInsetsRoundedCornerFrame=false}, InsetsSource: {mType=ITYPE_LEFT_GESTURES, mFrame=[0,0][67,2400], mVisible=true, mInsetsRoundedCornerFrame=false}, InsetsSource: {mType=ITYPE_RIGHT_GESTURES, mFrame=[1013,0][1080,2400], mVisible=true, mInsetsRoundedCornerFrame=false}, InsetsSource: {mType=ITYPE_TOP_MANDATORY_GESTURES, mFrame=[0,0][1080,114], mVisible=true, mInsetsRoundedCornerFrame=false}, InsetsSource: {mType=ITYPE_BOTTOM_MANDATORY_GESTURES, mFrame=[0,2344][1080,2400], mVisible=true, mInsetsRoundedCornerFrame=false}, InsetsSource: {mType=ITYPE_LEFT_DISPLAY_CUTOUT, mFrame=[0,0][-100000,2400], mVisible=true, mInsetsRoundedCornerFrame=false}, InsetsSource: {mType=ITYPE_TOP_DISPLAY_CUTOUT, mFrame=[0,0][1080,80], mVisible=true, mInsetsRoundedCornerFrame=false}, InsetsSource: {mType=ITYPE_RIGHT_DISPLAY_CUTOUT, mFrame=[100000,0][1080,2400], mVisible=true, mInsetsRoundedCornerFrame=false}, InsetsSource: {mType=ITYPE_BOTTOM_DISPLAY_CUTOUT, mFrame=[0,100000][1080,2400], mVisible=true, mInsetsRoundedCornerFrame=false}, InsetsSource: {mType=ITYPE_TOP_TAPPABLE_ELEMENT, mFrame=[0,0][1080,80], mVisible=true, mInsetsRoundedCornerFrame=false}, InsetsSource: {mType=ITYPE_BOTTOM_TAPPABLE_ELEMENT, mFrame=[0,0][0,0], mVisible=true, mInsetsRoundedCornerFrame=false}, InsetsSource: {mType=ITYPE_IME, mFrame=[0,0][0,0], mVisibleFrame=[0,1392][1080,2400], mVisible=false, mInsetsRoundedCornerFrame=false} } host=com.example.dogglers/com.example.dogglers.MainActivity from=android.view.ViewRootImpl$ViewRootHandler.handleMessageImpl:6740
09-23 23:05:43.223  4639  4639 I HBD     : HoneyBoardService [PF_OP][onStartInput]  8 ms
09-23 23:05:43.223  1602  1695 D Tile.MobileDataTile: handleUpdateState : state false
09-23 23:05:43.224  1602  1602 D CentralSurfaces: Received new disable state: enaiHbcRsokt.qingr (unchanged)
09-23 23:05:43.224  1602  1695 D Tile.BluetoothTile:  handleUpdateState enabled = false connected = false connecting = false changedState =false bluetoothState = 10 enabledChanging = false state = BooleanState[spec=Bluetooth,icon=ResourceIcon[resId=0x7f0809bd],iconSupplier=null,label=Bluetooth,secondaryLabel=null,contentDescription=Bluetooth,Off,stateDescription=null,dualLabelContentDescription=Connected to EDIFIER X3s.,expandedAccessibilityClassName=null,disabledByPolicy=false,dualTarget=true,isTransient=false,state=1,slash="null",sideViewCustomDrawable=null,tileClassName=null,value=false,forceExpandIcon=false]
09-23 23:05:43.224  1602  1695 I Tile.HotspotTile: handleUpdateState
09-23 23:05:43.225  1602  1602 D SecQSFragmentAnimator_QSCinema: [qsExpansionPosition:-0.249] qsExpanded:false, qsFullyExpanded:false, qsExpansionPosition:0, qsExpandImmediate:false, qsCollapsingWhilePanelClosing:false &&&  panelExpansionFraction:0, panelExpansionDragDownPxAmount:0 ***   panelExpanded:false, panelExpanding:false %%%   barState:0, overScrolling:false, userId:-1, isRunningPanelOnHeightAnimation:false
09-23 23:05:43.225  1602  1602 V QsExpandAnimator: setQsExpansionPosition -0.24916388
09-23 23:05:43.225  1602  1602 I ResourceType: [SWT] Success lookup value directly, data = 0x01060418
09-23 23:05:43.225  1602  1602 I ResourceType: [SWT] Success lookup value directly, data = 0x01060418
09-23 23:05:43.226  1602  1602 I ResourceType: [SWT] Success lookup value directly, data = 0x01060418
09-23 23:05:43.226  1602  1602 D SecQpScrimControlHelper:  secVisible?false (scrimState:UNLOCKED) (1stFrc:0, 2ndFrc:0, drgDown:0, PanelEx:false)   (dlyGed:264, dlySec:0)   [N(0|cc010101)-B(0|cc010101)]   (expanded:false, tracking:false, qsBottomVisible:true) MassBlur(a:0.0   thm(a:0.8, rtEnabled:false) park(panel_on?false)   kgd(fw:false, gw:true, ocl:false)   (assetsSeq:0, themeSeq:0, uiMode:33)   GED[F(0|0)-N(0|0)-B(0,|ff000000)-Duration:0], caller:setQsPosition()
09-23 23:05:43.226  1602  1602 I ResourceType: [SWT] Success lookup value directly, data = 0x01060418
09-23 23:05:43.226  1602  1602 D CentralSurfaces: updateQsExpansionEnabled - QS Expand enabled: true
09-23 23:05:43.227  1602  1602 D FaceWidgetViewModel: onStartedWakingUp()
09-23 23:05:43.227  1602  1602 D FaceWidgetClockPage: updateClockColor() page state : SMALL
09-23 23:05:43.228  1602  1602 D WallpaperManager: semGetWallpaperColors: which = 2
09-23 23:05:43.228   871   871 I Layer   : id=38686 removeFromCurrentState Surface(name=e96d1f9 InputMethod)/@0x341a74a - animation-leash of insets_animation#38686 (139)
09-23 23:05:43.228   871   871 I Layer   : Layer [Splash Screen com.example.dogglers$_1602#38769] hidden!! flag(0)
09-23 23:05:43.228  1602  1602 D SemWallpaperColorsArea: SemWallpaperColorsArea [1080, 2320]
09-23 23:05:43.228  1602  1602 D SemWallpaperColorsArea: SemWallpaperColorsArea which = 6, mDensity : 2.8125, 1080x2320,384x824,23,48, 0
09-23 23:05:43.228  1602  1602 I SemWallpaperColorsArea: Final area : Rect(67, 0 - 1012, 64)
09-23 23:05:43.228  1602  1602 I SemWallpaperColorsArea: Final area : Rect(112, 461 - 967, 750)
09-23 23:05:43.228  1602  1602 I SemWallpaperColorsArea: Final area : Rect(112, 1268 - 967, 1324)
09-23 23:05:43.228  1602  1602 I SemWallpaperColorsArea: Final area : Rect(112, 1769 - 967, 2264)
09-23 23:05:43.228  1602  1602 I SemWallpaperColorsArea: Final area : Rect(812, 2219 - 874, 2280)
09-23 23:05:43.228  1602  1602 I SemWallpaperColorsArea: Final area : Rect(0, 0 - 1080, 2317)
09-23 23:05:43.229  1602  1602 D WallpaperManager: semGetWallpaperColors: which = 2
09-23 23:05:43.229  1602  1602 D SemWallpaperColorsArea: SemWallpaperColorsArea [1080, 2320]
09-23 23:05:43.229  1602  1602 D SemWallpaperColorsArea: SemWallpaperColorsArea which = 6, mDensity : 2.8125, 1080x2320,384x824,23,48, 0
09-23 23:05:43.229  1602  1602 I SemWallpaperColorsArea: Final area : Rect(67, 0 - 1012, 64)
09-23 23:05:43.229  1602  1602 I SemWallpaperColorsArea: Final area : Rect(112, 461 - 967, 750)
09-23 23:05:43.229  1602  1602 I SemWallpaperColorsArea: Final area : Rect(112, 1268 - 967, 1324)
09-23 23:05:43.229  1602  1602 I SemWallpaperColorsArea: Final area : Rect(112, 1769 - 967, 2264)
09-23 23:05:43.229  1602  1602 I SemWallpaperColorsArea: Final area : Rect(812, 2219 - 874, 2280)
09-23 23:05:43.229  1602  1602 I SemWallpaperColorsArea: Final area : Rect(0, 0 - 1080, 2317)
09-23 23:05:43.229  1602  1602 I CommonWallpaperUtils: getClockFontColorRGB: #FFF7F7F7
09-23 23:05:43.229  1602  1602 I DigitalHorizontalClockView_LOCK_SCREEN: setPaletteIndex : index = 0, mIsWhiteWallpaper = false, PaletteItem = SOLID color : FFF7F7F7
09-23 23:05:43.230  1602  1602 I DigitalHorizontalClockView_LOCK_SCREEN: updatePaletteItemTransition : paletteItem = SOLID color : FFF7F7F7, animation = false
09-23 23:05:43.231  1602  1602 D WallpaperManager: semGetWallpaperColors: which = 2
09-23 23:05:43.231  1602  1602 D SemWallpaperColorsArea: SemWallpaperColorsArea [1080, 2320]
09-23 23:05:43.231  1602  1602 D SemWallpaperColorsArea: SemWallpaperColorsArea which = 6, mDensity : 2.8125, 1080x2320,384x824,23,48, 0
09-23 23:05:43.231  4639  4639 I InputMethodService: removeImeSurface
09-23 23:05:43.231  1602  1602 I SemWallpaperColorsArea: Final area : Rect(67, 0 - 1012, 64)
09-23 23:05:43.231  1602  1602 I SemWallpaperColorsArea: Final area : Rect(112, 461 - 967, 750)
09-23 23:05:43.231  1602  1602 I SemWallpaperColorsArea: Final area : Rect(112, 1268 - 967, 1324)
09-23 23:05:43.231  1602  1602 I SemWallpaperColorsArea: Final area : Rect(112, 1769 - 967, 2264)
09-23 23:05:43.231  1602  1602 I SemWallpaperColorsArea: Final area : Rect(812, 2219 - 874, 2280)
09-23 23:05:43.231  1602  1602 I SemWallpaperColorsArea: Final area : Rect(0, 0 - 1080, 2317)
09-23 23:05:43.232  4639  4639 I MSHandlerLifeCycle: check: return. pkg=com.samsung.android.honeyboard isActivity=false callers=com.android.internal.policy.DecorView.setVisibility:4416 android.app.Dialog.hide:767 android.inputmethodservice.InputMethodService.removeImeSurface:1290 android.inputmethodservice.InputMethodService.scheduleImeSurfaceRemoval:1279 android.inputmethodservice.InputMethodService.-$$Nest$mscheduleImeSurfaceRemoval:0
09-23 23:05:43.232  4639  4639 I MSHandlerLifeCycle: removeMultiSplitHandler: no exist. decor=DecorView@88a07b[InputMethod]
09-23 23:05:43.231  1602  1602 I DigitalHorizontalClockView_LOCK_SCREEN: updateShadowStyle: shadow : [ShadowStyle: shadowRadius = 3.0599189, shadowDx = 0.0, shadowDy = 2.0, shadowColor = 90000000]
09-23 23:05:43.232  1602  1602 I FaceWidgetClockProvider: setPreDefineOrCustomColor() setPreDefineColor(), clockType = 2, index = 0
09-23 23:05:43.232  1602  1602 I FaceWidgetClockProvider: setPreDefineOrCustomColor color theme state, clockType = 2, color = FFF7F7F7,
09-23 23:05:43.232  1602  1602 D LockscreenNotificationIconsOnlyContainer: UpdateIconColor - newcolor = FFF7F7F7,
09-23 23:05:43.232  1602  1602 D FaceWidgetClockPage: updateClockSuspendState() reason = wakingup, suspend=true, kv=true, wa=true, di=true, wu=true, aodDash=false
09-23 23:05:43.232  1602  1602 I DigitalHorizontalClockView_LOCK_SCREEN: suspend : mSuspend = true, enable = true
09-23 23:05:43.232  1602  1602 D FaceWidgetMusicPageShownManager: mCurrentMediaData is NULL
09-23 23:05:43.232  1602  1602 D FaceWidgetMusicPageShownManager: updateMusicPageShownState() show = false, reattach = false, reason = waking up
09-23 23:05:43.232  1602  1602 D FaceWidgetMusicPageShownManager: skip to show media panel
09-23 23:05:43.233  1602  1602 D KeyguardImageWallpaper: onResume, mDrawingState:1
09-23 23:05:43.233  1602  1686 I ViewRootImpl@a9c96b5[dogglers]: mWNT: t=0xb400007d7e4924d0 mBlastBufferQueue=0xb400007dbe2c8530 fn= 2 caller= android.view.SyncRtSurfaceTransactionApplier.applyTransaction:96 android.view.SyncRtSurfaceTransactionApplier.lambda$scheduleApply$0$android-view-SyncRtSurfaceTransactionApplier:69 android.view.SyncRtSurfaceTransactionApplier$$ExternalSyntheticLambda0.onFrameDraw:4
09-23 23:05:43.233  1602  1602 I FixedOrientationController: w = 1080, h = 2400, isRtl = false, newR = 0, oldR = 0
09-23 23:05:43.233  1602  1602 I FixedOrientationController: Same configuration.
09-23 23:05:43.233  1602  1602 D DisplayLifecycle: updateDisplay id = 0
09-23 23:05:43.234  1602  1686 I ViewRootImpl@a9c96b5[dogglers]: mWNT: t=0xb400007d7e2fea30 mBlastBufferQueue=0xb400007dbe2c8530 fn= 2 caller= android.view.SyncRtSurfaceTransactionApplier.applyTransaction:96 android.view.SyncRtSurfaceTransactionApplier.lambda$scheduleApply$0$android-view-SyncRtSurfaceTransactionApplier:69 android.view.SyncRtSurfaceTransactionApplier$$ExternalSyntheticLambda0.onFrameDraw:4
09-23 23:05:43.234  1602  1602 I ViewRootImpl: updatePointerIcon pointerType = 1000, calling pid = 1602
09-23 23:05:43.235  1602  1602 D InputManager: setPointerIconType iconId = 1000, callingPid = 1602
09-23 23:05:43.235  1186  1578 D MouseCursorController: updatePointerIcon, 20001 -> 1000
09-23 23:05:43.235  1186  1578 D MouseCursorController: PRESENTATION_SPOT: 1000 -> 20001
09-23 23:05:43.235   871   871 D SurfaceFlinger: Display 4633128672291735932 HWC layers:
09-23 23:05:43.235   871   871 D SurfaceFlinger:      DEVICE | 0xb400007cb2d21d10 | 0102 | RGBA_8888    |    0.0    0.0 1080.0 2400.0 |    0    0 1080 2400 | com.example.dogglers/com.example.dogglers.MainActivity$_20383#38765
09-23 23:05:43.235   871   871 D SurfaceFlinger:      DEVICE | 0xb400007cb2d32c50 | 0100 | RGBA_8888    |    0.0    0.0 1080.0 2400.0 |    0    0 1080 2400 | Splash Screen com.example.dogglers$_1602#38769
09-23 23:05:43.235   871   871 D SurfaceFlinger:      DEVICE | 0xb400007cb2d2f990 | 0100 | RGBA_8888    |    0.0    0.0 1080.0   80.0 |    0    0 1080   80 | StatusBar$_1602#90
09-23 23:05:43.235   871   871 D SurfaceFlinger:      DEVICE | 0xb400007cb2d2a590 | 0100 | RGBA_8888    |    0.0    0.0 1080.0 2400.0 |    0    0 1080 2400 | SurfaceView[FP Iconview]@0(BLAST)#38763
09-23 23:05:43.235   871   871 D SurfaceFlinger:      DEVICE | 0xb400007cb2d3a890 | 0140 | RGBA_8888    |    6.0    6.0 1086.0 2406.0 |    0    0 1080 2400 | FP Iconview$_19252#38760
09-23 23:05:43.235   871   871 D SurfaceFlinger:
09-23 23:05:43.235  1602  1695 D NetworkController: IsPowerOffServiceState is false: 0
09-23 23:05:43.235  1602  1695 D Tile.AirplaneModeTile:  handleUpdateState: airplane mode is disabled : enter mSetting.getValue() == 0 mIsWiFiOnlyDevice false isNoSimState false !isPowerOffServiceState true
