09-23 23:05:14.040  2080  2334 I LiveIconUpdateEventHandler: cancelMinuteChangeAlarm
09-23 23:05:14.040  2080  5454 I Launcher: Launcher DeviceProfile onResume availSize: 1080x2320 windowSize: 1080x2400 isLandscape: false
09-23 23:05:14.040 20383 20383 I MSHandlerLifeCycle: removeMultiSplitHandler: no exist. decor=DecorView@abe61f[InstrumentationActivityInvoker$EmptyActivity]
09-23 23:05:14.041  2080  2334 I LiveIconUpdateEventHandler: setMinuteChangeAlarm Sat Sep 23 23:06:00 GMT+04:00 2023
09-23 23:05:14.042  2080  2330 I IMM_LC  : hsifw() - flag : 0
09-23 23:05:14.042  2080  2330 I IMM_LC  : hsifw() ignore mServedView == null or mServedView.getWindowToken() != windowToken, mServedView :0
09-23 23:05:14.042  2080  2080 I DecorView: notifyKeepScreenOnChanged: keepScreenOn=false
09-23 23:05:14.042 20383 20417 D OpenGLRenderer: setSurface called with nullptr
09-23 23:05:14.042 20383 20383 I ViewRootImpl@6a1f35[InstrumentationActivityInvoker$EmptyActivity]: dispatchDetachedFromWindow
09-23 23:05:14.043  2080  2080 I MSHandlerLifeCycle: removeMultiSplitHandler: no exist. decor=DecorView@71ff488[LauncherActivity]
09-23 23:05:14.043  1186  4410 D InputTransport: Input channel destroyed: 'a1d0c69', fd=940
09-23 23:05:14.043  1186  4410 W InputManager-JNI: Input channel object 'a1d0c69 com.example.dogglers/androidx.test.core.app.InstrumentationActivityInvoker$EmptyActivity (client)' was disposed without first being removed with the input manager!
09-23 23:05:14.043  1186  4410 D InputTransport: Input channel destroyed: 'a1d0c69', fd=945
09-23 23:05:14.043  2080  2080 I BaseActivity: addActivityFlags, flags : 4
09-23 23:05:14.043  2080  2080 I Launcher: onDeferredResumed
09-23 23:05:14.044  2080  2080 I InstallShortcutReceiver: flushInstallQueue 0
09-23 23:05:14.044  2080  2080 I Launcher.NotificationListener: registerObserver this is not notificationService!!
09-23 23:05:14.044  2080  2080 I Launcher.NotificationListener: onNotificationFullRefresh
09-23 23:05:14.044  2080  2080 I BadgeCountUpdaterImpl: onNotificationsChangedConnected
09-23 23:05:14.044  2080  2080 W LauncherAppWidgetHost: setShouldListenFlag, mFlags:6 flag:resume on:true isFront:false
09-23 23:05:14.044  2080  2331 I InstallShortcutReceiver: flushQueueInBackground 0
09-23 23:05:14.045  1186  1200 I AppWidgetServiceImpl: startListening callbacks : com.android.internal.appwidget.IAppWidgetHost$Stub$Proxy@3af2f75
09-23 23:05:14.045 20383 20383 D InputTransport: Input channel destroyed: 'a1d0c69', fd=100
09-23 23:05:14.045  2080  2334 I LiveIconViewUpdater: onUpdateLiveIcon - id : 73, itemType : 0
09-23 23:05:14.045   871   871 I Layer   : id=38741 removeFromCurrentState a1d0c69 com.example.dogglers/androidx.test.core.app.InstrumentationActivityInvoker$EmptyActivity#38741 (124)
09-23 23:05:14.045   871   871 I SurfaceFlinger: id=38741 Removed a1d0c69 com.example.dogglers/androidx.test.core.app.InstrumentationActivityInvoker$EmptyActivity#38741 (124)
09-23 23:05:14.045   871   871 I Layer   : id=38741 Destroyed a1d0c69 com.example.dogglers/androidx.test.core.app.InstrumentationActivityInvoker$EmptyActivity#38741
09-23 23:05:14.046  2080  2334 I LiveIconUpdateEventHandler: cancelDateChangeAlarm
09-23 23:05:14.047  2080  2080 W LauncherAppWidgetHost: startListening, mFlags:15 isFront:false
09-23 23:05:14.047 20383 20383 D LifecycleMonitor: Lifecycle status change: androidx.test.core.app.InstrumentationActivityInvoker$EmptyActivity@59b2670 in: DESTROYED
09-23 23:05:14.048 20383 20383 V ActivityScenario: Activity lifecycle changed event received but ignored because the intent does not match. startActivityIntent=Intent { act=android.intent.action.MAIN cat=[android.intent.category.LAUNCHER] cmp=com.example.dogglers/.MainActivity }, activity.getIntent()=Intent { act=android.intent.action.MAIN cat=[android.intent.category.LAUNCHER] flg=0x10000000 cmp=com.example.dogglers/androidx.test.core.app.InstrumentationActivityInvoker$EmptyActivity }, activity=androidx.test.core.app.InstrumentationActivityInvoker$EmptyActivity@59b2670
09-23 23:05:14.048  2080  2334 I LiveIconUpdateEventHandler: setDateChangeAlarm Sun Sep 24 00:00:00 GMT+04:00 2023
09-23 23:05:14.050 20383 20383 I MSHandlerLifeCycle: removeMultiSplitHandler: no exist. decor=DecorView@2a0950f[InstrumentationActivityInvoker$EmptyActivity]
09-23 23:05:14.051  2080  2080 W NavigableAppWidgetHostView: setResizeScaleResult() 1002/ 355 scaleToResize = 1.0(widget id = 26) 1cad05f 0,0-1002,355
09-23 23:05:14.051  1186  1232 D EnterpriseDeviceManagerService: isMdmAdminPresentInternal() : MDM Admin Found - com.samsung.knox.securefolder
09-23 23:05:14.051  2080  2080 W NavigableAppWidgetHostView: setResizeScaleResult() 498/ 716 scaleToResize = 1.0(widget id = 33) 6a2d344 504,361-1002,1077
09-23 23:05:14.053 20383 20417 D OpenGLRenderer: setSurface called with nullptr
09-23 23:05:14.053 20383 20383 I ViewRootImpl@2e23fa5[InstrumentationActivityInvoker$EmptyActivity]: dispatchDetachedFromWindow
09-23 23:05:14.053  2080  2334 I LiveIconViewUpdater: onUpdateLiveIcon - id : 76, itemType : 0
09-23 23:05:14.053  2080  2080 I ViewRootImpl@782dd03[LauncherActivity]: performTraversals params={(0,0)(fillxfill) sim={adjust=nothing forwardNavigation} layoutInDisplayCutoutMode=shortEdges ty=BASE_APPLICATION fmt=TRANSPARENT wanim=0x10302f4
09-23 23:05:14.053  2080  2080 I ViewRootImpl@782dd03[LauncherActivity]:   fl=81910100
09-23 23:05:14.053  2080  2080 I ViewRootImpl@782dd03[LauncherActivity]:   pfl=1e020040
09-23 23:05:14.053  2080  2080 I ViewRootImpl@782dd03[LauncherActivity]:   vsysui=1700
09-23 23:05:14.053  2080  2080 I ViewRootImpl@782dd03[LauncherActivity]:   bhv=SHOW_TRANSIENT_BARS_BY_SWIPE
09-23 23:05:14.053  2080  2080 I ViewRootImpl@782dd03[LauncherActivity]:   fitSides= screenDimDuration=200000 naviIconColor=0}
09-23 23:05:14.054  1186  1745 D InputTransport: Input channel destroyed: 'f694f13', fd=929
09-23 23:05:14.054  1186  1745 W InputManager-JNI: Input channel object 'f694f13 com.example.dogglers/androidx.test.core.app.InstrumentationActivityInvoker$EmptyActivity (client)' was disposed without first being removed with the input manager!
09-23 23:05:14.054  1186  1745 D InputTransport: Input channel destroyed: 'f694f13', fd=959
09-23 23:05:14.054 22590 22590 I dnca    : onResume
09-23 23:05:14.055  2080  2080 I ViewRootImpl@782dd03[LauncherActivity]: performTraversals mFirst=false windowShouldResize=false viewVisibilityChanged=true mForceNextWindowRelayout=false params={(0,0)(fillxfill) sim={adjust=nothing forwardNavigation} layoutInDisplayCutoutMode=shortEdges ty=BASE_APPLICATION fmt=TRANSPARENT wanim=0x10302f4
09-23 23:05:14.055  2080  2080 I ViewRootImpl@782dd03[LauncherActivity]:   fl=81910100
09-23 23:05:14.055  2080  2080 I ViewRootImpl@782dd03[LauncherActivity]:   pfl=1e020040
09-23 23:05:14.055  2080  2080 I ViewRootImpl@782dd03[LauncherActivity]:   vsysui=1700
09-23 23:05:14.055  2080  2080 I ViewRootImpl@782dd03[LauncherActivity]:   bhv=SHOW_TRANSIENT_BARS_BY_SWIPE
09-23 23:05:14.055  2080  2080 I ViewRootImpl@782dd03[LauncherActivity]:   fitSides= screenDimDuration=200000 naviIconColor=0}
09-23 23:05:14.055   769   769 D Zygote  : Forked child process 20572
09-23 23:05:14.056 20383 20383 D InputTransport: Input channel destroyed: 'f694f13', fd=88
09-23 23:05:14.056  1186  1323 V WindowManager: Relayout Window{2961ae6 u0 com.sec.android.app.launcher/com.sec.android.app.launcher.activities.LauncherActivity}: viewVisibility=0 req=1080x2400 d0
09-23 23:05:14.056   871   871 I Layer   : id=38740 removeFromCurrentState ActivityRecord{a7f93fd u0 com.example.dogglers/androidx.test.core.app.InstrumentationActivityInvoker$EmptyActivity} t7704}#38740 (123)
09-23 23:05:14.056   871   871 I Layer   : id=38744 removeFromCurrentState f694f13 com.example.dogglers/androidx.test.core.app.InstrumentationActivityInvoker$EmptyActivity#38744 (123)
09-23 23:05:14.056   871   871 I SurfaceFlinger: id=38744 Removed f694f13 com.example.dogglers/androidx.test.core.app.InstrumentationActivityInvoker$EmptyActivity#38744 (123)
09-23 23:05:14.056   871   871 I SurfaceFlinger: id=38740 Removed ActivityRecord{a7f93fd u0 com.example.dogglers/androidx.test.core.app.InstrumentationActivityInvoker$EmptyActivity} t7704}#38740 (123)
09-23 23:05:14.056   871   871 I Layer   : id=38744 Destroyed f694f13 com.example.dogglers/androidx.test.core.app.InstrumentationActivityInvoker$EmptyActivity#38744
09-23 23:05:14.056   871   871 I Layer   : id=38740 Destroyed ActivityRecord{a7f93fd u0 com.example.dogglers/androidx.test.core.app.InstrumentationActivityInvoker$EmptyActivity} t7704}#38740
09-23 23:05:14.058 20383 20415 E TestRunner: failed: clicking_vertical_list_button_displays_vertical_list(com.example.dogglers.ButtonTests)
09-23 23:05:14.058 20383 20415 E TestRunner: ----- begin exception -----
09-23 23:05:14.060 20383 20415 E TestRunner: androidx.test.espresso.NoActivityResumedException: No activities in stage RESUMED. Did you forget to launch the activity. (test.getActivity() or similar)?
09-23 23:05:14.060 20383 20415 E TestRunner: 	at dalvik.system.VMStack.getThreadStackTrace(Native Method)
09-23 23:05:14.060 20383 20415 E TestRunner: 	at java.lang.Thread.getStackTrace(Thread.java:1841)
09-23 23:05:14.060 20383 20415 E TestRunner: 	at androidx.test.espresso.base.DefaultFailureHandler.getUserFriendlyError(DefaultFailureHandler.java:12)
09-23 23:05:14.060 20383 20415 E TestRunner: 	at androidx.test.espresso.base.DefaultFailureHandler.handle(DefaultFailureHandler.java:7)
09-23 23:05:14.060 20383 20415 E TestRunner: 	at androidx.test.espresso.ViewInteraction.waitForAndHandleInteractionResults(ViewInteraction.java:8)
09-23 23:05:14.060 20383 20415 E TestRunner: 	at androidx.test.espresso.ViewInteraction.desugaredPerform(ViewInteraction.java:11)
09-23 23:05:14.060 20383 20415 E TestRunner: 	at androidx.test.espresso.ViewInteraction.perform(ViewInteraction.java:4)
09-23 23:05:14.060 20383 20415 E TestRunner: 	at com.example.dogglers.ButtonTests.clicking_vertical_list_button_displays_vertical_list(ButtonTests.kt:54)
09-23 23:05:14.060 20383 20415 E TestRunner: 	at java.lang.reflect.Method.invoke(Native Method)
09-23 23:05:14.060 20383 20415 E TestRunner: 	at org.junit.runners.model.FrameworkMethod$1.runReflectiveCall(FrameworkMethod.java:50)
09-23 23:05:14.060 20383 20415 E TestRunner: 	at org.junit.internal.runners.model.ReflectiveCallable.run(ReflectiveCallable.java:12)
09-23 23:05:14.060 20383 20415 E TestRunner: 	at org.junit.runners.model.FrameworkMethod.invokeExplosively(FrameworkMethod.java:47)
09-23 23:05:14.060 20383 20415 E TestRunner: 	at org.junit.internal.runners.statements.InvokeMethod.evaluate(InvokeMethod.java:17)
09-23 23:05:14.060 20383 20415 E TestRunner: 	at org.junit.rules.ExternalResource$1.evaluate(ExternalResource.java:48)
09-23 23:05:14.060 20383 20415 E TestRunner: 	at org.junit.rules.RunRules.evaluate(RunRules.java:20)
09-23 23:05:14.060 20383 20415 E TestRunner: 	at org.junit.runners.ParentRunner.runLeaf(ParentRunner.java:325)
09-23 23:05:14.060 20383 20415 E TestRunner: 	at org.junit.runners.BlockJUnit4ClassRunner.runChild(BlockJUnit4ClassRunner.java:78)
09-23 23:05:14.060 20383 20415 E TestRunner: 	at org.junit.runners.BlockJUnit4ClassRunner.runChild(BlockJUnit4ClassRunner.java:57)
09-23 23:05:14.060 20383 20415 E TestRunner: 	at org.junit.runners.ParentRunner$3.run(ParentRunner.java:290)
09-23 23:05:14.060 20383 20415 E TestRunner: 	at org.junit.runners.ParentRunner$1.schedule(ParentRunner.java:71)
09-23 23:05:14.060 20383 20415 E TestRunner: 	at org.junit.runners.ParentRunner.runChildren(ParentRunner.java:288)
09-23 23:05:14.060 20383 20415 E TestRunner: 	at org.junit.runners.ParentRunner.access$000(ParentRunner.java:58)
09-23 23:05:14.060 20383 20415 E TestRunner: 	at org.junit.runners.ParentRunner$2.evaluate(ParentRunner.java:268)
09-23 23:05:14.060 20383 20415 E TestRunner: 	at org.junit.runners.ParentRunner.run(ParentRunner.java:363)
09-23 23:05:14.060 20383 20415 E TestRunner: 	at androidx.test.ext.junit.runners.AndroidJUnit4.run(AndroidJUnit4.java:162)
09-23 23:05:14.060 20383 20415 E TestRunner: 	at org.junit.runners.Suite.runChild(Suite.java:128)
09-23 23:05:14.060 20383 20415 E TestRunner: 	at org.junit.runners.Suite.runChild(Suite.java:27)
09-23 23:05:14.060 20383 20415 E TestRunner: 	at org.junit.runners.ParentRunner$3.run(ParentRunner.java:290)
09-23 23:05:14.060 20383 20415 E TestRunner: 	at org.junit.runners.ParentRunner$1.schedule(ParentRunner.java:71)
09-23 23:05:14.060 20383 20415 E TestRunner: 	at org.junit.runners.ParentRunner.runChildren(ParentRunner.java:288)
09-23 23:05:14.060 20383 20415 E TestRunner: 	at org.junit.runners.ParentRunner.access$000(ParentRunner.java:58)
09-23 23:05:14.060 20383 20415 E TestRunner: 	at org.junit.runners.ParentRunner$2.evaluate(ParentRunner.java:268)
09-23 23:05:14.060 20383 20415 E TestRunner: 	at org.junit.runners.ParentRunner.run(ParentRunner.java:363)
09-23 23:05:14.060 20383 20415 E TestRunner: 	at org.junit.runner.JUnitCore.run(JUnitCore.java:137)
09-23 23:05:14.060 20383 20415 E TestRunner: 	at org.junit.runner.JUnitCore.run(JUnitCore.java:115)
09-23 23:05:14.060 20383 20415 E TestRunner: 	at androidx.test.internal.runner.TestExecutor.execute(TestExecutor.java:56)
09-23 23:05:14.060 20383 20415 E TestRunner: 	at androidx.test.runner.AndroidJUnitRunner.onStart(AndroidJUnitRunner.java:444)
09-23 23:05:14.060 20383 20415 E TestRunner: 	at android.app.Instrumentation$InstrumentationThread.run(Instrumentation.java:2335)
09-23 23:05:14.060   871  1064 I SurfaceFlinger: id=38746 createSurf flag=40004, com.sec.android.app.launcher/com.sec.android.app.launcher.activities.LauncherActivity$_2080#38746
09-23 23:05:14.060 20383 20415 E TestRunner: ----- end exception -----
09-23 23:05:14.062  1186  2620 I MediaSessionMonitor: Media session stopped : controllerList empty
09-23 23:05:14.062  1186  1323 V WindowManager: Relayout hash=2961ae6, pid=2080, syncId=-1: mAttrs={(0,0)(fillxfill) sim={adjust=nothing forwardNavigation} layoutInDisplayCutoutMode=shortEdges ty=BASE_APPLICATION fmt=TRANSPARENT wanim=0x10302f4
09-23 23:05:14.062  1186  1323 V WindowManager:   fl=81910100
09-23 23:05:14.062  1186  1323 V WindowManager:   pfl=1e020040
09-23 23:05:14.062  1186  1323 V WindowManager:   vsysui=1700
09-23 23:05:14.062  1186  1323 V WindowManager:   bhv=SHOW_TRANSIENT_BARS_BY_SWIPE
09-23 23:05:14.062  1186  1323 V WindowManager:   fitSides= screenDimDuration=200000 naviIconColor=0}
09-23 23:05:14.062 20383 20415 I TestRunner: finished: clicking_vertical_list_button_displays_vertical_list(com.example.dogglers.ButtonTests)
