09-23 23:03:42.979   785   785 I android.hardware.health@2.1-service-samsung: updateLrpSysfs: write: 333
09-23 23:03:42.985  1186  1377 D MotionRecognitionService: [SAR]  onReceive : ACTION_BATTERY_CHANGED, Plugged: 2
09-23 23:03:42.986  1186  1186 D PhoneWindowManagerExt: ACTION_BATTERY_CHANGED - Level=72, status=2
09-23 23:03:42.991  1186  1186 D SemWifiApBroadcastReceiver: Received : android.intent.action.BATTERY_CHANGED
09-23 23:03:42.994  1575  1575 D SemBigDataInfoController: Intent: android.intent.action.BATTERY_CHANGED
09-23 23:03:42.994  1575  1575 D SemBigDataInfoController: Intent: android.intent.action.BATTERY_CHANGED
09-23 23:03:42.994  1602  1602 D SamsungBatteryMeterDrawable: onBatteryLevelChanged isSomethingChanged: false
09-23 23:03:42.996  1602  1602 D SamsungBatteryMeterDrawable: onBatteryLevelChanged isSomethingChanged: false
09-23 23:03:42.997  1602  1602 D SamsungBatteryMeterDrawable: onBatteryLevelChanged isSomethingChanged: false
09-23 23:03:42.998  1602  1602 D SamsungBatteryMeterDrawable: onBatteryLevelChanged isSomethingChanged: false
09-23 23:03:42.999  1602  1602 I PowerUI : mBootCompleted = true |  mFullyConnected = true
09-23 23:03:42.999  1602  1602 W PowerUI : Plug reason
09-23 23:03:42.999  1602  1602 W PowerUI : Skip charging animation - by plug status
09-23 23:03:42.999  1602  1602 D PowerUI : priorPlugType = 2 mPlugType = 2 priorBatteryStatus = 2 mBatteryStatus = 2
09-23 23:03:43.000  1602  1602 W PowerUI : Plug reason
09-23 23:03:43.000  1602  1602 W PowerUI : Skip charging sound - by plug status
09-23 23:03:43.000  1602  1602 I PowerUI : oldMisalign : false, curMisalign : false
09-23 23:03:43.000  1602  2465 D SecPowerUI.Notification: dismissing low battery warning: level=72
09-23 23:03:43.000  1602  2465 D SecPowerUI.Notification: updateNotification mWarning=false mPlaySound=false
09-23 23:03:43.000  1602  2465 D SecPowerUI.Notification: SecBatteryStatsSnapshot{batteryLevel=72, currentBatteryMode=0, chargingTime=3883000, chargingType=11, batteryHealth=2, automaticTestMode=false, isHiccupState=false}
09-23 23:03:43.003  1602  2465 D SecPowerUI.Notification: 1. restoreScreenTimeOut - saved_value : :
09-23 23:03:43.004  1602  2465 E SecPowerUI.Notification: no saved value, so we do nothing !!
09-23 23:03:43.005  1602  1602 D SecPowerUI.Notification: showChargingNotice oldChargingType : 11 / currentChargingType : 11, oldChargingTime : 3883000 / mChargingTime : 3883000
09-23 23:03:43.005  1602  1602 D SecPowerUI.Notification: There is no change about charging status, so return!
09-23 23:03:43.006  1602  1602 D PowerUI : Battery swelling mode - priorBatterySwellingMode = 0 mBatterySwellingMode = 0 mBatteryStatus = 2
09-23 23:03:43.006  1602  1602 I PowerUI : mBatteryMiscEvent = 65536
09-23 23:03:43.009  1602  1602 I PowerUI : checkShouldTurnOffProtectBattery : -1, Scheduling start ? : false
09-23 23:03:43.009  1602  1602 I PowerUI : Clear time
09-23 23:03:43.011  1186  1322 D SecContentProvider: query(), uri = 17 selection = isSettingsChangesAllowed
09-23 23:03:43.016  1602  1602 D KeyguardUpdateMonitor: received broadcast android.intent.action.BATTERY_CHANGED
09-23 23:03:43.016  1602  1602 I AODBatteryManager: updateBatteryData: ACTION_BATTERY_CHANGED
09-23 23:03:43.020  1602  1602 I AODBatteryManager: saveBatteryData : AOD BatteryData [mBatteryLevel=72, mBatteryStatus=CHARGING, mBatteryPlugType=USB, mBatteryPlugged=true, mRemainingChargeTime=3883000, mBatteryChargingType=1, mBatteryChargerType=NORMAL, mBatteryOnline=USB, mBatterySwellingMode=NONE, mBatteryProtectMode=false]
09-23 23:03:43.020  1602  1602 D KeyguardUpdateMonitor: handleBatteryUpdate
09-23 23:03:43.191  1033  1530 I bauth_FPBAuthService: pcf : 0x1012, 0 ,1 ,0 ,0 ,0 ,0, 7.0.0.0
09-23 23:03:43.191  1033  1530 I bauth_FPBAuthService: thread id : 1, preenroll_flag : 0, nd cnt : 0, cso : 0, et : 0
09-23 23:03:43.191  1033  1530 I bauth_FPBAuthService: FPBAuthService, 11416
09-23 23:03:43.538 28768 28768 I ResourceOverlayService_0: waitAndQuit called
09-23 23:03:43.539 28768 28768 I ResourceOverlayService_0: activity user id 0 process id 0
09-23 23:03:44.093   859   960 I EDEN    : [Exynos][EDEN][v1.6.21][SERVICE] processAliveMointorMain:253: Try to check pid=(818)...
09-23 23:03:44.101 24562 24562 D BoundBrokerSvc: onUnbind: Intent { act=com.google.android.gms.udc.service.START dat=chimera-action:/... cmp=com.google.android.gms/.chimera.PersistentApiService }
09-23 23:03:44.192  1033  1530 I bauth_FPBAuthService: pcf : 0x1012, 0 ,1 ,0 ,0 ,0 ,0, 7.0.0.0
09-23 23:03:44.193  1033  1530 I bauth_FPBAuthService: thread id : 1, preenroll_flag : 0, nd cnt : 0, cso : 0, et : 0
09-23 23:03:44.193  1033  1530 I bauth_FPBAuthService: FPBAuthService, 11416
09-23 23:03:44.246   871   943 I VSyncReactor: Current= 90, Period= 90, hwcPeriod= 90
09-23 23:03:44.542 28768 28768 I ResourceOverlayService_0: waitAndQuit called
09-23 23:03:44.543 28768 28768 I ResourceOverlayService_0: activity user id 0 process id 0
09-23 23:03:45.194  1033  1530 I bauth_FPBAuthService: pcf : 0x1012, 0 ,1 ,0 ,0 ,0 ,0, 7.0.0.0
09-23 23:03:45.194  1033  1530 I bauth_FPBAuthService: thread id : 1, preenroll_flag : 0, nd cnt : 0, cso : 0, et : 0
09-23 23:03:45.194  1033  1530 I bauth_FPBAuthService: FPBAuthService, 11416
09-23 23:03:45.545 28768 28768 I ResourceOverlayService_0: waitAndQuit called
09-23 23:03:45.547 28768 28768 I ResourceOverlayService_0: activity user id 0 process id 0
09-23 23:03:46.194  1033  1530 I bauth_FPBAuthService: pcf : 0x1012, 0 ,1 ,0 ,0 ,0 ,0, 7.0.0.0
09-23 23:03:46.194  1033  1530 I bauth_FPBAuthService: thread id : 1, preenroll_flag : 0, nd cnt : 0, cso : 0, et : 0
09-23 23:03:46.194  1033  1530 I bauth_FPBAuthService: FPBAuthService, 11416
09-23 23:03:46.470  1186  1255 I NSLocationMonitor: getGPSUsingApps() called
09-23 23:03:46.496  2527 30060 I NSLocationManager_FLP: getGPSUsingApps, NO_FREEZE={5013} / FREEZE={10218, 15010218}
09-23 23:03:46.550 28768 28768 I ResourceOverlayService_0: waitAndQuit called
09-23 23:03:46.551 28768 28768 I ResourceOverlayService_0: activity user id 0 process id 0
09-23 23:03:47.195  1033  1530 I bauth_FPBAuthService: pcf : 0x1012, 0 ,1 ,0 ,0 ,0 ,0, 7.0.0.0
09-23 23:03:47.195  1033  1530 I bauth_FPBAuthService: thread id : 1, preenroll_flag : 0, nd cnt : 0, cso : 0, et : 0
09-23 23:03:47.195  1033  1530 I bauth_FPBAuthService: FPBAuthService, 11416
09-23 23:03:47.553 28768 28768 I ResourceOverlayService_0: waitAndQuit called
09-23 23:03:47.555 28768 28768 I ResourceOverlayService_0: activity user id 0 process id 0
09-23 23:03:47.917 29158 29299 I PolicyManager: [#CMH#] Is foreground game app: false
09-23 23:03:47.917 29190 29295 I PolicyManager: [#CMH#] Is foreground game app: false
09-23 23:03:48.013  1602  1602 D SecPowerUI.Notification: showChargingNotice oldChargingType : 11 / currentChargingType : 11, oldChargingTime : 3883000 / mChargingTime : 3883000
09-23 23:03:48.014  1602  1602 D SecPowerUI.Notification: There is no change about charging status, so return!
09-23 23:03:48.196  1033  1530 I bauth_FPBAuthService: pcf : 0x1012, 0 ,1 ,0 ,0 ,0 ,0, 7.0.0.0
09-23 23:03:48.196  1033  1530 I bauth_FPBAuthService: thread id : 1, preenroll_flag : 0, nd cnt : 0, cso : 0, et : 0
09-23 23:03:48.196  1033  1530 I bauth_FPBAuthService: FPBAuthService, 11416
09-23 23:03:48.557 28768 28768 I ResourceOverlayService_0: waitAndQuit called
09-23 23:03:48.559 28768 28768 I ResourceOverlayService_0: activity user id 0 process id 0
09-23 23:03:49.095   859   960 I EDEN    : [Exynos][EDEN][v1.6.21][SERVICE] processAliveMointorMain:253: Try to check pid=(818)...
09-23 23:03:49.197  1033  1530 I bauth_FPBAuthService: pcf : 0x1012, 0 ,1 ,0 ,0 ,0 ,0, 7.0.0.0
09-23 23:03:49.197  1033  1530 I bauth_FPBAuthService: thread id : 1, preenroll_flag : 0, nd cnt : 0, cso : 0, et : 0
09-23 23:03:49.197  1033  1530 I bauth_FPBAuthService: FPBAuthService, 11416
09-23 23:03:49.562 28768 28768 I ResourceOverlayService_0: waitAndQuit called
09-23 23:03:49.563 28768 28768 I ResourceOverlayService_0: activity user id 0 process id 0
09-23 23:03:50.198  1033  1530 I bauth_FPBAuthService: pcf : 0x1012, 0 ,1 ,0 ,0 ,0 ,0, 7.0.0.0
09-23 23:03:50.198  1033  1530 I bauth_FPBAuthService: thread id : 1, preenroll_flag : 0, nd cnt : 0, cso : 0, et : 0
09-23 23:03:50.198  1033  1530 I bauth_FPBAuthService: FPBAuthService, 11416
09-23 23:03:50.566 28768 28768 I ResourceOverlayService_0: waitAndQuit called
09-23 23:03:50.567 28768 28768 I ResourceOverlayService_0: activity user id 0 process id 0
09-23 23:03:51.199  1033  1530 I bauth_FPBAuthService: pcf : 0x1012, 0 ,1 ,0 ,0 ,0 ,0, 7.0.0.0
09-23 23:03:51.199  1033  1530 I bauth_FPBAuthService: thread id : 1, preenroll_flag : 0, nd cnt : 0, cso : 0, et : 0
09-23 23:03:51.199  1033  1530 I bauth_FPBAuthService: FPBAuthService, 11416
09-23 23:03:51.570 28768 28768 I ResourceOverlayService_0: waitAndQuit called
09-23 23:03:51.571 28768 28768 I ResourceOverlayService_0: activity user id 0 process id 0
09-23 23:03:52.199  1033  1530 I bauth_FPBAuthService: pcf : 0x1012, 0 ,1 ,0 ,0 ,0 ,0, 7.0.0.0
09-23 23:03:52.200  1033  1530 I bauth_FPBAuthService: thread id : 1, preenroll_flag : 0, nd cnt : 0, cso : 0, et : 0
09-23 23:03:52.200  1033  1530 I bauth_FPBAuthService: FPBAuthService, 11416
09-23 23:03:52.574 28768 28768 I ResourceOverlayService_0: waitAndQuit called
09-23 23:03:52.576 28768 28768 I ResourceOverlayService_0: activity user id 0 process id 0
09-23 23:03:53.066   785   785 I android.hardware.health@2.1-service-samsung: updateLrpSysfs: write: 332
09-23 23:03:53.072  1186  1377 D MotionRecognitionService: [SAR]  onReceive : ACTION_BATTERY_CHANGED, Plugged: 2
09-23 23:03:53.072  1186  1186 D PhoneWindowManagerExt: ACTION_BATTERY_CHANGED - Level=72, status=2
09-23 23:03:53.077  1186  1186 D SemWifiApBroadcastReceiver: Received : android.intent.action.BATTERY_CHANGED
09-23 23:03:53.078  1575  1575 D SemBigDataInfoController: Intent: android.intent.action.BATTERY_CHANGED
09-23 23:03:53.080  1602  1602 D SamsungBatteryMeterDrawable: onBatteryLevelChanged isSomethingChanged: false
09-23 23:03:53.080  1575  1575 D SemBigDataInfoController: Intent: android.intent.action.BATTERY_CHANGED
09-23 23:03:53.081  1602  1602 D SamsungBatteryMeterDrawable: onBatteryLevelChanged isSomethingChanged: false
09-23 23:03:53.082  1602  1602 D SamsungBatteryMeterDrawable: onBatteryLevelChanged isSomethingChanged: false
09-23 23:03:53.082  1602  1602 D SamsungBatteryMeterDrawable: onBatteryLevelChanged isSomethingChanged: false
09-23 23:03:53.083  1602  1602 I PowerUI : mBootCompleted = true |  mFullyConnected = true
09-23 23:03:53.084  1602  1602 W PowerUI : Plug reason
09-23 23:03:53.084  1602  1602 W PowerUI : Skip charging animation - by plug status
09-23 23:03:53.084  1602  1602 D PowerUI : priorPlugType = 2 mPlugType = 2 priorBatteryStatus = 2 mBatteryStatus = 2
09-23 23:03:53.084  1602  1602 W PowerUI : Plug reason
09-23 23:03:53.084  1602  1602 W PowerUI : Skip charging sound - by plug status
09-23 23:03:53.084  1602  1602 I PowerUI : oldMisalign : false, curMisalign : false
09-23 23:03:53.084  1602 24938 D SecPowerUI.Notification: dismissing low battery warning: level=72
09-23 23:03:53.085  1602 24938 D SecPowerUI.Notification: updateNotification mWarning=false mPlaySound=false
09-23 23:03:53.085  1602 24938 D SecPowerUI.Notification: SecBatteryStatsSnapshot{batteryLevel=72, currentBatteryMode=0, chargingTime=3883000, chargingType=11, batteryHealth=2, automaticTestMode=false, isHiccupState=false}
09-23 23:03:53.087  1602 24938 D SecPowerUI.Notification: 1. restoreScreenTimeOut - saved_value : :
09-23 23:03:53.087  1602 24938 E SecPowerUI.Notification: no saved value, so we do nothing !!
09-23 23:03:53.087  1602  1602 D SecPowerUI.Notification: showChargingNotice oldChargingType : 11 / currentChargingType : 11, oldChargingTime : 3883000 / mChargingTime : 3883000
09-23 23:03:53.088  1602  1602 D SecPowerUI.Notification: There is no change about charging status, so return!
09-23 23:03:53.088  1602  1602 D PowerUI : Battery swelling mode - priorBatterySwellingMode = 0 mBatterySwellingMode = 0 mBatteryStatus = 2
09-23 23:03:53.088  1602  1602 I PowerUI : mBatteryMiscEvent = 65536
09-23 23:03:53.091  1602  1602 I PowerUI : checkShouldTurnOffProtectBattery : -1, Scheduling start ? : false
09-23 23:03:53.091  1602  1602 I PowerUI : Clear time
09-23 23:03:53.094  1186  4410 D SecContentProvider: query(), uri = 17 selection = isSettingsChangesAllowed
09-23 23:03:53.099  1602  1602 D KeyguardUpdateMonitor: received broadcast android.intent.action.BATTERY_CHANGED
09-23 23:03:53.099  1602  1602 I AODBatteryManager: updateBatteryData: ACTION_BATTERY_CHANGED
09-23 23:03:53.103  1602  1602 I AODBatteryManager: saveBatteryData : AOD BatteryData [mBatteryLevel=72, mBatteryStatus=CHARGING, mBatteryPlugType=USB, mBatteryPlugged=true, mRemainingChargeTime=3883000, mBatteryChargingType=1, mBatteryChargerType=NORMAL, mBatteryOnline=USB, mBatterySwellingMode=NONE, mBatteryProtectMode=false]
09-23 23:03:53.103  1602  1602 D KeyguardUpdateMonitor: handleBatteryUpdate
09-23 23:03:53.201  1033  1530 I bauth_FPBAuthService: pcf : 0x1012, 0 ,1 ,0 ,0 ,0 ,0, 7.0.0.0
09-23 23:03:53.201  1033  1530 I bauth_FPBAuthService: thread id : 1, preenroll_flag : 0, nd cnt : 0, cso : 0, et : 0
09-23 23:03:53.201  1033  1530 I bauth_FPBAuthService: FPBAuthService, 11416
09-23 23:03:53.579 28768 28768 I ResourceOverlayService_0: waitAndQuit called
09-23 23:03:53.581 28768 28768 I ResourceOverlayService_0: activity user id 0 process id 0
09-23 23:03:54.097   859   960 I EDEN    : [Exynos][EDEN][v1.6.21][SERVICE] processAliveMointorMain:253: Try to check pid=(818)...
09-23 23:03:54.202  1033  1530 I bauth_FPBAuthService: pcf : 0x1012, 0 ,1 ,0 ,0 ,0 ,0, 7.0.0.0
09-23 23:03:54.202  1033  1530 I bauth_FPBAuthService: thread id : 1, preenroll_flag : 0, nd cnt : 0, cso : 0, et : 0
09-23 23:03:54.202  1033  1530 I bauth_FPBAuthService: FPBAuthService, 11416
09-23 23:03:54.584 28768 28768 I ResourceOverlayService_0: waitAndQuit called
09-23 23:03:54.586 28768 28768 I ResourceOverlayService_0: activity user id 0 process id 0
09-23 23:03:55.203  1033  1530 I bauth_FPBAuthService: pcf : 0x1012, 0 ,1 ,0 ,0 ,0 ,0, 7.0.0.0
09-23 23:03:55.203  1033  1530 I bauth_FPBAuthService: thread id : 1, preenroll_flag : 0, nd cnt : 0, cso : 0, et : 0
09-23 23:03:55.203  1033  1530 I bauth_FPBAuthService: FPBAuthService, 11416
09-23 23:03:55.589 28768 28768 I ResourceOverlayService_0: waitAndQuit called
09-23 23:03:55.592 28768 28768 I ResourceOverlayService_0: activity user id 0 process id 0
09-23 23:03:56.203  1033  1530 I bauth_FPBAuthService: pcf : 0x1012, 0 ,1 ,0 ,0 ,0 ,0, 7.0.0.0
09-23 23:03:56.204  1033  1530 I bauth_FPBAuthService: thread id : 1, preenroll_flag : 0, nd cnt : 0, cso : 0, et : 0
09-23 23:03:56.204  1033  1530 I bauth_FPBAuthService: FPBAuthService, 11416
09-23 23:03:56.504  1602  1695 D MobileStatusTracker(0/11): onSignalStrengthsChanged level=4, vendorLevel=4
09-23 23:03:56.507  1602  1695 D MobileSignalController(0/11): notifyListener: enabled=true, connected=true, dataConnected=false, networkType=LTE (4G), emergencyOnly=false, roaming=false, isDefault=false, dataActivity=, level=4, ca=false, mmWave=false, disabledDataIcon=false, simCard=ETC
09-23 23:03:56.512  1602  1695 D NetworkController: SignalStrength from intent slotId=0
09-23 23:03:56.596 28768 28768 I ResourceOverlayService_0: waitAndQuit called
09-23 23:03:56.598 28768 28768 I ResourceOverlayService_0: activity user id 0 process id 0
09-23 23:03:57.204  1033  1530 I bauth_FPBAuthService: pcf : 0x1012, 0 ,1 ,0 ,0 ,0 ,0, 7.0.0.0
09-23 23:03:57.205  1033  1530 I bauth_FPBAuthService: thread id : 1, preenroll_flag : 0, nd cnt : 0, cso : 0, et : 0
09-23 23:03:57.205  1033  1530 I bauth_FPBAuthService: FPBAuthService, 11416
09-23 23:03:57.601 28768 28768 I ResourceOverlayService_0: waitAndQuit called
09-23 23:03:57.603 28768 28768 I ResourceOverlayService_0: activity user id 0 process id 0
09-23 23:03:58.094  1602  1602 D SecPowerUI.Notification: showChargingNotice oldChargingType : 11 / currentChargingType : 11, oldChargingTime : 3883000 / mChargingTime : 3883000
09-23 23:03:58.094  1602  1602 D SecPowerUI.Notification: There is no change about charging status, so return!
09-23 23:03:58.205  1033  1530 I bauth_FPBAuthService: pcf : 0x1012, 0 ,1 ,0 ,0 ,0 ,0, 7.0.0.0
09-23 23:03:58.205  1033  1530 I bauth_FPBAuthService: thread id : 1, preenroll_flag : 0, nd cnt : 0, cso : 0, et : 0
09-23 23:03:58.206  1033  1530 I bauth_FPBAuthService: FPBAuthService, 11416
09-23 23:03:58.606 28768 28768 I ResourceOverlayService_0: waitAndQuit called
09-23 23:03:58.607 28768 28768 I ResourceOverlayService_0: activity user id 0 process id 0
09-23 23:03:59.062  1602  1695 D MobileStatusTracker(0/11): onSignalStrengthsChanged level=4, vendorLevel=4
09-23 23:03:59.066  1602  1695 D MobileSignalController(0/11): notifyListener: enabled=true, connected=true, dataConnected=false, networkType=LTE (4G), emergencyOnly=false, roaming=false, isDefault=false, dataActivity=, level=4, ca=false, mmWave=false, disabledDataIcon=false, simCard=ETC
09-23 23:03:59.071  1602  1695 D NetworkController: SignalStrength from intent slotId=0
09-23 23:03:59.098   859   960 I EDEN    : [Exynos][EDEN][v1.6.21][SERVICE] processAliveMointorMain:253: Try to check pid=(818)...
09-23 23:03:59.206  1033  1530 I bauth_FPBAuthService: pcf : 0x1012, 0 ,1 ,0 ,0 ,0 ,0, 7.0.0.0
09-23 23:03:59.206  1033  1530 I bauth_FPBAuthService: thread id : 1, preenroll_flag : 0, nd cnt : 0, cso : 0, et : 0
09-23 23:03:59.206  1033  1530 I bauth_FPBAuthService: FPBAuthService, 11416
09-23 23:03:59.610 28768 28768 I ResourceOverlayService_0: waitAndQuit called
09-23 23:03:59.611 28768 28768 I ResourceOverlayService_0: activity user id 0 process id 0
09-23 23:03:59.912 19300 19339 D TrafficStats: tagSocket(164) with statsTag=0x17, statsUid=-1
09-23 23:04:00.207  1033  1530 I bauth_FPBAuthService: pcf : 0x1012, 0 ,1 ,0 ,0 ,0 ,0, 7.0.0.0
09-23 23:04:00.207  1033  1530 I bauth_FPBAuthService: thread id : 1, preenroll_flag : 0, nd cnt : 0, cso : 0, et : 0
09-23 23:04:00.207  1033  1530 I bauth_FPBAuthService: FPBAuthService, 11416
09-23 23:04:00.473  1602  1602 D KeyguardUpdateMonitor: received broadcast android.intent.action.TIME_TICK
09-23 23:04:00.474  1602  1602 D KeyguardUpdateMonitor: handleTimeUpdate
09-23 23:04:00.476  1602  1602 D FaceWidgetPagesController: onTimeChanged()
09-23 23:04:00.477  1602  2180 D QSClockBellTower: onReceive(android.intent.action.TIME_TICK) mTimeZoneString:null
09-23 23:04:00.477  1602  1602 D FaceWidgetPagesController: refreshViews() reason = ON_TIME_TICK, force = false
09-23 23:04:00.478  1602  1602 D FaceWidgetMusicViewModel: updateMusicPageColorForVisibility
09-23 23:04:00.479  1602  1602 D FaceWidgetMusicViewModel: updateMusicPageColorForVisibility, useLightModeColor = false
09-23 23:04:00.479  1602  1602 I ChargingInfoOnlyContainer: onTimerExpired:
09-23 23:04:00.479  1602  1602 I MODManager: onUpdatePosition
09-23 23:04:00.479  1602  1602 I ChargingInfoOnlyContainer: updateChargingInfoPosition: com.samsung.android.app.aodservice.common.widget.ChargingInfoOnlyContainer{7fa821b V.E...... ........ 0,0-1080,2400}
09-23 23:04:00.480  1602  1602 I ZigZagViewPositionControllerImpl[CHARGING_INFO]: getNextDirection: mHorizontalDirection = RIGHT, mVerticalDirection = UP
09-23 23:04:00.480  1602  1602 I ZigZagViewPositionControllerImpl[CHARGING_INFO]: updateCurrentPosition: horizontalDistance = 1, verticalDistance = 3, mHorizontalMoveCount = 8
09-23 23:04:00.480  1602  1602 I ZigZagViewPositionControllerImpl[CHARGING_INFO]: updateCurrentPosition: mCurPoint = Point(25, 57), mRange = Rect(-38, 0 - 38, 60)
09-23 23:04:00.480  1602  1602 I ZigZagViewPositionControllerImpl[CHARGING_INFO]: mStartX = -1, mStartY = -1
09-23 23:04:00.480  1602  1602 I ZigZagViewPositionControllerImpl[CHARGING_INFO]: left = 25, right = 0, top = 57, bottom = 0
09-23 23:04:00.488  1602  1602 I ZigZagViewPositionControllerImpl[CHARGING_INFO]: updatePosition: mCurPoint = Point(25, 57), mRange = Rect(-38, 0 - 38, 60), count = 9, interval = 10
09-23 23:04:00.488  1602  1602 I AODAlarmTimer_AOD_CHARGING_INFO_TICK: onAlarm:
09-23 23:04:00.489  1602  1602 I AODAlarmTimer_AOD_CHARGING_INFO_TICK: setAlarm: expiration = 09/23/2023 23:05
09-23 23:04:00.493  1186  1529 D SemInputDeviceManagerService: currentDisplayState[1]:DOZE_SUSPEND(4)
09-23 23:04:00.493  1186  1529 D SemInputDeviceManagerService: EARLY: Logical: DOZE(3) Physical: DOZE(3) [Using: DOZE(3)] displayType: 1
09-23 23:04:00.494   871   943 I VSyncReactor: Current= 90, Period= 90, hwcPeriod= 90
09-23 23:04:00.496   839   839 I sysinput:Touch: activate:96, 3,0 OK
09-23 23:04:00.497   871   871 D SurfaceFlinger: Setting power mode 2 on display 4633128672291735932
09-23 23:04:00.498  1186  1402 D SysinputHAL_V1_3(V1_2): setTspEnable(1),3,true(0)
09-23 23:04:00.500  1186  1529 D SemInputDeviceManagerService: currentDisplayState[1]:DOZE(3)
09-23 23:04:00.501  1186  1529 D SemInputDeviceManagerService: LATE: Logical: DOZE(3) Physical: DOZE(3) [Using: DOZE(3)] displayType: 1
09-23 23:04:00.503   839   839 I sysinput:Touch: activate:96, 3,1 OK
09-23 23:04:00.504  1186  1402 D SysinputHAL_V1_3(V1_2): setTspEnable(1),3,false(0)
09-23 23:04:00.506 19252 19252 I BSS_SysUiClient: handleDisplayChanged: 3
09-23 23:04:00.507  3164  6464 W BtGatt.GattService: unfreezeScan() - No AppScanStats found with uid: 10435
09-23 23:04:00.522 24562 24562 I NearbyDiscovery: (REDACTED) FastPairDisplayObserver: %s -> %s
09-23 23:04:00.523 24562 24562 I NearbyDirect: (REDACTED) FastPairDisplayObserver: %s -> %s
09-23 23:04:00.537   871   871 I SurfaceFlinger: SFWD update time=109796428377774
09-23 23:04:00.556  1186  2547 W LocationManagerService: onFreezeStateChanged, uid[10435]=false
09-23 23:04:00.560  4177  4889 I FASProvider: makeValuesForFasUpdate contentValues = package_name=com.drnoob.datamonitor extras=0 reason=deleted_from_mars_auto disableReason=default disableResetTime=1693130395337 uid=10435 mode=0 level=1 resetTime=0
09-23 23:04:00.567  1602  1602 D QSClockBellTower: He is ready to ring the bell. (((QSClockBellSound - TimeText:11:04, TimeContentDescription:11:04 pm, DateText:Sat, 23 September, ShortDateText:Sat, 23 Sept, Demo:false, QuickStar-Second(false|12:34:56))))
09-23 23:04:00.567  1602  1602 D QSClockIndicatorView: Home Indicator status_bar_clock 11:04 notifyTimeChanged(QSClockBellSound - TimeText:11:04, TimeContentDescription:11:04 pm, DateText:Sat, 23 September, ShortDateText:Sat, 23 Sept, Demo:false, QuickStar-Second(false|12:34:56)) ClockVisibleByPolicy:true, ClockVisibleByUser:true, visible?false, parent:android.widget.LinearLayout{e48faa5 V.E...... ........ 0,0-0,80 #7f0b04f1 app:id/left_clock_container}
09-23 23:04:00.567  1602  1602 D QSClockBellTower: Everyone heard the bell. run(currentTime:1695495840565,   getTime():Sat Sep 23 23:04:00 GMT+04:00 2023,   getTimeZone():libcore.util.ZoneInfo[mDstSavings=0,mUseDst=false,mDelegate=[id="Asia/Dubai",mRawOffset=14400000,mEarliestRawOffset=13272000,transitions=2]])
09-23 23:04:00.567  1602  1602 D FaceWidgetMusicPage: mMusicPageTransparencyDataObserver = FaceWidgetMusicPageTransparencyData mMusicPageTransparency = 0.68 mUseLightModeColor = 2 IsUpdatePageColorOnly = true
09-23 23:04:00.573  1602  1602 I FaceWidgetPositionAlgorithm: getClockContainerHeight() supplier = 290, bottom margin = 68, real height = 358
09-23 23:04:00.574  1602  1602 I FaceWidgetPositionAlgorithm: getMediaContainerHeight() height = 241 container Visibility = 8, isValid = false, mIsDozing = false, fraction = 1.0, source = 0, target = 0
09-23 23:04:00.574  1602  1602 I FaceWidgetPositionAlgorithm: getMediaContainerHeight() supplier = 0
09-23 23:04:00.574  1602  1602 I FaceWidgetPositionAlgorithm: getClockContainerHeight() supplier = 290, bottom margin = 0, real height = 358
09-23 23:04:00.576  1602  1602 V QsExpandAnimator: setQsExpansionPosition 0.0
09-23 23:04:00.578  1602  1602 I FaceWidgetPositionAlgorithm: getClockContainerHeight() supplier = 290, bottom margin = 68, real height = 358
09-23 23:04:00.578  1602  1602 I FaceWidgetPositionAlgorithm: getMediaContainerHeight() height = 241 container Visibility = 8, isValid = false, mIsDozing = false, fraction = 1.0, source = 0, target = 0
09-23 23:04:00.578  1602  1602 I FaceWidgetPositionAlgorithm: getMediaContainerHeight() supplier = 0
09-23 23:04:00.579  1602  1602 I FaceWidgetPositionAlgorithm: getClockContainerHeight() supplier = 290, bottom margin = 0, real height = 358
09-23 23:04:00.585  1602  1602 I ResourceType: [SWT] Success lookup value directly, data = 0x010607cc
09-23 23:04:00.585  1602  1602 I ResourceType: [SWT] Success lookup value directly, data = 0x010607cc
09-23 23:04:00.586  1602  1602 I ResourceType: [SWT] Success lookup value directly, data = 0x010607cc
09-23 23:04:00.586  1602  1602 I ResourceType: [SWT] Success lookup value directly, data = 0x010607cc
09-23 23:04:00.601 29940 29940 D DataUsageWidget: updateAppWidget: 0.00 MB  3.18 GB
09-23 23:04:00.602 29940 29940 D DataUsageWidget: updateAppWidget: 2.00 GB
09-23 23:04:00.603 29940 29940 E DataUsageWidget: updateAppWidget: false
09-23 23:04:00.603 29940 29940 I AppWidgetManager: updateAppWidget() appWidgetIds = [12]
09-23 23:04:00.604   871   871 D SurfaceFlinger: GPIS:: requestGPIS
09-23 23:04:00.604 29940 29940 E DataUsageWidget: updateAppWidget: end
09-23 23:04:00.604 29940 29940 D DataUsageWidget: onUpdate: true
09-23 23:04:00.608 29940 29940 D DataUsageWidget: onUpdate: Widget updated
09-23 23:04:00.612  1602  1602 D DisplayLifecycle: updateDisplay id = 0
09-23 23:04:00.614 28768 28768 I ResourceOverlayService_0: waitAndQuit called
09-23 23:04:00.614 28768 28768 I ResourceOverlayService_0: activity user id 0 process id 0
09-23 23:04:00.615  1602  1602 V QsExpandAnimator: updateAnimators
09-23 23:04:00.615  1602  1602 V QsExpandAnimator: clearAnimationState
09-23 23:04:00.616  1602  1602 V QsExpandAnimator: updateViews
09-23 23:04:00.617  1602  1602 V QsExpandAnimator: updateTileAnimator
09-23 23:04:00.618  1602  1602 V QsExpandAnimator: updateHeaderAnimator
09-23 23:04:00.619  1602  1602 V QsExpandAnimator: updateBarAnimator
09-23 23:04:00.619  1602  1602 V QsExpandAnimator: setQsExpansionPosition 0.0
09-23 23:04:00.619  1602  1602 V QsExpandAnimator: onAnimationAtStart
09-23 23:04:00.822  1186  1529 D SemInputDeviceManagerService: currentDisplayState[1]:DOZE(3)
09-23 23:04:00.822  1186  1529 D SemInputDeviceManagerService: EARLY: Logical: DOZE_SUSPEND(4) Physical: DOZE_SUSPEND(4) [Using: DOZE_SUSPEND(4)] displayType: 1
09-23 23:04:00.824   871   871 D SurfaceFlinger: Setting power mode 2 on display 4633128672291735932
09-23 23:04:00.825   839   839 I sysinput:Touch: activate:96, 4,0 OK
09-23 23:04:00.825  1186  1529 D SemInputDeviceManagerService: currentDisplayState[1]:DOZE_SUSPEND(4)
09-23 23:04:00.825  1186  1529 D SemInputDeviceManagerService: LATE: Logical: DOZE_SUSPEND(4) Physical: DOZE_SUSPEND(4) [Using: DOZE_SUSPEND(4)] displayType: 1
09-23 23:04:00.827  1186  1402 D SysinputHAL_V1_3(V1_2): setTspEnable(1),4,true(0)
09-23 23:04:00.829   839   839 I sysinput:Touch: activate:96, 4,1 OK
09-23 23:04:00.830  1186  1402 D SysinputHAL_V1_3(V1_2): setTspEnable(1),4,false(0)
09-23 23:04:00.835 19252 19252 I BSS_SysUiClient: handleDisplayChanged: 4
09-23 23:04:00.839  1602  1602 D DisplayLifecycle: updateDisplay id = 0
09-23 23:04:00.845 24562 24562 I NearbyDiscovery: (REDACTED) FastPairDisplayObserver: %s -> %s
09-23 23:04:00.845 24562 24562 I NearbyDirect: (REDACTED) FastPairDisplayObserver: %s -> %s
09-23 23:04:01.127   871  2487 D NativeSemDvfsManager: acquire:: timeout = 2000 mIsAcquired = 1  mTagName : SurfaceFlinger
09-23 23:04:01.128   871  2487 E NativeCustomFrequencyManager: [NativeCFMS] BpCustomFrequencyManager::acquire()
09-23 23:04:01.129   795   875 I HYPER-HAL: [RequestManager.cpp]acquire(): Acquired ID : 1752256  [871 / 1000]    HINT : SF_GPU_MINLOCK    list : [TIMEOUT / 2000]
09-23 23:04:01.207  1033  1530 I bauth_FPBAuthService: pcf : 0x1012, 0 ,1 ,0 ,0 ,0 ,0, 7.0.0.0
09-23 23:04:01.208  1033  1530 I bauth_FPBAuthService: thread id : 1, preenroll_flag : 0, nd cnt : 0, cso : 0, et : 0
09-23 23:04:01.208  1033  1530 I bauth_FPBAuthService: FPBAuthService, 11416
09-23 23:04:01.436 19300 19339 D TrafficStats: tagSocket(164) with statsTag=0x17, statsUid=-1
09-23 23:04:01.536  1186  1255 I NSLocationMonitor: getGPSUsingApps() called
09-23 23:04:01.561  2527 30060 I NSLocationManager_FLP: getGPSUsingApps, NO_FREEZE={5013} / FREEZE={10218, 15010218}
09-23 23:04:01.616 28768 28768 I ResourceOverlayService_0: waitAndQuit called
09-23 23:04:01.617 28768 28768 I ResourceOverlayService_0: activity user id 0 process id 0
09-23 23:04:02.208  1033  1530 I bauth_FPBAuthService: pcf : 0x1012, 0 ,1 ,0 ,0 ,0 ,0, 7.0.0.0
09-23 23:04:02.209  1033  1530 I bauth_FPBAuthService: thread id : 1, preenroll_flag : 0, nd cnt : 0, cso : 0, et : 0
09-23 23:04:02.209  1033  1530 I bauth_FPBAuthService: FPBAuthService, 11416
09-23 23:04:02.620 28768 28768 I ResourceOverlayService_0: waitAndQuit called
09-23 23:04:02.622 28768 28768 I ResourceOverlayService_0: activity user id 0 process id 0
09-23 23:04:03.132   795 20521 I HYPER-HAL: [RequestManager.cpp]releaseLocked(): Released ID : 1752256
09-23 23:04:03.142   785   785 I android.hardware.health@2.1-service-samsung: updateLrpSysfs: write: 331
09-23 23:04:03.145  1186  1377 D MotionRecognitionService: [SAR]  onReceive : ACTION_BATTERY_CHANGED, Plugged: 2
09-23 23:04:03.145  1186  1186 D PhoneWindowManagerExt: ACTION_BATTERY_CHANGED - Level=72, status=2
09-23 23:04:03.147  1186  1186 D SemWifiApBroadcastReceiver: Received : android.intent.action.BATTERY_CHANGED
09-23 23:04:03.149  1575  1575 D SemBigDataInfoController: Intent: android.intent.action.BATTERY_CHANGED
09-23 23:04:03.149  1602  1602 D SamsungBatteryMeterDrawable: onBatteryLevelChanged isSomethingChanged: false
09-23 23:04:03.149  1602  1602 D SamsungBatteryMeterDrawable: onBatteryLevelChanged isSomethingChanged: false
09-23 23:04:03.150  1602  1602 D SamsungBatteryMeterDrawable: onBatteryLevelChanged isSomethingChanged: false
09-23 23:04:03.150  1602  1602 D SamsungBatteryMeterDrawable: onBatteryLevelChanged isSomethingChanged: false
09-23 23:04:03.150  1602  1602 I PowerUI : mBootCompleted = true |  mFullyConnected = true
09-23 23:04:03.151  1602  1602 W PowerUI : Plug reason
09-23 23:04:03.151  1602  1602 W PowerUI : Skip charging animation - by plug status
09-23 23:04:03.151  1602  1602 D PowerUI : priorPlugType = 2 mPlugType = 2 priorBatteryStatus = 2 mBatteryStatus = 2
09-23 23:04:03.151  1602  1602 W PowerUI : Plug reason
09-23 23:04:03.151  1602  1602 W PowerUI : Skip charging sound - by plug status
09-23 23:04:03.151  1602  1602 I PowerUI : oldMisalign : false, curMisalign : false
09-23 23:04:03.151  1602  3769 D SecPowerUI.Notification: dismissing low battery warning: level=72
09-23 23:04:03.151  1602  3769 D SecPowerUI.Notification: updateNotification mWarning=false mPlaySound=false
09-23 23:04:03.151  1602  3769 D SecPowerUI.Notification: SecBatteryStatsSnapshot{batteryLevel=72, currentBatteryMode=0, chargingTime=3883000, chargingType=11, batteryHealth=2, automaticTestMode=false, isHiccupState=false}
09-23 23:04:03.151  1575  1575 D SemBigDataInfoController: Intent: android.intent.action.BATTERY_CHANGED
09-23 23:04:03.152  1602  3769 D SecPowerUI.Notification: 1. restoreScreenTimeOut - saved_value : :
09-23 23:04:03.152  1602  3769 E SecPowerUI.Notification: no saved value, so we do nothing !!
09-23 23:04:03.153  1602  1602 D SecPowerUI.Notification: showChargingNotice oldChargingType : 11 / currentChargingType : 11, oldChargingTime : 3883000 / mChargingTime : 3883000
09-23 23:04:03.153  1602  1602 D SecPowerUI.Notification: There is no change about charging status, so return!
09-23 23:04:03.153  1602  1602 D PowerUI : Battery swelling mode - priorBatterySwellingMode = 0 mBatterySwellingMode = 0 mBatteryStatus = 2
09-23 23:04:03.153  1602  1602 I PowerUI : mBatteryMiscEvent = 65536
09-23 23:04:03.155  1602  1602 I PowerUI : checkShouldTurnOffProtectBattery : -1, Scheduling start ? : false
09-23 23:04:03.155  1602  1602 I PowerUI : Clear time
09-23 23:04:03.157  1186  1199 D SecContentProvider: query(), uri = 17 selection = isSettingsChangesAllowed
09-23 23:04:03.160  1602  1602 D KeyguardUpdateMonitor: received broadcast android.intent.action.BATTERY_CHANGED
09-23 23:04:03.160  1602  1602 I AODBatteryManager: updateBatteryData: ACTION_BATTERY_CHANGED
09-23 23:04:03.162  1602  1602 I AODBatteryManager: saveBatteryData : AOD BatteryData [mBatteryLevel=72, mBatteryStatus=CHARGING, mBatteryPlugType=USB, mBatteryPlugged=true, mRemainingChargeTime=3883000, mBatteryChargingType=1, mBatteryChargerType=NORMAL, mBatteryOnline=USB, mBatterySwellingMode=NONE, mBatteryProtectMode=false]
09-23 23:04:03.162  1602  1602 D KeyguardUpdateMonitor: handleBatteryUpdate
09-23 23:04:03.209  1033  1530 I bauth_FPBAuthService: pcf : 0x1012, 0 ,1 ,0 ,0 ,0 ,0, 7.0.0.0
09-23 23:04:03.210  1033  1530 I bauth_FPBAuthService: thread id : 1, preenroll_flag : 0, nd cnt : 0, cso : 0, et : 0
09-23 23:04:03.210  1033  1530 I bauth_FPBAuthService: FPBAuthService, 11416
09-23 23:04:03.625 28768 28768 I ResourceOverlayService_0: waitAndQuit called
09-23 23:04:03.627 28768 28768 I ResourceOverlayService_0: activity user id 0 process id 0
09-23 23:04:04.100   859   960 I EDEN    : [Exynos][EDEN][v1.6.21][SERVICE] processAliveMointorMain:253: Try to check pid=(818)...
09-23 23:04:04.210  1033  1530 I bauth_FPBAuthService: pcf : 0x1012, 0 ,1 ,0 ,0 ,0 ,0, 7.0.0.0
09-23 23:04:04.210  1033  1530 I bauth_FPBAuthService: thread id : 1, preenroll_flag : 0, nd cnt : 0, cso : 0, et : 0
09-23 23:04:04.210  1033  1530 I bauth_FPBAuthService: FPBAuthService, 11416
09-23 23:04:04.628 28768 28768 I ResourceOverlayService_0: waitAndQuit called
09-23 23:04:04.630 28768 28768 I ResourceOverlayService_0: activity user id 0 process id 0
09-23 23:04:04.996  1575  1676 I System.out: Broadcasting: Intent { act=com.samsung.intent.action.BIG_DATA_INFO (has extras) }
09-23 23:04:05.006  1186  1199 D TelephonyManager: requestModemActivityInfo: Sending result to app: ModemActivityInfo{ mTimestamp=201076097 mSleepTimeMs=186355785 mIdleTimeMs=5259431 mActivityStatsTechSpecificInfo=[{mRat=UNKNOWN,mFrequencyRange=UNKNOWN,mTxTimeMs[]=[59501, 22346, 18979, 2030, 407],mRxTimeMs=5431933}]}
09-23 23:04:05.010  1186  1186 I NSLocationMonitor: Broadcast receiver, action=com.samsung.intent.action.BIG_DATA_INFO
09-23 23:04:05.018  1575  1575 D SemBigDataInfoController: Intent: com.samsung.intent.action.BIG_DATA_INFO
09-23 23:04:05.018  1575  1575 D SemBigDataInfoController: BIG_DATA insertLog slot: 0, feature: 26
09-23 23:04:05.028  1575  1575 D SemBigDataInfoController: Intent: com.samsung.intent.action.BIG_DATA_INFO
09-23 23:04:05.037  1575  1691 I System.out: Broadcast completed: result=0
09-23 23:04:05.068   593  2247 W android.system.suspend@1.0-service: getWakeLockStats +
09-23 23:04:05.070   593  2247 E android.system.suspend@1.0-service: Error opening event_count for wakeup58: Original kwl [Path]=../../devices/platform/13200000.usb/13200000.dwc3/wakeup/wakeup58: Permission denied
09-23 23:04:05.070   743   743 E audit   : type=1400 audit(1695495845.065:372407): avc:  denied  { read } for  pid=593 comm="binder:593_5" name="event_count" dev="sysfs" ino=70979 scontext=u:r:system_suspend:s0 tcontext=u:object_r:sysfs:s0 tclass=file permissive=0 SEPF_SM-A336E_12_0001 audit_filtered
09-23 23:04:05.070   743   743 E audit   : type=1400 audit(1695495845.065:372408): avc:  denied  { read } for  pid=593 comm="binder:593_5" name="max_time_ms" dev="sysfs" ino=70984 scontext=u:r:system_suspend:s0 tcontext=u:object_r:sysfs:s0 tclass=file permissive=0 SEPF_SM-A336E_12_0001 audit_filtered
09-23 23:04:05.070   743   743 E audit   : type=1400 audit(1695495845.065:372409): avc:  denied  { read } for  pid=593 comm="binder:593_5" name="wakeup_count" dev="sysfs" ino=70980 scontext=u:r:system_suspend:s0 tcontext=u:object_r:sysfs:s0 tclass=file permissive=0 SEPF_SM-A336E_12_0001 audit_filtered
09-23 23:04:05.070   743   743 E audit   : type=1400 audit(1695495845.065:372410): avc:  denied  { read } for  pid=593 comm="binder:593_5" name="total_time_ms" dev="sysfs" ino=70983 scontext=u:r:system_suspend:s0 tcontext=u:object_r:sysfs:s0 tclass=file permissive=0 SEPF_SM-A336E_12_0001 audit_filtered
09-23 23:04:05.070   743   743 E audit   : type=1400 audit(1695495845.065:372411): avc:  denied  { read } for  pid=593 comm="binder:593_5" name="expire_count" dev="sysfs" ino=70981 scontext=u:r:system_suspend:s0 tcontext=u:object_r:sysfs:s0 tclass=file permissive=0 SEPF_SM-A336E_12_0001 audit_filtered
09-23 23:04:05.074   593  2247 E android.system.suspend@1.0-service: Error opening event_count for wakeup108: Original kwl [Path]=../../devices/platform/13860000.hsi2c/i2c-2/2-003d/s2mu106-charger/wakeup/wakeup108: Permission denied
09-23 23:04:05.081   593  2247 E android.system.suspend@1.0-service: Error opening event_count for wakeup74: Original kwl [Path]=../../devices/platform/13860000.hsi2c/i2c-2/2-003d/s2mu106-powermeter/wakeup/wakeup74: Permission denied
09-23 23:04:05.082   593  2247 E android.system.suspend@1.0-service: Error opening event_count for wakeup106: Original kwl [Path]=../../devices/platform/13860000.hsi2c/i2c-2/2-003d/s2mu106-charger/power_supply/s2mu106-charger/wakeup106: Permission denied
09-23 23:04:05.084   593  2247 E android.system.suspend@1.0-service: Error opening event_count for wakeup64: Original kwl [Path]=../../devices/platform/15050000.is_sensor4/wakeup/wakeup64: Permission denied
09-23 23:04:05.093   593  2247 E android.system.suspend@1.0-service: Error opening event_count for wakeup72: Original kwl [Path]=../../devices/platform/samsung_mobile_device/samsung_mobile_device:etspi-spi@0/wakeup/wakeup72: Permission denied
09-23 23:04:05.097   593  2247 E android.system.suspend@1.0-service: Error opening event_count for wakeup62: Original kwl [Path]=../../devices/platform/15040000.is_sensor2/wakeup/wakeup62: Permission denied
09-23 23:04:05.101   593  2247 E android.system.suspend@1.0-service: Error opening event_count for wakeup52: Original kwl [Path]=../../devices/platform/acpm_mfd_bus@11a00000/i2c-11/11-001f/wakeup/wakeup52: Permission denied
09-23 23:04:05.111   593  2247 E android.system.suspend@1.0-service: Error opening event_count for wakeup60: Original kwl [Path]=../../devices/platform/15030000.is_sensor0/wakeup/wakeup60: Permission denied
09-23 23:04:05.115   593  2247 E android.system.suspend@1.0-service: Error opening event_count for wakeup79: Original kwl [Path]=../../devices/platform/138b0000.hsi2c/i2c-6/6-003c/power_supply/usbpd-manager/wakeup79: Permission denied
09-23 23:04:05.118   593  2247 E android.system.suspend@1.0-service: Error opening event_count for wakeup69: Original kwl [Path]=../../devices/platform/11a10000.contexthub/wakeup/wakeup69: Permission denied
09-23 23:04:05.121   593  2247 E android.system.suspend@1.0-service: Error opening event_count for wakeup59: Original kwl [Path]=../../devices/platform/15090000.exynos_is/wakeup/wakeup59: Permission denied
09-23 23:04:05.125   593  2247 E android.system.suspend@1.0-service: Error opening event_count for wakeup77: Original kwl [Path]=../../devices/platform/13860000.hsi2c/i2c-2/2-003d/s2mu106-muic/power_supply/muic-manager/wakeup77: Permission denied
09-23 23:04:05.126   593  2247 E android.system.suspend@1.0-service: Error opening event_count for wakeup109: Original kwl [Path]=../../devices/platform/13860000.hsi2c/i2c-2/2-003d/s2mu106-charger/wakeup/wakeup109: Permission denied
09-23 23:04:05.130   593  2247 E android.system.suspend@1.0-service: Error opening event_count for wakeup57: Original kwl [Path]=../../devices/platform/13200000.usb/13200000.dwc3/wakeup/wakeup57: Permission denied
09-23 23:04:05.133   593  2247 E android.system.suspend@1.0-service: Error opening event_count for wakeup75: Original kwl [Path]=../../devices/platform/13860000.hsi2c/i2c-2/2-003d/s2mu106-powermeter/wakeup/wakeup75: Permission denied
09-23 23:04:05.133   593  2247 E android.system.suspend@1.0-service: Error opening event_count for wakeup107: Original kwl [Path]=../../devices/platform/13860000.hsi2c/i2c-2/2-003d/s2mu106-charger/power_supply/s2mu106-otg/wakeup107: Permission denied
09-23 23:04:05.139   593  2247 E android.system.suspend@1.0-service: Error opening event_count for wakeup73: Original kwl [Path]=../../devices/platform/13860000.hsi2c/i2c-2/2-003d/s2mu106-powermeter/power_supply/s2mu106_pmeter/wakeup73: Permission denied
09-23 23:04:05.140   593  2247 E android.system.suspend@1.0-service: Error opening event_count for wakeup63: Original kwl [Path]=../../devices/platform/15070000.is_sensor3/wakeup/wakeup63: Permission denied
09-23 23:04:05.142   593  2247 E android.system.suspend@1.0-service: Error opening event_count for wakeup53: Original kwl [Path]=../../devices/platform/acpm_mfd_bus@11a01000/i2c-12/12-002f/wakeup/wakeup53: Permission denied
09-23 23:04:05.145   593  2247 E android.system.suspend@1.0-service: Error opening event_count for wakeup61: Original kwl [Path]=../../devices/platform/15060000.is_sensor1/wakeup/wakeup61: Permission denied
09-23 23:04:05.149   593  2247 E android.system.suspend@1.0-service: Error opening event_count for wakeup101: Original kwl [Path]=../../devices/platform/138b0000.hsi2c/i2c-6/6-003b/power_supply/s2mu106-fuelgauge/wakeup101: Permission denied
09-23 23:04:05.154   593  2247 W android.system.suspend@1.0-service: getWakeLockStats -
09-23 23:04:05.211  1033  1530 I bauth_FPBAuthService: pcf : 0x1012, 0 ,1 ,0 ,0 ,0 ,0, 7.0.0.0
09-23 23:04:05.212  1033  1530 I bauth_FPBAuthService: thread id : 1, preenroll_flag : 0, nd cnt : 0, cso : 0, et : 0
09-23 23:04:05.212  1033  1530 I bauth_FPBAuthService: FPBAuthService, 11416
09-23 23:04:05.634 28768 28768 I ResourceOverlayService_0: waitAndQuit called
09-23 23:04:05.635 28768 28768 I ResourceOverlayService_0: activity user id 0 process id 0
09-23 23:04:06.212  1033  1530 I bauth_FPBAuthService: pcf : 0x1012, 0 ,1 ,0 ,0 ,0 ,0, 7.0.0.0
09-23 23:04:06.212  1033  1530 I bauth_FPBAuthService: thread id : 1, preenroll_flag : 0, nd cnt : 0, cso : 0, et : 0
09-23 23:04:06.212  1033  1530 I bauth_FPBAuthService: FPBAuthService, 11416
09-23 23:04:06.639 28768 28768 I ResourceOverlayService_0: waitAndQuit called
09-23 23:04:06.640 28768 28768 I ResourceOverlayService_0: activity user id 0 process id 0
09-23 23:04:07.213  1033  1530 I bauth_FPBAuthService: pcf : 0x1012, 0 ,1 ,0 ,0 ,0 ,0, 7.0.0.0
09-23 23:04:07.213  1033  1530 I bauth_FPBAuthService: thread id : 1, preenroll_flag : 0, nd cnt : 0, cso : 0, et : 0
09-23 23:04:07.213  1033  1530 I bauth_FPBAuthService: FPBAuthService, 11416
09-23 23:04:07.225  1186  1232 I ChimeraSystemEventListener: appLaunchIntent package name is: com.example.dogglers
09-23 23:04:07.235   871  1064 I SurfaceFlinger: id=38710 createSurf flag=80004, ActivityRecord{28d2b6f u0 com.example.dogglers/androidx.test.core.app.InstrumentationActivityInvoker$EmptyActivity} t7702}#38710
09-23 23:04:07.238   871   871 D SurfaceFlinger: GPIS:: requestGPIS
09-23 23:04:07.239   871   943 I VSyncReactor: Current= 90, Period= 90, hwcPeriod= 90
09-23 23:04:07.266  1186  1745 D InputDispatcher: Focused application(0): ActivityRecord{28d2b6f u0 com.example.dogglers/androidx.test.core.app.InstrumentationActivityInvoker$EmptyActivity} t7702}
09-23 23:04:07.268  1186  1232 I SemPersonaManager: SecureFolder personaId = 150
09-23 23:04:07.286  1186  1745 I SemDvfsHyPerManager: acquire hyper - AMS_APP_LAUNCH/1186@17, type = -999
09-23 23:04:07.287  2633  2633 E pageboostd: Received HALT command code 2
09-23 23:04:07.287   795   875 I HYPER-HAL: [RequestManager.cpp]acquire(): Acquired ID : 724223  [1186 / 17]    HINT : AMS_APP_LAUNCH    list :
09-23 23:04:07.290  4177  4177 I SemDvfsHyPerManager: acquire hyper - APP_START/4177@18, type = -999
09-23 23:04:07.293   795   875 I HYPER-HAL: [RequestManager.cpp]acquire(): Acquired ID : 8801128  [4177 / 18]    HINT : APP_START    list :
09-23 23:04:07.295 20383 20383 D LifecycleMonitor: Lifecycle status change: androidx.test.core.app.InstrumentationActivityInvoker$EmptyActivity@adc56b0 in: PRE_ON_CREATE
09-23 23:04:07.295 20383 20383 V ActivityScenario: Activity lifecycle changed event received but ignored because the intent does not match. startActivityIntent=Intent { act=android.intent.action.MAIN cat=[android.intent.category.LAUNCHER] cmp=com.example.dogglers/.MainActivity }, activity.getIntent()=Intent { act=android.intent.action.MAIN cat=[android.intent.category.LAUNCHER] flg=0x10000000 cmp=com.example.dogglers/androidx.test.core.app.InstrumentationActivityInvoker$EmptyActivity }, activity=androidx.test.core.app.InstrumentationActivityInvoker$EmptyActivity@adc56b0
09-23 23:04:07.300  1186  1232 D EnterpriseDeviceManagerService: isMdmAdminPresentInternal() : MDM Admin Found - com.samsung.knox.securefolder
09-23 23:04:07.304 20383 20383 I DecorView: [INFO] isPopOver=false config=true
09-23 23:04:07.304 20383 20383 I DecorView: updateCaptionType: isFloating=false isApplication=true hasWindowDecorCaption=false this=DecorView@866b24f[]
09-23 23:04:07.304  1186  2620 I MediaSessionMonitor: Media session stopped : controllerList empty
09-23 23:04:07.304 20383 20383 D DecorView: setCaptionType = 0, this = DecorView@866b24f[]
09-23 23:04:07.310 20383 20383 I DecorView: getCurrentDensityDpi: from real metrics. densityDpi=450 msg=resources_loaded
09-23 23:04:07.310 20383 20383 I DecorView: setWindowBackground: isPopOver=false color=ff010101 d=android.graphics.drawable.StateListDrawable@6282ddc
09-23 23:04:07.311 20383 20383 D LifecycleMonitor: Lifecycle status change: androidx.test.core.app.InstrumentationActivityInvoker$EmptyActivity@adc56b0 in: CREATED
09-23 23:04:07.311 20383 20383 V ActivityScenario: Activity lifecycle changed event received but ignored because the intent does not match. startActivityIntent=Intent { act=android.intent.action.MAIN cat=[android.intent.category.LAUNCHER] cmp=com.example.dogglers/.MainActivity }, activity.getIntent()=Intent { act=android.intent.action.MAIN cat=[android.intent.category.LAUNCHER] flg=0x10000000 cmp=com.example.dogglers/androidx.test.core.app.InstrumentationActivityInvoker$EmptyActivity }, activity=androidx.test.core.app.InstrumentationActivityInvoker$EmptyActivity@adc56b0
09-23 23:04:07.312 20383 20383 D LifecycleMonitor: Lifecycle status change: androidx.test.core.app.InstrumentationActivityInvoker$EmptyActivity@adc56b0 in: STARTED
09-23 23:04:07.312 20383 20383 V ActivityScenario: Activity lifecycle changed event received but ignored because the intent does not match. startActivityIntent=Intent { act=android.intent.action.MAIN cat=[android.intent.category.LAUNCHER] cmp=com.example.dogglers/.MainActivity }, activity.getIntent()=Intent { act=android.intent.action.MAIN cat=[android.intent.category.LAUNCHER] flg=0x10000000 cmp=com.example.dogglers/androidx.test.core.app.InstrumentationActivityInvoker$EmptyActivity }, activity=androidx.test.core.app.InstrumentationActivityInvoker$EmptyActivity@adc56b0
09-23 23:04:07.313 20383 20383 D LifecycleMonitor: Lifecycle status change: androidx.test.core.app.InstrumentationActivityInvoker$EmptyActivity@adc56b0 in: RESUMED
09-23 23:04:07.313 20383 20383 V ActivityScenario: Activity lifecycle changed event received but ignored because the intent does not match. startActivityIntent=Intent { act=android.intent.action.MAIN cat=[android.intent.category.LAUNCHER] cmp=com.example.dogglers/.MainActivity }, activity.getIntent()=Intent { act=android.intent.action.MAIN cat=[android.intent.category.LAUNCHER] flg=0x10000000 cmp=com.example.dogglers/androidx.test.core.app.InstrumentationActivityInvoker$EmptyActivity }, activity=androidx.test.core.app.InstrumentationActivityInvoker$EmptyActivity@adc56b0
09-23 23:04:07.314 20383 20383 I MSHandlerLifeCycle: check: return. pkg=com.example.dogglers parent=null callers=com.android.internal.policy.DecorView.setVisibility:4416 android.app.ActivityThread.handleResumeActivity:5476 android.app.servertransaction.ResumeActivityItem.execute:54 android.app.servertransaction.ActivityTransactionItem.execute:45 android.app.servertransaction.TransactionExecutor.executeLifecycleState:176
09-23 23:04:07.314 20383 20383 I MSHandlerLifeCycle: removeMultiSplitHandler: no exist. decor=DecorView@866b24f[]
09-23 23:04:07.316 20383 20417 D NativeCustomFrequencyManager: [NativeCFMS] BpCustomFrequencyManager::BpCustomFrequencyManager()
09-23 23:04:07.318  1186  1745 D InputTransport: Input channel constructed: '24fd50a', fd=962
09-23 23:04:07.318  1186  1745 D InputTransport: Input channel constructed: '24fd50a', fd=966
09-23 23:04:07.318  1186  1745 D InputTransport: Input channel constructed: '24fd50a', fd=976
09-23 23:04:07.318   871   916 I SurfaceFlinger: id=38711 createSurf flag=80004, 24fd50a com.example.dogglers/androidx.test.core.app.InstrumentationActivityInvoker$EmptyActivity#38711
09-23 23:04:07.319  1186  1745 D InputTransport: Input channel destroyed: '24fd50a', fd=976
