09-23 23:03:03.158  1033  1530 I bauth_FPBAuthService: thread id : 1, preenroll_flag : 0, nd cnt : 0, cso : 0, et : 0
09-23 23:03:03.158  1033  1530 I bauth_FPBAuthService: FPBAuthService, 11416
09-23 23:03:03.360 28768 28768 I ResourceOverlayService_0: waitAndQuit called
09-23 23:03:03.362 28768 28768 I ResourceOverlayService_0: activity user id 0 process id 0
09-23 23:03:03.645   795 20364 I HYPER-HAL: [RequestManager.cpp]releaseLocked(): Released ID : 1752256
09-23 23:03:03.803 20383 20383 W RootViewPicker: No activity currently resumed - waiting: 30000ms for one to appear.
09-23 23:03:04.081   859   960 I EDEN    : [Exynos][EDEN][v1.6.21][SERVICE] processAliveMointorMain:253: Try to check pid=(818)...
09-23 23:03:04.158  1033  1530 I bauth_FPBAuthService: pcf : 0x1012, 0 ,1 ,0 ,0 ,0 ,0, 7.0.0.0
09-23 23:03:04.158  1033  1530 I bauth_FPBAuthService: thread id : 1, preenroll_flag : 0, nd cnt : 0, cso : 0, et : 0
09-23 23:03:04.158  1033  1530 I bauth_FPBAuthService: FPBAuthService, 11416
09-23 23:03:04.365 28768 28768 I ResourceOverlayService_0: waitAndQuit called
09-23 23:03:04.366 28768 28768 I ResourceOverlayService_0: activity user id 0 process id 0
09-23 23:03:04.777   795 20426 I HYPER-HAL: [RequestManager.cpp]releaseLocked(): Released ID : 8801128
09-23 23:03:05.159  1033  1530 I bauth_FPBAuthService: pcf : 0x1012, 0 ,1 ,0 ,0 ,0 ,0, 7.0.0.0
09-23 23:03:05.159  1033  1530 I bauth_FPBAuthService: thread id : 1, preenroll_flag : 0, nd cnt : 0, cso : 0, et : 0
09-23 23:03:05.159  1033  1530 I bauth_FPBAuthService: FPBAuthService, 11416
09-23 23:03:05.369 28768 28768 I ResourceOverlayService_0: waitAndQuit called
09-23 23:03:05.371 28768 28768 I ResourceOverlayService_0: activity user id 0 process id 0
09-23 23:03:06.160  1033  1530 I bauth_FPBAuthService: pcf : 0x1012, 0 ,1 ,0 ,0 ,0 ,0, 7.0.0.0
09-23 23:03:06.160  1033  1530 I bauth_FPBAuthService: thread id : 1, preenroll_flag : 0, nd cnt : 0, cso : 0, et : 0
09-23 23:03:06.160  1033  1530 I bauth_FPBAuthService: FPBAuthService, 11416
09-23 23:03:06.374 28768 28768 I ResourceOverlayService_0: waitAndQuit called
09-23 23:03:06.376 28768 28768 I ResourceOverlayService_0: activity user id 0 process id 0
09-23 23:03:07.161  1033  1530 I bauth_FPBAuthService: pcf : 0x1012, 0 ,1 ,0 ,0 ,0 ,0, 7.0.0.0
09-23 23:03:07.161  1033  1530 I bauth_FPBAuthService: thread id : 1, preenroll_flag : 0, nd cnt : 0, cso : 0, et : 0
09-23 23:03:07.161  1033  1530 I bauth_FPBAuthService: FPBAuthService, 11416
09-23 23:03:07.378 28768 28768 I ResourceOverlayService_0: waitAndQuit called
09-23 23:03:07.380 28768 28768 I ResourceOverlayService_0: activity user id 0 process id 0
09-23 23:03:07.671  1602  1602 D SecPowerUI.Notification: showChargingNotice oldChargingType : 11 / currentChargingType : 11, oldChargingTime : 3915000 / mChargingTime : 3915000
09-23 23:03:07.671  1602  1602 D SecPowerUI.Notification: There is no change about charging status, so return!
09-23 23:03:08.162  1033  1530 I bauth_FPBAuthService: pcf : 0x1012, 0 ,1 ,0 ,0 ,0 ,0, 7.0.0.0
09-23 23:03:08.162  1033  1530 I bauth_FPBAuthService: thread id : 1, preenroll_flag : 0, nd cnt : 0, cso : 0, et : 0
09-23 23:03:08.162  1033  1530 I bauth_FPBAuthService: FPBAuthService, 11416
09-23 23:03:08.382 28768 28768 I ResourceOverlayService_0: waitAndQuit called
09-23 23:03:08.384 28768 28768 I ResourceOverlayService_0: activity user id 0 process id 0
09-23 23:03:08.791 29158 29299 I PolicyManager: [#CMH#] Is foreground game app: false
09-23 23:03:08.791 29190 29295 I PolicyManager: [#CMH#] Is foreground game app: false
09-23 23:03:09.083   859   960 I EDEN    : [Exynos][EDEN][v1.6.21][SERVICE] processAliveMointorMain:253: Try to check pid=(818)...
09-23 23:03:09.146  1602  1695 D MobileStatusTracker(0/11): onSignalStrengthsChanged level=4, vendorLevel=4
09-23 23:03:09.149  1602  1695 D MobileSignalController(0/11): notifyListener: enabled=true, connected=true, dataConnected=false, networkType=LTE (4G), emergencyOnly=false, roaming=false, isDefault=false, dataActivity=, level=4, ca=false, mmWave=false, disabledDataIcon=false, simCard=ETC
09-23 23:03:09.155  1602  1695 D NetworkController: SignalStrength from intent slotId=0
09-23 23:03:09.162  1033  1530 I bauth_FPBAuthService: pcf : 0x1012, 0 ,1 ,0 ,0 ,0 ,0, 7.0.0.0
09-23 23:03:09.163  1033  1530 I bauth_FPBAuthService: thread id : 1, preenroll_flag : 0, nd cnt : 0, cso : 0, et : 0
09-23 23:03:09.163  1033  1530 I bauth_FPBAuthService: FPBAuthService, 11416
09-23 23:03:09.387 28768 28768 I ResourceOverlayService_0: waitAndQuit called
09-23 23:03:09.389 28768 28768 I ResourceOverlayService_0: activity user id 0 process id 0
09-23 23:03:10.163  1033  1530 I bauth_FPBAuthService: pcf : 0x1012, 0 ,1 ,0 ,0 ,0 ,0, 7.0.0.0
09-23 23:03:10.164  1033  1530 I bauth_FPBAuthService: thread id : 1, preenroll_flag : 0, nd cnt : 0, cso : 0, et : 0
09-23 23:03:10.164  1033  1530 I bauth_FPBAuthService: FPBAuthService, 11416
09-23 23:03:10.392 28768 28768 I ResourceOverlayService_0: waitAndQuit called
09-23 23:03:10.394 28768 28768 I ResourceOverlayService_0: activity user id 0 process id 0
09-23 23:03:11.127   871   943 I VSyncReactor: Current= 90, Period= 90, hwcPeriod= 90
09-23 23:03:11.164  1033  1530 I bauth_FPBAuthService: pcf : 0x1012, 0 ,1 ,0 ,0 ,0 ,0, 7.0.0.0
09-23 23:03:11.164  1033  1530 I bauth_FPBAuthService: thread id : 1, preenroll_flag : 0, nd cnt : 0, cso : 0, et : 0
09-23 23:03:11.164  1033  1530 I bauth_FPBAuthService: FPBAuthService, 11416
09-23 23:03:11.397 28768 28768 I ResourceOverlayService_0: waitAndQuit called
09-23 23:03:11.398 28768 28768 I ResourceOverlayService_0: activity user id 0 process id 0
09-23 23:03:11.702  1602  1695 D MobileStatusTracker(0/11): onSignalStrengthsChanged level=4, vendorLevel=4
09-23 23:03:11.705  1602  1695 D MobileSignalController(0/11): notifyListener: enabled=true, connected=true, dataConnected=false, networkType=LTE (4G), emergencyOnly=false, roaming=false, isDefault=false, dataActivity=, level=4, ca=false, mmWave=false, disabledDataIcon=false, simCard=ETC
09-23 23:03:11.709  1602  1695 D NetworkController: SignalStrength from intent slotId=0
09-23 23:03:12.165  1033  1530 I bauth_FPBAuthService: pcf : 0x1012, 0 ,1 ,0 ,0 ,0 ,0, 7.0.0.0
09-23 23:03:12.165  1033  1530 I bauth_FPBAuthService: thread id : 1, preenroll_flag : 0, nd cnt : 0, cso : 0, et : 0
09-23 23:03:12.165  1033  1530 I bauth_FPBAuthService: FPBAuthService, 11416
09-23 23:03:12.402 28768 28768 I ResourceOverlayService_0: waitAndQuit called
09-23 23:03:12.405 28768 28768 I ResourceOverlayService_0: activity user id 0 process id 0
09-23 23:03:12.723   785   785 I android.hardware.health@2.1-service-samsung: updateLrpSysfs: write: 338
09-23 23:03:12.731  1186  1377 D MotionRecognitionService: [SAR]  onReceive : ACTION_BATTERY_CHANGED, Plugged: 2
09-23 23:03:12.731  1186  1186 D PhoneWindowManagerExt: ACTION_BATTERY_CHANGED - Level=72, status=2
09-23 23:03:12.734  1186  1186 D SemWifiApBroadcastReceiver: Received : android.intent.action.BATTERY_CHANGED
09-23 23:03:12.736  1575  1575 D SemBigDataInfoController: Intent: android.intent.action.BATTERY_CHANGED
09-23 23:03:12.737  1602  1602 D SamsungBatteryMeterDrawable: onBatteryLevelChanged isSomethingChanged: false
09-23 23:03:12.737  1575  1575 D SemBigDataInfoController: Intent: android.intent.action.BATTERY_CHANGED
09-23 23:03:12.738  1602  1602 D SamsungBatteryMeterDrawable: onBatteryLevelChanged isSomethingChanged: false
09-23 23:03:12.739  1602  1602 D SamsungBatteryMeterDrawable: onBatteryLevelChanged isSomethingChanged: false
09-23 23:03:12.740  1602  1602 D SamsungBatteryMeterDrawable: onBatteryLevelChanged isSomethingChanged: false
09-23 23:03:12.741  1602  1602 I PowerUI : mBootCompleted = true |  mFullyConnected = true
09-23 23:03:12.742  1602  8207 D SecPowerUI.Notification: dismissing low battery warning: level=72
09-23 23:03:12.742  1602  8207 D SecPowerUI.Notification: updateNotification mWarning=false mPlaySound=false
09-23 23:03:12.742  1602  8207 D SecPowerUI.Notification: SecBatteryStatsSnapshot{batteryLevel=72, currentBatteryMode=0, chargingTime=3915000, chargingType=11, batteryHealth=2, automaticTestMode=false, isHiccupState=false}
09-23 23:03:12.744  1602  1602 W PowerUI : Plug reason
09-23 23:03:12.744  1602  1602 W PowerUI : Skip charging animation - by plug status
09-23 23:03:12.744  1602  1602 D PowerUI : priorPlugType = 2 mPlugType = 2 priorBatteryStatus = 2 mBatteryStatus = 2
09-23 23:03:12.744  1602  1602 W PowerUI : Plug reason
09-23 23:03:12.744  1602  1602 W PowerUI : Skip charging sound - by plug status
09-23 23:03:12.744  1602  1602 I PowerUI : oldMisalign : false, curMisalign : false
09-23 23:03:12.746  1602  8207 D SecPowerUI.Notification: 1. restoreScreenTimeOut - saved_value : :
09-23 23:03:12.746  1602  8207 E SecPowerUI.Notification: no saved value, so we do nothing !!
09-23 23:03:12.747  1602  1602 D SecPowerUI.Notification: showChargingNotice oldChargingType : 11 / currentChargingType : 11, oldChargingTime : 3915000 / mChargingTime : 3915000
09-23 23:03:12.748  1602  1602 D SecPowerUI.Notification: There is no change about charging status, so return!
09-23 23:03:12.748  1602  1602 D PowerUI : Battery swelling mode - priorBatterySwellingMode = 0 mBatterySwellingMode = 0 mBatteryStatus = 2
09-23 23:03:12.748  1602  1602 I PowerUI : mBatteryMiscEvent = 65536
09-23 23:03:12.750  1602  1602 I PowerUI : checkShouldTurnOffProtectBattery : -1, Scheduling start ? : false
09-23 23:03:12.750  1602  1602 I PowerUI : Clear time
09-23 23:03:12.752  1186  4410 D SecContentProvider: query(), uri = 17 selection = isSettingsChangesAllowed
09-23 23:03:12.756  1602  1602 D KeyguardUpdateMonitor: received broadcast android.intent.action.BATTERY_CHANGED
09-23 23:03:12.756  1602  1602 I AODBatteryManager: updateBatteryData: ACTION_BATTERY_CHANGED
09-23 23:03:12.759  1602  1602 I AODBatteryManager: saveBatteryData : AOD BatteryData [mBatteryLevel=72, mBatteryStatus=CHARGING, mBatteryPlugType=USB, mBatteryPlugged=true, mRemainingChargeTime=3915000, mBatteryChargingType=1, mBatteryChargerType=NORMAL, mBatteryOnline=USB, mBatterySwellingMode=NONE, mBatteryProtectMode=false]
09-23 23:03:12.759  1602  1602 D KeyguardUpdateMonitor: handleBatteryUpdate
09-23 23:03:13.166  1033  1530 I bauth_FPBAuthService: pcf : 0x1012, 0 ,1 ,0 ,0 ,0 ,0, 7.0.0.0
09-23 23:03:13.166  1033  1530 I bauth_FPBAuthService: thread id : 1, preenroll_flag : 0, nd cnt : 0, cso : 0, et : 0
09-23 23:03:13.167  1033  1530 I bauth_FPBAuthService: FPBAuthService, 11416
09-23 23:03:13.407 28768 28768 I ResourceOverlayService_0: waitAndQuit called
09-23 23:03:13.410 28768 28768 I ResourceOverlayService_0: activity user id 0 process id 0
09-23 23:03:14.085   859   960 I EDEN    : [Exynos][EDEN][v1.6.21][SERVICE] processAliveMointorMain:253: Try to check pid=(818)...
09-23 23:03:14.167  1033  1530 I bauth_FPBAuthService: pcf : 0x1012, 0 ,1 ,0 ,0 ,0 ,0, 7.0.0.0
09-23 23:03:14.167  1033  1530 I bauth_FPBAuthService: thread id : 1, preenroll_flag : 0, nd cnt : 0, cso : 0, et : 0
09-23 23:03:14.167  1033  1530 I bauth_FPBAuthService: FPBAuthService, 11416
09-23 23:03:14.413 28768 28768 I ResourceOverlayService_0: waitAndQuit called
09-23 23:03:14.414 28768 28768 I ResourceOverlayService_0: activity user id 0 process id 0
09-23 23:03:14.675 24562 24562 D BoundBrokerSvc: onUnbind: Intent { act=com.google.android.gms.icing.LIGHTWEIGHT_INDEX_SERVICE dat=chimera-action:/... cmp=com.google.android.gms/.chimera.PersistentApiService }
09-23 23:03:14.687  1186  1241 I libprocessgroup: Successfully killed process cgroup uid 10246 pid 7239 in 6ms
09-23 23:03:14.718   769   769 I Zygote  : Process 7736 exited due to signal 9 (Killed)
09-23 23:03:14.730   769   769 I Zygote  : Process 7239 exited due to signal 9 (Killed)
09-23 23:03:14.736  1186  1241 I libprocessgroup: Successfully killed process cgroup uid 10433 pid 7736 in 0ms
09-23 23:03:15.168  1033  1530 I bauth_FPBAuthService: pcf : 0x1012, 0 ,1 ,0 ,0 ,0 ,0, 7.0.0.0
09-23 23:03:15.168  1033  1530 I bauth_FPBAuthService: thread id : 1, preenroll_flag : 0, nd cnt : 0, cso : 0, et : 0
09-23 23:03:15.168  1033  1530 I bauth_FPBAuthService: FPBAuthService, 11416
09-23 23:03:15.418 28768 28768 I ResourceOverlayService_0: waitAndQuit called
09-23 23:03:15.420 28768 28768 I ResourceOverlayService_0: activity user id 0 process id 0
09-23 23:03:15.542  1602  1695 D MobileStatusTracker(0/11): onSignalStrengthsChanged level=4, vendorLevel=4
09-23 23:03:15.546  1602  1695 D MobileSignalController(0/11): notifyListener: enabled=true, connected=true, dataConnected=false, networkType=LTE (4G), emergencyOnly=false, roaming=false, isDefault=false, dataActivity=, level=4, ca=false, mmWave=false, disabledDataIcon=false, simCard=ETC
09-23 23:03:15.550  1602  1695 D NetworkController: SignalStrength from intent slotId=0
09-23 23:03:16.169  1033  1530 I bauth_FPBAuthService: pcf : 0x1012, 0 ,1 ,0 ,0 ,0 ,0, 7.0.0.0
09-23 23:03:16.169  1033  1530 I bauth_FPBAuthService: thread id : 1, preenroll_flag : 0, nd cnt : 0, cso : 0, et : 0
09-23 23:03:16.169  1033  1530 I bauth_FPBAuthService: FPBAuthService, 11416
09-23 23:03:16.305  1186  1255 I NSLocationMonitor: getGPSUsingApps() called
09-23 23:03:16.330  2527 30060 I NSLocationManager_FLP: getGPSUsingApps, NO_FREEZE={5013} / FREEZE={10218, 15010218}
09-23 23:03:16.377  1186  2547 W LocationManagerService: onFreezeStateChanged, uid[10435]=true
09-23 23:03:16.422 28768 28768 I ResourceOverlayService_0: waitAndQuit called
09-23 23:03:16.424 28768 28768 I ResourceOverlayService_0: activity user id 0 process id 0
09-23 23:03:17.170  1033  1530 I bauth_FPBAuthService: pcf : 0x1012, 0 ,1 ,0 ,0 ,0 ,0, 7.0.0.0
09-23 23:03:17.170  1033  1530 I bauth_FPBAuthService: thread id : 1, preenroll_flag : 0, nd cnt : 0, cso : 0, et : 0
09-23 23:03:17.170  1033  1530 I bauth_FPBAuthService: FPBAuthService, 11416
09-23 23:03:17.428 28768 28768 I ResourceOverlayService_0: waitAndQuit called
09-23 23:03:17.430 28768 28768 I ResourceOverlayService_0: activity user id 0 process id 0
09-23 23:03:17.751  1602  1602 D SecPowerUI.Notification: showChargingNotice oldChargingType : 11 / currentChargingType : 11, oldChargingTime : 3915000 / mChargingTime : 3915000
09-23 23:03:17.751  1602  1602 D SecPowerUI.Notification: There is no change about charging status, so return!
09-23 23:03:18.171  1033  1530 I bauth_FPBAuthService: pcf : 0x1012, 0 ,1 ,0 ,0 ,0 ,0, 7.0.0.0
09-23 23:03:18.171  1033  1530 I bauth_FPBAuthService: thread id : 1, preenroll_flag : 0, nd cnt : 0, cso : 0, et : 0
09-23 23:03:18.171  1033  1530 I bauth_FPBAuthService: FPBAuthService, 11416
09-23 23:03:18.432 28768 28768 I ResourceOverlayService_0: waitAndQuit called
09-23 23:03:18.434 28768 28768 I ResourceOverlayService_0: activity user id 0 process id 0
09-23 23:03:19.087   859   960 I EDEN    : [Exynos][EDEN][v1.6.21][SERVICE] processAliveMointorMain:253: Try to check pid=(818)...
09-23 23:03:19.172  1033  1530 I bauth_FPBAuthService: pcf : 0x1012, 0 ,1 ,0 ,0 ,0 ,0, 7.0.0.0
09-23 23:03:19.172  1033  1530 I bauth_FPBAuthService: thread id : 1, preenroll_flag : 0, nd cnt : 0, cso : 0, et : 0
09-23 23:03:19.172  1033  1530 I bauth_FPBAuthService: FPBAuthService, 11416
09-23 23:03:19.437 28768 28768 I ResourceOverlayService_0: waitAndQuit called
09-23 23:03:19.439 28768 28768 I ResourceOverlayService_0: activity user id 0 process id 0
09-23 23:03:20.173  1033  1530 I bauth_FPBAuthService: pcf : 0x1012, 0 ,1 ,0 ,0 ,0 ,0, 7.0.0.0
09-23 23:03:20.173  1033  1530 I bauth_FPBAuthService: thread id : 1, preenroll_flag : 0, nd cnt : 0, cso : 0, et : 0
09-23 23:03:20.173  1033  1530 I bauth_FPBAuthService: FPBAuthService, 11416
09-23 23:03:20.440 28768 28768 I ResourceOverlayService_0: waitAndQuit called
09-23 23:03:20.442 28768 28768 I ResourceOverlayService_0: activity user id 0 process id 0
09-23 23:03:21.174  1033  1530 I bauth_FPBAuthService: pcf : 0x1012, 0 ,1 ,0 ,0 ,0 ,0, 7.0.0.0
09-23 23:03:21.174  1033  1530 I bauth_FPBAuthService: thread id : 1, preenroll_flag : 0, nd cnt : 0, cso : 0, et : 0
09-23 23:03:21.174  1033  1530 I bauth_FPBAuthService: FPBAuthService, 11416
09-23 23:03:21.445 28768 28768 I ResourceOverlayService_0: waitAndQuit called
09-23 23:03:21.447 28768 28768 I ResourceOverlayService_0: activity user id 0 process id 0
09-23 23:03:21.943  1602  1695 D MobileStatusTracker(0/11): onSignalStrengthsChanged level=4, vendorLevel=4
09-23 23:03:21.947  1602  1695 D MobileSignalController(0/11): notifyListener: enabled=true, connected=true, dataConnected=false, networkType=LTE (4G), emergencyOnly=false, roaming=false, isDefault=false, dataActivity=, level=4, ca=false, mmWave=false, disabledDataIcon=false, simCard=ETC
09-23 23:03:21.950  1602  1695 D NetworkController: SignalStrength from intent slotId=0
09-23 23:03:22.175  1033  1530 I bauth_FPBAuthService: pcf : 0x1012, 0 ,1 ,0 ,0 ,0 ,0, 7.0.0.0
09-23 23:03:22.175  1033  1530 I bauth_FPBAuthService: thread id : 1, preenroll_flag : 0, nd cnt : 0, cso : 0, et : 0
09-23 23:03:22.175  1033  1530 I bauth_FPBAuthService: FPBAuthService, 11416
09-23 23:03:22.450 28768 28768 I ResourceOverlayService_0: waitAndQuit called
09-23 23:03:22.451 28768 28768 I ResourceOverlayService_0: activity user id 0 process id 0
09-23 23:03:22.809   785   785 I android.hardware.health@2.1-service-samsung: updateLrpSysfs: write: 335
09-23 23:03:22.815  1186  1377 D MotionRecognitionService: [SAR]  onReceive : ACTION_BATTERY_CHANGED, Plugged: 2
09-23 23:03:22.816  1186  1186 D PhoneWindowManagerExt: ACTION_BATTERY_CHANGED - Level=72, status=2
09-23 23:03:22.819  1186  1186 D SemWifiApBroadcastReceiver: Received : android.intent.action.BATTERY_CHANGED
09-23 23:03:22.821  1575  1575 D SemBigDataInfoController: Intent: android.intent.action.BATTERY_CHANGED
09-23 23:03:22.822  1602  1602 D SamsungBatteryMeterDrawable: onBatteryLevelChanged isSomethingChanged: false
09-23 23:03:22.822  1575  1575 D SemBigDataInfoController: Intent: android.intent.action.BATTERY_CHANGED
09-23 23:03:22.822  1602  1602 D SamsungBatteryMeterDrawable: onBatteryLevelChanged isSomethingChanged: false
09-23 23:03:22.823  1602  1602 D SamsungBatteryMeterDrawable: onBatteryLevelChanged isSomethingChanged: false
09-23 23:03:22.825  1602  1602 D SamsungBatteryMeterDrawable: onBatteryLevelChanged isSomethingChanged: false
09-23 23:03:22.827  1602  1602 I PowerUI : mBootCompleted = true |  mFullyConnected = true
09-23 23:03:22.827  1602  1602 W PowerUI : Plug reason
09-23 23:03:22.827  1602  1602 W PowerUI : Skip charging animation - by plug status
09-23 23:03:22.827  1602  1602 D PowerUI : priorPlugType = 2 mPlugType = 2 priorBatteryStatus = 2 mBatteryStatus = 2
09-23 23:03:22.827  1602  1602 W PowerUI : Plug reason
09-23 23:03:22.828  1602  1602 W PowerUI : Skip charging sound - by plug status
09-23 23:03:22.828  1602  1602 I PowerUI : oldMisalign : false, curMisalign : false
09-23 23:03:22.829  1602 21554 D SecPowerUI.Notification: dismissing low battery warning: level=72
09-23 23:03:22.829  1602 21554 D SecPowerUI.Notification: updateNotification mWarning=false mPlaySound=false
09-23 23:03:22.830  1602 21554 D SecPowerUI.Notification: SecBatteryStatsSnapshot{batteryLevel=72, currentBatteryMode=0, chargingTime=3915000, chargingType=11, batteryHealth=2, automaticTestMode=false, isHiccupState=false}
09-23 23:03:22.831  1602  1602 D SecPowerUI.Notification: showChargingNotice oldChargingType : 11 / currentChargingType : 11, oldChargingTime : 3915000 / mChargingTime : 3883000
09-23 23:03:22.831  1602  1602 D SecPowerUI.Notification: showChargingNotification()
09-23 23:03:22.831  1602  1602 D SecPowerUI.Notification: SecBatteryStatsSnapshot{batteryLevel=72, currentBatteryMode=0, chargingTime=3883000, chargingType=11, batteryHealth=2, automaticTestMode=false, isHiccupState=false}
09-23 23:03:22.832  1602 21554 D SecPowerUI.Notification: 1. restoreScreenTimeOut - saved_value : :
09-23 23:03:22.832  1602 21554 E SecPowerUI.Notification: no saved value, so we do nothing !!
09-23 23:03:22.839  1186  1745 D ApplicationPolicy: isStatusBarNotificationAllowedAsUser: packageName = com.android.systemui,userId = 0
09-23 23:03:22.840  1186  1745 D ApplicationPolicy: isStatusBarNotificationAllowedAsUser: packageName = com.android.systemui,userId = -1
09-23 23:03:22.840  1186  1745 D ApplicationPolicy: isStatusBarNotificationAllowedAsUser: converting userId from USER_ALLto 0
09-23 23:03:22.843  1602  1602 D PowerUI : Battery swelling mode - priorBatterySwellingMode = 0 mBatterySwellingMode = 0 mBatteryStatus = 2
09-23 23:03:22.843  1602  1602 I PowerUI : mBatteryMiscEvent = 65536
09-23 23:03:22.845  1602  1602 I PowerUI : checkShouldTurnOffProtectBattery : -1, Scheduling start ? : false
09-23 23:03:22.846  1602  1602 I PowerUI : Clear time
09-23 23:03:22.848  1186  1745 D SecContentProvider: query(), uri = 17 selection = isSettingsChangesAllowed
09-23 23:03:22.851  1602  1602 D KeyguardUpdateMonitor: received broadcast android.intent.action.BATTERY_CHANGED
09-23 23:03:22.851  1602  1602 I AODBatteryManager: updateBatteryData: ACTION_BATTERY_CHANGED
09-23 23:03:22.854  1602  1602 I AODBatteryManager: saveBatteryData : AOD BatteryData [mBatteryLevel=72, mBatteryStatus=CHARGING, mBatteryPlugType=USB, mBatteryPlugged=true, mRemainingChargeTime=3883000, mBatteryChargingType=1, mBatteryChargerType=NORMAL, mBatteryOnline=USB, mBatterySwellingMode=NONE, mBatteryProtectMode=false]
09-23 23:03:22.855  1602  1602 I ChargingInfoManager: updateChargingInfo: newState = AOD ChargingInfo [mState=BATTERY_AND_REMAIN_TIME, mIsCharging=true, mIsFullyCharged=false, mIsBatteryProtectMode=false], oldState = AOD ChargingInfo [mState=BATTERY_AND_REMAIN_TIME, mIsCharging=true, mIsFullyCharged=false, mIsBatteryProtectMode=false]
09-23 23:03:22.858   871   943 I VSyncReactor: Current= 90, Period= 90, hwcPeriod= 90
09-23 23:03:22.862  1602  1602 D KeyguardUpdateMonitor: handleBatteryUpdate
09-23 23:03:22.866  1186  1529 D SemInputDeviceManagerService: currentDisplayState[1]:DOZE_SUSPEND(4)
09-23 23:03:22.866  1186  1529 D SemInputDeviceManagerService: EARLY: Logical: DOZE(3) Physical: DOZE(3) [Using: DOZE(3)] displayType: 1
09-23 23:03:22.870   839   839 I sysinput:Touch: activate:96, 3,0 OK
09-23 23:03:22.870  1186  1402 D SysinputHAL_V1_3(V1_2): setTspEnable(1),3,true(0)
09-23 23:03:22.871   871   871 D SurfaceFlinger: Setting power mode 2 on display 4633128672291735932
09-23 23:03:22.873  1186  1529 D SemInputDeviceManagerService: currentDisplayState[1]:DOZE(3)
09-23 23:03:22.873  1186  1529 D SemInputDeviceManagerService: LATE: Logical: DOZE(3) Physical: DOZE(3) [Using: DOZE(3)] displayType: 1
09-23 23:03:22.878 19252 19252 I BSS_SysUiClient: handleDisplayChanged: 3
09-23 23:03:22.880  1602  1602 D KeyguardSecIndicationPolicy:  add T Event pos = DEFAULT, type =              BATTERY, id =  5136, text =   72%
09-23 23:03:22.880  1602  1602 D KeyguardSecIndicationPolicy: 1 h 4 m until full, duration = 3000
09-23 23:03:22.881  1602  1602 D KeyguardSecIndicationPolicy:   update top pos = DEFAULT, item = [id=5135|ty=OWNER_INFO|pr=30|txt=Call 0913380001|ti=duration=PERSISTENT|an=false] -> [id=5136|ty=BATTERY|pr=40|txt=  72%
09-23 23:03:22.881  1602  1602 D KeyguardSecIndicationPolicy: 1 h 4 m until full|ti=duration=3000|an=false]
09-23 23:03:22.881  1602  1602 D KeyguardSecIndicationController: onIndicationChanged() return - keyguard is not visible, pos = DEFAULT, item = [id=5136|ty=BATTERY|pr=40|txt=  72%
09-23 23:03:22.881  1602  1602 D KeyguardSecIndicationController: 1 h 4 m until full|ti=duration=3000|an=false]
09-23 23:03:22.882  1602  1602 D KeyguardSecIndicationPolicy: update Event pos = DEFAULT, type =      BATTERY_RESTING, id =  5137, text =   72%
09-23 23:03:22.882  1602  1602 D KeyguardSecIndicationPolicy: 1 h 4 m until full
09-23 23:03:22.882  1602  1602 D KeyguardSecIndicationPolicy: update Event pos = DEFAULT, type =           OWNER_INFO, id =  5138, text = Call 0913380001
09-23 23:03:22.882  1602  1602 D KeyguardSecIndicationController: addBatteryAndOwnerInfoIndication() battery status = BatteryStatus{status=2,level=72,plugged=2,health=2,maxChargingWattage=-1,remaining=3883000ultraFastCharger=0}
09-23 23:03:22.882  1602  1602 I ChargingInfoView: handleMessage: MSG_SHOW_CHARGING_INFO
09-23 23:03:22.882  1602  1602 I BottomChargingInfoView: updateContents: BATTERY_AND_REMAIN_TIME
09-23 23:03:22.883  1602  1602 I AOD_WAKELOCK@WakeLockManager: acquireIfExists: tag - charging_info, timeout - 1000, reason - Charging Info is showing, delay by 500, wakeLock = WakeLock{45c8104 held=false, refCount=0}
09-23 23:03:22.883   839   839 I sysinput:Touch: activate:96, 3,1 OK
09-23 23:03:22.884  1186  1402 D SysinputHAL_V1_3(V1_2): setTspEnable(1),3,false(0)
09-23 23:03:22.891   871   871 I SurfaceFlinger: SFWD update time=109758781970454
09-23 23:03:22.893 24562 24562 I NearbyDiscovery: (REDACTED) FastPairDisplayObserver: %s -> %s
09-23 23:03:22.894 24562 24562 I NearbyDirect: (REDACTED) FastPairDisplayObserver: %s -> %s
09-23 23:03:22.897  1602  1602 I ChargingInfoManager: getDeviceRemainingTime: 1 h 4 m until full
09-23 23:03:22.897  1602  1602 I AbsChargingInfoComponent: setVisibilityWithAnim: skipped true
09-23 23:03:22.897  1602  1602 I MODManager: onShow ChargingInfoOnlyContainer
09-23 23:03:22.900  1602  1602 I FaceWidgetPositionAlgorithm: getClockContainerHeight() supplier = 290, bottom margin = 68, real height = 358
09-23 23:03:22.901  1602  1602 I FaceWidgetPositionAlgorithm: getMediaContainerHeight() height = 241 container Visibility = 8, isValid = false, mIsDozing = false, fraction = 1.0, source = 0, target = 0
09-23 23:03:22.901  1602  1602 I FaceWidgetPositionAlgorithm: getMediaContainerHeight() supplier = 0
09-23 23:03:22.901  1602  1602 I FaceWidgetPositionAlgorithm: getClockContainerHeight() supplier = 290, bottom margin = 0, real height = 358
09-23 23:03:22.904  1602  1602 I FaceWidgetPositionAlgorithm: getClockContainerHeight() supplier = 290, bottom margin = 68, real height = 358
09-23 23:03:22.905  1602  1602 I FaceWidgetPositionAlgorithm: getMediaContainerHeight() height = 241 container Visibility = 8, isValid = false, mIsDozing = false, fraction = 1.0, source = 0, target = 0
09-23 23:03:22.905  1602  1602 I FaceWidgetPositionAlgorithm: getMediaContainerHeight() supplier = 0
09-23 23:03:22.905  1602  1602 I FaceWidgetPositionAlgorithm: getClockContainerHeight() supplier = 290, bottom margin = 0, real height = 358
09-23 23:03:22.910  1602  1602 I ResourceType: [SWT] Success lookup value directly, data = 0x010607cc
09-23 23:03:22.910  1602  1602 I ResourceType: [SWT] Success lookup value directly, data = 0x010607cc
09-23 23:03:22.911  1602  1602 I ResourceType: [SWT] Success lookup value directly, data = 0x010607cc
09-23 23:03:22.911  1602  1602 I ResourceType: [SWT] Success lookup value directly, data = 0x010607cc
09-23 23:03:22.925  1602  1602 D DisplayLifecycle: updateDisplay id = 0
09-23 23:03:22.936   871   871 D SurfaceFlinger: GPIS:: requestGPIS
09-23 23:03:23.062  1602  1602 D InterruptionStateProvider: Group alert behavior is suppressed but we want to alert bubble
09-23 23:03:23.063  1602  1602 D InterruptionStateProvider: Group alert behavior is suppressed but we want to alert bubble
09-23 23:03:23.063  1602  1602 D InterruptionStateProvider: Group alert behavior is suppressed but we want to alert bubble
09-23 23:03:23.065  2080  2080 I Launcher.NotificationListener: onNotificationPosted : com.android.systemui number : 0
09-23 23:03:23.105  1602  1602 I FaceWidgetPositionAlgorithm: getClockContainerHeight() supplier = 290, bottom margin = 68, real height = 358
09-23 23:03:23.105  1602  1602 I FaceWidgetPositionAlgorithm: getMediaContainerHeight() height = 241 container Visibility = 8, isValid = false, mIsDozing = false, fraction = 1.0, source = 0, target = 0
09-23 23:03:23.105  1602  1602 I FaceWidgetPositionAlgorithm: getMediaContainerHeight() supplier = 0
09-23 23:03:23.105  1602  1602 I FaceWidgetPositionAlgorithm: getClockContainerHeight() supplier = 290, bottom margin = 0, real height = 358
09-23 23:03:23.109  1602  1602 I FaceWidgetPositionAlgorithm: getClockContainerHeight() supplier = 290, bottom margin = 68, real height = 358
09-23 23:03:23.110  1602  1602 I FaceWidgetPositionAlgorithm: getMediaContainerHeight() height = 241 container Visibility = 8, isValid = false, mIsDozing = false, fraction = 1.0, source = 0, target = 0
09-23 23:03:23.110  1602  1602 I FaceWidgetPositionAlgorithm: getMediaContainerHeight() supplier = 0
09-23 23:03:23.110  1602  1602 I FaceWidgetPositionAlgorithm: getClockContainerHeight() supplier = 290, bottom margin = 0, real height = 358
09-23 23:03:23.118  1602  1602 I ResourceType: [SWT] Success lookup value directly, data = 0x010607cc
09-23 23:03:23.118  1602  1602 I ResourceType: [SWT] Success lookup value directly, data = 0x010607cc
09-23 23:03:23.119  1602  1602 I ResourceType: [SWT] Success lookup value directly, data = 0x010607cc
09-23 23:03:23.119  1602  1602 I ResourceType: [SWT] Success lookup value directly, data = 0x010607cc
09-23 23:03:23.176  1033  1530 I bauth_FPBAuthService: pcf : 0x1012, 0 ,1 ,0 ,0 ,0 ,0, 7.0.0.0
09-23 23:03:23.176  1033  1530 I bauth_FPBAuthService: thread id : 1, preenroll_flag : 0, nd cnt : 0, cso : 0, et : 0
09-23 23:03:23.176  1033  1530 I bauth_FPBAuthService: FPBAuthService, 11416
09-23 23:03:23.266  1602  1602 D BubblesManager: onEntryUpdated : shouldBubbleUp=true ,key=-1|com.android.systemui|2131428973|charging_state|10051
09-23 23:03:23.266  1602  1651 W Bubbles : Unable to create bubble -- no intent: -1|com.android.systemui|2131428973|charging_state|10051
09-23 23:03:23.267  1602  1602 D InterruptionStateProvider:  no Heads up : edgelighting enabled app. -1|com.android.systemui|2131428973|charging_state|10051
09-23 23:03:23.324  1602  1602 I FaceWidgetPositionAlgorithm: getClockContainerHeight() supplier = 290, bottom margin = 68, real height = 358
09-23 23:03:23.324  1602  1602 I FaceWidgetPositionAlgorithm: getMediaContainerHeight() height = 241 container Visibility = 8, isValid = false, mIsDozing = false, fraction = 1.0, source = 0, target = 0
09-23 23:03:23.324  1602  1602 I FaceWidgetPositionAlgorithm: getMediaContainerHeight() supplier = 0
09-23 23:03:23.325  1602  1602 I FaceWidgetPositionAlgorithm: getClockContainerHeight() supplier = 290, bottom margin = 0, real height = 358
09-23 23:03:23.328  1602  1602 I FaceWidgetPositionAlgorithm: getClockContainerHeight() supplier = 290, bottom margin = 68, real height = 358
09-23 23:03:23.329  1602  1602 I FaceWidgetPositionAlgorithm: getMediaContainerHeight() height = 241 container Visibility = 8, isValid = false, mIsDozing = false, fraction = 1.0, source = 0, target = 0
09-23 23:03:23.329  1602  1602 I FaceWidgetPositionAlgorithm: getMediaContainerHeight() supplier = 0
09-23 23:03:23.329  1602  1602 I FaceWidgetPositionAlgorithm: getClockContainerHeight() supplier = 290, bottom margin = 0, real height = 358
09-23 23:03:23.337  1602  1602 I ResourceType: [SWT] Success lookup value directly, data = 0x010607cc
09-23 23:03:23.337  1602  1602 I ResourceType: [SWT] Success lookup value directly, data = 0x010607cc
09-23 23:03:23.338  1602  1602 I ResourceType: [SWT] Success lookup value directly, data = 0x010607cc
09-23 23:03:23.338  1602  1602 I ResourceType: [SWT] Success lookup value directly, data = 0x010607cc
09-23 23:03:23.413  1602  1602 I FaceWidgetPositionAlgorithm: getClockContainerHeight() supplier = 290, bottom margin = 68, real height = 358
09-23 23:03:23.413  1602  1602 I FaceWidgetPositionAlgorithm: getMediaContainerHeight() height = 241 container Visibility = 8, isValid = false, mIsDozing = false, fraction = 1.0, source = 0, target = 0
09-23 23:03:23.413  1602  1602 I FaceWidgetPositionAlgorithm: getMediaContainerHeight() supplier = 0
09-23 23:03:23.413  1602  1602 I FaceWidgetPositionAlgorithm: getClockContainerHeight() supplier = 290, bottom margin = 0, real height = 358
09-23 23:03:23.416  1602  1602 I FaceWidgetPositionAlgorithm: getClockContainerHeight() supplier = 290, bottom margin = 68, real height = 358
09-23 23:03:23.416  1602  1602 I FaceWidgetPositionAlgorithm: getMediaContainerHeight() height = 241 container Visibility = 8, isValid = false, mIsDozing = false, fraction = 1.0, source = 0, target = 0
09-23 23:03:23.416  1602  1602 I FaceWidgetPositionAlgorithm: getMediaContainerHeight() supplier = 0
09-23 23:03:23.416  1602  1602 I FaceWidgetPositionAlgorithm: getClockContainerHeight() supplier = 290, bottom margin = 0, real height = 358
09-23 23:03:23.423  1602  1602 I ResourceType: [SWT] Success lookup value directly, data = 0x010607cc
09-23 23:03:23.423  1602  1602 I ResourceType: [SWT] Success lookup value directly, data = 0x010607cc
09-23 23:03:23.424  1602  1602 I ResourceType: [SWT] Success lookup value directly, data = 0x010607cc
09-23 23:03:23.424  1602  1602 I ResourceType: [SWT] Success lookup value directly, data = 0x010607cc
09-23 23:03:23.453 28768 28768 I ResourceOverlayService_0: waitAndQuit called
09-23 23:03:23.454 28768 28768 I ResourceOverlayService_0: activity user id 0 process id 0
09-23 23:03:23.901  1186  1529 D SemInputDeviceManagerService: currentDisplayState[1]:DOZE(3)
09-23 23:03:23.902  1186  1529 D SemInputDeviceManagerService: EARLY: Logical: DOZE_SUSPEND(4) Physical: DOZE_SUSPEND(4) [Using: DOZE_SUSPEND(4)] displayType: 1
09-23 23:03:23.904   871   871 D SurfaceFlinger: Setting power mode 2 on display 4633128672291735932
09-23 23:03:23.905  1186  1529 D SemInputDeviceManagerService: currentDisplayState[1]:DOZE_SUSPEND(4)
09-23 23:03:23.905  1186  1529 D SemInputDeviceManagerService: LATE: Logical: DOZE_SUSPEND(4) Physical: DOZE_SUSPEND(4) [Using: DOZE_SUSPEND(4)] displayType: 1
09-23 23:03:23.905   839   839 I sysinput:Touch: activate:96, 4,0 OK
09-23 23:03:23.909  1186  1402 D SysinputHAL_V1_3(V1_2): setTspEnable(1),4,true(0)
09-23 23:03:23.911   839   839 I sysinput:Touch: activate:96, 4,1 OK
09-23 23:03:23.911  1186  1402 D SysinputHAL_V1_3(V1_2): setTspEnable(1),4,false(0)
09-23 23:03:23.917  1602  1602 D DisplayLifecycle: updateDisplay id = 0
09-23 23:03:23.918 19252 19252 I BSS_SysUiClient: handleDisplayChanged: 4
09-23 23:03:23.921 24562 24562 I NearbyDiscovery: (REDACTED) FastPairDisplayObserver: %s -> %s
09-23 23:03:23.921 24562 24562 I NearbyDirect: (REDACTED) FastPairDisplayObserver: %s -> %s
09-23 23:03:23.968   871  2487 D NativeSemDvfsManager: acquire:: timeout = 2000 mIsAcquired = 1  mTagName : SurfaceFlinger
09-23 23:03:23.970   871  2487 E NativeCustomFrequencyManager: [NativeCFMS] BpCustomFrequencyManager::acquire()
09-23 23:03:23.970   795   875 I HYPER-HAL: [RequestManager.cpp]acquire(): Acquired ID : 1752256  [871 / 1000]    HINT : SF_GPU_MINLOCK    list : [TIMEOUT / 2000]
09-23 23:03:24.088   859   960 I EDEN    : [Exynos][EDEN][v1.6.21][SERVICE] processAliveMointorMain:253: Try to check pid=(818)...
09-23 23:03:24.095 29480 29510 I ContactsProvider_EventLog: cp_s: [CONTACT con(648) dat(7773) acc({google(6)=176, sec(8)=156, google(23)=4, google(3)=456, im.thebot.messenger(57)=133, org.telegram.messenger(60)=297, com.whatsapp(7)=393}) trash_acc([.google:1])  trash(1) calls([logtype:100 cnt:1634, logtype:1000 cnt:366]) Iso(AE) uId(0) ]
09-23 23:03:24.095 29480 29510 I ContactsProvider_EventLog: cp_s: [ agr({[6 ,3]=50, [6 ,3 ,7 ,57 ,60 ,7]=1, [3 ,57]=4, [60]=11, [8 ,60]=3, [6 ,3 ,3 ,3 ,7 ,60 ,60]=1, [3 ,3 ,7 ,57 ,60]=1, [8 ,7 ,7 ,60 ,60]=1, [3 ,7 ,57 ,60]=15, [6 ,3 ,7]=23, [8 ,7 ,57 ,7]=1, [3 ,7 ,60 ,57]=3, [6 ,3 ,3 ,3 ,60]=1, [8 ,7 ,57]=7, [6 ,3 ,7 ,57 ,60]=19, [6 ,3 ,3 ,7 ,60]=2, [8 ,7]=63, [3]=75, [3 ,7 ,7]=3, [6 ,3 ,7 ,7 ,60 ,60 ,60]=1, [60 ,60 ,60]=1, [3 ,60]=33, [6 ,3 ,7 ,7 ,57 ,60]=1, [6 ,3 ,7 ,7 ,57 ,57 ,60 ,60 ,60]=1, [6 ,3 ,7 ,57 ,7]=1, [7 ,8]=1, [6 ,3 ,7 ,7 ,60]=3, [8 ,7 ,57 ,60]=8, [8 ,7 ,60]=28, [3 ,7 ,7 ,60]=1, [3 ,7 ,57 ,60 ,60]=1, [3 ,57 ,60]=2, [6 ,3 ,3 ,7 ,57 ,60]=2, [8 ,57 ,60 ,7]=1, [8]=35, [6 ,3 ,57]=4, [6 ,3 ,3 ,3 ,7 ,57 ,60 ,60]=1, [6 ,3 ,7 ,60 ,7]=1, [6 ,3 ,7 ,57 ,60 ,60]=1, [3 ,23]=4, [3 ,7 ,57 ,7 ,60]=1, [6 ,3 ,7 ,60]=44, [8 ,57 ,60 ,60]=1, [8 ,57 ,7 ,57]=1, [8 ,8 ,7 ,60]=1, [57 ,60]=13, [6 ,3 ,7 ,7 ,57 ,60 ,60]=1, [3 ,7 ,60]=60, [3 ,3]=1, [8 ,7 ,7]=3, [3 ,3 ,3 ,7 ,7 ,60 ,60]=1, [57]=25, [6 ,3 ,60]=11, [3 ,7]=53, [57 ,60 ,60]=1, [8 ,57]=1, [6 ,3 ,60 ,60]=1, [3 ,7 ,7 ,60 ,60]=1, [3 ,7 ,57]=7, [6 ,3 ,7 ,57]=6}) ]
09-23 23:03:24.095 29480 29510 I ContactsProvider_EventLog: cp_s: [ cnt({acore(29480)=1}) ]
09-23 23:03:24.095 29480 29510 I ContactsProvider_EventLog: cp_s: [PROFILE ] [SAPROFILE ]
09-23 23:03:24.095 29480 29510 I ContactsProvider_EventLog: cp_s: [STATE R(F) ]
09-23 23:03:24.176  1033  1530 I bauth_FPBAuthService: pcf : 0x1012, 0 ,1 ,0 ,0 ,0 ,0, 7.0.0.0
09-23 23:03:24.177  1033  1530 I bauth_FPBAuthService: thread id : 1, preenroll_flag : 0, nd cnt : 0, cso : 0, et : 0
09-23 23:03:24.177  1033  1530 I bauth_FPBAuthService: FPBAuthService, 11416
09-23 23:03:24.456 28768 28768 I ResourceOverlayService_0: waitAndQuit called
09-23 23:03:24.458 28768 28768 I ResourceOverlayService_0: activity user id 0 process id 0
09-23 23:03:25.177  1033  1530 I bauth_FPBAuthService: pcf : 0x1012, 0 ,1 ,0 ,0 ,0 ,0, 7.0.0.0
09-23 23:03:25.177  1033  1530 I bauth_FPBAuthService: thread id : 1, preenroll_flag : 0, nd cnt : 0, cso : 0, et : 0
09-23 23:03:25.177  1033  1530 I bauth_FPBAuthService: FPBAuthService, 11416
09-23 23:03:25.462 28768 28768 I ResourceOverlayService_0: waitAndQuit called
09-23 23:03:25.463 28768 28768 I ResourceOverlayService_0: activity user id 0 process id 0
09-23 23:03:25.520 19915 19978 I Finsky:background: [4666] nnu.run(213): Stats for Executor: bgExecutor nrt@45e69ca[Running, pool size = 0, active threads = 0, queued tasks = 0, completed tasks = 0]
09-23 23:03:25.543 19915 19978 I Finsky:background: [4666] nnu.run(213): Stats for Executor: LightweightExecutor nrt@caac73b[Running, pool size = 0, active threads = 0, queued tasks = 0, completed tasks = 0]
09-23 23:03:25.783  1602  1695 D MobileStatusTracker(0/11): onSignalStrengthsChanged level=4, vendorLevel=4
09-23 23:03:25.787  1602  1695 D MobileSignalController(0/11): notifyListener: enabled=true, connected=true, dataConnected=false, networkType=LTE (4G), emergencyOnly=false, roaming=false, isDefault=false, dataActivity=, level=4, ca=false, mmWave=false, disabledDataIcon=false, simCard=ETC
09-23 23:03:25.792  1602  1695 D NetworkController: SignalStrength from intent slotId=0
09-23 23:03:25.883  1602  1602 D KeyguardSecIndicationPolicy:  remove Item pos = DEFAULT                             , id =  5136,
09-23 23:03:25.884  1602  1602 D KeyguardSecIndicationPolicy:   update top pos = DEFAULT, item = [id=5136|ty=BATTERY|pr=40|txt=  72%
09-23 23:03:25.884  1602  1602 D KeyguardSecIndicationPolicy: 1 h 4 m until full|ti=duration=3000|an=false] -> [id=5138|ty=OWNER_INFO|pr=30|txt=Call 0913380001|ti=duration=PERSISTENT|an=false]
09-23 23:03:25.885  1602  1602 D KeyguardSecIndicationController: onIndicationChanged() return - keyguard is not visible, pos = DEFAULT, item = [id=5138|ty=OWNER_INFO|pr=30|txt=Call 0913380001|ti=duration=PERSISTENT|an=false]
09-23 23:03:25.973   795 20449 I HYPER-HAL: [RequestManager.cpp]releaseLocked(): Released ID : 1752256
09-23 23:03:26.178  1033  1530 I bauth_FPBAuthService: pcf : 0x1012, 0 ,1 ,0 ,0 ,0 ,0, 7.0.0.0
09-23 23:03:26.178  1033  1530 I bauth_FPBAuthService: thread id : 1, preenroll_flag : 0, nd cnt : 0, cso : 0, et : 0
09-23 23:03:26.178  1033  1530 I bauth_FPBAuthService: FPBAuthService, 11416
09-23 23:03:26.466 28768 28768 I ResourceOverlayService_0: waitAndQuit called
09-23 23:03:26.468 28768 28768 I ResourceOverlayService_0: activity user id 0 process id 0
09-23 23:03:26.869 24562 20333 D ConnectivityManager: StackLog: [android.net.ConnectivityManager.reportNetworkConnectivity(ConnectivityManager.java:3390)] [ausf.a(:com.google.android.gms@233614044@23.36.14 (190400-567131450):15)] [auuf.m(:com.google.android.gms@233614044@23.36.14 (190400-567131450):12)] [autv.run(:com.google.android.gms@233614044@23.36.14 (190400-567131450):590)] [auun.run(:com.google.android.gms@233614044@23.36.14 (190400-567131450):5)] [drmo.run(:com.google.android.gms@233614044@23.36.14 (190400-567131450):13)] [ahqm.c(:com.google.android.gms@233614044@23.36.14 (190400-567131450):50)] [ahqm.run(:com.google.android.gms@233614044@23.36.14 (190400-567131450):76)] [java.util.concurrent.ThreadPoolExecutor.runWorker(ThreadPoolExecutor.java:1137)] [java.util.concurrent.ThreadPoolExecutor$Worker.run(ThreadPoolExecutor.java:637)] [ahvs.run(:com.google.android.gms@233614044@23.36.14 (190400-567131450):8)] [java.lang.Thread.run(Thread.java:1012)]
09-23 23:03:26.875 24562 20333 I AlarmManager: setExactAndAllowWhileIdle [name: GCM_HB_ALARM type: 2 triggerAtMillis: 201267968]
09-23 23:03:26.902 24562 20182 I AlarmManager: setExactAndAllowWhileIdle [name: FcmRetry type: 2 triggerAtMillis: 201157992]
09-23 23:03:26.916 24562 20333 I AlarmManager: setExactAndAllowWhileIdle [name: GCM_HB_ALARM type: 2 triggerAtMillis: 201268009]
09-23 23:03:26.934  1186  2547 W LocationManagerService: onFreezeStateChanged, uid[10310]=false
09-23 23:03:26.938  3164  6464 W BtGatt.GattService: unfreezeScan() - No AppScanStats found with uid: 10310
09-23 23:03:26.978  1186  1200 D PackageManager: setEnabledSetting : userId = 0 packageName = com.whatsapp cmp = androidx.work.impl.background.systemalarm.RescheduleReceiver newState = 1 callingPackage = 10310/com.whatsapp
09-23 23:03:26.979  1186  1200 D ApplicationPolicy: getApplicationStateEnabled : pkg = com.whatsapp userId : 0
09-23 23:03:26.980  1186  1200 D ApplicationPolicy: getApplicationComponentState : pkg = com.whatsapp userId : 0
09-23 23:03:26.981 19300 19366 D WM-PackageManagerHelper: androidx.work.impl.background.systemalarm.RescheduleReceiver enabled
09-23 23:03:26.984 19300 20459 D TrafficStats: tagSocket(123) with statsTag=0x1, statsUid=-1
09-23 23:03:26.989 19300 19366 D WM-SystemJobScheduler: Scheduling work ID d460f4a9-fbf4-45d1-969c-fa412031e491Job ID 25089
09-23 23:03:27.000 19300 19300 D WM-SystemJobService: onStartJob for WorkGenerationalId(workSpecId=d460f4a9-fbf4-45d1-969c-fa412031e491, generation=0)
09-23 23:03:27.001 19300 19366 D WM-GreedyScheduler: Starting tracking for d460f4a9-fbf4-45d1-969c-fa412031e491
09-23 23:03:27.003 19300 19366 D WM-ConstraintTracker: 0B5: initial state = NetworkState(isConnected=true, isValidated=true, isMetered=false, isNotRoaming=true)
09-23 23:03:27.003 19300 19366 D WM-NetworkStateTracker: Registering network callback
09-23 23:03:27.004 19300 19366 D ConnectivityManager: StackLog: [android.net.ConnectivityManager.sendRequestForNetwork(ConnectivityManager.java:4191)] [android.net.ConnectivityManager.registerDefaultNetworkCallbackForUid(ConnectivityManager.java:4755)] [android.net.ConnectivityManager.registerDefaultNetworkCallback(ConnectivityManager.java:4722)] [android.net.ConnectivityManager.registerDefaultNetworkCallback(ConnectivityManager.java:4696)] [X.0HO.A00(:8)] [X.0B5.A04(:17)] [X.0f6.BWu(:165)] [X.0f3.BY4(:330)] [X.0VE.A01(:607)] [X.0lP.run(:43)] [X.0k9.run(:2)] [java.util.concurrent.ThreadPoolExecutor.runWorker(ThreadPoolExecutor.java:1137)] [java.util.concurrent.ThreadPoolExecutor$Worker.run(ThreadPoolExecutor.java:637)] [java.lang.Thread.run(Thread.java:1012)]
09-23 23:03:27.005  1186  1200 D ConnectivityService: requestNetwork for uid/pid:10310/19300 activeRequest: null callbackRequest: 11476 [NetworkRequest [ REQUEST id=11477, [ Capabilities: INTERNET&NOT_RESTRICTED&TRUSTED&NOT_VCN_MANAGED Uid: 10310 RequestorUid: 10310 RequestorPkg: com.whatsapp UnderlyingNetworks: Null] ]] callback flags: 0 order: 2147483647
09-23 23:03:27.006 19300 19366 D WM-WorkConstraintsTrack: Constraints met for {WorkSpec: d460f4a9-fbf4-45d1-969c-fa412031e491}
09-23 23:03:27.006 19300 19366 D WM-GreedyScheduler: Constraints met: Scheduling work ID WorkGenerationalId(workSpecId=d460f4a9-fbf4-45d1-969c-fa412031e491, generation=0)
09-23 23:03:27.006  1186  1445 D ConnectivityService:    accepting network in place of null
09-23 23:03:27.008 19300 19365 D WM-NetworkStateTracker: Network capabilities changed: [ Transports: WIFI Capabilities: NOT_METERED&INTERNET&NOT_RESTRICTED&TRUSTED&NOT_VPN&VALIDATED&NOT_ROAMING&FOREGROUND&NOT_CONGESTED&NOT_SUSPENDED&NOT_VCN_MANAGED LinkUpBandwidth>=27584Kbps LinkDnBandwidth>=28442Kbps TransportInfo: <SSID: <unknown ssid>, BSSID: 02:00:00:00:00:00, MAC: 02:00:00:00:00:00, IP: /192.168.0.115, Security type: 2, Supplicant state: COMPLETED, Wi-Fi standard: 4, RSSI: -67, Link speed: 72Mbps, Tx Link speed: 72Mbps, Max Supported Tx Link speed: 72Mbps, Rx Link speed: 65Mbps, Max Supported Rx Link speed: 72Mbps, Frequency: 2422MHz, Net ID: -1, Metered hint: false, score: 60, isUsable: true, CarrierMerged: false, SubscriptionId: -1, IsPrimary: -1, Trusted: true, Restricted: false, Ephemeral: false, OEM paid: false, OEM private: false, OSU AP: false, FQDN: <none>, Provider friendly name: <none>, Requesting package name: <none><none>MLO Information: , AP MLD Address: <none>, AP MLO Link Id: <none>, AP MLO Affiliated links: <none>> SignalStrength: -67 UnderlyingNetworks: Null]
09-23 23:03:27.008  1186  1424 D WifiNetworkFactory: got request NetworkRequest [ REQUEST id=11477, [ Capabilities: INTERNET&NOT_RESTRICTED&TRUSTED&NOT_VCN_MANAGED Uid: 10310 RequestorUid: 10310 RequestorPkg: com.whatsapp UnderlyingNetworks: Null] ]
09-23 23:03:27.008  1186  1424 D UntrustedWifiNetworkFactory: got request NetworkRequest [ REQUEST id=11477, [ Capabilities: INTERNET&NOT_RESTRICTED&TRUSTED&NOT_VCN_MANAGED Uid: 10310 RequestorUid: 10310 RequestorPkg: com.whatsapp UnderlyingNetworks: Null] ]
09-23 23:03:27.008  1186  1424 D OemPaidWifiNetworkFactory: got request NetworkRequest [ REQUEST id=11477, [ Capabilities: INTERNET&NOT_RESTRICTED&TRUSTED&NOT_VCN_MANAGED Uid: 10310 RequestorUid: 10310 RequestorPkg: com.whatsapp UnderlyingNetworks: Null] ]
09-23 23:03:27.008  1186  1424 D MultiInternetWifiNetworkFactory: got request NetworkRequest [ REQUEST id=11477, [ Capabilities: INTERNET&NOT_RESTRICTED&TRUSTED&NOT_VCN_MANAGED Uid: 10310 RequestorUid: 10310 RequestorPkg: com.whatsapp UnderlyingNetworks: Null] ]
09-23 23:03:27.010  1186  1445 D ConnectivityService: Rematched networks [computed 0ms] [applied 1ms] [issued 3]
09-23 23:03:27.010  1186  1445 D ConnectivityService: NetworkReassignment :
09-23 23:03:27.010  1186  1445 D ConnectivityService:   11477 : null  136
09-23 23:03:27.015  1186  1200 D PackageManager: setEnabledSetting : userId = 0 packageName = com.whatsapp cmp = androidx.work.impl.background.systemalarm.RescheduleReceiver newState = 1 callingPackage = 10310/com.whatsapp
09-23 23:03:27.016  1186  1200 D ApplicationPolicy: getApplicationStateEnabled : pkg = com.whatsapp userId : 0
09-23 23:03:27.017  1186  1200 D ApplicationPolicy: getApplicationComponentState : pkg = com.whatsapp userId : 0
09-23 23:03:27.018 19300 19366 D WM-PackageManagerHelper: androidx.work.impl.background.systemalarm.RescheduleReceiver enabled
09-23 23:03:27.025 19300 19366 D WM-SystemJobScheduler: Scheduling work ID f6131a9d-9f49-4f48-95b5-d47be027db40Job ID 25090
09-23 23:03:27.033 19300 19300 D WM-SystemJobService: onStartJob for WorkGenerationalId(workSpecId=f6131a9d-9f49-4f48-95b5-d47be027db40, generation=0)
09-23 23:03:27.034  2527  2619 I RequestManager_FLP: onOpChanged, op=0 / packageName=com.whatsapp
09-23 23:03:27.034 19300 19366 D WM-GreedyScheduler: Starting tracking for f6131a9d-9f49-4f48-95b5-d47be027db40
09-23 23:03:27.034 19300 19366 D WM-WorkConstraintsTrack: Constraints met for {WorkSpec: d460f4a9-fbf4-45d1-969c-fa412031e491}
09-23 23:03:27.034 19300 19366 D WM-WorkConstraintsTrack: Constraints met for {WorkSpec: f6131a9d-9f49-4f48-95b5-d47be027db40}
09-23 23:03:27.034 19300 19366 D WM-GreedyScheduler: Constraints met: Scheduling work ID WorkGenerationalId(workSpecId=f6131a9d-9f49-4f48-95b5-d47be027db40, generation=0)
09-23 23:03:27.037 19300 19366 D WM-Processor: 0f0: processing WorkGenerationalId(workSpecId=d460f4a9-fbf4-45d1-969c-fa412031e491, generation=0)
09-23 23:03:27.039 19300 19366 D WM-Processor: Work WorkGenerationalId(workSpecId=d460f4a9-fbf4-45d1-969c-fa412031e491, generation=0) is already enqueued for processing
09-23 23:03:27.040 19300 19366 D WM-Processor: 0f0: processing WorkGenerationalId(workSpecId=f6131a9d-9f49-4f48-95b5-d47be027db40, generation=0)
09-23 23:03:27.042 19300 19366 D WM-Processor: Work WorkGenerationalId(workSpecId=f6131a9d-9f49-4f48-95b5-d47be027db40, generation=0) is already enqueued for processing
09-23 23:03:27.048 19300 19300 D WM-WorkerWrapper: Starting work for com.whatsapp.service.RestoreChatConnectionWorker
09-23 23:03:27.053 19300 19300 D WM-WorkerWrapper: Starting work for com.whatsapp.messaging.xmpp.XmppLifecycleWorker
09-23 23:03:27.179  1033  1530 I bauth_FPBAuthService: pcf : 0x1012, 0 ,1 ,0 ,0 ,0 ,0, 7.0.0.0
09-23 23:03:27.179  1033  1530 I bauth_FPBAuthService: thread id : 1, preenroll_flag : 0, nd cnt : 0, cso : 0, et : 0
09-23 23:03:27.179  1033  1530 I bauth_FPBAuthService: FPBAuthService, 11416
09-23 23:03:27.471 28768 28768 I ResourceOverlayService_0: waitAndQuit called
09-23 23:03:27.473 28768 28768 I ResourceOverlayService_0: activity user id 0 process id 0
09-23 23:03:27.758 19300 19353 D WM-WorkerWrapper: com.whatsapp.service.RestoreChatConnectionWorker returned a Success {mOutputData=Data {}}.
09-23 23:03:27.761 19300 19353 I WM-WorkerWrapper: Worker result SUCCESS for Work [ id=d460f4a9-fbf4-45d1-969c-fa412031e491, tags={ com.whatsapp.service.RestoreChatConnectionWorker } ]
09-23 23:03:27.768 19300 19300 D WM-Processor: 0f0 d460f4a9-fbf4-45d1-969c-fa412031e491 executed; reschedule = false
09-23 23:03:27.769 19300 19300 D WM-GreedyScheduler: Stopping tracking for WorkGenerationalId(workSpecId=d460f4a9-fbf4-45d1-969c-fa412031e491, generation=0)
09-23 23:03:27.769 19300 19300 D WM-WorkConstraintsTrack: Constraints met for {WorkSpec: f6131a9d-9f49-4f48-95b5-d47be027db40}
