09-23 23:05:13.771  1602  1602 D SamsungBatteryMeterDrawable: onBatteryLevelChanged isSomethingChanged: false
09-23 23:05:13.771  1575  1575 D SemBigDataInfoController: Intent: android.intent.action.BATTERY_CHANGED
09-23 23:05:13.772  1602  1602 D SamsungBatteryMeterDrawable: onBatteryLevelChanged isSomethingChanged: false
09-23 23:05:13.772  1602  1602 D SamsungBatteryMeterDrawable: onBatteryLevelChanged isSomethingChanged: false
09-23 23:05:13.773  1602  1602 I PowerUI : mBootCompleted = true |  mFullyConnected = true
09-23 23:05:13.775  1602  1602 W PowerUI : Plug reason
09-23 23:05:13.775  1602  1602 W PowerUI : Skip charging animation - by plug status
09-23 23:05:13.775  1602 24938 D SecPowerUI.Notification: dismissing low battery warning: level=72
09-23 23:05:13.775  1602 24938 D SecPowerUI.Notification: updateNotification mWarning=false mPlaySound=false
09-23 23:05:13.776  1602 24938 D SecPowerUI.Notification: SecBatteryStatsSnapshot{batteryLevel=72, currentBatteryMode=0, chargingTime=3793000, chargingType=11, batteryHealth=2, automaticTestMode=false, isHiccupState=false}
09-23 23:05:13.776  1602  1602 D PowerUI : priorPlugType = 2 mPlugType = 2 priorBatteryStatus = 2 mBatteryStatus = 2
09-23 23:05:13.776  1602  1602 W PowerUI : Plug reason
09-23 23:05:13.776  1602  1602 W PowerUI : Skip charging sound - by plug status
09-23 23:05:13.776  1602  1602 I PowerUI : oldMisalign : false, curMisalign : false
09-23 23:05:13.776  1575  1575 D SemBigDataInfoController: Intent: android.intent.action.BATTERY_CHANGED
09-23 23:05:13.781  1602 24938 D SecPowerUI.Notification: 1. restoreScreenTimeOut - saved_value : :
09-23 23:05:13.781  1602 24938 E SecPowerUI.Notification: no saved value, so we do nothing !!
09-23 23:05:13.782  1602  1602 D SecPowerUI.Notification: showChargingNotice oldChargingType : 11 / currentChargingType : 11, oldChargingTime : 3793000 / mChargingTime : 3793000
09-23 23:05:13.782  1602  1602 D SecPowerUI.Notification: There is no change about charging status, so return!
09-23 23:05:13.783  1602  1602 D PowerUI : Battery swelling mode - priorBatterySwellingMode = 0 mBatterySwellingMode = 0 mBatteryStatus = 2
09-23 23:05:13.783  1602  1602 I PowerUI : mBatteryMiscEvent = 65536
09-23 23:05:13.786  1602  1602 I PowerUI : checkShouldTurnOffProtectBattery : -1, Scheduling start ? : false
09-23 23:05:13.786  1602  1602 I PowerUI : Clear time
09-23 23:05:13.789  1186  4410 D SecContentProvider: query(), uri = 17 selection = isSettingsChangesAllowed
09-23 23:05:13.792  1186  1232 I ChimeraSystemEventListener: appLaunchIntent package name is: com.example.dogglers
09-23 23:05:13.795  1602  1602 D KeyguardUpdateMonitor: received broadcast android.intent.action.BATTERY_CHANGED
09-23 23:05:13.796  1602  1602 I AODBatteryManager: updateBatteryData: ACTION_BATTERY_CHANGED
09-23 23:05:13.800  1602  1602 I AODBatteryManager: saveBatteryData : AOD BatteryData [mBatteryLevel=72, mBatteryStatus=CHARGING, mBatteryPlugType=USB, mBatteryPlugged=true, mRemainingChargeTime=3793000, mBatteryChargingType=1, mBatteryChargerType=NORMAL, mBatteryOnline=USB, mBatterySwellingMode=NONE, mBatteryProtectMode=false]
09-23 23:05:13.800  1602  1602 D KeyguardUpdateMonitor: handleBatteryUpdate
09-23 23:05:13.806   871  1063 I SurfaceFlinger: id=38740 createSurf flag=80004, ActivityRecord{a7f93fd u0 com.example.dogglers/androidx.test.core.app.InstrumentationActivityInvoker$EmptyActivity} t7704}#38740
09-23 23:05:13.808   871   871 I SurfaceFlinger: SFWD update time=109869699497337
09-23 23:05:13.809   871   871 D SurfaceFlinger: GPIS:: requestGPIS
09-23 23:05:13.818   871   943 I VSyncReactor: Current= 90, Period= 90, hwcPeriod= 90
09-23 23:05:13.836  1186  2162 D InputDispatcher: Focused application(0): ActivityRecord{a7f93fd u0 com.example.dogglers/androidx.test.core.app.InstrumentationActivityInvoker$EmptyActivity} t7704}
09-23 23:05:13.839  1186  1232 I SemPersonaManager: SecureFolder personaId = 150
09-23 23:05:13.853  1186  2162 I SemDvfsHyPerManager: acquire hyper - AMS_APP_LAUNCH/1186@17, type = -999
09-23 23:05:13.853  2633  2633 E pageboostd: Received HALT command code 2
09-23 23:05:13.853   795   875 I HYPER-HAL: [RequestManager.cpp]acquire(): Acquired ID : 724223  [1186 / 17]    HINT : AMS_APP_LAUNCH    list :
09-23 23:05:13.856  4177  4177 I SemDvfsHyPerManager: acquire hyper - APP_START/4177@18, type = -999
09-23 23:05:13.860   795   875 I HYPER-HAL: [RequestManager.cpp]acquire(): Acquired ID : 8801128  [4177 / 18]    HINT : APP_START    list :
09-23 23:05:13.862 20383 20383 D LifecycleMonitor: Lifecycle status change: androidx.test.core.app.InstrumentationActivityInvoker$EmptyActivity@6316d3c in: PRE_ON_CREATE
09-23 23:05:13.863 20383 20383 V ActivityScenario: Activity lifecycle changed event received but ignored because the intent does not match. startActivityIntent=Intent { act=android.intent.action.MAIN cat=[android.intent.category.LAUNCHER] cmp=com.example.dogglers/.MainActivity }, activity.getIntent()=Intent { act=android.intent.action.MAIN cat=[android.intent.category.LAUNCHER] flg=0x10000000 cmp=com.example.dogglers/androidx.test.core.app.InstrumentationActivityInvoker$EmptyActivity }, activity=androidx.test.core.app.InstrumentationActivityInvoker$EmptyActivity@6316d3c
09-23 23:05:13.872 20383 20383 I DecorView: [INFO] isPopOver=false config=true
09-23 23:05:13.872  1186  1232 D EnterpriseDeviceManagerService: isMdmAdminPresentInternal() : MDM Admin Found - com.samsung.knox.securefolder
09-23 23:05:13.872 20383 20383 I DecorView: updateCaptionType: isFloating=false isApplication=true hasWindowDecorCaption=false this=DecorView@abe61f[]
09-23 23:05:13.872 20383 20383 D DecorView: setCaptionType = 0, this = DecorView@abe61f[]
09-23 23:05:13.874  1186  2620 I MediaSessionMonitor: Media session stopped : controllerList empty
09-23 23:05:13.878 20383 20383 I DecorView: getCurrentDensityDpi: from real metrics. densityDpi=450 msg=resources_loaded
09-23 23:05:13.878 20383 20383 I DecorView: setWindowBackground: isPopOver=false color=ff010101 d=android.graphics.drawable.StateListDrawable@4489d6c
09-23 23:05:13.878 20383 20383 D LifecycleMonitor: Lifecycle status change: androidx.test.core.app.InstrumentationActivityInvoker$EmptyActivity@6316d3c in: CREATED
09-23 23:05:13.879 20383 20383 V ActivityScenario: Activity lifecycle changed event received but ignored because the intent does not match. startActivityIntent=Intent { act=android.intent.action.MAIN cat=[android.intent.category.LAUNCHER] cmp=com.example.dogglers/.MainActivity }, activity.getIntent()=Intent { act=android.intent.action.MAIN cat=[android.intent.category.LAUNCHER] flg=0x10000000 cmp=com.example.dogglers/androidx.test.core.app.InstrumentationActivityInvoker$EmptyActivity }, activity=androidx.test.core.app.InstrumentationActivityInvoker$EmptyActivity@6316d3c
09-23 23:05:13.880 20383 20383 D LifecycleMonitor: Lifecycle status change: androidx.test.core.app.InstrumentationActivityInvoker$EmptyActivity@6316d3c in: STARTED
09-23 23:05:13.880 20383 20383 V ActivityScenario: Activity lifecycle changed event received but ignored because the intent does not match. startActivityIntent=Intent { act=android.intent.action.MAIN cat=[android.intent.category.LAUNCHER] cmp=com.example.dogglers/.MainActivity }, activity.getIntent()=Intent { act=android.intent.action.MAIN cat=[android.intent.category.LAUNCHER] flg=0x10000000 cmp=com.example.dogglers/androidx.test.core.app.InstrumentationActivityInvoker$EmptyActivity }, activity=androidx.test.core.app.InstrumentationActivityInvoker$EmptyActivity@6316d3c
09-23 23:05:13.881 20383 20383 D LifecycleMonitor: Lifecycle status change: androidx.test.core.app.InstrumentationActivityInvoker$EmptyActivity@6316d3c in: RESUMED
09-23 23:05:13.881 20383 20383 V ActivityScenario: Activity lifecycle changed event received but ignored because the intent does not match. startActivityIntent=Intent { act=android.intent.action.MAIN cat=[android.intent.category.LAUNCHER] cmp=com.example.dogglers/.MainActivity }, activity.getIntent()=Intent { act=android.intent.action.MAIN cat=[android.intent.category.LAUNCHER] flg=0x10000000 cmp=com.example.dogglers/androidx.test.core.app.InstrumentationActivityInvoker$EmptyActivity }, activity=androidx.test.core.app.InstrumentationActivityInvoker$EmptyActivity@6316d3c
09-23 23:05:13.882 20383 20383 I MSHandlerLifeCycle: check: return. pkg=com.example.dogglers parent=null callers=com.android.internal.policy.DecorView.setVisibility:4416 android.app.ActivityThread.handleResumeActivity:5476 android.app.servertransaction.ResumeActivityItem.execute:54 android.app.servertransaction.ActivityTransactionItem.execute:45 android.app.servertransaction.TransactionExecutor.executeLifecycleState:176
09-23 23:05:13.882 20383 20383 I MSHandlerLifeCycle: removeMultiSplitHandler: no exist. decor=DecorView@abe61f[]
09-23 23:05:13.884 20383 20417 D NativeCustomFrequencyManager: [NativeCFMS] BpCustomFrequencyManager::BpCustomFrequencyManager()
09-23 23:05:13.886  1186  2162 D InputTransport: Input channel constructed: 'a1d0c69', fd=940
09-23 23:05:13.886  1186  2162 D InputTransport: Input channel constructed: 'a1d0c69', fd=945
09-23 23:05:13.886  1186  2162 D InputTransport: Input channel constructed: 'a1d0c69', fd=950
09-23 23:05:13.887   871  1064 I SurfaceFlinger: id=38741 createSurf flag=80004, a1d0c69 com.example.dogglers/androidx.test.core.app.InstrumentationActivityInvoker$EmptyActivity#38741
09-23 23:05:13.887  1186  2162 D InputTransport: Input channel destroyed: 'a1d0c69', fd=950
09-23 23:05:13.888 20383 20383 D InsetsController: onStateChanged: InsetsState: {mDisplayFrame=Rect(0, 0 - 1080, 2400), mDisplayCutout=DisplayCutout{insets=Rect(0, 80 - 0, 0) waterfall=Insets{left=0, top=0, right=0, bottom=0} boundingRect={Bounds=[Rect(0, 0 - 0, 0), Rect(468, 0 - 612, 80), Rect(0, 0 - 0, 0), Rect(0, 0 - 0, 0)]} cutoutPathParserInfo={CutoutPathParserInfo{displayWidth=1080 displayHeight=2400 physicalDisplayWidth=1080 physicalDisplayHeight=2400 density={2.8125} cutoutSpec={M 0,0 H -25.6 V 28.44444444444444 H 25.6 V 0 H 0 Z @dp} rotation={0} scale={1.0} physicalPixelDisplaySizeRatio={1.0}}}}, mRoundedCorners=RoundedCorners{[RoundedCorner{position=TopLeft, radius=90, center=Point(90, 90)}, RoundedCorner{position=TopRight, radius=90, center=Point(990, 90)}, RoundedCorner{position=BottomRight, radius=90, center=Point(990, 2310)}, RoundedCorner{position=BottomLeft, radius=90, center=Point(90, 2310)}]}  mRoundedCornerFrame=Rect(0, 0 - 1080, 2400), mPrivacyIndicatorBounds=PrivacyIndicatorBounds {static bounds=Rect(956, 0 - 1080, 80) rotation=0}, mSources= { InsetsSource: {mType=ITYPE_STATUS_BAR, mFrame=[0,0][1080,80], mVisible=true, mInsetsRoundedCornerFrame=false}, InsetsSource: {mType=ITYPE_NAVIGATION_BAR, mFrame=[0,2400][1080,2400], mVisible=false, mInsetsRoundedCornerFrame=false}, InsetsSource: {mType=ITYPE_LEFT_GESTURES, mFrame=[0,0][67,2400], mVisible=true, mInsetsRoundedCornerFrame=false}, InsetsSource: {mType=ITYPE_RIGHT_GESTURES, mFrame=[1013,0][1080,2400], mVisible=true, mInsetsRoundedCornerFrame=false}, InsetsSource: {mType=ITYPE_TOP_MANDATORY_GESTURES, mFrame=[0,0][1080,114], mVisible=true, mInsetsRoundedCornerFrame=false}, InsetsSource: {mType=ITYPE_BOTTOM_MANDATORY_GESTURES, mFrame=[0,2344][1080,2400], mVisible=true, mInsetsRoundedCornerFrame=false}, InsetsSource: {mType=ITYPE_LEFT_DISPLAY_CUTOUT, mFrame=[0,0][-100000,2400], mVisible=true, mInsetsRoundedCornerFrame=false}, InsetsSource: {mType=ITYPE_TOP_DISPLAY_CUTOUT, mFrame=[0,0][1080,80], mVisible=true, mInsetsRoundedCornerFrame=false}, InsetsSource: {mType=ITYPE_RIGHT_DISPLAY_CUTOUT, mFrame=[100000,0][1080,2400], mVisible=true, mInsetsRoundedCornerFrame=false}, InsetsSource: {mType=ITYPE_BOTTOM_DISPLAY_CUTOUT, mFrame=[0,100000][1080,2400], mVisible=true, mInsetsRoundedCornerFrame=false}, InsetsSource: {mType=ITYPE_TOP_TAPPABLE_ELEMENT, mFrame=[0,0][1080,80], mVisible=true, mInsetsRoundedCornerFrame=false}, InsetsSource: {mType=ITYPE_BOTTOM_TAPPABLE_ELEMENT, mFrame=[0,0][0,0], mVisible=true, mInsetsRoundedCornerFrame=false}, InsetsSource: {mType=ITYPE_IME, mFrame=[0,0][0,0], mVisibleFrame=[0,1392][1080,2400], mVisible=false, mInsetsRoundedCornerFrame=false} } host=com.example.dogglers/androidx.test.core.app.InstrumentationActivityInvoker$EmptyActivity from=android.view.ViewRootImpl.setView:1732
09-23 23:05:13.890 20383 20383 I ViewRootImpl@6a1f35[InstrumentationActivityInvoker$EmptyActivity]: setView = com.android.internal.policy.DecorView@abe61f TM=true
09-23 23:05:13.891 20383 20383 I MSHandlerLifeCycle: removeMultiSplitHandler: no exist. decor=DecorView@abe61f[InstrumentationActivityInvoker$EmptyActivity]
09-23 23:05:13.892 20383 20383 D LifecycleMonitor: Lifecycle status change: androidx.test.core.app.InstrumentationActivityInvoker$EmptyActivity@6316d3c in: PAUSED
09-23 23:05:13.893 20383 20383 V ActivityScenario: Activity lifecycle changed event received but ignored because the intent does not match. startActivityIntent=Intent { act=android.intent.action.MAIN cat=[android.intent.category.LAUNCHER] cmp=com.example.dogglers/.MainActivity }, activity.getIntent()=Intent { act=android.intent.action.MAIN cat=[android.intent.category.LAUNCHER] flg=0x10000000 cmp=com.example.dogglers/androidx.test.core.app.InstrumentationActivityInvoker$EmptyActivity }, activity=androidx.test.core.app.InstrumentationActivityInvoker$EmptyActivity@6316d3c
09-23 23:05:13.897 20383 20383 I ViewRootImpl@6a1f35[InstrumentationActivityInvoker$EmptyActivity]: performTraversals params={(0,0)(fillxfill) sim={adjust=pan forwardNavigation} ty=BASE_APPLICATION wanim=0x1030001
09-23 23:05:13.897 20383 20383 I ViewRootImpl@6a1f35[InstrumentationActivityInvoker$EmptyActivity]:   fl=1810100
09-23 23:05:13.897 20383 20383 I ViewRootImpl@6a1f35[InstrumentationActivityInvoker$EmptyActivity]:   pfl=12020040
09-23 23:05:13.897 20383 20383 I ViewRootImpl@6a1f35[InstrumentationActivityInvoker$EmptyActivity]:   bhv=DEFAULT
09-23 23:05:13.897 20383 20383 I ViewRootImpl@6a1f35[InstrumentationActivityInvoker$EmptyActivity]:   fitSides= naviIconColor=0}
09-23 23:05:13.898 20383 20383 I ViewRootImpl@6a1f35[InstrumentationActivityInvoker$EmptyActivity]: performTraversals mFirst=true windowShouldResize=true viewVisibilityChanged=false mForceNextWindowRelayout=false params={(0,0)(fillxfill) sim={adjust=pan forwardNavigation} ty=BASE_APPLICATION wanim=0x1030001
09-23 23:05:13.898 20383 20383 I ViewRootImpl@6a1f35[InstrumentationActivityInvoker$EmptyActivity]:   fl=1810100
09-23 23:05:13.898 20383 20383 I ViewRootImpl@6a1f35[InstrumentationActivityInvoker$EmptyActivity]:   pfl=12020040
09-23 23:05:13.898 20383 20383 I ViewRootImpl@6a1f35[InstrumentationActivityInvoker$EmptyActivity]:   bhv=DEFAULT
09-23 23:05:13.898 20383 20383 I ViewRootImpl@6a1f35[InstrumentationActivityInvoker$EmptyActivity]:   fitSides= naviIconColor=0}
09-23 23:05:13.898  1186  2162 V WindowManager: Relayout Window{a1d0c69 u0 com.example.dogglers/androidx.test.core.app.InstrumentationActivityInvoker$EmptyActivity}: viewVisibility=0 req=1080x2400 d0
09-23 23:05:13.898   871  1064 I SurfaceFlinger: id=38742 createSurf flag=40004, com.example.dogglers/androidx.test.core.app.InstrumentationActivityInvoker$EmptyActivity$_20383#38742
09-23 23:05:13.903  1186  2162 V WindowManager: Relayout hash=a1d0c69, pid=20383, syncId=-1: mAttrs={(0,0)(fillxfill) sim={adjust=pan forwardNavigation} ty=BASE_APPLICATION wanim=0x1030001
09-23 23:05:13.903  1186  2162 V WindowManager:   fl=1810100
09-23 23:05:13.903  1186  2162 V WindowManager:   pfl=12020040
09-23 23:05:13.903  1186  2162 V WindowManager:   bhv=DEFAULT
09-23 23:05:13.903  1186  2162 V WindowManager:   fitSides= naviIconColor=0}
09-23 23:05:13.905 20383 20383 I ViewRootImpl@6a1f35[InstrumentationActivityInvoker$EmptyActivity]: updateBlastSurfaceIfNeeded mBlastBufferQueue=null isSameSurfaceControl=false
09-23 23:05:13.905 20383 20383 I BLASTBufferQueue: new BLASTBufferQueue, mName= ViewRootImpl@6a1f35[InstrumentationActivityInvoker$EmptyActivity] mNativeObject= 0xb400007dbe22ca90 sc.mNativeObject= 0xb400007d4e25b6f0 caller= android.view.ViewRootImpl.updateBlastSurfaceIfNeeded:2909 android.view.ViewRootImpl.relayoutWindow:9847 android.view.ViewRootImpl.performTraversals:3884 android.view.ViewRootImpl.doTraversal:3116 android.view.ViewRootImpl$TraversalRunnable.run:10885 android.view.Choreographer$CallbackRecord.run:1301 android.view.Choreographer$CallbackRecord.run:1309 android.view.Choreographer.doCallbacks:923 android.view.Choreographer.doFrame:852 android.view.Choreographer$FrameDisplayEventReceiver.run:1283
09-23 23:05:13.905 20383 20383 I BLASTBufferQueue: update, w= 1080 h= 2400 mName = ViewRootImpl@6a1f35[InstrumentationActivityInvoker$EmptyActivity] mNativeObject= 0xb400007dbe22ca90 sc.mNativeObject= 0xb400007d4e25b6f0 format= -1 caller= android.graphics.BLASTBufferQueue.<init>:84 android.view.ViewRootImpl.updateBlastSurfaceIfNeeded:2909 android.view.ViewRootImpl.relayoutWindow:9847 android.view.ViewRootImpl.performTraversals:3884 android.view.ViewRootImpl.doTraversal:3116 android.view.ViewRootImpl$TraversalRunnable.run:10885
09-23 23:05:13.906 20383 20383 I ViewRootImpl@6a1f35[InstrumentationActivityInvoker$EmptyActivity]: Relayout returned: old=(0,0,1080,2400) new=(0,0,1080,2400) req=(1080,2400)0 dur=7 res=0x3 s={true 0xb400007e4e2334b0} ch=true seqId=0
09-23 23:05:13.907 20383 20383 I ViewRootImpl@6a1f35[InstrumentationActivityInvoker$EmptyActivity]: mThreadedRenderer.initialize() mSurface={isValid=true 0xb400007e4e2334b0} hwInitialized=true
09-23 23:05:13.907 20383 20417 D OpenGLRenderer: eglCreateWindowSurface
09-23 23:05:13.908 20383 20383 I ViewRootImpl@6a1f35[InstrumentationActivityInvoker$EmptyActivity]: reportNextDraw android.view.ViewRootImpl.performTraversals:4438 android.view.ViewRootImpl.doTraversal:3116 android.view.ViewRootImpl$TraversalRunnable.run:10885 android.view.Choreographer$CallbackRecord.run:1301 android.view.Choreographer$CallbackRecord.run:1309
09-23 23:05:13.908 20383 20383 I ViewRootImpl@6a1f35[InstrumentationActivityInvoker$EmptyActivity]: Setup new sync id=0
09-23 23:05:13.908 20383 20383 I ViewRootImpl@6a1f35[InstrumentationActivityInvoker$EmptyActivity]: Setting syncFrameCallback
09-23 23:05:13.908 20383 20383 I ViewRootImpl@6a1f35[InstrumentationActivityInvoker$EmptyActivity]: registerCallbacksForSync syncBuffer=false
09-23 23:05:13.910 20383 20439 I ViewRootImpl@6a1f35[InstrumentationActivityInvoker$EmptyActivity]: Received frameDrawingCallback syncResult=0 frameNum=1.
09-23 23:05:13.910 20383 20439 I ViewRootImpl@6a1f35[InstrumentationActivityInvoker$EmptyActivity]: Setting up sync and frameCommitCallback
09-23 23:05:13.912 20383 20417 I BLASTBufferQueue: [ViewRootImpl@6a1f35[InstrumentationActivityInvoker$EmptyActivity]#10](f:0,a:0) onFrameAvailable the first frame is available
09-23 23:05:13.913 20383 20417 I ViewRootImpl@6a1f35[InstrumentationActivityInvoker$EmptyActivity]: Received frameCommittedCallback lastAttemptedDrawFrameNum=1 didProduceBuffer=true
09-23 23:05:13.914 20383 20417 D OpenGLRenderer: CFMS:: SetUp Pid : 20383    Tid : 20417
09-23 23:05:13.915 20383 20417 W Parcel  : Expecting binder but got null!
09-23 23:05:13.915 20383 20383 I ViewRootImpl@6a1f35[InstrumentationActivityInvoker$EmptyActivity]: onSyncComplete
09-23 23:05:13.915 20383 20383 I ViewRootImpl@6a1f35[InstrumentationActivityInvoker$EmptyActivity]: setupSync seqId=0 mSyncId=0 fn=1 caller=android.view.ViewRootImpl$$ExternalSyntheticLambda11.accept:6 android.window.SurfaceSyncer.lambda$setupSync$1$android-window-SurfaceSyncer:128 android.window.SurfaceSyncer$$ExternalSyntheticLambda1.accept:8 android.window.SurfaceSyncer$SyncSet.checkIfSyncIsComplete:382 android.window.SurfaceSyncer$SyncSet.markSyncReady:359 android.window.SurfaceSyncer.markSyncReady:151 android.view.ViewRootImpl.performTraversals:4503
09-23 23:05:13.915 20383 20383 I ViewRootImpl@6a1f35[InstrumentationActivityInvoker$EmptyActivity]: reportDrawFinished seqId=0 mSyncId=-1 fn=1 mSurfaceChangedTransaction=0xb400007d7e231770
09-23 23:05:13.916 20383 20383 I ViewRootImpl@6a1f35[InstrumentationActivityInvoker$EmptyActivity]: stopped(true) old = false
09-23 23:05:13.916 20383 20383 I ViewRootImpl@6a1f35[InstrumentationActivityInvoker$EmptyActivity]: WindowStopped on com.example.dogglers/androidx.test.core.app.InstrumentationActivityInvoker$EmptyActivity set to true
09-23 23:05:13.916 20383 20383 D LifecycleMonitor: Lifecycle status change: androidx.test.core.app.InstrumentationActivityInvoker$EmptyActivity@6316d3c in: STOPPED
09-23 23:05:13.917 20383 20383 V ActivityScenario: Activity lifecycle changed event received but ignored because the intent does not match. startActivityIntent=Intent { act=android.intent.action.MAIN cat=[android.intent.category.LAUNCHER] cmp=com.example.dogglers/.MainActivity }, activity.getIntent()=Intent { act=android.intent.action.MAIN cat=[android.intent.category.LAUNCHER] flg=0x10000000 cmp=com.example.dogglers/androidx.test.core.app.InstrumentationActivityInvoker$EmptyActivity }, activity=androidx.test.core.app.InstrumentationActivityInvoker$EmptyActivity@6316d3c
09-23 23:05:13.918 20383 20383 I MSHandlerLifeCycle: removeMultiSplitHandler: no exist. decor=DecorView@abe61f[InstrumentationActivityInvoker$EmptyActivity]
09-23 23:05:13.924 20383 20417 D OpenGLRenderer: setSurface called with nullptr
09-23 23:05:13.924 20383 20417 D OpenGLRenderer: setSurface() destroyed EGLSurface
09-23 23:05:13.924 20383 20417 D OpenGLRenderer: destroyEglSurface
09-23 23:05:13.925 28768 28768 I ResourceOverlayService_0: waitAndQuit called
09-23 23:05:13.929 20383 20383 I ViewRootImpl@6a1f35[InstrumentationActivityInvoker$EmptyActivity]: performTraversals mFirst=false windowShouldResize=false viewVisibilityChanged=true mForceNextWindowRelayout=false params=null
09-23 23:05:13.929 28768 28768 I ResourceOverlayService_0: activity user id 0 process id 0
09-23 23:05:13.930   871  1063 I SurfaceFlinger: id=38743 createSurf flag=80004, ActivityRecord{650dfa1 u0 com.example.dogglers/androidx.test.core.app.InstrumentationActivityInvoker$EmptyActivity} t7704}#38743
09-23 23:05:13.935  1186  4410 D InputDispatcher: Focused application(0): ActivityRecord{650dfa1 u0 com.example.dogglers/androidx.test.core.app.InstrumentationActivityInvoker$EmptyActivity} t7704}
09-23 23:05:13.935  1186  1232 I SemPersonaManager: SecureFolder personaId = 150
09-23 23:05:13.938  1186  1199 V WindowManager: Relayout Window{a1d0c69 u0 com.example.dogglers/androidx.test.core.app.InstrumentationActivityInvoker$EmptyActivity}: viewVisibility=4 req=1080x2400 d0
09-23 23:05:13.938  2633  2633 E pageboostd: Received HALT command code 2
09-23 23:05:13.939  1186  1199 V WindowManager: Relayout hash=a1d0c69, pid=20383, syncId=-1: mAttrs={(0,0)(fillxfill) sim={adjust=pan forwardNavigation} ty=BASE_APPLICATION wanim=0x1030001
09-23 23:05:13.939  1186  1199 V WindowManager:   fl=1810100
09-23 23:05:13.939  1186  1199 V WindowManager:   pfl=12020040
09-23 23:05:13.939  1186  1199 V WindowManager:   bhv=DEFAULT
09-23 23:05:13.939  1186  1199 V WindowManager:   fitSides= naviIconColor=0}
09-23 23:05:13.941 20383 20383 I ViewRootImpl@6a1f35[InstrumentationActivityInvoker$EmptyActivity]: Relayout returned: old=(0,0,1080,2400) new=(0,0,1080,2400) req=(1080,2400)4 dur=12 res=0x2 s={false 0x0} ch=false seqId=0
09-23 23:05:13.942 20383 20383 D LifecycleMonitor: Lifecycle status change: com.example.dogglers.MainActivity@50760a2 in: DESTROYED
09-23 23:05:13.942 20383 20383 V ActivityScenario: Update currentActivityStage to DESTROYED, currentActivity=null
09-23 23:05:13.944 20383 20383 I MSHandlerLifeCycle: removeMultiSplitHandler: no exist. decor=DecorView@2ad1f98[MainActivity]
09-23 23:05:13.944 20383 20417 D OpenGLRenderer: setSurface called with nullptr
09-23 23:05:13.945   871   871 I Layer   : id=38742 removeFromCurrentState com.example.dogglers/androidx.test.core.app.InstrumentationActivityInvoker$EmptyActivity$_20383#38742 (127)
09-23 23:05:13.945   871   871 I SurfaceFlinger: id=38742 Removed com.example.dogglers/androidx.test.core.app.InstrumentationActivityInvoker$EmptyActivity$_20383#38742 (127)
09-23 23:05:13.945   871   871 I Layer   : id=38742 Destroyed com.example.dogglers/androidx.test.core.app.InstrumentationActivityInvoker$EmptyActivity$_20383#38742
09-23 23:05:13.947  1186  1232 D EnterpriseDeviceManagerService: isMdmAdminPresentInternal() : MDM Admin Found - com.samsung.knox.securefolder
09-23 23:05:13.947 20383 20383 I ViewRootImpl@9cbbb61[MainActivity]: dispatchDetachedFromWindow
09-23 23:05:13.947  1186  1199 D InputTransport: Input channel destroyed: '18e555 ', fd=1016
09-23 23:05:13.947  1186  1199 W InputManager-JNI: Input channel object '18e555 com.example.dogglers/com.example.dogglers.MainActivity (client)' was disposed without first being removed with the input manager!
09-23 23:05:13.947  1186  1199 D InputTransport: Input channel destroyed: '18e555 ', fd=1024
09-23 23:05:13.949 20383 20383 D InputTransport: Input channel destroyed: '18e555 ', fd=88
09-23 23:05:13.950  1186  2620 I MediaSessionMonitor: Media session stopped : controllerList empty
09-23 23:05:13.955 20383 20383 D LifecycleMonitor: Lifecycle status change: androidx.test.core.app.InstrumentationActivityInvoker$EmptyActivity@59b2670 in: PRE_ON_CREATE
09-23 23:05:13.956   871   871 I Layer   : id=38738 removeFromCurrentState 18e555 com.example.dogglers/com.example.dogglers.MainActivity#38738 (126)
09-23 23:05:13.956   871   871 I SurfaceFlinger: id=38738 Removed 18e555 com.example.dogglers/com.example.dogglers.MainActivity#38738 (126)
09-23 23:05:13.956 20383 20383 V ActivityScenario: Activity lifecycle changed event received but ignored because the intent does not match. startActivityIntent=Intent { act=android.intent.action.MAIN cat=[android.intent.category.LAUNCHER] cmp=com.example.dogglers/.MainActivity }, activity.getIntent()=Intent { act=android.intent.action.MAIN cat=[android.intent.category.LAUNCHER] flg=0x10000000 cmp=com.example.dogglers/androidx.test.core.app.InstrumentationActivityInvoker$EmptyActivity }, activity=androidx.test.core.app.InstrumentationActivityInvoker$EmptyActivity@59b2670
09-23 23:05:13.956   871   871 I Layer   : id=38738 Destroyed 18e555 com.example.dogglers/com.example.dogglers.MainActivity#38738
09-23 23:05:13.961 20383 20383 I DecorView: [INFO] isPopOver=false config=true
09-23 23:05:13.961 20383 20383 I DecorView: updateCaptionType: isFloating=false isApplication=true hasWindowDecorCaption=false this=DecorView@2a0950f[]
09-23 23:05:13.961 20383 20383 D DecorView: setCaptionType = 0, this = DecorView@2a0950f[]
09-23 23:05:13.963 20383 20383 I DecorView: getCurrentDensityDpi: from real metrics. densityDpi=450 msg=resources_loaded
09-23 23:05:13.963 20383 20383 I DecorView: setWindowBackground: isPopOver=false color=ff010101 d=android.graphics.drawable.StateListDrawable@464399c
09-23 23:05:13.963 20383 20383 D LifecycleMonitor: Lifecycle status change: androidx.test.core.app.InstrumentationActivityInvoker$EmptyActivity@59b2670 in: CREATED
09-23 23:05:13.963 20383 20383 V ActivityScenario: Activity lifecycle changed event received but ignored because the intent does not match. startActivityIntent=Intent { act=android.intent.action.MAIN cat=[android.intent.category.LAUNCHER] cmp=com.example.dogglers/.MainActivity }, activity.getIntent()=Intent { act=android.intent.action.MAIN cat=[android.intent.category.LAUNCHER] flg=0x10000000 cmp=com.example.dogglers/androidx.test.core.app.InstrumentationActivityInvoker$EmptyActivity }, activity=androidx.test.core.app.InstrumentationActivityInvoker$EmptyActivity@59b2670
09-23 23:05:13.965 20383 20383 D LifecycleMonitor: Lifecycle status change: androidx.test.core.app.InstrumentationActivityInvoker$EmptyActivity@59b2670 in: STARTED
09-23 23:05:13.965 20383 20383 V ActivityScenario: Activity lifecycle changed event received but ignored because the intent does not match. startActivityIntent=Intent { act=android.intent.action.MAIN cat=[android.intent.category.LAUNCHER] cmp=com.example.dogglers/.MainActivity }, activity.getIntent()=Intent { act=android.intent.action.MAIN cat=[android.intent.category.LAUNCHER] flg=0x10000000 cmp=com.example.dogglers/androidx.test.core.app.InstrumentationActivityInvoker$EmptyActivity }, activity=androidx.test.core.app.InstrumentationActivityInvoker$EmptyActivity@59b2670
09-23 23:05:13.966 20383 20383 D LifecycleMonitor: Lifecycle status change: androidx.test.core.app.InstrumentationActivityInvoker$EmptyActivity@59b2670 in: RESUMED
09-23 23:05:13.966 20383 20383 V ActivityScenario: Activity lifecycle changed event received but ignored because the intent does not match. startActivityIntent=Intent { act=android.intent.action.MAIN cat=[android.intent.category.LAUNCHER] cmp=com.example.dogglers/.MainActivity }, activity.getIntent()=Intent { act=android.intent.action.MAIN cat=[android.intent.category.LAUNCHER] flg=0x10000000 cmp=com.example.dogglers/androidx.test.core.app.InstrumentationActivityInvoker$EmptyActivity }, activity=androidx.test.core.app.InstrumentationActivityInvoker$EmptyActivity@59b2670
09-23 23:05:13.967   871   871 I Layer   : id=38737 removeFromCurrentState ActivityRecord{febdc4f u0 com.example.dogglers/.MainActivity} t7704}#38737 (125)
09-23 23:05:13.967   871   871 I SurfaceFlinger: id=38737 Removed ActivityRecord{febdc4f u0 com.example.dogglers/.MainActivity} t7704}#38737 (125)
09-23 23:05:13.967   871   871 I Layer   : id=38737 Destroyed ActivityRecord{febdc4f u0 com.example.dogglers/.MainActivity} t7704}#38737
09-23 23:05:13.967 20383 20383 I MSHandlerLifeCycle: check: return. pkg=com.example.dogglers parent=null callers=com.android.internal.policy.DecorView.setVisibility:4416 android.app.ActivityThread.handleResumeActivity:5476 android.app.servertransaction.ResumeActivityItem.execute:54 android.app.servertransaction.ActivityTransactionItem.execute:45 android.app.servertransaction.TransactionExecutor.executeLifecycleState:176
09-23 23:05:13.967 20383 20383 I MSHandlerLifeCycle: removeMultiSplitHandler: no exist. decor=DecorView@2a0950f[]
09-23 23:05:13.970 20383 20417 D NativeCustomFrequencyManager: [NativeCFMS] BpCustomFrequencyManager::BpCustomFrequencyManager()
09-23 23:05:13.972  1186  4410 D InputTransport: Input channel constructed: 'f694f13', fd=929
09-23 23:05:13.972  1186  4410 D InputTransport: Input channel constructed: 'f694f13', fd=959
09-23 23:05:13.972  1186  4410 D InputTransport: Input channel constructed: 'f694f13', fd=961
09-23 23:05:13.972   871   917 I SurfaceFlinger: id=38744 createSurf flag=80004, f694f13 com.example.dogglers/androidx.test.core.app.InstrumentationActivityInvoker$EmptyActivity#38744
09-23 23:05:13.973  1186  4410 D InputTransport: Input channel destroyed: 'f694f13', fd=961
09-23 23:05:13.974 20383 20383 D InsetsController: onStateChanged: InsetsState: {mDisplayFrame=Rect(0, 0 - 1080, 2400), mDisplayCutout=DisplayCutout{insets=Rect(0, 80 - 0, 0) waterfall=Insets{left=0, top=0, right=0, bottom=0} boundingRect={Bounds=[Rect(0, 0 - 0, 0), Rect(468, 0 - 612, 80), Rect(0, 0 - 0, 0), Rect(0, 0 - 0, 0)]} cutoutPathParserInfo={CutoutPathParserInfo{displayWidth=1080 displayHeight=2400 physicalDisplayWidth=1080 physicalDisplayHeight=2400 density={2.8125} cutoutSpec={M 0,0 H -25.6 V 28.44444444444444 H 25.6 V 0 H 0 Z @dp} rotation={0} scale={1.0} physicalPixelDisplaySizeRatio={1.0}}}}, mRoundedCorners=RoundedCorners{[RoundedCorner{position=TopLeft, radius=90, center=Point(90, 90)}, RoundedCorner{position=TopRight, radius=90, center=Point(990, 90)}, RoundedCorner{position=BottomRight, radius=90, center=Point(990, 2310)}, RoundedCorner{position=BottomLeft, radius=90, center=Point(90, 2310)}]}  mRoundedCornerFrame=Rect(0, 0 - 1080, 2400), mPrivacyIndicatorBounds=PrivacyIndicatorBounds {static bounds=Rect(956, 0 - 1080, 80) rotation=0}, mSources= { InsetsSource: {mType=ITYPE_STATUS_BAR, mFrame=[0,0][1080,80], mVisible=true, mInsetsRoundedCornerFrame=false}, InsetsSource: {mType=ITYPE_NAVIGATION_BAR, mFrame=[0,2400][1080,2400], mVisible=false, mInsetsRoundedCornerFrame=false}, InsetsSource: {mType=ITYPE_LEFT_GESTURES, mFrame=[0,0][67,2400], mVisible=true, mInsetsRoundedCornerFrame=false}, InsetsSource: {mType=ITYPE_RIGHT_GESTURES, mFrame=[1013,0][1080,2400], mVisible=true, mInsetsRoundedCornerFrame=false}, InsetsSource: {mType=ITYPE_TOP_MANDATORY_GESTURES, mFrame=[0,0][1080,114], mVisible=true, mInsetsRoundedCornerFrame=false}, InsetsSource: {mType=ITYPE_BOTTOM_MANDATORY_GESTURES, mFrame=[0,2344][1080,2400], mVisible=true, mInsetsRoundedCornerFrame=false}, InsetsSource: {mType=ITYPE_LEFT_DISPLAY_CUTOUT, mFrame=[0,0][-100000,2400], mVisible=true, mInsetsRoundedCornerFrame=false}, InsetsSource: {mType=ITYPE_TOP_DISPLAY_CUTOUT, mFrame=[0,0][1080,80], mVisible=true, mInsetsRoundedCornerFrame=false}, InsetsSource: {mType=ITYPE_RIGHT_DISPLAY_CUTOUT, mFrame=[100000,0][1080,2400], mVisible=true, mInsetsRoundedCornerFrame=false}, InsetsSource: {mType=ITYPE_BOTTOM_DISPLAY_CUTOUT, mFrame=[0,100000][1080,2400], mVisible=true, mInsetsRoundedCornerFrame=false}, InsetsSource: {mType=ITYPE_TOP_TAPPABLE_ELEMENT, mFrame=[0,0][1080,80], mVisible=true, mInsetsRoundedCornerFrame=false}, InsetsSource: {mType=ITYPE_BOTTOM_TAPPABLE_ELEMENT, mFrame=[0,0][0,0], mVisible=true, mInsetsRoundedCornerFrame=false}, InsetsSource: {mType=ITYPE_IME, mFrame=[0,0][0,0], mVisibleFrame=[0,1392][1080,2400], mVisible=false, mInsetsRoundedCornerFrame=false} } host=com.example.dogglers/androidx.test.core.app.InstrumentationActivityInvoker$EmptyActivity from=android.view.ViewRootImpl.setView:1732
09-23 23:05:13.976 20383 20383 I ViewRootImpl@2e23fa5[InstrumentationActivityInvoker$EmptyActivity]: setView = com.android.internal.policy.DecorView@2a0950f TM=true
09-23 23:05:13.977 20383 20383 I MSHandlerLifeCycle: removeMultiSplitHandler: no exist. decor=DecorView@2a0950f[InstrumentationActivityInvoker$EmptyActivity]
09-23 23:05:13.978 20383 20383 D LifecycleMonitor: Lifecycle status change: androidx.test.core.app.InstrumentationActivityInvoker$EmptyActivity@59b2670 in: PAUSED
09-23 23:05:13.978 20383 20383 V ActivityScenario: Activity lifecycle changed event received but ignored because the intent does not match. startActivityIntent=Intent { act=android.intent.action.MAIN cat=[android.intent.category.LAUNCHER] cmp=com.example.dogglers/.MainActivity }, activity.getIntent()=Intent { act=android.intent.action.MAIN cat=[android.intent.category.LAUNCHER] flg=0x10000000 cmp=com.example.dogglers/androidx.test.core.app.InstrumentationActivityInvoker$EmptyActivity }, activity=androidx.test.core.app.InstrumentationActivityInvoker$EmptyActivity@59b2670
09-23 23:05:13.980 20383 20383 I ViewRootImpl@6a1f35[InstrumentationActivityInvoker$EmptyActivity]: handleAppVisibility mAppVisible = true visible = false
09-23 23:05:13.983 20383 20383 I ViewRootImpl@2e23fa5[InstrumentationActivityInvoker$EmptyActivity]: performTraversals params={(0,0)(fillxfill) sim={adjust=pan forwardNavigation} ty=BASE_APPLICATION wanim=0x1030001
09-23 23:05:13.983 20383 20383 I ViewRootImpl@2e23fa5[InstrumentationActivityInvoker$EmptyActivity]:   fl=1810100
09-23 23:05:13.983 20383 20383 I ViewRootImpl@2e23fa5[InstrumentationActivityInvoker$EmptyActivity]:   pfl=12020040
09-23 23:05:13.983 20383 20383 I ViewRootImpl@2e23fa5[InstrumentationActivityInvoker$EmptyActivity]:   bhv=DEFAULT
09-23 23:05:13.983 20383 20383 I ViewRootImpl@2e23fa5[InstrumentationActivityInvoker$EmptyActivity]:   fitSides= naviIconColor=0}
09-23 23:05:13.984 20383 20383 I ViewRootImpl@2e23fa5[InstrumentationActivityInvoker$EmptyActivity]: performTraversals mFirst=true windowShouldResize=true viewVisibilityChanged=false mForceNextWindowRelayout=false params={(0,0)(fillxfill) sim={adjust=pan forwardNavigation} ty=BASE_APPLICATION wanim=0x1030001
09-23 23:05:13.984 20383 20383 I ViewRootImpl@2e23fa5[InstrumentationActivityInvoker$EmptyActivity]:   fl=1810100
09-23 23:05:13.984 20383 20383 I ViewRootImpl@2e23fa5[InstrumentationActivityInvoker$EmptyActivity]:   pfl=12020040
09-23 23:05:13.984 20383 20383 I ViewRootImpl@2e23fa5[InstrumentationActivityInvoker$EmptyActivity]:   bhv=DEFAULT
09-23 23:05:13.984 20383 20383 I ViewRootImpl@2e23fa5[InstrumentationActivityInvoker$EmptyActivity]:   fitSides= naviIconColor=0}
09-23 23:05:13.984  1186  1200 V WindowManager: Relayout Window{f694f13 u0 com.example.dogglers/androidx.test.core.app.InstrumentationActivityInvoker$EmptyActivity}: viewVisibility=0 req=1080x2400 d0
09-23 23:05:13.985   871   917 I SurfaceFlinger: id=38745 createSurf flag=40004, com.example.dogglers/androidx.test.core.app.InstrumentationActivityInvoker$EmptyActivity$_20383#38745
09-23 23:05:13.988  1186  1200 V WindowManager: Relayout hash=f694f13, pid=20383, syncId=-1: mAttrs={(0,0)(fillxfill) sim={adjust=pan forwardNavigation} ty=BASE_APPLICATION wanim=0x1030001
09-23 23:05:13.988  1186  1200 V WindowManager:   fl=1810100
09-23 23:05:13.988  1186  1200 V WindowManager:   pfl=12020040
09-23 23:05:13.988  1186  1200 V WindowManager:   bhv=DEFAULT
09-23 23:05:13.988  1186  1200 V WindowManager:   fitSides= naviIconColor=0}
09-23 23:05:13.991 20383 20383 I ViewRootImpl@2e23fa5[InstrumentationActivityInvoker$EmptyActivity]: updateBlastSurfaceIfNeeded mBlastBufferQueue=null isSameSurfaceControl=false
09-23 23:05:13.991 20383 20383 I BLASTBufferQueue: new BLASTBufferQueue, mName= ViewRootImpl@2e23fa5[InstrumentationActivityInvoker$EmptyActivity] mNativeObject= 0xb400007dbe23c7b0 sc.mNativeObject= 0xb400007d4e2648b0 caller= android.view.ViewRootImpl.updateBlastSurfaceIfNeeded:2909 android.view.ViewRootImpl.relayoutWindow:9847 android.view.ViewRootImpl.performTraversals:3884 android.view.ViewRootImpl.doTraversal:3116 android.view.ViewRootImpl$TraversalRunnable.run:10885 android.view.Choreographer$CallbackRecord.run:1301 android.view.Choreographer$CallbackRecord.run:1309 android.view.Choreographer.doCallbacks:923 android.view.Choreographer.doFrame:852 android.view.Choreographer$FrameDisplayEventReceiver.run:1283
09-23 23:05:13.992 20383 20383 I BLASTBufferQueue: update, w= 1080 h= 2400 mName = ViewRootImpl@2e23fa5[InstrumentationActivityInvoker$EmptyActivity] mNativeObject= 0xb400007dbe23c7b0 sc.mNativeObject= 0xb400007d4e2648b0 format= -1 caller= android.graphics.BLASTBufferQueue.<init>:84 android.view.ViewRootImpl.updateBlastSurfaceIfNeeded:2909 android.view.ViewRootImpl.relayoutWindow:9847 android.view.ViewRootImpl.performTraversals:3884 android.view.ViewRootImpl.doTraversal:3116 android.view.ViewRootImpl$TraversalRunnable.run:10885
09-23 23:05:13.992 20383 20383 I ViewRootImpl@2e23fa5[InstrumentationActivityInvoker$EmptyActivity]: Relayout returned: old=(0,0,1080,2400) new=(0,0,1080,2400) req=(1080,2400)0 dur=7 res=0x3 s={true 0xb400007e4e2b0e60} ch=true seqId=0
09-23 23:05:13.993 20383 20417 D OpenGLRenderer: eglCreateWindowSurface
09-23 23:05:13.993 20383 20383 I ViewRootImpl@2e23fa5[InstrumentationActivityInvoker$EmptyActivity]: mThreadedRenderer.initialize() mSurface={isValid=true 0xb400007e4e2b0e60} hwInitialized=true
09-23 23:05:13.994 20383 20383 I ViewRootImpl@2e23fa5[InstrumentationActivityInvoker$EmptyActivity]: reportNextDraw android.view.ViewRootImpl.performTraversals:4438 android.view.ViewRootImpl.doTraversal:3116 android.view.ViewRootImpl$TraversalRunnable.run:10885 android.view.Choreographer$CallbackRecord.run:1301 android.view.Choreographer$CallbackRecord.run:1309
09-23 23:05:13.994 20383 20383 I ViewRootImpl@2e23fa5[InstrumentationActivityInvoker$EmptyActivity]: Setup new sync id=0
09-23 23:05:13.994 20383 20383 I ViewRootImpl@2e23fa5[InstrumentationActivityInvoker$EmptyActivity]: Setting syncFrameCallback
09-23 23:05:13.994 20383 20383 I ViewRootImpl@2e23fa5[InstrumentationActivityInvoker$EmptyActivity]: registerCallbacksForSync syncBuffer=false
09-23 23:05:13.996 20383 20438 I ViewRootImpl@2e23fa5[InstrumentationActivityInvoker$EmptyActivity]: Received frameDrawingCallback syncResult=0 frameNum=1.
09-23 23:05:13.996 20383 20438 I ViewRootImpl@2e23fa5[InstrumentationActivityInvoker$EmptyActivity]: Setting up sync and frameCommitCallback
09-23 23:05:13.999 20383 20417 I BLASTBufferQueue: [ViewRootImpl@2e23fa5[InstrumentationActivityInvoker$EmptyActivity]#11](f:0,a:0) onFrameAvailable the first frame is available
09-23 23:05:13.999 20383 20417 I ViewRootImpl@2e23fa5[InstrumentationActivityInvoker$EmptyActivity]: Received frameCommittedCallback lastAttemptedDrawFrameNum=1 didProduceBuffer=true
09-23 23:05:14.000 20383 20417 D OpenGLRenderer: CFMS:: SetUp Pid : 20383    Tid : 20417
09-23 23:05:14.001 20383 20417 W Parcel  : Expecting binder but got null!
09-23 23:05:14.002 20383 20383 I ViewRootImpl@2e23fa5[InstrumentationActivityInvoker$EmptyActivity]: onSyncComplete
09-23 23:05:14.002 20383 20383 I ViewRootImpl@2e23fa5[InstrumentationActivityInvoker$EmptyActivity]: setupSync seqId=0 mSyncId=0 fn=1 caller=android.view.ViewRootImpl$$ExternalSyntheticLambda11.accept:6 android.window.SurfaceSyncer.lambda$setupSync$1$android-window-SurfaceSyncer:128 android.window.SurfaceSyncer$$ExternalSyntheticLambda1.accept:8 android.window.SurfaceSyncer$SyncSet.checkIfSyncIsComplete:382 android.window.SurfaceSyncer$SyncSet.markSyncReady:359 android.window.SurfaceSyncer.markSyncReady:151 android.view.ViewRootImpl.performTraversals:4503
09-23 23:05:14.003 20383 20383 I ViewRootImpl@2e23fa5[InstrumentationActivityInvoker$EmptyActivity]: reportDrawFinished seqId=0 mSyncId=-1 fn=1 mSurfaceChangedTransaction=0xb400007d7e2323d0
09-23 23:05:14.004 20383 20383 D LifecycleMonitor: Lifecycle status change: androidx.test.core.app.InstrumentationActivityInvoker$BootstrapActivity@b77f03e in: DESTROYED
09-23 23:05:14.004 20383 20383 V ActivityScenario: Activity lifecycle changed event received but ignored because the intent does not match. startActivityIntent=Intent { act=android.intent.action.MAIN cat=[android.intent.category.LAUNCHER] cmp=com.example.dogglers/.MainActivity }, activity.getIntent()=Intent { act=android.intent.action.MAIN cat=[android.intent.category.LAUNCHER] flg=0x10008000 cmp=com.example.dogglers/androidx.test.core.app.InstrumentationActivityInvoker$BootstrapActivity (has extras) }, activity=androidx.test.core.app.InstrumentationActivityInvoker$BootstrapActivity@b77f03e
09-23 23:05:14.005 20383 20383 I ViewRootImpl@2e23fa5[InstrumentationActivityInvoker$EmptyActivity]: stopped(true) old = false
09-23 23:05:14.005 20383 20383 I ViewRootImpl@2e23fa5[InstrumentationActivityInvoker$EmptyActivity]: WindowStopped on com.example.dogglers/androidx.test.core.app.InstrumentationActivityInvoker$EmptyActivity set to true
09-23 23:05:14.006 20383 20383 D LifecycleMonitor: Lifecycle status change: androidx.test.core.app.InstrumentationActivityInvoker$EmptyActivity@59b2670 in: STOPPED
09-23 23:05:14.006 20383 20383 V ActivityScenario: Activity lifecycle changed event received but ignored because the intent does not match. startActivityIntent=Intent { act=android.intent.action.MAIN cat=[android.intent.category.LAUNCHER] cmp=com.example.dogglers/.MainActivity }, activity.getIntent()=Intent { act=android.intent.action.MAIN cat=[android.intent.category.LAUNCHER] flg=0x10000000 cmp=com.example.dogglers/androidx.test.core.app.InstrumentationActivityInvoker$EmptyActivity }, activity=androidx.test.core.app.InstrumentationActivityInvoker$EmptyActivity@59b2670
09-23 23:05:14.007 20383 20383 I MSHandlerLifeCycle: removeMultiSplitHandler: no exist. decor=DecorView@2a0950f[InstrumentationActivityInvoker$EmptyActivity]
09-23 23:05:14.012 20383 20417 D OpenGLRenderer: setSurface called with nullptr
09-23 23:05:14.012 20383 20417 D OpenGLRenderer: setSurface() destroyed EGLSurface
09-23 23:05:14.012 20383 20417 D OpenGLRenderer: destroyEglSurface
09-23 23:05:14.016 20383 20383 I ViewRootImpl@2e23fa5[InstrumentationActivityInvoker$EmptyActivity]: performTraversals mFirst=false windowShouldResize=false viewVisibilityChanged=true mForceNextWindowRelayout=false params=null
09-23 23:05:14.016  1186  4410 V WindowManager: Relayout Window{f694f13 u0 com.example.dogglers/androidx.test.core.app.InstrumentationActivityInvoker$EmptyActivity}: viewVisibility=4 req=1080x2400 d0
09-23 23:05:14.017  1186  4410 V WindowManager: Relayout hash=f694f13, pid=20383, syncId=-1: mAttrs={(0,0)(fillxfill) sim={adjust=pan forwardNavigation} ty=BASE_APPLICATION wanim=0x1030001
09-23 23:05:14.017  1186  4410 V WindowManager:   fl=1810100
09-23 23:05:14.017  1186  4410 V WindowManager:   pfl=12020040
09-23 23:05:14.017  1186  4410 V WindowManager:   bhv=DEFAULT
09-23 23:05:14.017  1186  4410 V WindowManager:   fitSides= naviIconColor=0}
09-23 23:05:14.019 20383 20383 I ViewRootImpl@2e23fa5[InstrumentationActivityInvoker$EmptyActivity]: Relayout returned: old=(0,0,1080,2400) new=(0,0,1080,2400) req=(1080,2400)4 dur=3 res=0x2 s={false 0x0} ch=false seqId=0
09-23 23:05:14.023   871   871 I Layer   : id=38734 removeFromCurrentState ActivityRecord{c44e8b u0 com.example.dogglers/androidx.test.core.app.InstrumentationActivityInvoker$BootstrapActivity} t7704}#38734 (126)
09-23 23:05:14.023   871   871 I Layer   : id=38745 removeFromCurrentState com.example.dogglers/androidx.test.core.app.InstrumentationActivityInvoker$EmptyActivity$_20383#38745 (126)
09-23 23:05:14.023   871   871 I SurfaceFlinger: id=38734 Removed ActivityRecord{c44e8b u0 com.example.dogglers/androidx.test.core.app.InstrumentationActivityInvoker$BootstrapActivity} t7704}#38734 (126)
09-23 23:05:14.023   871   871 I SurfaceFlinger: id=38745 Removed com.example.dogglers/androidx.test.core.app.InstrumentationActivityInvoker$EmptyActivity$_20383#38745 (126)
09-23 23:05:14.023   871   871 I Layer   : id=38745 Destroyed com.example.dogglers/androidx.test.core.app.InstrumentationActivityInvoker$EmptyActivity$_20383#38745
09-23 23:05:14.023   871   871 I Layer   : id=38734 Destroyed ActivityRecord{c44e8b u0 com.example.dogglers/androidx.test.core.app.InstrumentationActivityInvoker$BootstrapActivity} t7704}#38734
09-23 23:05:14.023  1186  2162 D InputDispatcher: Focused application(0): ActivityRecord{4853918 u0 com.sec.android.app.launcher/.activities.LauncherActivity} t7609}
09-23 23:05:14.026  2080  2080 I ViewRootImpl@782dd03[LauncherActivity]: handleAppVisibility mAppVisible = false visible = true
09-23 23:05:14.028  2080  2080 I ViewRootImpl@782dd03[LauncherActivity]: stopped(false) old = true
09-23 23:05:14.028  2080  2080 I ViewRootImpl@782dd03[LauncherActivity]: WindowStopped on com.sec.android.app.launcher/com.sec.android.app.launcher.activities.LauncherActivity set to false
09-23 23:05:14.029  2080  2080 I Launcher: !@Boot_DEBUG: Launcher.onStart()
09-23 23:05:14.029  2080  2080 I Launcher: !@Boot_EBS_D: Launcher.onStart()
09-23 23:05:14.029  2080  2080 I BaseActivity: addActivityFlags, flags : 1
09-23 23:05:14.030  2080  2080 W LauncherAppWidgetHost: setShouldListenFlag, mFlags:2 flag:start on:true isFront:false
09-23 23:05:14.030  2080  2080 W Launcher: onStart isListening : false isLoading false
09-23 23:05:14.032  1186  1232 D PersonaActivityHelper: Activity not in resumed state, do not run immediate lock
09-23 23:05:14.032  2080  2080 I MSHandlerLifeCycle: removeMultiSplitHandler: no exist. decor=DecorView@71ff488[LauncherActivity]
09-23 23:05:14.032  2080  2080 I ViewRootImpl@782dd03[LauncherActivity]: stopped(false) old = false
09-23 23:05:14.032  2080  2080 I Launcher: !@Boot_DEBUG: Launcher.onResume()
09-23 23:05:14.033  2080  2080 I Launcher: !@Boot_EBS_D: Launcher.onResume()
09-23 23:05:14.033  2080  2080 I BaseActivity: addActivityFlags, flags : 18
09-23 23:05:14.033  2080  2080 I BaseActivity: removeActivityFlags, flags : 32
09-23 23:05:14.033  2080  2080 I AppsSearchBar: restoreCurrentCellLayoutAlpha: null
09-23 23:05:14.033  2080  2080 W SearchLauncherServiceMover: isMoving : false
09-23 23:05:14.034   769   769 W Zygote  : forkRepeatedly terminated due to non-simple command
09-23 23:05:14.034   769   769 D Zygote  : mbuffer starts with 18, nice name is , mEnd = 1043, mNext = 36, mLinesLeft = 16, mFd = 6
09-23 23:05:14.034 19252 19252 I BSS_SysUiManager: handleMessage = 9, 3, 7609
09-23 23:05:14.034 19252 19252 I BSS_SysUiManager: handleMessage = 9, 4, 7704
09-23 23:05:14.034 19252 19252 I BSS_SysUiManager: handleMessage = 9, 4, 7609
09-23 23:05:14.034  2080  2080 I DecorView: notifyKeepScreenOnChanged: keepScreenOn=false
09-23 23:05:14.035  2080  2080 I Launcher: setWallpaperOffsets
09-23 23:05:14.036 20383 20383 I ViewRootImpl@2e23fa5[InstrumentationActivityInvoker$EmptyActivity]: handleAppVisibility mAppVisible = true visible = false
09-23 23:05:14.036  2080  5454 I Launcher: DisplayMetrics from Resources : DisplayMetrics{density=2.8125, width=1080, height=2320, scaledDensity=3.09375, xdpi=409.432, ydpi=411.891}
09-23 23:05:14.036  2080  5454 I Launcher: realMetrics from Wm : DisplayMetrics{density=2.8125, width=1080, height=2400, scaledDensity=2.8125, xdpi=409.432, ydpi=411.891}
09-23 23:05:14.038 20383 20383 D LifecycleMonitor: Lifecycle status change: androidx.test.core.app.InstrumentationActivityInvoker$EmptyActivity@6316d3c in: DESTROYED
09-23 23:05:14.038   769   769 I Zygote  : Entering forkRepeatedly native zygote loop
09-23 23:05:14.039 20383 20383 V ActivityScenario: Activity lifecycle changed event received but ignored because the intent does not match. startActivityIntent=Intent { act=android.intent.action.MAIN cat=[android.intent.category.LAUNCHER] cmp=com.example.dogglers/.MainActivity }, activity.getIntent()=Intent { act=android.intent.action.MAIN cat=[android.intent.category.LAUNCHER] flg=0x10000000 cmp=com.example.dogglers/androidx.test.core.app.InstrumentationActivityInvoker$EmptyActivity }, activity=androidx.test.core.app.InstrumentationActivityInvoker$EmptyActivity@6316d3c
09-23 23:05:14.040 22590 22590 I dnca    : onStart
09-23 23:05:14.040  2633  2633 E pageboostd: Received HALT command code 2
