09-23 23:05:43.108 20383 20383 I BLASTBufferQueue: update, w= 1080 h= 2400 mName = ViewRootImpl@5d88566[MainActivity] mNativeObject= 0xb400007dbe228f30 sc.mNativeObject= 0xb400007d4e264750 format= -1 caller= android.graphics.BLASTBufferQueue.<init>:84 android.view.ViewRootImpl.updateBlastSurfaceIfNeeded:2909 android.view.ViewRootImpl.relayoutWindow:9847 android.view.ViewRootImpl.performTraversals:3884 android.view.ViewRootImpl.doTraversal:3116 android.view.ViewRootImpl$TraversalRunnable.run:10885
09-23 23:05:43.109 20383 20383 I ViewRootImpl@5d88566[MainActivity]: Relayout returned: old=(0,0,1080,2400) new=(0,0,1080,2400) req=(1080,2400)0 dur=21 res=0x3 s={true 0xb400007e4e2a6410} ch=true seqId=0
09-23 23:05:43.109  3164 18324 D ActivityAttributionService: notifyActivityAttributionInfo UID=1002 packageName=com.android.bluetooth deviceAddress=no_active_device_address
09-23 23:05:43.109   839   839 I sysinput:Touch: writeInformation:249, OK
09-23 23:05:43.109  1602  1602 I FaceWidgetPositionAlgorithm: getMediaContainerHeight() supplier = 0
09-23 23:05:43.110  1602  1602 I FaceWidgetPositionAlgorithm: getClockContainerHeight() supplier = 290, bottom margin = 0, real height = 358
09-23 23:05:43.110 20383 20383 I ViewRootImpl@5d88566[MainActivity]: mThreadedRenderer.initialize() mSurface={isValid=true 0xb400007e4e2a6410} hwInitialized=true
09-23 23:05:43.110 20383 20417 D OpenGLRenderer: eglCreateWindowSurface
09-23 23:05:43.110  1602  1602 I FaceWidgetPositionAlgorithm: getClockContainerHeight() supplier = 290, bottom margin = 68, real height = 358
09-23 23:05:43.110  1602  1602 I FaceWidgetPositionAlgorithm: getMediaContainerHeight() height = 241 container Visibility = 8, isValid = false, mIsDozing = false, fraction = 1.0, source = 0, target = 0
09-23 23:05:43.110  1602  1602 I FaceWidgetPositionAlgorithm: getMediaContainerHeight() supplier = 0
09-23 23:05:43.110  1602  1602 I FaceWidgetPositionAlgorithm: getClockContainerHeight() supplier = 290, bottom margin = 0, real height = 358
09-23 23:05:43.111 20383 20383 I ViewRootImpl@5d88566[MainActivity]: reportNextDraw android.view.ViewRootImpl.performTraversals:4438 android.view.ViewRootImpl.doTraversal:3116 android.view.ViewRootImpl$TraversalRunnable.run:10885 android.view.Choreographer$CallbackRecord.run:1301 android.view.Choreographer$CallbackRecord.run:1309
09-23 23:05:43.111 20383 20383 I ViewRootImpl@5d88566[MainActivity]: Setup new sync id=1
09-23 23:05:43.111 20383 20383 I ViewRootImpl@5d88566[MainActivity]: Setting syncFrameCallback
09-23 23:05:43.111 20383 20383 I ViewRootImpl@5d88566[MainActivity]: registerCallbacksForSync syncBuffer=false
09-23 23:05:43.116   871   871 I Layer   : id=38683 removeFromCurrentState NotificationShade$_1602#38683 (137)
09-23 23:05:43.117   871   871 I SurfaceFlinger: [5c1aa5d NotificationShade#73] FrameRatePriority: -1
09-23 23:05:43.117   871   871 D SurfaceFlinger: [input] inputWindowCommands.focusRequests size is 1
09-23 23:05:43.117 19252 19270 I BSS_InDisplaySensorHelper: HBM=0
09-23 23:05:43.117   871   871 I Layer   : id=38684 removeFromCurrentState Surface(name=1bd1a64 StatusBar)/@0x43c3355 - animation-leash of insets_animation#38684 (137)
09-23 23:05:43.117   871   871 I Layer   : id=38685 removeFromCurrentState Surface(name=dd7eda7 NavigationBar0)/@0x5d9afd1 - animation-leash of insets_animation#38685 (137)
09-23 23:05:43.117   871   871 I SurfaceFlinger: [764ff6c com.example.dogglers/com.example.dogglers.MainActivity#38753] FrameRatePriority: 1
09-23 23:05:43.117  1186  1484 D SysinputHAL_V1_3(V1_2): runTspCmdNoRead(1): fod_enable,0(0)
09-23 23:05:43.118   871   871 I SurfaceFlinger: id=38755 Removed FP Maskview$_19252#38755 (137)
09-23 23:05:43.118  1602  1602 D KeyguardSecIndicationController: changeBiometricErrorIndication =
09-23 23:05:43.118   871   871 I SurfaceFlinger: id=38683 Removed NotificationShade$_1602#38683 (137)
09-23 23:05:43.118  1602  1602 I ResourceType: [SWT] Success lookup value directly, data = 0x010607cc
09-23 23:05:43.118 20383 20438 I ViewRootImpl@5d88566[MainActivity]: Received frameDrawingCallback syncResult=0 frameNum=1.
09-23 23:05:43.118 20383 20438 I ViewRootImpl@5d88566[MainActivity]: Setting up sync and frameCommitCallback
09-23 23:05:43.118  1602  1602 I ResourceType: [SWT] Success lookup value directly, data = 0x010607cc
09-23 23:05:43.118  1602  1602 I ResourceType: [SWT] Success lookup value directly, data = 0x010607cc
09-23 23:05:43.118  1602  1602 I ResourceType: [SWT] Success lookup value directly, data = 0x010607cc
09-23 23:05:43.118  1602  1602 I ViewRootImpl@4a3744d[NotificationShade]: Setup new sync id=1213
09-23 23:05:43.118  1602  1602 I ViewRootImpl@4a3744d[NotificationShade]: Setting syncFrameCallback
09-23 23:05:43.118  1602  1602 I ViewRootImpl@4a3744d[NotificationShade]: onSyncComplete
09-23 23:05:43.119  1602  1602 I ViewRootImpl@4a3744d[NotificationShade]: setupSync seqId=6 mSyncId=1213 fn=3 caller=android.view.ViewRootImpl$$ExternalSyntheticLambda11.accept:6 android.window.SurfaceSyncer.lambda$setupSync$1$android-window-SurfaceSyncer:128 android.window.SurfaceSyncer$$ExternalSyntheticLambda1.accept:8 android.window.SurfaceSyncer$SyncSet.checkIfSyncIsComplete:382 android.window.SurfaceSyncer$SyncSet.markSyncReady:359 android.window.SurfaceSyncer.markSyncReady:151 android.view.ViewRootImpl.performTraversals:4503
09-23 23:05:43.119   871   871 I Layer   : id=38755 Destroyed FP Maskview$_19252#38755
09-23 23:05:43.120   871   871 I Layer   : id=38756 Destroyed Bounds for - FP Maskview@0#38756
09-23 23:05:43.120  1602  1602 I ViewRootImpl@990bbf8[NavigationBar0]: performTraversals params={(0,0)(fillx135) gr=BOTTOM CENTER_VERTICAL sim={adjust=pan} layoutInDisplayCutoutMode=always ty=NAVIGATION_BAR fmt=TRANSLUCENT wanim=0x7f14000f receive insets ignoring z-order
09-23 23:05:43.120  1602  1602 I ViewRootImpl@990bbf8[NavigationBar0]:   fl=20840068
09-23 23:05:43.120  1602  1602 I ViewRootImpl@990bbf8[NavigationBar0]:   pfl=33002000
09-23 23:05:43.120  1602  1602 I ViewRootImpl@990bbf8[NavigationBar0]:   bhv=DEFAULT
09-23 23:05:43.120  1602  1602 I ViewRootImpl@990bbf8[NavigationBar0]:  providedInternalInsets=null Insets{left=0, top=135, right=0, bottom=0} null null null null null null null null null null null null null null null null null null null null null null
09-23 23:05:43.120  1602  1602 I ViewRootImpl@990bbf8[NavigationBar0]:   paramsForRotation=
09-23 23:05:43.120  1602  1602 I ViewRootImpl@990bbf8[NavigationBar0]:   rot[0]={(0,0)(fillx135) gr=BOTTOM CENTER_VERTICAL layoutInDisplayCutoutMode=always ty=NAVIGATION_BAR fmt=TRANSLUCENT receive insets ignoring z-order
09-23 23:05:43.120  1602  1602 I ViewRootImpl@990bbf8[NavigationBar0]:   fl=20840068
09-23 23:05:43.120  1602  1602 I ViewRootImpl@990bbf8[NavigationBar0]:   pfl=31002000
09-23 23:05:43.120  1602  1602 I ViewRootImpl@990bbf8[NavigationBar0]:   bhv=DEFAULT
09-23 23:05:43.120  1602  1602 I ViewRootImpl@990bbf8[NavigationBar0]:  providedInternalInsets=null Insets{left=0, top=135, right=0, bottom=0} null null null null null null null null null null null null null null null null null null null null null null naviIconColor=0}
09-23 23:05:43.120  1602  1602 I ViewRootImpl@990bbf8[NavigationBar0]:   rot[1]={(0,0)(fillx135) gr=BOTTOM CENTER_VERTICAL layoutInDisplayCutoutMode=always ty=NAVIGATION_BAR fmt=TRANSLUCENT receive insets ignoring z-order
09-23 23:05:43.120  1602  1602 I ViewRootImpl@990bbf8[NavigationBar0]:   fl=20840068
09-23 23:05:43.120  1602  1602 I ViewRootImpl@990bbf8[NavigationBar0]:   pfl=31002000
09-23 23:05:43.120  1602  1602 I ViewRootImpl@990bbf8[NavigationBar0]:   bhv=DEFAULT
09-23 23:05:43.120  1602  1602 I ViewRootImpl@990bbf8[NavigationBar0]:  providedInternalInsets=null Insets{left=0, top=135, right=0, bottom=0} null null null null null null null null null null null null null null null null null null null null null null naviIconColor=0}
09-23 23:05:43.120  1602  1602 I ViewRootImpl@990bbf8[NavigationBar0]:   rot[2]={(0,0)(fillx135) gr=BOTTOM CENTER_VERTICAL layoutInDisplayCutoutMode=always ty=NAVIGATION_BAR fmt=TRANSLUCENT receive insets ignoring z-order
09-23 23:05:43.120  1602  1602 I ViewRootImpl@990bbf8[NavigationBar0]:   fl=20840068
09-23 23:05:43.120  1602  1602 I ViewRootImpl@990bbf8[NavigationBar0]:   pfl=31002000
09-23 23:05:43.120  1602  1602 I ViewRootImpl@990bbf8[NavigationBar0]:   bhv=DEFAULT
09-23 23:05:43.120  1602  1602 I ViewRootImpl@990bbf8[NavigationBar0]:  providedInternalInsets=null Insets{left=0, top=135, right=0, bottom=0} null null null null null null null null null null null null null null null null null null null null null null naviIconColor=0}
09-23 23:05:43.120  1602  1602 I ViewRootImpl@990bbf8[NavigationBar0]:   rot[3]={(0,0)(fillx135) gr=BOTTOM CENTER_VERTICAL layoutInDisplayCutoutMode=always ty=NAVIGATION_BAR fmt=TRANSLUCENT receive insets ignoring z-order
09-23 23:05:43.120  1602  1602 I ViewRootImpl@990bbf8[NavigationBar0]:   fl=20840068
09-23 23:05:43.120  1602  1602 I ViewRootImpl@990bbf8[NavigationBar0]:   pfl=31002000
09-23 23:05:43.120  1602  1602 I ViewRootImpl@990bbf8[NavigationBar0]:   bhv=DEFAULT
09-23 23:05:43.120  1602  1602 I ViewRootImpl@990bbf8[NavigationBar0]:  providedInternalInsets=null Insets{left=0, top=135, right=0, bottom=0} null null null null null null null null null null null null null null null null null null null null null null naviIconColor=0} naviIconColor=0}
09-23 23:05:43.121  1186  4136 D InputTransport: Input channel constructed: '6870ca8', fd=987
09-23 23:05:43.121  1186  4136 D InputTransport: Input channel constructed: '6870ca8', fd=989
09-23 23:05:43.121  1186  4136 D InputTransport: Input channel constructed: '6870ca8', fd=990
09-23 23:05:43.122 20383 20417 I BLASTBufferQueue: [ViewRootImpl@5d88566[MainActivity]#13](f:0,a:0) onFrameAvailable the first frame is available
09-23 23:05:43.122 20383 20417 I ViewRootImpl@5d88566[MainActivity]: Received frameCommittedCallback lastAttemptedDrawFrameNum=1 didProduceBuffer=true
09-23 23:05:43.122   871   965 D SurfaceFlinger: [input] setFocusedWindow: <null>
09-23 23:05:43.122 20383 20383 I ViewRootImpl@5d88566[MainActivity]: onSyncComplete
09-23 23:05:43.122  1186  1578 D InputDispatcher: Focus request (0): <null> but waiting because NOT_FOCUSABLE
09-23 23:05:43.122  1186  1578 D InputDispatcher: Focus left window (0): 5c1aa5d NotificationShade
09-23 23:05:43.123 20383 20383 I ViewRootImpl@5d88566[MainActivity]: setupSync seqId=0 mSyncId=1 fn=1 caller=android.view.ViewRootImpl$$ExternalSyntheticLambda11.accept:6 android.window.SurfaceSyncer.lambda$setupSync$1$android-window-SurfaceSyncer:128 android.window.SurfaceSyncer$$ExternalSyntheticLambda1.accept:8 android.window.SurfaceSyncer$SyncSet.checkIfSyncIsComplete:382 android.window.SurfaceSyncer$SyncSet.markSyncReady:359 android.window.SurfaceSyncer.markSyncReady:151 android.view.ViewRootImpl.performTraversals:4503
09-23 23:05:43.123 20383 20383 I ViewRootImpl@5d88566[MainActivity]: reportDrawFinished seqId=0 mSyncId=-1 fn=1 mSurfaceChangedTransaction=0xb400007d7e23cdb0
09-23 23:05:43.123  1602  1602 I ViewRootImpl@990bbf8[NavigationBar0]: performTraversals mFirst=false windowShouldResize=false viewVisibilityChanged=false mForceNextWindowRelayout=false params={(0,0)(fillx135) gr=BOTTOM CENTER_VERTICAL sim={adjust=pan} layoutInDisplayCutoutMode=always ty=NAVIGATION_BAR fmt=TRANSLUCENT wanim=0x7f14000f receive insets ignoring z-order
09-23 23:05:43.123  1602  1602 I ViewRootImpl@990bbf8[NavigationBar0]:   fl=20840068
09-23 23:05:43.123  1602  1602 I ViewRootImpl@990bbf8[NavigationBar0]:   pfl=33002000
09-23 23:05:43.123  1602  1602 I ViewRootImpl@990bbf8[NavigationBar0]:   bhv=DEFAULT
09-23 23:05:43.123  1602  1602 I ViewRootImpl@990bbf8[NavigationBar0]:  providedInternalInsets=null Insets{left=0, top=135, right=0, bottom=0} null null null null null null null null null null null null null null null null null null null null null null
09-23 23:05:43.123  1602  1602 I ViewRootImpl@990bbf8[NavigationBar0]:   paramsForRotation=
09-23 23:05:43.123  1602  1602 I ViewRootImpl@990bbf8[NavigationBar0]:   rot[0]={(0,0)(fillx135) gr=BOTTOM CENTER_VERTICAL layoutInDisplayCutoutMode=always ty=NAVIGATION_BAR fmt=TRANSLUCENT receive insets ignoring z-order
09-23 23:05:43.123  1602  1602 I ViewRootImpl@990bbf8[NavigationBar0]:   fl=20840068
09-23 23:05:43.123  1602  1602 I ViewRootImpl@990bbf8[NavigationBar0]:   pfl=31002000
09-23 23:05:43.123  1602  1602 I ViewRootImpl@990bbf8[NavigationBar0]:   bhv=DEFAULT
09-23 23:05:43.123  1602  1602 I ViewRootImpl@990bbf8[NavigationBar0]:  providedInternalInsets=null Insets{left=0, top=135, right=0, bottom=0} null null null null null null null null null null null null null null null null null null null null null null naviIconColor=0}
09-23 23:05:43.123  1602  1602 I ViewRootImpl@990bbf8[NavigationBar0]:   rot[1]={(0,0)(fillx135) gr=BOTTOM CENTER_VERTICAL layoutInDisplayCutoutMode=always ty=NAVIGATION_BAR fmt=TRANSLUCENT receive insets ignoring z-order
09-23 23:05:43.123  1602  1602 I ViewRootImpl@990bbf8[NavigationBar0]:   fl=20840068
09-23 23:05:43.123  1602  1602 I ViewRootImpl@990bbf8[NavigationBar0]:   pfl=31002000
09-23 23:05:43.123  1602  1602 I ViewRootImpl@990bbf8[NavigationBar0]:   bhv=DEFAULT
09-23 23:05:43.123  1602  1602 I ViewRootImpl@990bbf8[NavigationBar0]:  providedInternalInsets=null Insets{left=0, top=135, right=0, bottom=0} null null null null null null null null null null null null null null null null null null null null null null naviIconColor=0}
09-23 23:05:43.123  1602  1602 I ViewRootImpl@990bbf8[NavigationBar0]:   rot[2]={(0,0)(fillx135) gr=BOTTOM CENTER_VERTICAL layoutInDisplayCutoutMode=always ty=NAVIGATION_BAR fmt=TRANSLUCENT receive insets ignoring z-order
09-23 23:05:43.123  1602  1602 I ViewRootImpl@990bbf8[NavigationBar0]:   fl=20840068
09-23 23:05:43.123  1602  1602 I ViewRootImpl@990bbf8[NavigationBar0]:   pfl=31002000
09-23 23:05:43.123  1602  1602 I ViewRootImpl@990bbf8[NavigationBar0]:   bhv=DEFAULT
09-23 23:05:43.123  1602  1602 I ViewRootImpl@990bbf8[NavigationBar0]:  providedInternalInsets=null Insets{left=0, top=135, right=0, bottom=0} null null null null null null null null null null null null null null null null null null null null null null naviIconColor=0}
09-23 23:05:43.123  1602  1602 I ViewRootImpl@990bbf8[NavigationBar0]:   rot[3]={(0,0)(fillx135) gr=BOTTOM CENTER_VERTICAL layoutInDisplayCutoutMode=always ty=NAVIGATION_BAR fmt=TRANSLUCENT receive insets ignoring z-order
09-23 23:05:43.123  1602  1602 I ViewRootImpl@990bbf8[NavigationBar0]:   fl=20840068
09-23 23:05:43.123  1602  1602 I ViewRootImpl@990bbf8[NavigationBar0]:   pfl=31002000
09-23 23:05:43.123  1602  1602 I ViewRootImpl@990bbf8[NavigationBar0]:   bhv=DEFAULT
09-23 23:05:43.123  1602  1602 I ViewRootImpl@990bbf8[NavigationBar0]:  providedInternalInsets=null Insets{left=0, top=135, right=0, bottom=0} null null null null null null null null null null null null null null null null null null null null null null naviIconColor=0} naviIconColor=0}
09-23 23:05:43.124   871   871 I Layer   : id=38683 Destroyed NotificationShade$_1602#38683
09-23 23:05:43.124 20383 20383 D InsetsController: onStateChanged: InsetsState: {mDisplayFrame=Rect(0, 0 - 1080, 2400), mDisplayCutout=DisplayCutout{insets=Rect(0, 80 - 0, 0) waterfall=Insets{left=0, top=0, right=0, bottom=0} boundingRect={Bounds=[Rect(0, 0 - 0, 0), Rect(468, 0 - 612, 80), Rect(0, 0 - 0, 0), Rect(0, 0 - 0, 0)]} cutoutPathParserInfo={CutoutPathParserInfo{displayWidth=1080 displayHeight=2400 physicalDisplayWidth=1080 physicalDisplayHeight=2400 density={2.8125} cutoutSpec={M 0,0 H -25.6 V 28.44444444444444 H 25.6 V 0 H 0 Z @dp} rotation={0} scale={1.0} physicalPixelDisplaySizeRatio={1.0}}}}, mRoundedCorners=RoundedCorners{[RoundedCorner{position=TopLeft, radius=90, center=Point(90, 90)}, RoundedCorner{position=TopRight, radius=90, center=Point(990, 90)}, RoundedCorner{position=BottomRight, radius=90, center=Point(990, 2310)}, RoundedCorner{position=BottomLeft, radius=90, center=Point(90, 2310)}]}  mRoundedCornerFrame=Rect(0, 0 - 1080, 2400), mPrivacyIndicatorBounds=PrivacyIndicatorBounds {static bounds=Rect(956, 0 - 1080, 80) rotation=0}, mSources= { InsetsSource: {mType=ITYPE_STATUS_BAR, mFrame=[0,0][1080,80], mVisible=true, mInsetsRoundedCornerFrame=false}, InsetsSource: {mType=ITYPE_NAVIGATION_BAR, mFrame=[0,2400][1080,2400], mVisible=false, mInsetsRoundedCornerFrame=false}, InsetsSource: {mType=ITYPE_LEFT_GESTURES, mFrame=[0,0][67,2400], mVisible=true, mInsetsRoundedCornerFrame=false}, InsetsSource: {mType=ITYPE_RIGHT_GESTURES, mFrame=[1013,0][1080,2400], mVisible=true, mInsetsRoundedCornerFrame=false}, InsetsSource: {mType=ITYPE_TOP_MANDATORY_GESTURES, mFrame=[0,0][1080,114], mVisible=true, mInsetsRoundedCornerFrame=false}, InsetsSource: {mType=ITYPE_BOTTOM_MANDATORY_GESTURES, mFrame=[0,2344][1080,2400], mVisible=true, mInsetsRoundedCornerFrame=false}, InsetsSource: {mType=ITYPE_LEFT_DISPLAY_CUTOUT, mFrame=[0,0][-100000,2400], mVisible=true, mInsetsRoundedCornerFrame=false}, InsetsSource: {mType=ITYPE_TOP_DISPLAY_CUTOUT, mFrame=[0,0][1080,80], mVisible=true, mInsetsRoundedCornerFrame=false}, InsetsSource: {mType=ITYPE_RIGHT_DISPLAY_CUTOUT, mFrame=[100000,0][1080,2400], mVisible=true, mInsetsRoundedCornerFrame=false}, InsetsSource: {mType=ITYPE_BOTTOM_DISPLAY_CUTOUT, mFrame=[0,100000][1080,2400], mVisible=true, mInsetsRoundedCornerFrame=false}, InsetsSource: {mType=ITYPE_TOP_TAPPABLE_ELEMENT, mFrame=[0,0][1080,80], mVisible=true, mInsetsRoundedCornerFrame=false}, InsetsSource: {mType=ITYPE_BOTTOM_TAPPABLE_ELEMENT, mFrame=[0,0][0,0], mVisible=true, mInsetsRoundedCornerFrame=false} } host=com.example.dogglers/com.example.dogglers.MainActivity from=android.view.ViewRootImpl$ViewRootHandler.handleMessageImpl:6740
09-23 23:05:43.129   871  1064 I SurfaceFlinger: id=38768 createSurf flag=80004, 6870ca8 Splash Screen com.example.dogglers#38768
09-23 23:05:43.129 20383 20383 D InsetsController: controlAnimationUnchecked: Added types=2 animType=0 host=com.example.dogglers/com.example.dogglers.MainActivity from=android.view.InsetsController.applyAnimation:1576 android.view.InsetsController.applyAnimation:1557 android.view.InsetsController.onControlsChanged:992
09-23 23:05:43.130   871   871 D SurfaceFlinger: Display 4633128672291735932 HWC layers:
09-23 23:05:43.130   871   871 D SurfaceFlinger:      DEVICE | 0xb400007cb2d2f990 | 0100 | RGBA_8888    |    0.0    0.0 1080.0   80.0 |    0    0 1080   80 | StatusBar$_1602#90
09-23 23:05:43.130   871   871 D SurfaceFlinger:      DEVICE | 0xb400007cb2d2b8d0 | 0100 | RGBA_8888    |    0.0    0.0 1080.0 2400.0 |    0    0 1080 2400 | SurfaceView[FP Iconview]@0(BLAST)#38763
09-23 23:05:43.130   871   871 D SurfaceFlinger:      DEVICE | 0xb400007cb2d375d0 | 0140 | RGBA_8888    |    6.0    6.0 1086.0 2406.0 |    0    0 1080 2400 | FP Iconview$_19252#38760
09-23 23:05:43.130   871   871 D SurfaceFlinger:
09-23 23:05:43.131  1186  4136 D InputTransport: Input channel destroyed: '6870ca8', fd=990
09-23 23:05:43.133  1602  1659 D InsetsController: onStateChanged: InsetsState: {mDisplayFrame=Rect(0, 0 - 1080, 2400), mDisplayCutout=DisplayCutout{insets=Rect(0, 80 - 0, 0) waterfall=Insets{left=0, top=0, right=0, bottom=0} boundingRect={Bounds=[Rect(0, 0 - 0, 0), Rect(468, 0 - 612, 80), Rect(0, 0 - 0, 0), Rect(0, 0 - 0, 0)]} cutoutPathParserInfo={CutoutPathParserInfo{displayWidth=1080 displayHeight=2400 physicalDisplayWidth=1080 physicalDisplayHeight=2400 density={2.8125} cutoutSpec={M 0,0 H -25.6 V 28.44444444444444 H 25.6 V 0 H 0 Z @dp} rotation={0} scale={1.0} physicalPixelDisplaySizeRatio={1.0}}}}, mRoundedCorners=RoundedCorners{[RoundedCorner{position=TopLeft, radius=90, center=Point(90, 90)}, RoundedCorner{position=TopRight, radius=90, center=Point(990, 90)}, RoundedCorner{position=BottomRight, radius=90, center=Point(990, 2310)}, RoundedCorner{position=BottomLeft, radius=90, center=Point(90, 2310)}]}  mRoundedCornerFrame=Rect(0, 0 - 1080, 2400), mPrivacyIndicatorBounds=PrivacyIndicatorBounds {static bounds=Rect(956, 0 - 1080, 80) rotation=0}, mSources= { InsetsSource: {mType=ITYPE_STATUS_BAR, mFrame=[0,0][1080,80], mVisible=true, mInsetsRoundedCornerFrame=false}, InsetsSource: {mType=ITYPE_NAVIGATION_BAR, mFrame=[0,2400][1080,2400], mVisible=true, mInsetsRoundedCornerFrame=false}, InsetsSource: {mType=ITYPE_LEFT_GESTURES, mFrame=[0,0][67,2400], mVisible=true, mInsetsRoundedCornerFrame=false}, InsetsSource: {mType=ITYPE_RIGHT_GESTURES, mFrame=[1013,0][1080,2400], mVisible=true, mInsetsRoundedCornerFrame=false}, InsetsSource: {mType=ITYPE_TOP_MANDATORY_GESTURES, mFrame=[0,0][1080,114], mVisible=true, mInsetsRoundedCornerFrame=false}, InsetsSource: {mType=ITYPE_BOTTOM_MANDATORY_GESTURES, mFrame=[0,2344][1080,2400], mVisible=true, mInsetsRoundedCornerFrame=false}, InsetsSource: {mType=ITYPE_LEFT_DISPLAY_CUTOUT, mFrame=[0,0][-100000,2400], mVisible=true, mInsetsRoundedCornerFrame=false}, InsetsSource: {mType=ITYPE_TOP_DISPLAY_CUTOUT, mFrame=[0,0][1080,80], mVisible=true, mInsetsRoundedCornerFrame=false}, InsetsSource: {mType=ITYPE_RIGHT_DISPLAY_CUTOUT, mFrame=[100000,0][1080,2400], mVisible=true, mInsetsRoundedCornerFrame=false}, InsetsSource: {mType=ITYPE_BOTTOM_DISPLAY_CUTOUT, mFrame=[0,100000][1080,2400], mVisible=true, mInsetsRoundedCornerFrame=false}, InsetsSource: {mType=ITYPE_TOP_TAPPABLE_ELEMENT, mFrame=[0,0][1080,80], mVisible=true, mInsetsRoundedCornerFrame=false}, InsetsSource: {mType=ITYPE_BOTTOM_TAPPABLE_ELEMENT, mFrame=[0,0][0,0], mVisible=true, mInsetsRoundedCornerFrame=false} } host=Splash Screen com.example.dogglers from=android.view.ViewRootImpl.setView:1732
09-23 23:05:43.134  1186  1277 D AnalyticsContainerHandler: handleMessage : { when=0 what=1 target=com.android.server.knox.KnoxAnalyticsContainer$AnalyticsHandler }
09-23 23:05:43.136  1602  1659 I ViewRootImpl@a9c96b5[dogglers]: setView = android.widget.FrameLayout@e313597 TM=true
09-23 23:05:43.137  1602  1659 I ViewRootImpl@a9c96b5[dogglers]: performTraversals params={(0,0)(fillxfill) sim={adjust=pan} ty=APPLICATION_STARTING fmt=TRANSLUCENT wanim=0x1030309
09-23 23:05:43.137  1602  1659 I ViewRootImpl@a9c96b5[dogglers]:   fl=81030118
09-23 23:05:43.137  1602  1659 I ViewRootImpl@a9c96b5[dogglers]:   pfl=16000010
09-23 23:05:43.137  1602  1659 I ViewRootImpl@a9c96b5[dogglers]:   bhv=DEFAULT
09-23 23:05:43.137  1602  1659 I ViewRootImpl@a9c96b5[dogglers]:   fitSides= naviIconColor=0}
09-23 23:05:43.137  1602  1659 I ViewRootImpl@a9c96b5[dogglers]: performTraversals mFirst=true windowShouldResize=true viewVisibilityChanged=false mForceNextWindowRelayout=false params={(0,0)(fillxfill) sim={adjust=pan} ty=APPLICATION_STARTING fmt=TRANSLUCENT wanim=0x1030309
09-23 23:05:43.137  1602  1659 I ViewRootImpl@a9c96b5[dogglers]:   fl=81030118
09-23 23:05:43.137  1602  1659 I ViewRootImpl@a9c96b5[dogglers]:   pfl=16000010
09-23 23:05:43.137  1602  1659 I ViewRootImpl@a9c96b5[dogglers]:   bhv=DEFAULT
09-23 23:05:43.137  1602  1659 I ViewRootImpl@a9c96b5[dogglers]:   fitSides= naviIconColor=0}
09-23 23:05:43.137 19252 19252 I BSS_SysUiManager: handleMessage = 7, 500, 0
09-23 23:05:43.137 19252 19252 I BSS_AlphaMaskWindow: handleLightSource false
09-23 23:05:43.137 19252 19252 I SurfaceView@508258d: Locking canvas... stopped=true, surfaceControl=null
09-23 23:05:43.137 19252 19252 I SurfaceView@508258d: Returned canvas: null
09-23 23:05:43.138  1186  2620 I MediaSessionMonitor: Media session stopped : controllerList empty
09-23 23:05:43.138  1186  2355 V WindowManager: Relayout Window{dd7eda7 u0 NavigationBar0}: viewVisibility=0 req=1080x135 d0
09-23 23:05:43.138   871   871 D SurfaceFlinger: [input] inputWindowCommands.focusRequests size is 1
09-23 23:05:43.139   871   965 D SurfaceFlinger: [input] setFocusedWindow: 764ff6c com.example.dogglers/com.example.dogglers.MainActivity
09-23 23:05:43.140  1186  1771 D InputDispatcher: Focus request (0): 764ff6c com.example.dogglers/com.example.dogglers.MainActivity but waiting because NOT_VISIBLE
09-23 23:05:43.141   822 20663 I Sec MiscPowerHAL: !@sysfs_write -: /sys/class/sec/tsp/input/enabled: 1
09-23 23:05:43.142  1575  1691 D PhoneInterfaceManager: setDataEnabledForReason() Reason=1 Pid=1186 App=system
09-23 23:05:43.143  1602  3957 I ViewRootImpl@5aa185a[StatusBar]: Resizing android.view.ViewRootImpl@6e16026: frame = [0,0][1080,80] reportDraw = false forceLayout = false syncSeqId = 30
09-23 23:05:43.143 19252 20002 I ViewRootImpl@8044f53[FP Iconview]: Resizing android.view.ViewRootImpl@9a9d89a: frame = [0,0][1080,2400] reportDraw = false forceLayout = false syncSeqId = 0
09-23 23:05:43.144  1602  1872 I ViewRootImpl@a9c96b5[dogglers]: Resizing android.view.ViewRootImpl@3120384: frame = [0,0][1080,2400] reportDraw = false forceLayout = false syncSeqId = 0
09-23 23:05:43.144  1602  2439 I ViewRootImpl@990bbf8[NavigationBar0]: Resizing android.view.ViewRootImpl@8fd210d: frame = [0,2265][1080,2400] reportDraw = false forceLayout = false syncSeqId = 28
09-23 23:05:43.145 20383 20404 I ViewRootImpl@5d88566[MainActivity]: Resizing android.view.ViewRootImpl@85791f2: frame = [0,0][1080,2400] reportDraw = true forceLayout = false syncSeqId = 0
09-23 23:05:43.145  3164  3330 I BluetoothAdapter: STATE_BLE_ON
09-23 23:05:43.145  1186  2288 V WindowManager: Relayout Window{6870ca8 u0 Splash Screen com.example.dogglers}: viewVisibility=0 req=1080x2400 d0
09-23 23:05:43.146 20383 20383 D InsetsController: onStateChanged: InsetsState: {mDisplayFrame=Rect(0, 0 - 1080, 2400), mDisplayCutout=DisplayCutout{insets=Rect(0, 80 - 0, 0) waterfall=Insets{left=0, top=0, right=0, bottom=0} boundingRect={Bounds=[Rect(0, 0 - 0, 0), Rect(468, 0 - 612, 80), Rect(0, 0 - 0, 0), Rect(0, 0 - 0, 0)]} cutoutPathParserInfo={CutoutPathParserInfo{displayWidth=1080 displayHeight=2400 physicalDisplayWidth=1080 physicalDisplayHeight=2400 density={2.8125} cutoutSpec={M 0,0 H -25.6 V 28.44444444444444 H 25.6 V 0 H 0 Z @dp} rotation={0} scale={1.0} physicalPixelDisplaySizeRatio={1.0}}}}, mRoundedCorners=RoundedCorners{[RoundedCorner{position=TopLeft, radius=90, center=Point(90, 90)}, RoundedCorner{position=TopRight, radius=90, center=Point(990, 90)}, RoundedCorner{position=BottomRight, radius=90, center=Point(990, 2310)}, RoundedCorner{position=BottomLeft, radius=90, center=Point(90, 2310)}]}  mRoundedCornerFrame=Rect(0, 0 - 1080, 2400), mPrivacyIndicatorBounds=PrivacyIndicatorBounds {static bounds=Rect(956, 0 - 1080, 80) rotation=0}, mSources= { InsetsSource: {mType=ITYPE_STATUS_BAR, mFrame=[0,0][1080,80], mVisible=true, mInsetsRoundedCornerFrame=false}, InsetsSource: {mType=ITYPE_NAVIGATION_BAR, mFrame=[0,2400][1080,2400], mVisible=true, mInsetsRoundedCornerFrame=false}, InsetsSource: {mType=ITYPE_LEFT_GESTURES, mFrame=[0,0][67,2400], mVisible=true, mInsetsRoundedCornerFrame=false}, InsetsSource: {mType=ITYPE_RIGHT_GESTURES, mFrame=[1013,0][1080,2400], mVisible=true, mInsetsRoundedCornerFrame=false}, InsetsSource: {mType=ITYPE_TOP_MANDATORY_GESTURES, mFrame=[0,0][1080,114], mVisible=true, mInsetsRoundedCornerFrame=false}, InsetsSource: {mType=ITYPE_BOTTOM_MANDATORY_GESTURES, mFrame=[0,2344][1080,2400], mVisible=true, mInsetsRoundedCornerFrame=false}, InsetsSource: {mType=ITYPE_LEFT_DISPLAY_CUTOUT, mFrame=[0,0][-100000,2400], mVisible=true, mInsetsRoundedCornerFrame=false}, InsetsSource: {mType=ITYPE_TOP_DISPLAY_CUTOUT, mFrame=[0,0][1080,80], mVisible=true, mInsetsRoundedCornerFrame=false}, InsetsSource: {mType=ITYPE_RIGHT_DISPLAY_CUTOUT, mFrame=[100000,0][1080,2400], mVisible=true, mInsetsRoundedCornerFrame=false}, InsetsSource: {mType=ITYPE_BOTTOM_DISPLAY_CUTOUT, mFrame=[0,100000][1080,2400], mVisible=true, mInsetsRoundedCornerFrame=false}, InsetsSource: {mType=ITYPE_TOP_TAPPABLE_ELEMENT, mFrame=[0,0][1080,80], mVisible=true, mInsetsRoundedCornerFrame=false}, InsetsSource: {mType=ITYPE_BOTTOM_TAPPABLE_ELEMENT, mFrame=[0,0][0,0], mVisible=true, mInsetsRoundedCornerFrame=false} } host=com.example.dogglers/com.example.dogglers.MainActivity from=android.view.ViewRootImpl$ViewRootHandler.handleMessageImpl:6727
09-23 23:05:43.146  3164  3330 I BluetoothAdapter: appoCount is = 1 G/S = 2/1
09-23 23:05:43.146  3164  3330 I BluetoothAdapter: STATE_BLE_ON
09-23 23:05:43.146  3164  3346 E BtGatt.GattService: [GSIM LOG]: gsimLogHandler, msg: MESSAGE_SCAN_START, appName: com.google.uid.shared, scannerId: 1, reportDelayMillis=0
09-23 23:05:43.146  3164  3330 I BluetoothAdapter: appoCount is = 1 G/S = 2/1
09-23 23:05:43.146  3164  3330 I bt_stack: [INFO:le_scanning_manager.cc(269)] ScanFilterEnable in shim layer
09-23 23:05:43.146 20383 20383 I ViewRootImpl@5d88566[MainActivity]: handleResized, msg = 5 frames=ClientWindowFrames{frame=[0,0][1080,2400] display=[0,0][1080,2400] parentFrame=[0,0][0,0] parentClippedByDisplayCutout=false} forceNextWindowRelayout=false displayId=0 resizeMode=-1 frameChanged=false displayFrameChanged=false configChanged=false displayChanged=false
09-23 23:05:43.146 20383 20383 I ViewRootImpl@5d88566[MainActivity]: handleResized mSyncSeqId = 0
09-23 23:05:43.146   871  1063 I SurfaceFlinger: id=38769 createSurf flag=40004, Splash Screen com.example.dogglers$_1602#38769
09-23 23:05:43.146 20383 20383 I ViewRootImpl@5d88566[MainActivity]: reportNextDraw android.view.ViewRootImpl.handleResized:2450 android.view.ViewRootImpl.-$$Nest$mhandleResized:0 android.view.ViewRootImpl$ViewRootHandler.handleMessageImpl:6728 android.view.ViewRootImpl$ViewRootHandler.handleMessage:6697 android.os.Handler.dispatchMessage:106
09-23 23:05:43.147  1186  2355 V WindowManager: Relayout hash=dd7eda7, pid=1602, syncId=-1: mAttrs={(0,0)(fillx135) gr=BOTTOM CENTER_VERTICAL sim={adjust=pan} layoutInDisplayCutoutMode=always ty=NAVIGATION_BAR fmt=TRANSLUCENT wanim=0x7f14000f receive insets ignoring z-order
09-23 23:05:43.147  1186  2355 V WindowManager:   fl=20840068
09-23 23:05:43.147  1186  2355 V WindowManager:   pfl=33002000
09-23 23:05:43.147  1186  2355 V WindowManager:   bhv=DEFAULT
09-23 23:05:43.147  1186  2355 V WindowManager:  providedInternalInsets=null Insets{left=0, top=135, right=0, bottom=0} null null null null null null null null null null null null null null null null null null null null null null
09-23 23:05:43.147  1186  2355 V WindowManager:   paramsForRotation=
09-23 23:05:43.147  1186  2355 V WindowManager:   rot[0]={(0,0)(fillx135) gr=BOTTOM CENTER_VERTICAL layoutInDisplayCutoutMode=always ty=NAVIGATION_BAR fmt=TRANSLUCENT receive insets ignoring z-order
09-23 23:05:43.147  1186  2355 V WindowManager:   fl=20840068
09-23 23:05:43.147  1186  2355 V WindowManager:   pfl=31002000
09-23 23:05:43.147  1186  2355 V WindowManager:   bhv=DEFAULT
09-23 23:05:43.147  1186  2355 V WindowManager:  providedInternalInsets=null Insets{left=0, top=135, right=0, bottom=0} null null null null null null null null null null null null null null null null null null null null null null naviIconColor=0}
09-23 23:05:43.147  1186  2355 V WindowManager:   rot[1]={(0,0)(fillx135) gr=BOTTOM CENTER_VERTICAL layoutInDisplayCutoutMode=always ty=NAVIGATION_BAR fmt=TRANSLUCENT receive insets ignoring z-order
09-23 23:05:43.147  1186  2355 V WindowManager:   fl=20840068
09-23 23:05:43.147  1186  2355 V WindowManager:   pfl=31002000
09-23 23:05:43.147  1186  2355 V WindowManager:   bhv=DEFAULT
09-23 23:05:43.147  1186  2355 V WindowManager:  providedInternalInsets=null Insets{left=0, top=135, right=0, bottom=0} null null null null null null null null null null null null null null null null null null null null null null naviIconColor=0}
09-23 23:05:43.147  1186  2355 V WindowManager:   rot[2]={(0,0)(fillx135) gr=BOTTOM CENTER_VERTICAL layoutInDisplayCutoutMode=always ty=NAVIGATION_BAR fmt=TRANSLUCENT receive insets ignoring z-order
09-23 23:05:43.147  1186  2355 V WindowManager:   fl=20840068
09-23 23:05:43.147  1186  2355 V WindowManager:   pfl=31002000
09-23 23:05:43.147  1186  2355 V WindowManager:   bhv=DEFAULT
09-23 23:05:43.147  1186  2355 V WindowManager:  providedInternalInsets=null Insets{left=0, top=135, right=0, bottom=0} null null null null null null null null null null null null null null null null null null null null null null naviIconColor=0}
09-23 23:05:43.147  1186  2355 V WindowManager:   rot[3]={(0,0)(fillx135) gr=BOTTOM CENTER_VERTICAL layoutInDisplayCutoutMode=always ty=NAVIGATION_BAR fmt=TRANSLUCENT receive insets ignoring z-order
09-23 23:05:43.147  1186  2355 V WindowManager:   fl=20840068
09-23 23:05:43.147  1186  2355 V WindowManager:   pfl=31002000
09-23 23:05:43.147  1186  2355 V WindowManager:   bhv=DEFAULT
09-23 23:05:43.147  1186  2355 V WindowManager:  providedInternalInsets=null Insets{left=0, top=135, right=0, bottom=0} null null null null null null null null null null null null null null null null null null null null null null naviIconColor=0} naviIconColor=0}
09-23 23:05:43.148  1602  1602 I ViewRootImpl@990bbf8[NavigationBar0]: updateBlastSurfaceIfNeeded mBlastBufferQueue=0xb400007dbe256110 isSameSurfaceControl=true
09-23 23:05:43.148  1602  1602 I BLASTBufferQueue: update, w= 1080 h= 135 mName = ViewRootImpl@990bbf8[NavigationBar0] mNativeObject= 0xb400007dbe256110 sc.mNativeObject= 0xb400007d4e289e20 format= -3 caller= android.view.ViewRootImpl.updateBlastSurfaceIfNeeded:2898 android.view.ViewRootImpl.relayoutWindow:9847 android.view.ViewRootImpl.performTraversals:3884 android.view.ViewRootImpl.doTraversal:3116 android.view.ViewRootImpl$TraversalRunnable.run:10885 android.view.Choreographer$CallbackRecord.run:1301
09-23 23:05:43.148  1602  1602 I ViewRootImpl@990bbf8[NavigationBar0]: Relayout returned: old=(0,2265,1080,2400) new=(0,2265,1080,2400) req=(1080,135)0 dur=25 res=0x0 s={true 0xb400007e4e2a1ff0} ch=false seqId=28
09-23 23:05:43.149  1602  1602 I ViewRootImpl@4a3744d[NotificationShade]: reportDrawFinished seqId=6 mSyncId=-1 fn=3 mSurfaceChangedTransaction=0xb400007d7e251870
09-23 23:05:43.149  1602  1602 I MODManager: onDismiss Fingerprint icon
09-23 23:05:43.150 20383 20383 I ViewRootImpl@5d88566[MainActivity]: Setup new sync id=2
09-23 23:05:43.150 20383 20383 I ViewRootImpl@5d88566[MainActivity]: Setting syncFrameCallback
09-23 23:05:43.150 20383 20383 I ViewRootImpl@5d88566[MainActivity]: registerCallbacksForSync syncBuffer=false
09-23 23:05:43.150   871  1063 I SurfaceFlinger: id=38770 createSurf flag=24004, Surface(name=Task=7705)/@0x50fdafd - animation-leash of app_transition#38770
09-23 23:05:43.149  1602  1602 D KeyguardViewMediator: handleMessage 14
09-23 23:05:43.150  1602  1602 D KeyguardViewMediator: handleNotifyWakingUp
09-23 23:05:43.151 20383 20439 I ViewRootImpl@5d88566[MainActivity]: Received frameDrawingCallback syncResult=0 frameNum=2.
09-23 23:05:43.151 20383 20439 I ViewRootImpl@5d88566[MainActivity]: Setting up sync and frameCommitCallback
09-23 23:05:43.151  1602  1602 I KeyguardViewMediator: setLockScreenShown true false
09-23 23:05:43.151 20383 20417 I ViewRootImpl@5d88566[MainActivity]: Received frameCommittedCallback lastAttemptedDrawFrameNum=2 didProduceBuffer=false
09-23 23:05:43.151  1602  1602 E KeyguardUpdateMonitor: handleStartedWakingUp start 4
09-23 23:05:43.151  1602  2062 D KeyguardViewMediator: updateSALogging 4
09-23 23:05:43.151  1602  1602 D BiometricUnlockCtrl: update biometric toast = false
09-23 23:05:43.151  1602  2062 D SystemUIAnalytics: sendEventLog , , 3
09-23 23:05:43.151 20383 20417 I BLASTBufferQueue: syncNextTransaction, mName= ViewRootImpl@5d88566[MainActivity] acquireSingleBuffer= true mNativeObject= 0xb400007dbe228f30 callback= null caller= android.graphics.BLASTBufferQueue.syncNextTransaction:147 android.view.ViewRootImpl$12.lambda$onFrameDraw$0$android-view-ViewRootImpl$12:13399 android.view.ViewRootImpl$12$$ExternalSyntheticLambda1.onFrameCommit:9 android.view.ThreadedRenderer$1.lambda$onFrameDraw$0:813 android.view.ThreadedRenderer$1$$ExternalSyntheticLambda0.onFrameCommit:2 <bottom of call stack>
09-23 23:05:43.152 20383 20417 I BLASTBufferQueue: [ViewRootImpl@5d88566[MainActivity]#13](f:0,a:1) syncNextTransaction callback: 0, acquireSingleBuffer: 1, mTransactionReadyCallback: 0
09-23 23:05:43.152  1602  1602 D PickupController: onStartedWakingUp()
09-23 23:05:43.152 20383 20417 I BLASTBufferQueue: gatherPendingTransactions, mName= ViewRootImpl@5d88566[MainActivity] mNativeObject= 0xb400007dbe228f30 frameNumber= 2 caller= android.view.ViewRootImpl$12.lambda$onFrameDraw$0$android-view-ViewRootImpl$12:13406 android.view.ViewRootImpl$12$$ExternalSyntheticLambda1.onFrameCommit:9 android.view.ThreadedRenderer$1.lambda$onFrameDraw$0:813 android.view.ThreadedRenderer$1$$ExternalSyntheticLambda0.onFrameCommit:2 <bottom of call stack> <bottom of call stack>
09-23 23:05:43.152  1186  1578 D SensorService: Calling activate off 36
09-23 23:05:43.153 20383 20383 I ViewRootImpl@5d88566[MainActivity]: onSyncComplete
09-23 23:05:43.153 20383 20383 I ViewRootImpl@5d88566[MainActivity]: setupSync seqId=0 mSyncId=2 fn=2 caller=android.view.ViewRootImpl$$ExternalSyntheticLambda11.accept:6 android.window.SurfaceSyncer.lambda$setupSync$1$android-window-SurfaceSyncer:128 android.window.SurfaceSyncer$$ExternalSyntheticLambda1.accept:8 android.window.SurfaceSyncer$SyncSet.checkIfSyncIsComplete:382 android.window.SurfaceSyncer$SyncSet.markSyncReady:359 android.window.SurfaceSyncer.markSyncReady:151 android.view.ViewRootImpl.performTraversals:4503
09-23 23:05:43.153 20383 20383 I ViewRootImpl@5d88566[MainActivity]: reportDrawFinished seqId=0 mSyncId=-1 fn=2 mSurfaceChangedTransaction=0xb400007d7e23cdb0
09-23 23:05:43.153   787   787 I SensorsHub: activate: handle 36 enable 0
09-23 23:05:43.154   787   787 I SensorsHub: type : 36, enable : 0
09-23 23:05:43.154  3164  3330 I bt_stack: [INFO:le_scanning_manager.cc(240)] ScanFilterAdd in shim layer
09-23 23:05:43.154 29940 29940 D DataUsageWidget: updateAppWidget: 0.00 MB  3.18 GB
09-23 23:05:43.154 29940 29940 D DataUsageWidget: updateAppWidget: 2.00 GB
09-23 23:05:43.155  1602  1602 D SensorManager: unregisterListener
09-23 23:05:43.155  1602  1602 I SensorController: unregister
09-23 23:05:43.155  3164  3330 D BtGatt.ScanManager: configureFilterParamter() : onFoundTimeout | onLostTimeout | onFoundCount | numOfTrackingEntries | scanFilterRssiThreshold | trackableScanFilterRssiThreshold | matchMode
09-23 23:05:43.155  3164  3330 D BtGatt.ScanManager: configureFilterParamter() : __________500__|________10000__|___________1__|___________________0__|___________________-128__|____________________________-128__|________1_
09-23 23:05:43.155  3164  3330 I bt_stack: [INFO:le_scanning_manager.cc(198)] ScanFilterParamSetup in shim layer
09-23 23:05:43.155 29940 29940 E DataUsageWidget: updateAppWidget: false
09-23 23:05:43.155 29940 29940 I AppWidgetManager: updateAppWidget() appWidgetIds = [12]
09-23 23:05:43.156  1602  1602 I DymLock|DynamicLockManager: onStartedWakingUp()
09-23 23:05:43.156  3164  3330 I bt_stack: [INFO:le_scanning_manager.cc(178)] Scan in shim layer started
09-23 23:05:43.156  1602  1602 I DymLock|DynamicLockManager: notifyAction action[SCREEN_ON] arg[false]
09-23 23:05:43.156  3164  3389 W bt_stack: Start LeSetExtendedScan
09-23 23:05:43.156  1602  1602 I DymLock|BaseAnimator: setTouchIgnored() false
09-23 23:05:43.156  3164  3389 W bt_stack: register_client :: client registered!!!
09-23 23:05:43.156 29940 29940 E DataUsageWidget: updateAppWidget: end
09-23 23:05:43.156 29940 29940 D DataUsageWidget: onUpdate: true
09-23 23:05:43.156  1602  1602 I DymLock|DynamicLockContainer: onStartedWakingUp() [0]
09-23 23:05:43.156  3164  3330 I bt_stack: [INFO:le_scanning_manager.cc(178)] Scan in shim layer stopped
09-23 23:05:43.156  1602  1602 E KeyguardUpdateMonitor: handleStartedWakingUp end
09-23 23:05:43.156  3164  3389 W bt_stack: le_address_manager :: scan() - Unregister
09-23 23:05:43.156  3164  3389 W bt_stack: Stop LeSetExtendedScan
09-23 23:05:43.156  3164  3330 I bt_stack: [INFO:le_scanning_manager.cc(312)] SetScanParameters with scanning phys in shim layer: phy_cnt=1
09-23 23:05:43.156  3164  3330 I bt_stack: [INFO:le_scanning_manager.cc(318)] SetScanParameters: scan_type=1, scan_interval=6553, scan_window=6553
09-23 23:05:43.156  1602  1602 D SecLifecycle: wakefulness=1
09-23 23:05:43.156  3164  3330 I bt_stack: [INFO:le_scanning_manager.cc(178)] Scan in shim layer started
09-23 23:05:43.156  1602  1602 D KeyguardWallpaperEventHandler: onStartedWakingUp()
09-23 23:05:43.156  1602  1602 D KeyguardWallpaperEventHandler: sendMessage(), what = 834 , obj = null , arg1 = -1 , arg2 = -1
09-23 23:05:43.156  3164  3330 I BluetoothAdapter: STATE_BLE_ON
09-23 23:05:43.157  3164  3389 W bt_stack: Start LeSetExtendedScan
09-23 23:05:43.157  3164  3330 I BluetoothAdapter: appoCount is = 1 G/S = 2/1
09-23 23:05:43.157  3164  3389 W bt_stack: register_client :: client registered!!!
09-23 23:05:43.157  1602  1964 D KeyguardWallpaperController: mWallpaperView.onResume()
09-23 23:05:43.157  1602  1964 D KeyguardWallpaperController: onStartedWakingUp() mWallpaperView:com.android.systemui.wallpaper.view.KeyguardImageWallpaper{2f8dfa V.ED..... ........ 0,0-1080,2400}, visibility:0, mIsKeyguardShowing:true
09-23 23:05:43.157  1602  2262 D KeyguardWallpaperController: mSemDisplaySolutionManager is called : true
09-23 23:05:43.157  1602  7114 D SamsungAnalytics605033: SendLog Result = 0
09-23 23:05:43.158 29940 29940 D DataUsageWidget: onUpdate: Widget updated
09-23 23:05:43.158  1602  1602 D KeyguardSecIndicationController: addIndicationTimeout() returned - unlocking
09-23 23:05:43.158  1602  1602 D KeyguardSecIndicationController: addIndication() returned - unlocking
09-23 23:05:43.158  1602  1602 D KeyguardSecIndicationController: addIndication() returned - unlocking
09-23 23:05:43.158  1602  1602 D KeyguardSecIndicationController: addBatteryAndOwnerInfoIndication() battery status = BatteryStatus{status=2,level=72,plugged=2,health=2,maxChargingWattage=-1,remaining=3793000ultraFastCharger=0}
09-23 23:05:43.158  1602  1602 D KeyguardSecIndicationController: addIndication() returned - unlocking
09-23 23:05:43.159  1602  1602 D KeyguardVisible: isKeyguardForDozing=false
09-23 23:05:43.159   871  1063 I SurfaceFlinger: id=38771 createSurf flag=80000, 459c1ae ActivityRecordInputSink com.example.dogglers/androidx.test.core.app.InstrumentationActivityInvoker$BootstrapActivity#38771
09-23 23:05:43.159  1602  1602 D SbStateController: setState: KEYGUARD -> SHADE
09-23 23:05:43.159  1602  1602 D SbStateController: setState: requested state SHADE!= upcomingState: KEYGUARD. This usually means the status bar state transition was interrupted before the upcoming state could be applied.
09-23 23:05:43.160  1602  1602 D AODOverlayContainer: setVisibility 8
09-23 23:05:43.160  1602  1602 D KeyguardSecAffordanceView: reset right:false
09-23 23:05:43.160  1602  1602 D KeyguardSecAffordanceView: reset right:true
09-23 23:05:43.161   871  1063 I SurfaceFlinger: id=38772 createSurf flag=80000, f0798d1 ActivityRecordInputSink com.example.dogglers/.MainActivity#38772
09-23 23:05:43.161  1602  1602 V QsExpandAnimator: setQsExpansionPosition 0.0
09-23 23:05:43.162  1602  1602 I FaceWidgetPositionAlgorithm: getClockContainerHeight() supplier = 290, bottom margin = 68, real height = 358
09-23 23:05:43.162  1602  1602 I FaceWidgetPositionAlgorithm: getMediaContainerHeight() height = 241 container Visibility = 8, isValid = false, mIsDozing = false, fraction = 1.0, source = 0, target = 0
09-23 23:05:43.162  1602  1602 I FaceWidgetPositionAlgorithm: getMediaContainerHeight() supplier = 0
09-23 23:05:43.162  1602  1602 I FaceWidgetPositionAlgorithm: getClockContainerHeight() supplier = 290, bottom margin = 0, real height = 358
09-23 23:05:43.165  1602  1602 D MultiSIMPreferredSlotBar: setExpanded : false mShowing : false
09-23 23:05:43.165  1602  1602 D MultiSIMController: unRegisterSimCardManagerCallback : mSimCardManagerService is null
09-23 23:05:43.165  1602  1602 D MultiSIMPreferredSlotBar: setExpanded : false mShowing : false
09-23 23:05:43.165  1602  1602 D MultiSIMController: unRegisterSimCardManagerCallback : mSimCardManagerService is null
09-23 23:05:43.165  1602  1602 D MultiSIMPreferredSlotBar: setExpanded : false mShowing : false
09-23 23:05:43.165  1602  1602 D MultiSIMController: unRegisterSimCardManagerCallback : mSimCardManagerService is null
09-23 23:05:43.166  1602  1602 I FaceWidgetPositionAlgorithm: getClockContainerHeight() supplier = 290, bottom margin = 68, real height = 358
09-23 23:05:43.166  1602  1602 I FaceWidgetPositionAlgorithm: getMediaContainerHeight() height = 241 container Visibility = 8, isValid = false, mIsDozing = false, fraction = 1.0, source = 0, target = 0
09-23 23:05:43.166  1602  1602 I FaceWidgetPositionAlgorithm: getMediaContainerHeight() supplier = 0
09-23 23:05:43.166  1602  1602 I FaceWidgetPositionAlgorithm: getClockContainerHeight() supplier = 290, bottom margin = 0, real height = 358
09-23 23:05:43.166  1602  1602 D KeyguardTouchAnimator: reset unlockExecuted=false
09-23 23:05:43.166  1602  1602 D KeyguardEditModeAnimatorController: reset false
09-23 23:05:43.166  1602  1602 D KeyguardEditModeAnimatorController: long pressed false
09-23 23:05:43.166  1602  1602 D KeyguardEditModeAnimatorController: resetViews
09-23 23:05:43.166  1602  1602 D KeyguardEditModeController: cancel() true
09-23 23:05:43.166  1602  1602 D KeyguardTouchAnimator: resetChildViewVI(): false
09-23 23:05:43.166  1602  1602 D KeyguardTouchDymLockInjector: resetDynamicLock mIsDynamicLockEnabled: false
09-23 23:05:43.166  1602  1602 D CentralSurfaces: updateQsExpansionEnabled - QS Expand enabled: true
09-23 23:05:43.167  1602  1872 D KeyguardService: mExitAnimationRunner.onAnimationStart
09-23 23:05:43.168  1186  2288 V WindowManager: Relayout hash=6870ca8, pid=1602, syncId=-1: mAttrs={(0,0)(fillxfill) sim={adjust=pan} ty=APPLICATION_STARTING fmt=TRANSLUCENT wanim=0x1030309
09-23 23:05:43.168  1186  2288 V WindowManager:   fl=81030118
09-23 23:05:43.168  1186  2288 V WindowManager:   pfl=16000010
09-23 23:05:43.168  1186  2288 V WindowManager:   bhv=DEFAULT
09-23 23:05:43.168  1186  2288 V WindowManager:   fitSides= naviIconColor=0}
09-23 23:05:43.168  1602  1602 D SecPanelLogger: updateQsExpansionEnabled() return:true = isDeviceProvisioned:true && (mUserSetup:true || mUserSwitcherController_null?false || !isSimpleUserSwitcher:true) && !isShadeDisabled:true && DISABLE2_QUICK_SETTINGS:true && !mDozing:true && !ONLY_CORE_APPS:true |  StatusBarState:SHADE
09-23 23:05:43.168  1602  1602 D SecPanelLogger:  - com.android.systemui.statusbar.phone.CentralSurfacesImpl.updateQsExpansionEnabled:2023
09-23 23:05:43.168  1602  1602 D SecPanelLogger:  - com.android.systemui.statusbar.phone.CentralSurfacesImpl$23.onDozingChanged:5459
09-23 23:05:43.168  1602  1602 D SecPanelLogger:  - com.android.systemui.statusbar.StatusBarStateControllerImpl.setIsDozing:324
09-23 23:05:43.168  1602  1602 W NotificationEntryMgr: While running New Pipeline: updateNotifications(reason=onDozingChanged)
09-23 23:05:43.168 19252 19252 I SurfaceView@508258d: releaseSurfaces: viewRoot = ViewRootImpl@e6c55cb[FP Maskview]
09-23 23:05:43.169 29940 29940 D DataUsageWidget: updateAppWidget: 0.00 MB  3.18 GB
09-23 23:05:43.169 29940 29940 D DataUsageWidget: updateAppWidget: 2.00 GB
09-23 23:05:43.169 19252 19252 I SurfaceView@508258d: applyTransactionOnVriDraw: vri = ViewRootImpl@e6c55cb[FP Maskview] fRS = true t = 0xb400007d7e2334b0 android.view.SurfaceView.releaseSurfaces:858 android.view.SurfaceView.updateSurface:998 android.view.SurfaceView.setVisibility:392
09-23 23:05:43.169 19252 19252 I SurfaceView@508258d: applyTransactionOnVriDraw: viewRoot.applyTransactionOnDrawFromReleaseSurfaces
09-23 23:05:43.169 19252 19252 I ViewRootImpl@e6c55cb[FP Maskview]: applyTransactionOnDraw: mRemoved = false isHardwareEnabled = false t = 0xb400007d7e2334b0android.view.ViewRootImpl.applyTransactionOnDrawFromReleaseSurfaces:12850 android.view.SurfaceView.applyTransactionOnVriDraw:2046 android.view.SurfaceView.releaseSurfaces:858 android.view.SurfaceView.updateSurface:998 android.view.SurfaceView.setVisibility:392
09-23 23:05:43.170  1602  1602 I AODAlarmTimer_AOD_CHARGING_INFO_TICK: cancelAlarm:
09-23 23:05:43.171  1602  1602 I MODManager: onHide ChargingInfoOnlyContainer
09-23 23:05:43.171  1602  1602 D ScoverManager: unregisterListener
09-23 23:05:43.171 29940 29940 E DataUsageWidget: updateAppWidget: false
09-23 23:05:43.171 29940 29940 I AppWidgetManager: updateAppWidget() appWidgetIds = [12]
09-23 23:05:43.172 29940 29940 E DataUsageWidget: updateAppWidget: end
09-23 23:05:43.172 29940 29940 D DataUsageWidget: onUpdate: true
09-23 23:05:43.172 19252 19252 I SurfaceView@508258d: onWindowVisibilityChanged(8) false com.samsung.android.biometrics.app.setting.fingerprint.LightSourceView{508258d G.E...... ......I. 0,0-1080,2400 #7f090149 app:id/sem_fingerprint_lightsource_surfaceview} of ViewRootImpl@e6c55cb[FP Maskview]
09-23 23:05:43.172 19252 19252 I SurfaceView@508258d: releaseSurfaces: viewRoot = ViewRootImpl@e6c55cb[FP Maskview]
09-23 23:05:43.172   871   871 I Layer   : Layer [com.example.dogglers/com.example.dogglers.MainActivity$_20383#38765] hidden!! flag(0)
09-23 23:05:43.172 19252 19252 I SurfaceView@508258d: applyTransactionOnVriDraw: vri = ViewRootImpl@e6c55cb[FP Maskview] fRS = true t = 0xb400007d7e2346b0 android.view.SurfaceView.releaseSurfaces:858 android.view.SurfaceView.updateSurface:998 android.view.SurfaceView.onWindowVisibilityChanged:371
09-23 23:05:43.172 19252 19252 I SurfaceView@508258d: applyTransactionOnVriDraw: viewRoot.applyTransactionOnDrawFromReleaseSurfaces
